Arcadesd

Level 1 of the Dungeon
(0, 0, D:1)
  a +0 dagger
(3, 7, D:1)
  18 sling bullets
(7, 27, D:1)
  a +0 dagger
(12, 23, D:1)
  31 arrows
(18, 3, D:1)
  a hand axe
(19, 18, D:1)
  21 stones
(27, 22, D:1)
  a runed mace
(28, -4, D:1)
  a +0 dagger
(36, 7, D:1)
  a hunting sling
(38, 8, D:1)
  19 stones
(39, 37, D:1)
  a cursed -2 dagger

Level 2 of the Dungeon
(0, 0, D:2)
  a +0 club
(0, 26, D:2)
  a +0 dagger
(14, 19, D:2)
  a +0 dagger
(27, 5, D:2)
  a +0 club
(47, 0, D:2)
  a whip

Level 3 of the Dungeon
(0, 0, D:3)
  20 arrows
(1, 11, D:3)
  a +0 ring mail
(8, 1, D:3)
  a +0 dagger
(9, 3, D:3)
  a +0 dagger
  a +0 leather armour
(10, 34, D:3)
  a cursed +0 club
(13, 1, D:3)
  a +0 trident
(13, 12, D:3)
  a robe
(15, -27, D:3)
  24 arrows
(15, 2, D:3)
  a +0 flail
(15, 16, D:3)
  a +0 dagger
(19, 23, D:3)
  a spear
(20, -1, D:3)
  a leather armour
(20, 4, D:3)
  a runed hunting sling
(20, 24, D:3)
  a +0 club
(25, 0, D:3)
  a flail
(25, 5, D:3)
  a cursed -2 club
(25, 7, D:3)
  a +0 dagger
  a +0 dagger
(25, 8, D:3)
  a +0 dagger
(26, 5, D:3)
  8 bolts
(26, 8, D:3)
  27 arrows
(32, -20, D:3)
  a plate armour
(47, 2, D:3)
  a +0 ring mail

Level 4 of the Dungeon
(0, 0, D:4)
  a flail
(10, -9, D:4)
  a hunting sling
(25, -48, D:4)
  a dagger
(25, -46, D:4)
  a +0 mace
  a +0 leather armour
(38, -9, D:4)
  a leather armour
(41, 0, D:4)
  a +0 giant club
(47, -38, D:4)
  a mace
(49, 8, D:4)
  a whip
(51, -36, D:4)
  a +0 scythe
  a +0 robe
(54, -38, D:4)
  a plate armour
(56, 11, D:4)
  a dagger
(57, -16, D:4)
  15 bolts
(60, -1, D:4)
  a hunting sling

Level 5 of the Dungeon
(0, 0, D:5)
  2 arrows
(1, 0, D:5)
  an arrow
(2, 0, D:5)
  4 arrows
(5, -19, D:5)
  a ring mail
(6, 0, D:5)
  a +1 shortbow of freezing
  9 arrows
(7, -12, D:5)
  a chain mail
(12, 15, D:5)
  a +1 rapier of freezing
  a +3 leather armour of fire resistance
(12, 29, D:5)
  a +0 animal skin
  a +0 animal skin
  a +0 animal skin
  a +0 animal skin
  a +0 animal skin
  a +0 animal skin
(16, -7, D:5)
  a glowing war axe
(19, 6, D:5)
  a whip
(20, 24, D:5)
  a +0 short sword
(25, -5, D:5)
  a dagger
(45, 3, D:5)
  25 sling bullets
(51, -14, D:5)
  a robe
(64, 28, D:5)
  a cursed -2 spear
(64, 29, D:5)
  a +0 club
(64, 30, D:5)
  a +0 club

Level 6 of the Dungeon
(0, 0, D:6)
  a robe
(30, -24, D:6)
  a +0 shortbow
  17 arrows
(30, -10, D:6)
  a ring mail
(30, 6, D:6)
  a dagger
(31, -24, D:6)
  a +0 leather armour
  a +0 whip

Level 7 of the Dungeon
(0, 0, D:7)
  a metal-bound book
(1, 2, D:7)
  a short sword
(7, 19, D:7)
  a battleaxe
(10, 24, D:7)
  a +0 dagger
  a +1 robe of cold resistance
  a +0 short sword
  a +0 ring mail
(10, 32, D:7)
  a cursed -2 giant club
(21, 26, D:7)
  a +2 dagger of chaos
(27, 17, D:7)
  a +0 flail
(28, -16, D:7)
  a ring mail
(28, 17, D:7)
  a +0 trident
(29, 17, D:7)
  a +0 glaive
  a +0 chain mail
(34, -16, D:7)
  a large shield
(35, -21, D:7)
  a +0 club
  a cursed +0 leather armour
  a +0 dagger
  a +0 robe
(35, 2, D:7)
  a +0 shortbow
  24 arrows
(35, 3, D:7)
  a +0 shortbow
  16 arrows
(36, -21, D:7)
  a +0 trident
(40, 8, D:7)
  a ring mail
(41, -12, D:7)
  19 bolts
(42, -16, D:7)
  a spear
(45, -10, D:7)
  a rapier

Level 8 of the Dungeon
[Shop] Miaqahuv's Armour Boutique
  a +0 leather armour (32 gold)
  a +1 centaur barding of flying (560 gold)
  a +2 pair of boots of stealth (344 gold)
  a +0 cloak (72 gold)
  a +0 scale mail (64 gold)
  the +1 robe of Tenacity {Dex+5} (371 gold)
    It affects your dexterity (+5).
  a +0 cloak of poison resistance (136 gold)
  a +0 plate armour of cold resistance (480 gold)
  a +0 ring mail (64 gold)
(0, 0, D:8)
  a flail
(4, -11, D:8)
  a chain mail
(6, -12, D:8)
  a +0 whip
  a cursed +0 short sword
(8, 8, D:8)
  3 arrows
(9, 9, D:8)
  a +0 mace
  a +0 robe
  5 arrows
(9, 10, D:8)
  a +0 shortbow
  9 arrows
  20 sling bullets
(10, 8, D:8)
  a +0 scimitar
  a +0 robe
  a +3 mace of freezing
  a +0 robe
  a cursed +4 war axe
  a +0 robe
(13, -5, D:8)
  a hand axe
(15, -2, D:8)
  a +0 shortbow
  25 arrows
(16, -1, D:8)
  a glowing broad axe {god gift}
(17, 0, D:8)
  an arrow
(19, -16, D:8)
  a rapier
(20, -22, D:8)
  a paperback book
(20, 1, D:8)
  a leather armour
  a scale mail
(21, 3, D:8)
  a thick smoking staff
  a twisted runed staff
(22, 1, D:8)
  a hunting sling
(23, 16, D:8)
  a +2 spear of piercing
(24, 16, D:8)
  a +0 whip
  a +0 flail
  a +0 spear
  a +0 scale mail
(29, 3, D:8)
  a shield
(31, 20, D:8)
  a robe
(35, -20, D:8)
  a scale mail

Level 9 of the Dungeon
[Shop] Xibidublo's Armour Shoppe
  the cursed +1 plate armour "Qeurum" {rC+ Stlth+} (459 gold)
    It protects you from cold.
    It makes you more stealthy.
    It has a curse placed upon it.
  a +0 robe (7 gold)
  the cursed +0 scale mail of Elitism {rPois rF- Str-4 Dex+10} (195 gold)
    It affects your strength (-4).
    It affects your dexterity (+10).
    It makes you vulnerable to fire.
    It protects you from poison.
    It has a curse placed upon it.
  a +1 hat (121 gold)
  a +0 plate armour (253 gold)
  a +0 robe (7 gold)
  the +1 ring mail of the Ant {rC+} (253 gold)
    It protects you from cold.
  a +0 leather armour (22 gold)
(0, 0, D:9)
  a rapier
(17, 0, D:9)
  a shield
(22, 10, D:9)
  a ring mail
(28, 8, D:9)
  a whip
(28, 28, D:9)
  a rapier
(41, 17, D:9)
  a +0 club
(42, 17, D:9)
  a +0 short sword
  a +0 leather armour
  a +0 battleaxe
  a +0 plate armour
  a +0 mace
  a +0 leather armour

Level 10 of the Dungeon
(0, 0, D:10)
  a leather armour
(3, 20, D:10)
  a robe
(5, 40, D:10)
  a +0 robe
  a +0 dagger
(5, 41, D:10)
  a +0 war axe
(6, 0, D:10)
  a +0 robe
  a cursed +2 dire flail
(6, 40, D:10)
  a cursed -1 whip
(7, 0, D:10)
  a +0 robe
  a cursed +0 scimitar
(9, -2, D:10)
  a cursed +0 great sword
  a +0 robe
(10, 42, D:10)
  a cursed +0 ring mail
(12, 41, D:10)
  a +0 chain mail
(13, 16, D:10)
  a +0 giant spiked club
(17, 14, D:10)
  a +0 dagger
  a +0 robe
(18, 13, D:10)
  a +0 mace
  a +0 war axe
  a +0 ring mail
(19, 13, D:10)
  a +0 glaive
  a +0 chain mail
(31, 44, D:10)
  a plate armour
(35, 32, D:10)
  a falchion
(36, 21, D:10)
  a ring mail
(36, 41, D:10)
  a wand of paralysis (7)
(41, 4, D:10)
  a +0 trident
(42, 4, D:10)
  a +1 hand axe of chopping
  a +1 flail of protection
  a +0 mace
  a +0 dagger
  a +0 chain mail
(43, 4, D:10)
  a +0 chain mail
(46, 17, D:10)
  a leather armour
(55, -6, D:10)
  a pair of gloves
  an uncursed amulet of the acrobat
  a pair of boots
  the +2 ratskin cloak {+Rats rPois rN+ Str-1 Int-1 Dex+1}
    It affects your strength (-1).
    It affects your intelligence (-1).
    It affects your dexterity (+1).
    It protects you from poison.
    It protects you from negative energy.
  a sack of spiders
  a pair of gloves
  a wand of disintegration (13)
  a +2 whip of electrocution
  an embroidered cloak
  an uncursed amulet of harm
  3 scrolls of fog
  a wand of iceblast (2)
  a scroll of immolation {!r}
  357 stones
  a +0 plate armour
  a +2 cloak
  a +0 animal skin
  a +0 hand axe

Level 11 of the Dungeon
(0, 0, D:11)
  a +0 troll leather armour {regen}
(1, 8, D:11)
  a leather armour
(3, 0, D:11)
  a +5 halberd
  a +0 scale mail
(11, -11, D:11)
  a scale mail
(19, -6, D:11)
  a wand of paralysis (10)
(19, -4, D:11)
  16 sling bullets
(26, -16, D:11)
  a +0 giant spiked club
(28, 21, D:11)
  a dagger
(29, 9, D:11)
  a +0 giant club
(29, 26, D:11)
  a dagger
(30, 26, D:11)
  a +0 club
  a +0 falchion
  a +0 ring mail
  a +0 battleaxe
  a cursed +0 chain mail
(31, 8, D:11)
  21 arrows
(31, 23, D:11)
  a +0 dagger
  a +0 robe
(31, 26, D:11)
  a +0 falchion
(32, 23, D:11)
  a runed executioner's axe {god gift}
(33, -17, D:11)
  10 arrows
(33, 23, D:11)
  a +0 dagger
  a +0 robe
(34, 22, D:11)
  a +0 club
  a +1 chain mail of cold resistance
  a mace
(34, 23, D:11)
  a +0 dagger
(36, -14, D:11)
  a +0 shortbow
  3 arrows
(36, -13, D:11)
  3 arrows
(37, -12, D:11)
  4 arrows
  4 large rocks {!d}
(38, -15, D:11)
  a large rock {!d}
(43, -18, D:11)
  10 stones
(50, 5, D:11)
  a +0 flail
(51, 7, D:11)
  a +0 hand axe
(52, 7, D:11)
  a +0 hand axe
  a +0 ring mail
(52, 10, D:11)
  a +0 short sword
(53, 7, D:11)
  a ring mail
(54, 10, D:11)
  a +0 dagger
(55, 8, D:11)
  a +0 dagger
(55, 10, D:11)
  2 stones
(56, -9, D:11)
  a +0 club
  a +0 dagger
(56, 8, D:11)
  2 stones
(57, -9, D:11)
  a cursed -3 whip
(58, -7, D:11)
  a +0 glaive
  a cursed +0 plate armour
(58, 8, D:11)
  a stone
(59, -7, D:11)
  a +0 dagger
  a +2 robe of fire resistance
  a +0 hand axe

Level 12 of the Dungeon
(0, 0, D:12)
  10 arrows
(1, -14, D:12)
  4 large rocks
(1, -2, D:12)
  a +0 trident
(1, -1, D:12)
  a +0 dagger of venom
  a +0 ring mail
  a +0 shortbow
  14 arrows
(1, 3, D:12)
  a +0 giant spiked club
  a +0 giant spiked club
(3, -15, D:12)
  a large rock {!d}
(3, -13, D:12)
  a +0 dire flail
  a +0 giant club
(18, 14, D:12)
  a +0 dagger
  a +0 robe
(19, -4, D:12)
  a cursed -3 dire flail
  a +2 dagger of venom
  a +0 robe
(19, -3, D:12)
  a +1 flail of protection
  a +2 flail of holy wrath
(20, -2, D:12)
  a runed rapier
(20, -1, D:12)
  a +0 hand axe
  a +0 ring mail
(21, -2, D:12)
  a +0 dagger
(26, -16, D:12)
  a wand of iceblast (5)
(28, -6, D:12)
  a short sword
(31, -6, D:12)
  a +0 battleaxe
  a +0 battleaxe
  a +0 chain mail
(32, -8, D:12)
  a +0 long sword
  a +0 flail
  a +0 scale mail
  a +0 dagger
  a +0 robe
  a cursed -3 battleaxe
  a +0 plate armour

Level 13 of the Dungeon
(0, 0, D:13)
  a ring mail
(6, 3, D:13)
  a glowing buckler
(12, -4, D:13)
  20 stones
(14, -2, D:13)
  19 stones
(22, 28, D:13)
  a +1 broad axe of chopping
  a +3 ring mail of magic resistance
  a cursed +0 buckler
(22, 31, D:13)
  a thick runed staff
(23, 32, D:13)
  a thick smoking staff
(24, 28, D:13)
  a +3 great mace
  a +0 chain mail
(24, 33, D:13)
  the +8 demon blade "Bloodbane" {slice, *Rage +Rage Stlth-}
    It inflicts extra damage upon your enemies.
    
    It lets you go berserk.
    It may make you go berserk in combat.
    It makes you less stealthy.
(25, 28, D:13)
  the +10 zealot's sword {holy, *Rage rN+ EV+3}
    It has been blessed by the Shining One to cause great damage to the undead
    and demons.
    
    It affects your evasion (+3).
    It protects you from negative energy.
    It may make you go berserk in combat.
(28, 16, D:13)
  a +0 giant club
  a +0 giant club
(35, 25, D:13)
  a flail
(38, 31, D:13)
  a +0 giant spiked club
  a +0 giant club
(40, 14, D:13)
  a +0 long sword
  a cursed -1 leather armour
  a +2 buckler of protection
(40, 37, D:13)
  22 stones
(43, -3, D:13)
  a jewelled bronze wand
(44, 34, D:13)
  a wand of iceblast (12)
  15 stones
(48, 25, D:13)
  a runed quarterstaff {god gift}
(48, 26, D:13)
  a +0 great mace
  a +0 chain mail
(49, 25, D:13)
  a +3 war axe
  a +0 plate armour
  a +1 vampiric battleaxe {!w}
  a +0 plate armour
(50, 26, D:13)
  a +0 trident
  a +0 plate armour
(61, 21, D:13)
  a +0 halberd
  a +0 chain mail

Level 14 of the Dungeon
[Shop] Yhyomuja's Antique Weapon Emporium
  a glowing hand axe (162 gold)
  a mace (81 gold)
  a spear (81 gold)
  a mace (81 gold)
  a runed spear (162 gold)
  a hunting sling (40 gold)
  a glowing mace (162 gold)
  a hand axe (81 gold)
  a runed dagger (135 gold)
(0, 0, D:14)
  4 arrows
(2, -3, D:14)
  an arrow
(3, -6, D:14)
  a +0 shortbow
  4 arrows
  a +0 short sword
  a +0 ring mail
  an orc corpse (skeletalised by now)
(3, -5, D:14)
  9 arrows
(4, -6, D:14)
  a +0 dagger
  a +0 robe
  an orc corpse (skeletalised by now)
(5, -8, D:14)
  a +0 dagger
  a +0 robe
(10, -15, D:14)
  a scale mail
(11, -7, D:14)
  15 stones
(19, -13, D:14)
  a +2 longbow of flaming
  a +2 centaur barding
  2 arrows
  the centaur corpse of Nessos (skeletalised by now)
(19, -12, D:14)
  an arrow
(19, -11, D:14)
  2 arrows
(19, -8, D:14)
  3 arrows
(19, -7, D:14)
  an arrow
(19, -4, D:14)
  5 arrows
(26, 16, D:14)
  a +0 shortbow
  12 arrows
  3 chunks of flesh {@w0}
  a centaur skeleton
(26, 17, D:14)
  a +0 shortbow
  21 arrows
  a centaur corpse
(26, 18, D:14)
  a +0 shortbow
  (unseen)
(28, 16, D:14)
  an arrow
(28, 17, D:14)
  4 arrows
(28, 18, D:14)
  an arrow
(29, -4, D:14)
  27 stones

Level 1 of the Lair of Beasts
(0, 0, Lair:1)
  a quarterstaff
(5, -47, Lair:1)
  12 sling bullets
(12, -26, Lair:1)
  6 stones
(14, -46, Lair:1)
  12 stones
(14, -17, Lair:1)
  a scroll of immolation
(15, -27, Lair:1)
  a short sword
(30, -15, Lair:1)
  a +0 plate armour
(34, -11, Lair:1)
  a crystal falchion
(36, -34, Lair:1)
  a flail
(36, -7, Lair:1)
  a quarterstaff
(46, -48, Lair:1)
  18 stones
(49, -9, Lair:1)
  27 stones
(50, -51, Lair:1)
  a wand of disintegration (12)
(50, -45, Lair:1)
  a leather armour
(50, -31, Lair:1)
  a battleaxe

Level 2 of the Lair of Beasts
(2, -15, Lair:2)
  5 stones
(12, -35, Lair:2)
  22 stones
(14, -20, Lair:2)
  19 arrows
(20, -15, Lair:2)
  a ring mail
(20, 16, Lair:2)
  a leather armour
(20, 17, Lair:2)
  a chain mail
(26, 2, Lair:2)
  a flail
(28, 0, Lair:2)
  20 stones

Level 3 of the Lair of Beasts
(0, 0, Lair:3)
  a large shield
(13, -36, Lair:3)
  a rapier
(14, -37, Lair:3)
  a mace
(28, -15, Lair:3)
  a +0 quarterstaff of freezing
  a +1 robe of cold resistance
(33, -34, Lair:3)
  a +0 hand axe
(33, 5, Lair:3)
  10 stones
(34, -34, Lair:3)
  a +0 robe
  a +0 scimitar
(46, 0, Lair:3)
  the +4 morningstar of Darov {flame, Str+2}
    It has been specially enchanted to burn those struck by it, causing extra
    injury to most foes and up to half again as much damage against particularly
    susceptible opponents.
    
    It affects your strength (+2).
(61, -49, Lair:3)
  a club
(61, 10, Lair:3)
  a spear
(66, -50, Lair:3)
  26 sling bullets

Level 4 of the Lair of Beasts
(0, 0, Lair:4)
  a quarterstaff
(1, 19, Lair:4)
  the +11 hunting sling of Experimentation {velocity, *Corrode +Blink rN+}
    Any stone fired from it inflicts extra damage.
    
    It protects you from negative energy.
    It lets you blink.
    It may corrode you when you take damage.
(8, 21, Lair:4)
  25 arrows
(8, 23, Lair:4)
  18 stones
(9, 18, Lair:4)
  the +2 arbalest "Ronnex" {velocity, rC+ Dex+3}
    Any bolt fired from it inflicts extra damage.
    
    It affects your dexterity (+3).
    It protects you from cold.
(31, 2, Lair:4)
  a whip
(31, 24, Lair:4)
  a runed executioner's axe {god gift}
(56, 18, Lair:4)
  16 bolts
(57, -4, Lair:4)
  a +1 dagger of protection
  a +0 robe

Level 5 of the Lair of Beasts
(0, 0, Lair:5)
  a mace
(5, -1, Lair:5)
  a shield
(21, -3, Lair:5)
  a robe
(26, -2, Lair:5)
  a hunting sling

Level 6 of the Lair of Beasts
(5, -15, Lair:6)
  20 stones
(5, -1, Lair:6)
  14 stones
(9, -18, Lair:6)
  a runed war axe
(14, 3, Lair:6)
  a flail
(23, 20, Lair:6)
  6 arrows
(24, 11, Lair:6)
  a ring mail
(29, -30, Lair:6)
  a robe
(32, 32, Lair:6)
  19 stones
(42, -27, Lair:6)
  a runed executioner's axe {god gift}
(49, -22, Lair:6)
  28 stones
(49, -21, Lair:6)
  29 stones
(51, -22, Lair:6)
  a leather armour
(51, -21, Lair:6)
  a runed hand crossbow
(52, 30, Lair:6)
  a quarterstaff
(56, 14, Lair:6)
  9 stones

