Arcades

Level 1 of the Dungeon
(0, 0, D:1)
  a +0 short sword
(2, 14, D:1)
  a +0 whip
(3, 21, D:1)
  25 stones
(4, 12, D:1)
  a +0 club
(11, 0, D:1)
  a +0 club
(12, -22, D:1)
  a cursed -2 short sword
(13, 9, D:1)
  3 stones
(15, 11, D:1)
  a stone
(19, -6, D:1)
  a +0 club
(22, -9, D:1)
  5 large rocks
(24, -17, D:1)
  a +0 naga barding
(26, 18, D:1)
  a +0 club
(33, -10, D:1)
  a +0 short sword
(41, -6, D:1)
  a +0 ring mail
  17 stones
(53, 8, D:1)
  a +0 dagger
(57, 6, D:1)
  10 stones

Level 2 of the Dungeon
(0, 0, D:2)
  3 stones
(20, -9, D:2)
  a +0 club
(21, -33, D:2)
  a +0 whip
(22, -11, D:2)
  a +0 hunting sling
(27, -7, D:2)
  a cursed +0 short sword
(33, -9, D:2)
  4 stones
  a +0 club
(34, -11, D:2)
  a stone
(36, -7, D:2)
  a stone
(37, -7, D:2)
  a stone
(39, -3, D:2)
  a +0 short sword
(47, 3, D:2)
  a +0 dagger
(48, 2, D:2)
  a +0 club
(50, -28, D:2)
  a +0 dagger
(52, -28, D:2)
  a +0 dagger

Level 3 of the Dungeon
(0, 0, D:3)
  a +0 robe
(1, 19, D:3)
  a +0 helmet
(7, -16, D:3)
  a stone
(7, -15, D:3)
  a stone
(7, -14, D:3)
  a stone
(7, -12, D:3)
  a stone
(12, -1, D:3)
  15 bolts
(20, 18, D:3)
  a +0 hunting sling
  18 stones
(30, 21, D:3)
  a +0 club
(35, -7, D:3)
  a +0 dagger
  a +0 robe
  a +0 club
(35, -6, D:3)
  a +0 dagger
  a +0 robe
(40, -7, D:3)
  a +0 hand axe
(44, -9, D:3)
  a +0 short sword

Level 4 of the Dungeon
[Shop] Xaerph's Armour Shoppe
  a +2 robe of fire resistance (212 gold)
  a +2 robe of cold resistance (212 gold)
  a +0 ring mail (48 gold)
  a +0 robe (8 gold)
  a +0 robe (8 gold)
  a +0 robe (8 gold)
  a +0 chain mail (54 gold)
  a +0 robe (8 gold)
  a +0 scale mail (48 gold)
[Shop] Wioph's Magic Scroll Boutique
  a scroll of remove curse (36 gold)
  a scroll of teleportation (36 gold)
  a scroll of amnesia (42 gold)
  a scroll of remove curse (36 gold)
  a scroll of amnesia (42 gold)
  a scroll of teleportation (36 gold)
  a scroll of enchant weapon (90 gold)
[Shop] Xottogaoss's Book Shoppe
  a book of Conjurations (360 gold)
  a book of Misfortune (240 gold)
  a book of Minor Magic (240 gold)
  a book of Callings (360 gold)
  a book of Battle (480 gold)
  a book of Geomancy (420 gold)
  a book of Summonings (840 gold)
  a manual of Axes (1324 gold)
  a book of Callings (360 gold)
  a book of Minor Magic (240 gold)
  a book of Changes (300 gold)
  a book of Transfigurations (660 gold)
(0, 0, D:4)
  a +0 ring mail
(9, -2, D:4)
  a +0 scale mail
(18, 18, D:4)
  a +0 quarterstaff
(30, 22, D:4)
  18 bolts
(32, 14, D:4)
  a +0 leather armour
(37, -12, D:4)
  a +0 ring mail
(37, 22, D:4)
  a wand of flame (14)
  a scroll of random uselessness
  a +0 chain mail
  a wand of random effects (20)
  a +0 cloak
  a scroll of noise {!r}
  a +0 scale mail
  2 scrolls of amnesia
  a +0 animal skin
  a +0 hand axe
(39, 26, D:4)
  a +0 scale mail

Level 5 of the Dungeon
(0, 0, D:5)
  a +0 leather armour
(2, -24, D:5)
  18 sling bullets
(2, -22, D:5)
  a +1 flail of distortion {!w}
  a +0 leather armour
(6, 24, D:5)
  23 stones
(9, 16, D:5)
  a +0 spear
(10, 15, D:5)
  a +0 whip
(11, 16, D:5)
  a +0 halberd
(12, 16, D:5)
  a +0 vampiric rapier {!w}
  a +0 leather armour
(22, -10, D:5)
  a scroll of random uselessness
(24, -19, D:5)
  a +0 leather armour
(24, 8, D:5)
  10 sling bullets
(25, -15, D:5)
  a scroll of noise
(39, -25, D:5)
  31 stones
(39, 15, D:5)
  23 arrows
(44, -3, D:5)
  17 arrows
(46, 25, D:5)
  a +1 whip of electrocution
  a +0 robe
(56, -23, D:5)
  an arrow
(56, -22, D:5)
  9 arrows
(56, -21, D:5)
  a +0 giant club
(56, -20, D:5)
  a cursed -2 shortbow
  10 arrows

Level 6 of the Dungeon
(0, 0, D:6)
  a +0 dagger
  a cursed +0 animal skin
(8, 45, D:6)
  a +0 giant club
(8, 56, D:6)
  a +0 dagger
  a cursed +0 ring mail
(9, 57, D:6)
  a +0 club
  a +0 leather armour
(10, 45, D:6)
  9 arrows
(10, 57, D:6)
  a +0 chain mail
(11, 57, D:6)
  a +0 club
  a +0 trident
(13, 1, D:6)
  23 arrows
(13, 49, D:6)
  a +0 mace
(13, 60, D:6)
  a +0 short sword
  16 bolts
(20, -1, D:6)
  a +0 flail
(23, 4, D:6)
  a +0 hunting sling
(23, 50, D:6)
  a +0 robe
(23, 51, D:6)
  a +0 chain mail
(36, 7, D:6)
  a +0 club
(37, 12, D:6)
  a +0 giant club
(37, 35, D:6)
  19 stones
(44, -2, D:6)
  a cursed +0 dagger
  a +0 robe
(47, 11, D:6)
  16 stones
(57, 2, D:6)
  a cursed -2 trident
(58, 36, D:6)
  a +0 mace
(58, 37, D:6)
  a +0 club

Level 7 of the Dungeon
(0, 0, D:7)
  a book of Enchantments
(1, -23, D:7)
  11 stones
(1, -5, D:7)
  13 stones
(4, 10, D:7)
  a +0 ring mail
(9, -35, D:7)
  19 stones
(9, -27, D:7)
  a +2 whip of electrocution
(11, -27, D:7)
  a +0 whip
  a cursed +0 dagger
  2 stones
(12, -28, D:7)
  a +0 club
(12, -27, D:7)
  2 stones
(13, -27, D:7)
  a stone
(15, -27, D:7)
  a stone
(16, -35, D:7)
  16 stones
(16, -6, D:7)
  a book of Misfortune
(31, -1, D:7)
  a +0 dagger
  a +0 robe
(32, -2, D:7)
  a +0 mace
  a +0 scale mail
  a cursed -2 club
(32, -1, D:7)
  an arrow
(33, -1, D:7)
  a +2 shortbow of freezing
  15 arrows
  a +0 dagger
(34, -2, D:7)
  a +0 chain mail
(44, -34, D:7)
  a +0 leather armour

Level 8 of the Dungeon
(0, 0, D:8)
  15 stones
(3, 12, D:8)
  a scroll of random uselessness
(8, 40, D:8)
  a +0 ring mail
(10, 4, D:8)
  a stone
(11, 3, D:8)
  a +0 dagger
  a +0 club
  2 stones
(11, 4, D:8)
  a cursed -2 whip
  2 stones
  a cursed -2 club
(25, 45, D:8)
  a +0 quarterstaff
(34, 27, D:8)
  a +0 giant club
  a +0 giant club
(36, 38, D:8)
  24 stones
(42, 25, D:8)
  a +0 trident
(42, 36, D:8)
  a +0 ring mail
(55, 37, D:8)
  a +0 giant spiked club
  a +0 giant spiked club
  a +0 giant club

the Ecumenical Temple

Level 1 of the Lair of Beasts
(0, 0, Lair:1)
  a bolt
(0, 2, Lair:1)
  a sack of spiders
(1, -3, Lair:1)
  a +0 hand axe
(1, 0, Lair:1)
  a bolt
(2, 9, Lair:1)
  a ration

