Ynaamitz

Level 1 of the Dungeon
(0, 0, D:1)
  a +0 dagger
(1, 1, D:1)
  a +0 club
(3, 2, D:1)
  a +0 short sword
(27, -50, D:1)
  30 sling bullets
(27, -25, D:1)
  a stone
(28, -26, D:1)
  a stone
(28, 1, D:1)
  a +0 short sword
(28, 2, D:1)
  a +0 dagger
(31, -36, D:1)
  a cursed -1 club
(31, -27, D:1)
  a +0 short sword
  3 stones
(31, -4, D:1)
  22 bolts
(33, -36, D:1)
  a +0 club
(35, -57, D:1)
  5 atropa-tipped darts
(35, -41, D:1)
  16 bolts
(36, -45, D:1)
  a cursed -2 club
(37, -28, D:1)
  a +0 whip
(46, -2, D:1)
  a +0 spear

Level 2 of the Dungeon
(0, 0, D:2)
  a +0 leather armour
(24, -9, D:2)
  a +0 short sword
  a stone
(26, 18, D:2)
  18 stones
(29, 7, D:2)
  a +0 dagger
(33, 22, D:2)
  11 stones
(34, 15, D:2)
  a cursed -2 dagger
(41, 3, D:2)
  11 arrows
(41, 28, D:2)
  a +0 club
(51, 14, D:2)
  a +0 club
(52, 7, D:2)
  a +0 animal skin
(56, -2, D:2)
  17 sling bullets

Level 3 of the Dungeon
(0, 0, D:3)
  a +0 scythe
  a +0 robe
(0, 1, D:3)
  a +0 short sword
(1, 7, D:3)
  2 stones
(6, 7, D:3)
  a +0 ring mail
(6, 9, D:3)
  a +0 club
(7, 6, D:3)
  an uncursed ring of wizardry
(8, -9, D:3)
  a +0 whip
  a +0 flail
  a +0 flail
(9, -38, D:3)
  a +0 mace
(9, -36, D:3)
  a +0 spear
(11, -38, D:3)
  a +0 falchion
(11, -36, D:3)
  a +0 hand axe
(11, -7, D:3)
  a cursed -3 dagger
(34, 14, D:3)
  a +0 club
(42, -17, D:3)
  a +0 robe
(49, 0, D:3)
  a +0 spear
(50, -5, D:3)
  12 sling bullets

Level 4 of the Dungeon
[Shop] Koiletz's Magic Scroll Shoppe
  a scroll of identify (24 gold)
  a scroll of identify (24 gold)
  a scroll of enchant armour (90 gold)
  a scroll of enchant armour (90 gold)
  3 scrolls of fear (126 gold)
  a scroll of teleportation (36 gold)
  a scroll of magic mapping (42 gold)
(0, 0, D:4)
  2 silver javelins
(8, -3, D:4)
  a +0 ring mail
(27, 33, D:4)
  a +0 mace
  a +0 leather armour
(28, 33, D:4)
  a +0 flail
  a +0 leather armour
(28, 35, D:4)
  a +0 club
(50, 32, D:4)
  a +0 hand axe
  a +0 scale mail
(51, 14, D:4)
  a +0 giant spiked club

Level 5 of the Dungeon
(4, 29, D:5)
  a +0 mace
(4, 30, D:5)
  a +0 whip
(5, 30, D:5)
  a +0 club
  a +0 dagger
(5, 31, D:5)
  a cursed -1 robe
  a +0 dagger
(6, 30, D:5)
  a +0 club
(21, 12, D:5)
  a +0 whip of freezing
  a +0 robe
(24, -5, D:5)
  a +0 robe
(30, -8, D:5)
  29 stones
(38, 35, D:5)
  22 stones
(40, 26, D:5)
  a +0 giant spiked club
(44, 32, D:5)
  a +0 leather armour
(51, -1, D:5)
  a +0 giant club
(61, 43, D:5)
  27 arrows

Level 6 of the Dungeon
(3, 5, D:6)
  a cursed +0 falchion
  a +0 leather armour
(21, 47, D:6)
  30 bolts
(22, 43, D:6)
  a +0 giant club
(29, 20, D:6)
  a +0 ring mail
(37, 38, D:6)
  an uncursed ring of ice
(44, 23, D:6)
  a +0 hunting sling
(44, 36, D:6)
  a +0 falchion
(46, 21, D:6)
  10 stones
(46, 45, D:6)
  24 bolts
(49, 31, D:6)
  a +0 longbow
(56, 1, D:6)
  Sif Muna's Tome of Shape Shifting
    Spells                           Type                      Level      
    Known
     a - Beastly Appendage            Transmutation                 1         
    no
    
    
    Trog disapproves of the use of such an item.
(58, 2, D:6)
  a +0 dagger
  (unseen)

Level 7 of the Dungeon
(0, 0, D:7)
  a +0 club
(6, -5, D:7)
  a +0 trident
  a +0 leather armour
(6, 28, D:7)
  7 sling bullets
(8, 1, D:7)
  a +3 scale mail of fire resistance
  a +1 dire flail of protection
(8, 2, D:7)
  a cursed -2 dagger
  a +0 robe
(11, 14, D:7)
  a +0 dire flail
(18, 5, D:7)
  an uncursed staff of cold
(24, 32, D:7)
  a +0 robe
(28, 33, D:7)
  a +0 ring mail
(29, 30, D:7)
  17 arrows
(33, 33, D:7)
  a +0 war axe
(34, 12, D:7)
  a +0 ring mail
(36, 22, D:7)
  22 bolts
(38, -2, D:7)
  a +0 giant club
(42, 26, D:7)
  a +0 giant club
(48, 26, D:7)
  8 stones

Level 8 of the Dungeon
(2, -2, D:8)
  a +0 mace
  a +0 leather armour
(3, -7, D:8)
  15 stones
(5, -2, D:8)
  a +0 falchion
  a +0 scale mail
  a +0 flail
  a cursed +0 scale mail
(6, 8, D:8)
  a +0 dagger
  a +0 leather armour
(6, 9, D:8)
  a +3 scimitar of flaming
  a +0 robe
(7, -15, D:8)
  17 stones
(25, -5, D:8)
  a +0 giant club
(26, -5, D:8)
  a +0 quarterstaff
(26, 8, D:8)
  an arrow
(26, 9, D:8)
  an arrow
(27, 10, D:8)
  an arrow
(28, 10, D:8)
  a cursed -1 quarterstaff
  a +6 hunting sling
  16 sling bullets
  a +1 leather armour of cold resistance
(30, 10, D:8)
  2 arrows
(32, 11, D:8)
  a +0 shortbow
  14 arrows
(38, 20, D:8)
  11 stones
(42, 4, D:8)
  a +0 ring mail
(44, -3, D:8)
  a +0 whip
(44, -2, D:8)
  a +0 morningstar
(45, -3, D:8)
  a +0 trident
  a +0 chain mail
(45, -1, D:8)
  a +0 dagger
  a +0 robe

Level 9 of the Dungeon
(0, 0, D:9)
  a +3 dagger of chaos
  a +0 robe
(1, 10, D:9)
  a +0 giant spiked club
(6, 3, D:9)
  a +0 giant club
(13, -9, D:9)
  a book of Cantrips
(18, 21, D:9)
  a +0 war axe
(20, 7, D:9)
  a +0 club
(25, -13, D:9)
  an uncursed staff of conjuration
(32, 21, D:9)
  a +0 falchion
(35, 5, D:9)
  an uncursed staff of conjuration

Level 10 of the Dungeon
(6, 1, D:10)
  a yak corpse
(6, 2, D:10)
  a scroll of enchant weapon
(26, 1, D:10)
  a howler monkey skeleton

