Vouh

Level 1 of the Dungeon
(0, 0, D:1)
  a +0 mace
(2, -21, D:1)
  14 stones
(9, -26, D:1)
  a stone
(9, -18, D:1)
  a +0 robe
(9, -2, D:1)
  a +0 dagger
(11, 4, D:1)
  a +0 hand axe
(12, 15, D:1)
  a cursed -1 dagger
  a +0 dagger
(14, -17, D:1)
  a +0 short sword
(15, 10, D:1)
  a +0 club
(34, 15, D:1)
  a stone
(35, -21, D:1)
  a stone
(37, -21, D:1)
  a +0 dagger
(38, 15, D:1)
  a stone
(38, 16, D:1)
  a stone
(39, -5, D:1)
  9 stones
(49, -14, D:1)
  a +0 club
(51, -3, D:1)
  a +0 club

Level 2 of the Dungeon
(3, 14, D:2)
  a +0 spear
(4, 14, D:2)
  a +0 club
(6, 14, D:2)
  a throwing net
(7, 20, D:2)
  a +0 robe
(13, 15, D:2)
  a +0 hand axe
(15, -7, D:2)
  a +0 club
(15, 26, D:2)
  a +0 mace
(16, -18, D:2)
  a +0 dagger
(17, 19, D:2)
  a +0 dagger
(18, 29, D:2)
  a stone
(20, 29, D:2)
  a +0 club
  a +0 dagger
  2 stones
(30, -5, D:2)
  a stone
(30, 15, D:2)
  a +0 leather armour
(31, -7, D:2)
  a +0 short sword
  4 stones
(39, 3, D:2)
  a +0 club
(39, 13, D:2)
  a cursed -1 club
(40, 1, D:2)
  a cursed -1 club

Level 3 of the Dungeon
(0, 0, D:3)
  7 arrows
(3, 1, D:3)
  a +0 hunting sling
  a +0 dagger
  17 stones
(6, -11, D:3)
  a +0 short sword
  2 stones
(9, 0, D:3)
  4 stones
(10, -10, D:3)
  a stone
(10, -1, D:3)
  a stone
(12, -10, D:3)
  a stone
(26, -4, D:3)
  a +0 dagger
  a +0 war axe
(27, -4, D:3)
  a +0 ring mail
  a +0 war axe
  a +0 short sword
(29, -4, D:3)
  a +0 war axe
(32, -3, D:3)
  a cursed +0 dagger
(32, -2, D:3)
  a +0 war axe
(35, -20, D:3)
  a +0 dagger
(40, 11, D:3)
  12 stones
(43, -16, D:3)
  a +0 club
(49, 31, D:3)
  a +0 dagger
  a cursed +0 chain mail
  a +0 war axe
  a +0 ring mail
(50, 14, D:3)
  22 arrows
(50, 31, D:3)
  a +0 club
  a +0 whip
  a +0 ring mail
(63, 34, D:3)
  a +0 animal skin

Level 4 of the Dungeon
[Shop] Fiwiyplu's Magic Scroll Boutique
  a scroll of identify (26 gold)
  a scroll of teleportation (39 gold)
  a scroll of random uselessness (13 gold)
  a scroll of fear (45 gold)
  a scroll of fear (45 gold)
  a scroll of teleportation (39 gold)
  3 scrolls of random uselessness (39 gold)
  a scroll of identify (26 gold)
  a scroll of identify (26 gold)
  a scroll of identify (26 gold)
  a scroll of enchant armour (97 gold)
[Shop] Celioh's General Store
  a ration (55 gold)
  21 bolts (46 gold)
  a +1 robe of resistance (359 gold)
  a ration (55 gold)
  a potion of heal wounds (55 gold)
  a ration (55 gold)
  Sif Muna's Guide on Shifting Aid (535 gold)
    Spells                           Type                      Level      
    Known
     a - Infusion                     Charms                        1         
    no
     b - Spider Form                  Transmutation/Poison          3         
    no
     c - Blade Hands                  Transmutation                 5         
    no
     d - Ring of Flames               Charms/Fire                   7         
    no
    
    
    Trog disapproves of the use of such an item.
  a potion of resistance (110 gold)
  9 poisoned darts (39 gold)
  a ration (55 gold)
[Shop] Xaufem's Jewellery Shoppe
  an uncursed ring of magical power (200 gold)
  a cursed ring of teleportation (45 gold)
  a +3 amulet of reflection (157 gold)
  a cursed ring of teleportation (45 gold)
  the amulet of the Air {Inacc +Fly rElec EV+5 RMsl} (476 gold)
    [amulet of inaccuracy]
    
    It reduces the accuracy of all your attacks.
    It affects your evasion (+5).
    It insulates you from electricity.
    It lets you fly.
    It protects you from missiles.
  a cursed ring of teleportation (45 gold)
  an uncursed ring of protection from fire (250 gold)
  the ring of the Mage {Wiz MR++ Int+3} (517 gold)
    [ring of wizardry]
    
    It improves your spell success rate.
    It affects your intelligence (+3).
    It affects your resistance to hostile enchantments.
  the ring "Raebboll" {rN+ Stlth-} (187 gold)
    [ring of attention]
    
    It protects you from negative energy.
    It makes you less stealthy.
[Shop] Yxtaivog's Magic Scroll Shop
  a scroll of magic mapping (38 gold)
  a scroll of amnesia (38 gold)
  a scroll of identify (22 gold)
  a scroll of identify (22 gold)
  a scroll of teleportation (33 gold)
  a scroll of teleportation (33 gold)
  a scroll of torment (82 gold)
  a scroll of remove curse (33 gold)
  a scroll of identify (22 gold)
(0, 0, D:4)
  a potion of curing
(8, 0, D:4)
  a +0 ring mail
(17, -13, D:4)
  a +0 short sword
(19, -30, D:4)
  20 stones
(26, -23, D:4)
  a +0 ring mail
(26, -2, D:4)
  a +0 falchion
(31, -18, D:4)
  an uncursed ring of wizardry
  a cursed amulet of inaccuracy
(34, -2, D:4)
  a +2 falchion of electrocution
(35, -24, D:4)
  a +0 glaive
(38, -20, D:4)
  a +0 war axe
  a +2 dagger of flaming
  a cursed +0 chain mail
(39, -21, D:4)
  a +0 falchion
(39, -20, D:4)
  a +0 scale mail
  a +0 whip
(40, -9, D:4)
  a +0 long sword

Level 5 of the Dungeon
(0, 0, D:5)
  a ration
(2, 7, D:5)
  a potion of haste
(3, 5, D:5)
  a scroll of teleportation
(5, 8, D:5)
  a poisoned dart
(10, 7, D:5)
  12 stones
(27, -5, D:5)
  a potion of flight

