Ynaamitz

Level 1 of the Dungeon
(0, 0, D:1)
  a +0 whip
  a +0 dagger
(2, 0, D:1)
  a stone
(4, -49, D:1)
  a +0 leather armour
(5, 1, D:1)
  2 stones
(6, -17, D:1)
  a +0 club
(6, -16, D:1)
  a +0 animal skin
(10, 4, D:1)
  a +0 dagger
(11, -36, D:1)
  26 stones
(27, 2, D:1)
  a +0 robe
(31, 3, D:1)
  a +0 club
(33, 9, D:1)
  17 bolts
(36, -16, D:1)
  a +0 whip
(45, -17, D:1)
  a +0 club

Level 2 of the Dungeon
(0, 0, D:2)
  a +0 dagger
(1, -10, D:2)
  a +0 trident
(3, -22, D:2)
  2 boomerangs of dispersal
(5, -19, D:2)
  a +0 club
(15, -4, D:2)
  a +0 scythe
  a +0 robe
(19, -35, D:2)
  18 arrows
(43, -51, D:2)
  a +0 spear
(43, 7, D:2)
  23 sling bullets
(46, -53, D:2)
  a +0 club
(46, -10, D:2)
  a +0 dagger
(47, -34, D:2)
  a +0 ring mail
(48, -6, D:2)
  a +0 robe
(49, -39, D:2)
  28 bolts
(56, -37, D:2)
  28 arrows
(58, -10, D:2)
  a +0 club
(62, -36, D:2)
  a +0 short sword

Level 3 of the Dungeon
(0, 0, D:3)
  18 stones
(3, 7, D:3)
  30 arrows
(4, 21, D:3)
  a +0 robe
(5, 13, D:3)
  18 arrows
(7, 17, D:3)
  a +0 dagger
(9, 39, D:3)
  a +1 short sword of holy wrath
(12, 37, D:3)
  a +2 dagger of flaming
  a +0 robe
(12, 38, D:3)
  a cursed +0 dagger
  a cursed +0 leather armour
(12, 39, D:3)
  a +0 hand axe
(13, 36, D:3)
  a +0 club
(13, 37, D:3)
  a +0 hand axe
  a +0 mace
(14, 23, D:3)
  a +0 mace
(15, -1, D:3)
  a stone
(15, 0, D:3)
  a stone
(18, -2, D:3)
  a +0 hand axe
(18, 0, D:3)
  a +0 club
  a +0 mace
(19, -2, D:3)
  a +0 hand axe
  a +0 scale mail
(19, -1, D:3)
  a +0 hunting sling
  16 stones
(19, 0, D:3)
  a +0 dagger
(28, 6, D:3)
  a +0 robe
(31, -7, D:3)
  a book of Callings
(31, 15, D:3)
  a stone
(32, 3, D:3)
  15 stones
(32, 16, D:3)
  a stone
(32, 18, D:3)
  a stone
(33, 20, D:3)
  a +0 dagger
  a +0 hunting sling
  a +0 short sword
  14 stones
(36, 15, D:3)
  a +0 club
(36, 22, D:3)
  6 atropa-tipped darts
(38, 7, D:3)
  a +0 club
(40, 19, D:3)
  a +0 club
(41, 2, D:3)
  23 arrows
(45, 7, D:3)
  a +0 club
  a +0 club
  a +0 chain mail
(46, 5, D:3)
  a +0 dagger

Level 4 of the Dungeon
(0, 0, D:4)
  13 stones
(10, -6, D:4)
  32 arrows
(13, 3, D:4)
  23 arrows
(20, -17, D:4)
  a +0 dagger
  a +0 club
(25, -16, D:4)
  a +0 flail
  a +0 scale mail
(26, -18, D:4)
  a +0 giant club
  a cursed -1 dagger
  a cursed +0 robe
(26, -17, D:4)
  a +0 dagger
  a +0 robe
(41, -20, D:4)
  a +0 giant club
(48, 5, D:4)
  a +3 rapier

Level 5 of the Dungeon
(0, 0, D:5)
  a +0 short sword
(1, -5, D:5)
  a +0 spear
(7, 27, D:5)
  a +0 scythe
(11, 26, D:5)
  a +0 hunting sling
(20, 22, D:5)
  a +0 whip
  a +0 leather armour
(20, 30, D:5)
  18 sling bullets
(29, 25, D:5)
  13 arrows
(32, 0, D:5)
  a +0 spear
(35, -6, D:5)
  an arrow
(36, -8, D:5)
  a +0 shortbow
  24 arrows
(43, 15, D:5)
  26 stones

Level 6 of the Dungeon
(0, 0, D:6)
  a +0 ring mail
(9, -39, D:6)
  20 sling bullets
(18, -15, D:6)
  4 boomerangs
(25, -45, D:6)
  3 boomerangs

