Arcades

Level 1 of the Dungeon
(0, 0, D:1)
  a cursed +0 leather armour
(15, 0, D:1)
  a +0 club
(19, -8, D:1)
  a +0 dagger
(27, -13, D:1)
  a cursed -2 dagger
(27, 39, D:1)
  a stone
(29, -3, D:1)
  a +0 club
(29, 32, D:1)
  a +0 club
(30, 39, D:1)
  a +0 short sword
  4 stones
(32, -2, D:1)
  2 stones
(40, -15, D:1)
  a +0 club
(50, 5, D:1)
  a +0 short sword
(52, 27, D:1)
  a +0 whip

Level 2 of the Dungeon
(0, 0, D:2)
  a cursed -2 scythe
  a +0 robe
(10, 12, D:2)
  19 stones
(10, 39, D:2)
  a +0 club
(12, 39, D:2)
  a +0 club
(15, 1, D:2)
  a +0 club
(18, 33, D:2)
  a +0 club
  a +0 club
(26, -1, D:2)
  25 arrows
(35, 15, D:2)
  a +0 short sword
(36, 13, D:2)
  a +0 club
(36, 23, D:2)
  14 stones
(36, 24, D:2)
  a +0 scimitar
(41, 40, D:2)
  25 stones

Level 3 of the Dungeon
(0, 0, D:3)
  a +0 dagger
(0, 4, D:3)
  18 stones
(1, 8, D:3)
  11 stones
(3, -9, D:3)
  a +0 flail
  a +0 hand axe
  a +0 dagger
  a +0 robe
(3, -8, D:3)
  a +0 hand axe
  a +0 leather armour
(3, 7, D:3)
  a cursed -2 falchion
  a +0 club
  a +0 leather armour
  a +0 dagger
(3, 9, D:3)
  a +0 club
(12, -4, D:3)
  21 stones
(14, -11, D:3)
  a +0 club
  a +0 ring mail
(24, -13, D:3)
  a +0 leather armour
(27, -10, D:3)
  a +2 dagger of protection
  a +0 ring mail
(28, -11, D:3)
  a +0 ring mail
(28, -10, D:3)
  a +0 club
  a +0 leather armour
  a +0 club
  a +0 leather armour
(29, -11, D:3)
  a +0 club
(34, 28, D:3)
  21 stones
(36, -12, D:3)
  a +0 robe
(48, -5, D:3)
  a +0 dagger
  a +0 ring mail
(53, 8, D:3)
  a +0 club
(55, 9, D:3)
  a +0 ring mail

Level 4 of the Dungeon
(0, 0, D:4)
  a +1 whip of electrocution
  a +0 chain mail
(3, -13, D:4)
  a +0 ring mail
(10, 25, D:4)
  a +0 leather armour
(13, 24, D:4)
  8 stones
(19, -5, D:4)
  a +0 whip
(24, 25, D:4)
  25 stones
(36, -6, D:4)
  a +0 leather armour
  a +0 mace
  a +0 club
(37, -6, D:4)
  a +0 robe
  a +0 dagger
(40, -7, D:4)
  a +0 ring mail
  a +0 flail
(42, 14, D:4)
  a cursed -3 giant club
(43, 15, D:4)
  23 arrows
(44, 18, D:4)
  a +0 robe
(46, -7, D:4)
  a +0 great sword

Level 5 of the Dungeon
(0, 0, D:5)
  5 arrows
(1, 0, D:5)
  2 arrows
(4, 0, D:5)
  an arrow
(6, -14, D:5)
  a +0 robe
(7, 0, D:5)
  16 arrows
  a +0 shortbow
(8, 12, D:5)
  a +0 falchion
  a +0 scale mail
(14, 15, D:5)
  a wand of clouds (6)
(15, 8, D:5)
  18 sling bullets
(17, 9, D:5)
  a +0 shortbow
  4 arrows
(19, 2, D:5)
  an arrow
(20, 8, D:5)
  an arrow
(21, 8, D:5)
  an arrow
(21, 13, D:5)
  a +0 dagger
  a +0 robe
(22, 15, D:5)
  a +0 dagger
  a +0 robe
(23, 13, D:5)
  a +0 club
  a +0 leather armour
(23, 14, D:5)
  a +0 flail
(25, -10, D:5)
  a +0 scale mail
(25, 18, D:5)
  14 bolts
(28, 6, D:5)
  a +0 shortbow
  22 arrows
(41, 1, D:5)
  a +0 robe

Level 6 of the Dungeon
(0, 0, D:6)
  a cursed +0 giant spiked club
(1, -7, D:6)
  24 stones
(10, 12, D:6)
  a +0 war axe
(12, 13, D:6)
  25 arrows
(23, -2, D:6)
  28 bolts
(31, 1, D:6)
  a +0 spear
(32, -9, D:6)
  a +0 giant club
(32, 25, D:6)
  14 arrows
(33, -13, D:6)
  15 stones
(35, -7, D:6)
  a +0 leather armour
  a +0 rapier
(43, -11, D:6)
  a +0 dagger
(49, -5, D:6)
  15 stones
(49, 29, D:6)
  a +0 hand axe
(50, -4, D:6)
  a +1 chain mail of fire resistance

Level 7 of the Dungeon
(0, 0, D:7)
  a +0 dagger
  a +0 robe
(3, -10, D:7)
  a cursed +0 spear
(3, 3, D:7)
  12 stones
(3, 9, D:7)
  6 silver javelins
(8, -6, D:7)
  a +0 dagger
(8, -4, D:7)
  a +0 broad axe
  a +0 plate armour
(8, -2, D:7)
  a +0 war axe
(10, -2, D:7)
  a +0 dagger
  a +0 robe
(11, -3, D:7)
  a +0 glaive
  a +0 plate armour
(11, -2, D:7)
  a +0 trident
(11, -1, D:7)
  a +0 morningstar
(15, -8, D:7)
  a cursed +0 giant club
(19, 6, D:7)
  2 poisoned darts
(20, 7, D:7)
  a +0 short sword
  a +0 club
  6 stones
(21, -6, D:7)
  a +0 short sword
  a stone
(21, -5, D:7)
  a +0 dagger
(21, 8, D:7)
  a cursed +0 short sword
  2 poisoned darts
(22, -6, D:7)
  a stone
(22, -5, D:7)
  a +0 short sword
(31, 12, D:7)
  a +0 dagger
(35, 18, D:7)
  a +0 whip
(37, 27, D:7)
  a +0 whip
(39, 8, D:7)
  a +0 scale mail
  3 boomerangs
  a +0 hand axe
(39, 9, D:7)
  a +0 robe
  a +0 dagger
  a +0 ring mail
  a +0 trident
(42, 24, D:7)
  a +0 chain mail
  a +0 mace
(43, 25, D:7)
  a +0 flail
(43, 26, D:7)
  a +0 robe
  a +0 dagger
  a cursed +0 giant club
(50, 7, D:7)
  28 arrows
(53, 9, D:7)
  a +2 leather armour of cold resistance

Level 8 of the Dungeon
[Shop] Utuisarch's General Store
  a +0 pair of gloves (63 gold)
  19 stones (26 gold)
  a +0 ring mail (56 gold)
  a potion of brilliance (56 gold)
  14 stones (19 gold)
  11 stones (15 gold)
  a ration (70 gold)
  a scroll of remove curse (42 gold)
[Shop] Usac's Jewellery Shop
  an uncursed ring of flight (245 gold)
  an uncursed ring of positive energy (280 gold)
  an uncursed ring of resist corrosion (280 gold)
  an uncursed ring of magical power (280 gold)
  a cursed ring of attention (63 gold)
  a +3 ring of strength (219 gold)
  an uncursed ring of fire (350 gold)
  a cursed ring of teleportation (63 gold)
  the cursed ring "Rossix" {rF- rN+ MR+ Int-3} (88 gold)
    [ring of intelligence]
    
    It affects your intelligence (-3).
    It makes you vulnerable to fire.
    It protects you from negative energy.
    It affects your resistance to hostile enchantments.
    It has a curse placed upon it.
  a +2 ring of slaying (294 gold)
  an uncursed ring of stealth (245 gold)
  a +6 ring of intelligence (819 gold)
  a cursed -2 ring of protection (28 gold)
  a cursed ring of attention (63 gold)
[Shop] Ushups's Weapon Boutique
  a +0 morningstar (44 gold)
  a +2 spear of flaming (191 gold)
  the +3 scimitar "Riuph" {chaos, +Blink rN++} (513 gold)
    Each time it hits an enemy it has a different, random effect.
    
    It greatly protects you from negative energy.
    It lets you blink.
  a +0 falchion (33 gold)
  the +10 dagger of the Omega Point {flame, rElec Dex+4 SInv} (882 gold)
    It has been specially enchanted to burn those struck by it, causing extra
    injury to most foes and up to half again as much damage against particularly
    susceptible opponents.
    
    It affects your dexterity (+4).
    It insulates you from electricity.
    It lets you see invisible.
  a throwing net (33 gold)
  27 stones (29 gold)
  a +0 halberd (44 gold)
  a +1 glaive of venom (162 gold)
  17 stones (18 gold)
  a +0 mace (33 gold)
  a +0 trident (38 gold)
[Shop] Woolit's Changing Room
  a book of Alchemy (1125 gold)
  a potion of lignification (45 gold)
  a wand of polymorph (12) (210 gold)
  a book of Alchemy (1125 gold)
  a potion of lignification (45 gold)
  Sif Muna's Handbook of Shape Shifting (720 gold)
    Spells                           Type                      Level      
    Known
     a - Passwall                     Transmutation/Earth           2         
    no
     b - Spider Form                  Transmutation/Poison          3         
    no
     c - Petrify                      Transmutation/Earth           4         
    no
     d - Blade Hands                  Transmutation                 5         
    no
     e - Hydra Form                   Transmutation                 6         
    no
    
    
    Trog disapproves of the use of such an item.
  a book of Changes (375 gold)
[Shop] Hovadgha's Antique Weapon Emporium
  a +0 club (26 gold)
  a +0 longbow (117 gold)
  the +4 trident "Gybaim Neq" {flame, rElec rPois Str-5 Int+6} (1211 gold)
    It has been specially enchanted to burn those struck by it, causing extra
    injury to most foes and up to half again as much damage against particularly
    susceptible opponents.
    
    It affects your strength (-5).
    It affects your intelligence (+6).
    It insulates you from electricity.
    It protects you from poison.
  a +2 shortbow of freezing (452 gold)
  a +1 halberd of venom (306 gold)
  a +0 battleaxe (169 gold)
  a +0 hunting sling (39 gold)
[Shop] Seppas's Distillery
  a potion of magic (112 gold)
  a potion of haste (140 gold)
  a potion of brilliance (56 gold)
  a potion of lignification (42 gold)
  a potion of curing (42 gold)
  a potion of might (56 gold)
  a potion of might (56 gold)
  2 potions of flight (84 gold)
  a potion of degeneration (14 gold)
  a potion of brilliance (56 gold)
  a potion of flight (42 gold)
  a potion of heal wounds (70 gold)
  a potion of haste (140 gold)
  a potion of heal wounds (70 gold)
(0, 0, D:8)
  a +0 leather armour
(5, -17, D:8)
  24 stones
(10, -34, D:8)
  a book of Beasts
(13, -34, D:8)
  a +0 short sword
(20, -35, D:8)
  a +0 mace
  a +0 hand axe
(20, -34, D:8)
  a +0 club
  a +0 leather armour
(20, -17, D:8)
  a +0 cloak
(21, -34, D:8)
  a +0 dagger
  a +0 robe
(28, -30, D:8)
  a +0 short sword
(46, 13, D:8)
  a +0 trident
  a +0 robe
(50, 13, D:8)
  a cursed -1 war axe
  a +0 leather armour
(52, -12, D:8)
  a +0 scimitar
(52, -3, D:8)
  20 bolts
(53, 3, D:8)
  a +0 trident
  2 throwing nets
  a +0 chain mail

Level 9 of the Dungeon
(0, 0, D:9)
  a +0 giant club
(7, -16, D:9)
  a +0 shortbow
  12 arrows
(7, -13, D:9)
  an arrow
(7, -12, D:9)
  an arrow
(7, -11, D:9)
  2 arrows
(12, -11, D:9)
  a +0 war axe
(15, -1, D:9)
  16 stones
(19, 28, D:9)
  a +2 helmet
(23, 20, D:9)
  a +0 war axe
  5 boomerangs
(24, 19, D:9)
  a +1 dagger of venom
  a +0 robe
(25, 19, D:9)
  a +0 short sword
  5 boomerangs
  a +0 leather armour
(27, 7, D:9)
  a +0 scale mail
(27, 17, D:9)
  a +0 falchion
  a +0 leather armour
(37, 18, D:9)
  5 large rocks
(40, 5, D:9)
  15 stones
(42, -6, D:9)
  a +0 scale mail
(44, 0, D:9)
  a +0 pair of boots
(44, 15, D:9)
  a +2 helmet of see invisible
(44, 16, D:9)
  a +0 triple sword
(45, -6, D:9)
  a +0 troll leather armour
(46, -8, D:9)
  a +0 robe
(47, 3, D:9)
  a +0 dagger
(49, -7, D:9)
  a cursed +0 ring mail
(50, 15, D:9)
  a cursed -1 flail
  a +0 leather armour
(51, 18, D:9)
  a +0 flail
(51, 19, D:9)
  a +0 war axe
(51, 20, D:9)
  a +0 hand axe
  a +0 chain mail
(51, 22, D:9)
  a +4 spear
  a cursed -3 flail
(52, 19, D:9)
  a +0 flail
(52, 20, D:9)
  a +0 scimitar
  a +0 plate armour
(52, 21, D:9)
  a +0 dagger
  5 boomerangs
(52, 22, D:9)
  a wand of paralysis (6)
  5 large rocks

Level 10 of the Dungeon
(0, 0, D:10)
  an arrow
(0, 2, D:10)
  an arrow
(0, 4, D:10)
  2 arrows
(1, -2, D:10)
  a +2 shortbow of flaming
  3 arrows
(2, 36, D:10)
  a +0 dagger
  a cursed +0 robe
  a +0 halberd of chopping
  a +0 chain mail
(3, 37, D:10)
  a cursed +0 leather armour
  a +0 troll leather armour
  a +0 club
  a +0 leather armour
  a +0 hand axe
  a +0 dagger
  a +0 chain mail
(4, 37, D:10)
  a +3 antimagic halberd
  a +0 leather armour of cold resistance
  a +0 morningstar
  a +0 plate armour
  a +0 giant club
  a +0 club
(12, 13, D:10)
  a +0 mace
(12, 14, D:10)
  a +0 short sword
(13, 13, D:10)
  a +0 mace of venom
  a +0 chain mail
(19, 35, D:10)
  a +0 whip
(36, 41, D:10)
  a +0 large shield
(38, 12, D:10)
  20 bolts
(39, 7, D:10)
  5 curare-tipped darts
(39, 8, D:10)
  a cursed -3 scimitar
  a +0 chain mail
(40, 8, D:10)
  a +0 whip
  a +0 club
(43, 36, D:10)
  a +0 flail
(44, 38, D:10)
  a +0 hunting sling of flaming
(52, -6, D:10)
  4 large rocks
(53, 39, D:10)
  21 sling bullets

Level 11 of the Dungeon
(13, -16, D:11)
  a +0 plate armour
(14, -34, D:11)
  a +0 leather armour
(15, -46, D:11)
  23 arrows
(17, -34, D:11)
  a +0 troll leather armour
(21, -28, D:11)
  a +0 leather armour
(31, -12, D:11)
  a +0 dire flail
  a +0 giant spiked club
(39, -50, D:11)
  a cursed -1 flail
(52, -40, D:11)
  a +0 short sword
(52, 0, D:11)
  a +2 shortbow of flaming
  11 arrows
(53, -40, D:11)
  a +0 dagger
(54, -40, D:11)
  a +0 dagger
  a +0 robe
  a cursed -3 glaive
  a +0 plate armour
(55, -40, D:11)
  a +0 dagger
  a +0 robe
(55, 0, D:11)
  an arrow
(56, 0, D:11)
  2 arrows
(57, 0, D:11)
  an arrow
(58, -1, D:11)
  an arrow

Level 12 of the Dungeon
(7, 5, D:12)
  a +0 falchion
(8, 13, D:12)
  4 javelins
(8, 19, D:12)
  a potion of degeneration
  a scroll of immolation
  3 potions of lignification
  3 scrolls of amnesia
  4 scrolls of noise
  2 scrolls of random uselessness
  a +2 pair of gloves
(9, 20, D:12)
  6 javelins
(13, -25, D:12)
  a +0 leather armour
(16, 6, D:12)
  a +0 chain mail
  a +0 short sword
(16, 7, D:12)
  a +0 giant club
(17, 6, D:12)
  a +0 robe
  a +0 dagger
  a +0 mace
(21, -18, D:12)
  9 poisoned darts
(47, -15, D:12)
  16 sling bullets

the Ecumenical Temple

Level 1 of the Orcish Mines
(0, 0, Orc:1)
  a +0 scimitar
  a +0 chain mail
(1, -1, Orc:1)
  a +0 dagger
  a +0 robe
(1, 0, Orc:1)
  a +2 quarterstaff of protection
(2, -1, Orc:1)
  a +0 dagger
  a +0 robe
(2, 0, Orc:1)
  a +0 great sword
  a +0 plate armour
  a +0 short sword
  a +0 ring mail
  a +0 battleaxe
  a +0 plate armour
  a +0 glaive
  a +0 plate armour
  a +0 hand axe
  a +0 leather armour
(2, 1, Orc:1)
  a +0 war axe
  a +0 giant club
(3, -1, Orc:1)
  a +0 dagger
  a +0 robe
(4, -1, Orc:1)
  a +0 dagger
  a +0 robe
(4, 0, Orc:1)
  a +0 dagger
  a +0 robe
(5, 0, Orc:1)
  a +0 trident
  a +0 ring mail
(5, 1, Orc:1)
  a +0 short sword
  a +0 leather armour
(6, -1, Orc:1)
  a +0 war axe
  a +0 plate armour
(6, 0, Orc:1)
  a +0 flail
  a +0 dagger of protection
  a +0 robe
(16, 36, Orc:1)
  a +0 flail
  a +0 plate armour
  a +0 war axe
(18, 34, Orc:1)
  a +0 chain mail
  a +0 battleaxe
(20, 31, Orc:1)
  a +0 dagger
(22, 31, Orc:1)
  a +0 ring mail
  a +0 hand axe
  a +0 hand axe
  a +0 chain mail
  a +0 dire flail
(25, 35, Orc:1)
  a +0 chain mail
  a +0 hand axe
(26, 35, Orc:1)
  a +0 large shield
  a +0 chain mail
  a cursed -2 long sword
  a cursed +0 robe
  a +0 dagger
(26, 36, Orc:1)
  a +0 troll leather armour
(28, 35, Orc:1)
  a +1 robe of fire resistance
  a +0 dagger
(28, 36, Orc:1)
  a +0 chain mail
  a +0 battleaxe
  a +0 glaive
(28, 37, Orc:1)
  a +0 trident
  a +0 hand axe
(29, 35, Orc:1)
  a cursed +0 chain mail
  a +2 trident of venom
(29, 36, Orc:1)
  a +0 chain mail
  a +0 war axe
  a +0 club
  a +0 scale mail
(29, 37, Orc:1)
  a +0 troll leather armour
(29, 38, Orc:1)
  a +0 mace
(30, 36, Orc:1)
  a +0 robe
  a +0 dagger
(30, 37, Orc:1)
  a +0 shield
  a +0 chain mail
  a cursed +0 double sword
  a +0 hand axe
(31, 36, Orc:1)
  a +0 chain mail
  a +0 bardiche

Level 2 of the Orcish Mines
[Shop] Macos's Antique Weapon Shoppe
  a +2 halberd of venom (420 gold)
  a +3 falchion of flaming (560 gold)
  a +0 spear (75 gold)
  a +0 falchion of slicing (162 gold)
  a +0 mace (75 gold)
  a +0 broad axe (100 gold)
  a +2 hand axe of electrocution (487 gold)
  a +3 war axe of chopping (555 gold)
  a +0 shortbow (75 gold)
  a +0 hunting sling (37 gold)
  a +0 club (25 gold)
  a +0 longbow (112 gold)
  a +1 whip of venom (250 gold)
[Shop] Goacwe's Antique Armour Shoppe
  the +8 chain mail of Panentheism {Regen+} (1596 gold)
    It increases your rate of regeneration.
  a +0 plate armour (713 gold)
  a cursed +0 leather armour (31 gold)
  a +0 cloak (139 gold)
  a +0 chain mail (139 gold)
  a +1 plate armour of fire resistance (1085 gold)
  a +1 helmet of see invisible (511 gold)
  the +3 chain mail "Taratuud" {Int+2} (951 gold)
    It affects your intelligence (+2).
[Shop] Odimnep's Book Shoppe
  a book of the Tempests (910 gold)
  a book of Frost (455 gold)
  a book of Death (910 gold)
  a book of Minor Magic (260 gold)
  the Incunabulum of Cankerous Arcane Weapons (637 gold)
    Spells                           Type                      Level      
    Known
     a - Sting                        Conjuration/Poison            1         
    no
     b - Throw Flame                  Conjuration/Fire              2         
    no
     c - Dazzling Spray               Conjuration/Hexes             3         
    no
     d - Venom Bolt                   Conjuration/Poison            5         
    no
     e - Spellforged Servitor         Conjuration/Summoning         7         
    no
    
    
    Trog disapproves of the use of such an item.
  a book of Battle (520 gold)
  a book of Necromancy (390 gold)
  a Fen Folio (975 gold)
  a book of Minor Magic (260 gold)
  a book of Air (455 gold)
  a book of Cantrips (260 gold)
[Shop] Qitimp's General Store
  a scroll of noise (16 gold)
  a phantom mirror (480 gold)
  19 stones (30 gold)
  a wand of disintegration (17) (336 gold)
  a ration (80 gold)
  a wand of paralysis (11) (208 gold)
  6 boomerangs of dispersal (144 gold)
  a scroll of amnesia (56 gold)
  18 arrows (57 gold)
  a +0 arbalest (72 gold)
(0, 0, Orc:2)
  a +0 short sword
  a +0 leather armour
(1, 0, Orc:2)
  a +0 halberd
  a +0 plate armour
(1, 3, Orc:2)
  a +0 hand axe
(17, 32, Orc:2)
  a curare-tipped dart
(18, 28, Orc:2)
  a +0 hand axe
(18, 30, Orc:2)
  a +0 mace
(19, 28, Orc:2)
  a +2 chain mail of cold resistance
  a +0 glaive
(19, 30, Orc:2)
  a +0 flail
  a +0 robe of cold resistance
  a +1 vampiric dagger
(19, 31, Orc:2)
  a curare-tipped dart
(20, 28, Orc:2)
  a +0 club
(20, 31, Orc:2)
  a +0 mace
(20, 32, Orc:2)
  2 curare-tipped darts
(20, 33, Orc:2)
  a +0 leather armour
  a +0 flail of draining
(20, 35, Orc:2)
  a +2 robe of positive energy
  a +0 dagger
(21, -1, Orc:2)
  a +0 mace
  a +0 leather armour
(21, 32, Orc:2)
  a curare-tipped dart
  a +0 short sword
(21, 33, Orc:2)
  a +0 dagger
  a +0 robe
  a +0 dagger
  a +0 chain mail
  a +0 mace
(21, 34, Orc:2)
  a +0 short sword of venom
(22, -1, Orc:2)
  a +0 battleaxe
(22, 1, Orc:2)
  a +1 flail of crushing
  a +0 ring mail
(22, 33, Orc:2)
  a +0 robe
  a +1 vampiric dagger
  a +0 leather armour
  a +0 dagger of draining
(22, 34, Orc:2)
  a cursed -3 halberd
  a +0 plate armour
  a +0 robe
  a +0 dagger
(23, -1, Orc:2)
  a +0 giant club
(23, 33, Orc:2)
  a +0 plate armour
  a +0 flail
(23, 34, Orc:2)
  a +0 robe
  a +0 dagger
  a +0 chain mail
  a +0 battleaxe
  a +0 robe
  a +0 dagger
(23, 35, Orc:2)
  a +0 mace
  a +3 dagger of flaming
(24, 33, Orc:2)
  a +0 flail
(24, 35, Orc:2)
  a +0 leather armour
  a +0 club
(26, 38, Orc:2)
  a +0 giant club
(27, 36, Orc:2)
  a +0 war axe
(27, 37, Orc:2)
  a +0 hand axe
  a +0 leather armour
  a +0 troll leather armour
  a +0 flail
  a +0 plate armour
(28, 36, Orc:2)
  a +0 halberd
  a +0 chain mail
  a +1 long sword of slicing
  a +0 chain mail
  a +0 robe
  a +1 dagger of draining
(30, 36, Orc:2)
  a +0 dagger
  a +0 robe
  a +0 dagger
  a +0 robe
(30, 37, Orc:2)
  a +0 mace
(31, 36, Orc:2)
  a +0 mace
  a +0 plate armour
(35, 36, Orc:2)
  a +0 glaive
  a +0 plate armour
(37, 46, Orc:2)
  a cursed +0 club
  a +0 leather armour
(40, 51, Orc:2)
  a +1 war axe of flaming
  a +0 hand axe of freezing
  a +0 leather armour
(41, 51, Orc:2)
  a +0 dagger
  a +0 robe
(41, 52, Orc:2)
  a +0 dagger
  a +0 robe
(42, 51, Orc:2)
  a +0 giant club
(47, 34, Orc:2)
  3 large rocks
(47, 51, Orc:2)
  a +0 mace
  a +0 plate armour
(47, 52, Orc:2)
  a +0 hand axe
  a +0 ring mail
(48, 50, Orc:2)
  a +0 dagger
  a +0 robe
(48, 51, Orc:2)
  a +0 whip
  a +0 ring mail
(53, 28, Orc:2)
  a large rock

Level 1 of the Lair of Beasts
(0, 0, Lair:1)
  a +0 spear
(2, -26, Lair:1)
  3 boomerangs of dispersal
(9, -18, Lair:1)
  8 stones
(10, -4, Lair:1)
  a wand of digging (6)
(14, -21, Lair:1)
  27 stones
(14, -17, Lair:1)
  a cursed -1 club
(22, -25, Lair:1)
  a +0 scale mail
(30, -8, Lair:1)
  a +1 hand axe of holy wrath
(43, 7, Lair:1)
  13 stones
(49, 6, Lair:1)
  a +0 quarterstaff

Level 2 of the Lair of Beasts
(9, -42, Lair:2)
  a +0 spear
(11, -21, Lair:2)
  a +0 leather armour
(18, -24, Lair:2)
  a +0 broad axe
(19, -49, Lair:2)
  a cursed +0 pair of boots
(25, -42, Lair:2)
  a +0 leather armour
(39, -34, Lair:2)
  a +0 long sword
(40, -48, Lair:2)
  a +0 chain mail
(42, -27, Lair:2)
  8 javelins
(46, -27, Lair:2)
  a book of Misfortune
(47, -26, Lair:2)
  a +0 scale mail
(62, -1, Lair:2)
  27 stones

Level 3 of the Lair of Beasts
(20, 25, Lair:3)
  a +0 scale mail
(46, 16, Lair:3)
  a +0 scale mail
(46, 29, Lair:3)
  a +0 robe
(55, 30, Lair:3)
  a +0 plate armour

Level 4 of the Lair of Beasts
(0, 0, Lair:4)
  24 arrows
(2, 34, Lair:4)
  23 stones
(10, 47, Lair:4)
  19 stones
(46, 49, Lair:4)
  20 bolts

Level 5 of the Lair of Beasts
(0, 0, Lair:5)
  a +0 chain mail
(2, -19, Lair:5)
  27 sling bullets
(6, -20, Lair:5)
  a +0 war axe
(23, 13, Lair:5)
  26 sling bullets

Level 6 of the Lair of Beasts
(0, 0, Lair:6)
  28 stones
(3, -5, Lair:6)
  an uncursed staff of wizardry
(6, 22, Lair:6)
  a scroll of holy word
  a +4 battleaxe of electrocution
  the +1 leather armour of Liberalism {-Tele +Fly MR++ Regen+}
    It affects your resistance to hostile enchantments.
    It lets you fly.
    It prevents most forms of teleportation.
    It increases your rate of regeneration.
  a +1 plate armour of fire resistance
  a wand of iceblast (31)
  an uncursed ring of ice
  a +0 war axe
  a +0 plate armour
  a +1 chain mail of fire resistance
  a +0 ring mail
  a +0 animal skin
  a +0 hand axe
(7, 4, Lair:6)
  a +0 spear
(7, 14, Lair:6)
  a wand of paralysis (9)
(9, 10, Lair:6)
  a +1 scale mail of poison resistance
(9, 56, Lair:6)
  15 bolts
(10, -2, Lair:6)
  a +1 antimagic lajatang
(31, 42, Lair:6)
  an uncursed staff of power
(31, 43, Lair:6)
  a +2 shortbow of flaming
(32, 18, Lair:6)
  a +0 chain mail
(32, 31, Lair:6)
  16 bolts
(35, 27, Lair:6)
  14 stones
(38, 0, Lair:6)
  a +1 hand axe of flaming
(57, 31, Lair:6)
  a +0 plate armour
(60, 51, Lair:6)
  a +0 flail
(70, 13, Lair:6)
  a +0 mace

Level 1 of the Swamp
(9, 24, Swamp:1)
  a +0 scale mail
(10, 14, Swamp:1)
  a +0 spear
(12, 31, Swamp:1)
  a cursed -2 short sword
(23, 12, Swamp:1)
  a +0 rapier
(23, 30, Swamp:1)
  25 arrows
(24, 38, Swamp:1)
  20 stones
(29, -1, Swamp:1)
  15 stones
(29, 16, Swamp:1)
  22 stones
(32, 10, Swamp:1)
  a +0 glaive
(41, 45, Swamp:1)
  a +0 eveningstar
(45, 32, Swamp:1)
  a +0 mace
(49, 15, Swamp:1)
  19 sling bullets
(53, 7, Swamp:1)
  15 sling bullets
(53, 31, Swamp:1)
  a +0 quarterstaff
(59, 41, Swamp:1)
  a +0 robe
(64, 43, Swamp:1)
  a wand of clouds (6)

Level 2 of the Swamp
(0, 0, Swamp:2)
  30 arrows
(2, -8, Swamp:2)
  a +0 short sword
(7, -7, Swamp:2)
  a stone
(9, -7, Swamp:2)
  a stone
(11, -10, Swamp:2)
  a stone
(12, -9, Swamp:2)
  a stone
(12, -7, Swamp:2)
  a stone
(13, -7, Swamp:2)
  a stone
  a +0 club
(19, 12, Swamp:2)
  a +0 scale mail
(20, 11, Swamp:2)
  21 stones
(26, -22, Swamp:2)
  24 arrows
(29, 1, Swamp:2)
  a +0 cloak
(33, -18, Swamp:2)
  a +0 quarterstaff
(34, -7, Swamp:2)
  a potion of lignification
(40, -14, Swamp:2)
  20 stones
(40, -4, Swamp:2)
  10 poisoned darts
(42, 3, Swamp:2)
  23 arrows
(42, 18, Swamp:2)
  a +0 flail
(46, -10, Swamp:2)
  a +0 chain mail

Level 3 of the Swamp
(30, -16, Swamp:3)
  11 sling bullets
(45, -14, Swamp:3)
  a +0 flail
(52, 10, Swamp:3)
  an alligator skeleton

Level 4 of the Swamp
(0, 0, Swamp:4)
  2 javelins
(1, 10, Swamp:4)
  a wand of random effects (8)
(2, 3, Swamp:4)
  a ration
(4, 2, Swamp:4)
  an alligator corpse
(5, 6, Swamp:4)
  a ration
(7, -3, Swamp:4)
  18 stones

