Vouh

Level 1 of the Dungeon
(0, 0, D:1)
  a +0 club
(3, 14, D:1)
  a +0 dagger
(10, 0, D:1)
  a +0 club
(11, -2, D:1)
  a stone
(11, -1, D:1)
  a stone
(12, -3, D:1)
  a stone
(18, 7, D:1)
  a cursed -3 club
(19, 7, D:1)
  a +0 dagger
(26, -8, D:1)
  12 arrows
(33, 16, D:1)
  a +0 hand axe
(43, 16, D:1)
  2 throwing nets

Level 2 of the Dungeon
(0, 0, D:2)
  19 stones
(6, -38, D:2)
  a +0 club
(7, -41, D:2)
  a +0 hunting sling
  a +0 dagger
  21 stones
(7, -40, D:2)
  a cursed -1 club
  a +0 hunting sling
  15 stones
(7, -39, D:2)
  a +0 spear
  a +0 animal skin
  a +0 helmet
(7, -38, D:2)
  a +0 hunting sling
  a +0 club
  3 stones
(7, -37, D:2)
  a +0 dagger
(7, -36, D:2)
  a +0 dagger
(7, -35, D:2)
  2 stones
(7, -34, D:2)
  a stone
(8, -45, D:2)
  a +0 whip of electrocution
(8, -38, D:2)
  a +0 dagger
(12, -48, D:2)
  16 stones
(12, -1, D:2)
  11 arrows
(15, -44, D:2)
  18 arrows
(16, -47, D:2)
  a +0 hand axe
(18, -53, D:2)
  14 stones
(22, -31, D:2)
  a +0 short sword
(22, -30, D:2)
  a +0 ring mail
(23, -35, D:2)
  a stone
(23, -34, D:2)
  a stone
(23, -33, D:2)
  2 stones
(36, -37, D:2)
  a +0 club
(45, -15, D:2)
  18 stones
(46, -12, D:2)
  a stone
(48, -10, D:2)
  a stone
(49, -8, D:2)
  2 stones
(50, -20, D:2)
  a +0 club
(52, -9, D:2)
  22 stones
(55, -6, D:2)
  a +0 club
(65, 0, D:2)
  22 stones

Level 3 of the Dungeon
(0, 0, D:3)
  15 arrows
(1, 15, D:3)
  a +0 hand axe
(1, 17, D:3)
  a cursed -1 falchion
(3, -10, D:3)
  a +0 short sword
(3, 4, D:3)
  13 bolts
(3, 15, D:3)
  a +0 spear
(3, 17, D:3)
  a +0 mace
(6, 10, D:3)
  a +0 animal skin
(8, 16, D:3)
  a +0 hunting sling
(10, -15, D:3)
  a +0 naga barding
(10, -6, D:3)
  a cursed -1 dagger
  2 stones
(12, -6, D:3)
  a stone
(13, -6, D:3)
  a stone
(14, -6, D:3)
  a stone
(20, -7, D:3)
  a +0 leather armour
(22, -6, D:3)
  a +0 morningstar
(31, 4, D:3)
  a +2 dagger of draining
(34, 15, D:3)
  a +0 hunting sling

Level 4 of the Dungeon
[Shop] Rekhleg's Armour Boutique
  a +0 buckler (63 gold)
  a +2 robe (177 gold)
  a +0 plate armour (322 gold)
  a +1 cloak of invisibility (231 gold)
  a +0 robe (9 gold)
  a +0 ring mail (56 gold)
  a +0 robe (9 gold)
(0, 0, D:4)
  a +0 giant spiked club
(9, 0, D:4)
  16 stones
(17, 0, D:4)
  a +0 flail
(26, -17, D:4)
  a +0 flail
(27, -4, D:4)
  a +0 whip
(30, 16, D:4)
  a +0 whip
(32, -33, D:4)
  a +0 club
(32, -21, D:4)
  a +0 ring mail
(35, -36, D:4)
  17 stones
(39, -27, D:4)
  17 stones
(40, -25, D:4)
  a +0 giant club
(40, 21, D:4)
  a +0 robe
(42, 6, D:4)
  a +0 mace

Level 5 of the Dungeon
(0, 0, D:5)
  a +0 shortbow
(0, 10, D:5)
  a +0 long sword
(3, -17, D:5)
  a +0 morningstar
(3, 0, D:5)
  a +0 dagger
  a +0 robe
(4, 6, D:5)
  a +0 dagger
  a +0 robe
  a +0 short sword
  a +1 leather armour of magic resistance
  a +0 flail
  3 boomerangs
  a +0 ring mail
(38, -26, D:5)
  2 boomerangs
  a +0 short sword
(40, -26, D:5)
  a +0 hand axe
(41, -27, D:5)
  a +0 dagger
(41, -14, D:5)
  a +0 whip
(44, 10, D:5)
  a +0 short sword

Level 6 of the Dungeon
(0, 6, D:6)
  21 arrows
(4, -3, D:6)
  19 stones
(9, 4, D:6)
  a +0 scimitar
(9, 23, D:6)
  an arrow
(9, 25, D:6)
  5 arrows
  a +0 shortbow
(10, 23, D:6)
  an arrow
(17, 2, D:6)
  a +0 leather armour
(17, 31, D:6)
  a +0 dagger
(18, -2, D:6)
  18 stones
(22, 35, D:6)
  a +0 flail
(33, 11, D:6)
  a +0 robe
  a cursed +0 dagger
(33, 12, D:6)
  a +0 hand axe
  a +3 dagger
(35, 13, D:6)
  a +0 flail
(37, 24, D:6)
  15 stones

Level 7 of the Dungeon
(16, 0, D:7)
  a -1 hand axe
(16, 10, D:7)
  20 stones
(17, 12, D:7)
  a +0 club
(18, 10, D:7)
  an arrow
(18, 11, D:7)
  a +0 giant spiked club
  a +1 shortbow of freezing
  18 arrows
(23, 19, D:7)
  a +0 leather armour
(33, 16, D:7)
  4 boomerangs of dispersal
(34, -16, D:7)
  a +2 hand crossbow of flaming
(36, 14, D:7)
  a +0 club
  a +0 leather armour
  a +0 flail of holy wrath
(37, 14, D:7)
  a +0 mace
(37, 15, D:7)
  a +0 flail
  a +0 scale mail
(43, -7, D:7)
  a +0 shield
  a +4 ring mail
  a +0 ring mail
  a +0 spear
  a cursed -3 club
(44, -7, D:7)
  a +0 halberd
  a +0 spear
(55, 15, D:7)
  a +0 ring mail

Level 8 of the Dungeon
(0, 0, D:8)
  a +0 spear
(0, 14, D:8)
  25 arrows
(8, -16, D:8)
  a leopard gecko skeleton
(10, -20, D:8)
  5 datura-tipped darts
(10, 8, D:8)
  a +0 giant club
(11, -35, D:8)
  a +0 dagger
(13, -15, D:8)
  an uncursed staff of fire
(14, 20, D:8)
  a leopard gecko skeleton
(18, 6, D:8)
  a +0 buckler
(21, -35, D:8)
  a +0 rapier
(22, -35, D:8)
  a +0 mace
(30, 12, D:8)
  a +0 quarterstaff
(31, -9, D:8)
  a +0 leather armour
(34, 2, D:8)
  an uncursed ring of stealth
  a cursed -3 ring of dexterity
(37, -13, D:8)
  a +0 giant spiked club
(43, 3, D:8)
  a +0 hand axe

