Vouh

Level 1 of the Dungeon
(0, 0, D:1)
  a +0 dagger
(7, -1, D:1)
  18 sling bullets
(10, 34, D:1)
  a +0 club
(11, 30, D:1)
  15 sling bullets
(16, 12, D:1)
  23 stones
(16, 45, D:1)
  a +0 short sword
(23, 48, D:1)
  a stone
(24, 48, D:1)
  a stone
(26, 49, D:1)
  a +0 short sword
  2 stones
(27, 40, D:1)
  23 stones
(28, 41, D:1)
  a +0 hand axe
(32, 3, D:1)
  a +0 whip
(35, 13, D:1)
  22 arrows
(45, 35, D:1)
  a +0 club
(46, 42, D:1)
  a +0 club
(49, 9, D:1)
  a +0 whip
(54, -3, D:1)
  a +0 animal skin
(55, 1, D:1)
  a +0 club
  19 arrows
(57, 1, D:1)
  a +0 club
(57, 3, D:1)
  a +0 dagger

Level 2 of the Dungeon
(0, 0, D:2)
  a +0 robe
(5, 46, D:2)
  a +0 club
(8, -7, D:2)
  a stone
(9, -7, D:2)
  a stone
(10, -7, D:2)
  a stone
(10, 30, D:2)
  15 stones
(11, -5, D:2)
  a stone
(19, 31, D:2)
  17 stones
(34, 9, D:2)
  26 stones
(36, 33, D:2)
  a +0 pair of gloves
(39, -4, D:2)
  a +1 vampiric dagger
(43, 27, D:2)
  a stone
(44, 27, D:2)
  a stone
(45, 48, D:2)
  a +0 club
(46, 3, D:2)
  a +0 ring mail
  a +0 hand axe
(47, 1, D:2)
  a +0 spear
(47, 30, D:2)
  a stone
(49, 30, D:2)
  a +0 dagger
(51, 13, D:2)
  a stone
(56, 13, D:2)
  a +0 club
  a +0 short sword
(57, 13, D:2)
  a +0 dagger
  3 stones
(62, 29, D:2)
  a +0 robe

Level 3 of the Dungeon
(5, 5, D:3)
  a cursed -1 club
(15, 9, D:3)
  a +0 dagger
(17, -7, D:3)
  a +0 club
(17, -2, D:3)
  a +0 ring mail
(18, 0, D:3)
  a +0 leather armour
(21, 4, D:3)
  a +0 flail
  4 boomerangs
  a +0 leather armour
(35, -29, D:3)
  22 arrows
(36, -31, D:3)
  a +0 robe
(37, 4, D:3)
  a +0 whip
(38, 3, D:3)
  a +0 spear
  2 throwing nets
  a +0 club
(40, -4, D:3)
  a +0 ring mail
(40, 10, D:3)
  a cursed +0 leather armour
(52, -3, D:3)
  a +0 chain mail

Level 4 of the Dungeon
[Shop] Esoarph's Armour Shop
  a +0 ring mail (56 gold)
  a +0 leather armour (28 gold)
  a +0 ring mail (56 gold)
  a +0 ring mail (56 gold)
  a +0 robe (9 gold)
  a +0 ring mail (56 gold)
  a +0 robe (9 gold)
  a +0 plate armour (322 gold)
  a +0 ring mail (56 gold)
  a +0 chain mail (63 gold)
  a +0 robe (9 gold)
(3, 23, D:4)
  a +0 robe
(8, -4, D:4)
  a +0 club
(16, 8, D:4)
  a +3 spear
(16, 9, D:4)
  a +0 spear
(26, 29, D:4)
  a cursed +0 scale mail
(26, 33, D:4)
  a +0 spear
(28, -14, D:4)
  a cursed +0 dagger
(35, -12, D:4)
  a +0 dagger of venom
  a +0 robe
(35, -11, D:4)
  20 stones
(38, -14, D:4)
  a +0 dagger
  a cursed +0 robe
(39, -15, D:4)
  a +0 whip
  a +0 leather armour
(44, 28, D:4)
  a +0 scale mail
(47, 7, D:4)
  a +0 chain mail
(48, 12, D:4)
  a +0 giant club
(49, -7, D:4)
  a +0 halberd
(49, -6, D:4)
  a +0 spear
(50, -7, D:4)
  a cursed -3 spear

Level 5 of the Dungeon
[Shop] Ihoarhym's Food Emporium
  a ration (70 gold)
  a ration (70 gold)
  a ration (70 gold)
  a ration (70 gold)
  a ration (70 gold)
  a ration (70 gold)
  a ration (70 gold)
  a ration (70 gold)
  a ration (70 gold)
  a ration (70 gold)
  a ration (70 gold)
  a ration (70 gold)
  a ration (70 gold)
[Shop] Haul's General Store
  a scroll of identify (20 gold)
  a scroll of fear (35 gold)
  a potion of flight (30 gold)
  a ration (50 gold)
  14 stones (14 gold)
  a potion of brilliance (40 gold)
  a +0 falchion (30 gold)
  a potion of curing (30 gold)
  the +1 robe of Elitism {*Contam rF+ Int+4} (225 gold)
    It affects your intelligence (+4).
    It protects you from fire.
    It causes magical contamination when unequipped.
  20 arrows (40 gold)
  a scroll of blinking (75 gold)
  a potion of haste (100 gold)
[Shop] Jeluv's Gadget Shop
  a fan of gales (440 gold)
  a wand of polymorph (9) (121 gold)
  a crystal ball of energy (220 gold)
  a box of beasts (220 gold)
  a box of beasts (220 gold)
  a fan of gales (440 gold)
  a wand of digging (2) (132 gold)
  a wand of random effects (14) (88 gold)
[Shop] Ateino Atieff's Book Boutique
  a book of Power (495 gold)
  a book of Maledictions (275 gold)
  the Almanac of the Entourage (2986 gold)
    Spells                           Type                      Level      
    Known
     a - Recall                       Summoning/Translocation       3         
    no
     b - Malign Gateway               Summoning/Translocation       7         
    no
     c - Dragon's Call                Summoning                     9         
    no
    
    
    Trog disapproves of the use of such an item.
  a Young Poisoner's Handbook (440 gold)
  a book of Callings (330 gold)
  a book of Minor Magic (220 gold)
  a book of Misfortune (220 gold)
  a Grand Grimoire (1214 gold)
  a book of Alchemy (825 gold)
[Shop] Ereclosh's General Store
  21 sling bullets (136 gold)
  19 bolts (49 gold)
  10 stones (13 gold)
  a +0 robe (9 gold)
  a scroll of vulnerability (97 gold)
  a scroll of amnesia (45 gold)
  a +0 spear (39 gold)
  a +0 arbalest (58 gold)
  a scroll of remove curse (39 gold)
  a +0 robe (9 gold)
  the cursed +1 ring mail "Wuennip" {Dex+4 Stlth+} (314 gold)
    It affects your dexterity (+4).
    It makes you more stealthy.
    It has a curse placed upon it.
  a +2 rapier of venom (218 gold)
(0, 0, D:5)
  24 stones
(6, -7, D:5)
  a cursed +0 robe
(6, 1, D:5)
  26 arrows
(9, 3, D:5)
  a +0 giant club
(13, 10, D:5)
  a cursed +0 quarterstaff
(13, 30, D:5)
  a +0 chain mail
(18, 42, D:5)
  a +0 quarterstaff
(24, 46, D:5)
  20 stones
(32, 28, D:5)
  a +0 dagger
(34, 12, D:5)
  17 stones
(39, 28, D:5)
  a +0 scythe
  a +0 robe
(41, 23, D:5)
  a +0 whip
(43, 22, D:5)
  16 stones
(44, 34, D:5)
  a +0 buckler
(46, 34, D:5)
  a +0 club

Level 6 of the Dungeon
[Shop] Leyxiz's Food Shoppe
  a ration (60 gold)
  a ration (60 gold)
  a ration (60 gold)
  a ration (60 gold)
  a ration (60 gold)
  a ration (60 gold)
  a ration (60 gold)
  a ration (60 gold)
  a ration (60 gold)
  a ration (60 gold)
  a ration (60 gold)
  a ration (60 gold)
  a ration (60 gold)
[Shop] Peceb's Distillery
  a potion of agility (40 gold)
  a potion of cancellation (80 gold)
  a potion of degeneration (10 gold)
  a potion of degeneration (10 gold)
  a potion of invisibility (80 gold)
  a potion of agility (40 gold)
  a potion of haste (100 gold)
  a potion of ambrosia (80 gold)
  a potion of mutation (80 gold)
[Shop] Cofocs's Assorted Antiques
  a cursed -1 ring mail (3 gold)
  a +0 ring mail (136 gold)
  a +0 leather armour (68 gold)
  a scroll of remove curse (102 gold)
  a +0 rapier of venom (231 gold)
  a scroll of holy word (255 gold)
  a +0 great sword of slicing (397 gold)
  a crystal ball of energy (680 gold)
(0, 0, D:6)
  a +0 hunting sling
(9, 27, D:6)
  a +0 chain mail
(17, 23, D:6)
  22 stones
(18, -11, D:6)
  a +0 giant club
(21, 14, D:6)
  a +0 quarterstaff of speed
(22, 5, D:6)
  a +0 hand axe
  a +0 ring mail
(30, 33, D:6)
  a +0 buckler
(32, 16, D:6)
  a +0 club
(33, 16, D:6)
  a +0 flail
(34, 45, D:6)
  10 stones
(37, 28, D:6)
  16 stones
(37, 39, D:6)
  19 stones
(38, 0, D:6)
  a +0 hand axe

Level 7 of the Dungeon
(0, 0, D:7)
  a +0 dagger
(0, 4, D:7)
  a +0 cloak
(2, -7, D:7)
  a +0 hand axe
(3, -33, D:7)
  a +2 large shield
  a +0 hand axe
(14, -5, D:7)
  a +0 shortbow
  30 arrows
(14, -3, D:7)
  an arrow
  an uncursed amulet of the acrobat
(22, -27, D:7)
  15 stones
(25, -35, D:7)
  a +0 dagger
  a +0 robe
  a +0 club
  a +0 ring mail
(26, -35, D:7)
  a +0 hand axe
(37, -12, D:7)
  a +3 hand axe
  a +0 robe
(39, -35, D:7)
  a +0 robe
(39, -13, D:7)
  a cursed +0 long sword
  a +0 robe
(40, -14, D:7)
  a +0 robe
(42, -14, D:7)
  3 arrows
(42, -12, D:7)
  a +0 shortbow
  13 arrows
(43, -44, D:7)
  a book of Cantrips
(50, -23, D:7)
  a +3 quarterstaff of chaos
(53, -22, D:7)
  a +1 mace of protection

Level 8 of the Dungeon
(0, 0, D:8)
  27 arrows
(4, 26, D:8)
  a +0 flail
(8, 23, D:8)
  a book of Power
(9, 17, D:8)
  12 stones
(11, 7, D:8)
  a +0 whip
  a +0 ring mail
(14, 28, D:8)
  a +0 trident
(21, 16, D:8)
  a +0 ring mail
(28, 20, D:8)
  3 atropa-tipped darts
(36, 25, D:8)
  a +0 ring mail

Level 9 of the Dungeon
(0, 0, D:9)
  18 stones
(2, 26, D:9)
  4 boomerangs
(3, -1, D:9)
  a scroll of noise
  an uncursed amulet of inaccuracy
(14, -23, D:9)
  a +0 leather armour
(16, 6, D:9)
  a +0 ring mail
(22, -10, D:9)
  a +0 chain mail
(26, -14, D:9)
  a +0 rapier
(26, -13, D:9)
  a +0 robe
(26, -12, D:9)
  7 gold pieces
(28, 14, D:9)
  6 boomerangs
(32, -28, D:9)
  a +0 robe
(32, 20, D:9)
  a +0 scale mail
(35, -13, D:9)
  a +0 long sword
(35, 1, D:9)
  a +0 whip
  a +0 falchion
  a +0 falchion
(40, -13, D:9)
  a +0 rapier
(45, -13, D:9)
  a +4 war axe
  a +0 chain mail
(52, 8, D:9)
  a +0 war axe
(56, 18, D:9)
  2 boomerangs
(57, 17, D:9)
  2 silver javelins
  a +0 dagger
  a +0 robe
(58, 19, D:9)
  a +1 vampiric dagger
  a +0 robe

Level 10 of the Dungeon
(3, 22, D:10)
  a +0 rapier
(13, 22, D:10)
  a +0 ring mail
(16, 37, D:10)
  a +0 hand axe
(19, 11, D:10)
  a +0 giant club
(21, 6, D:10)
  a +0 plate armour
  a +0 great sword
(22, 11, D:10)
  an arrow
(23, -7, D:10)
  a +2 hunting sling of flaming
(23, -1, D:10)
  3 bolts
(24, 10, D:10)
  15 arrows
  a +0 shortbow
(28, -1, D:10)
  a bolt
(29, -1, D:10)
  17 bolts
  a +0 plate armour
  a +0 arbalest
  a +0 great mace
  a +0 hand axe
(32, -2, D:10)
  a bolt
(33, -1, D:10)
  a +0 dagger
(36, 28, D:10)
  a +0 dagger
(40, 0, D:10)
  a +0 robe
  a +0 vampiric dagger
(46, 28, D:10)
  a +0 dire flail of crushing
  a +0 plate armour
(46, 32, D:10)
  a +0 plate armour
(49, 7, D:10)
  a +0 quarterstaff

the Ecumenical Temple

Level 1 of the Orcish Mines
(0, 0, Orc:1)
  a +3 flail
(3, 3, Orc:1)
  a +0 plate armour
  a +0 hand axe
(7, -4, Orc:1)
  a +0 flail
(8, -1, Orc:1)
  a +0 chain mail
  a +0 halberd
(9, -4, Orc:1)
  a +0 mace
  a +0 chain mail
(9, -2, Orc:1)
  a +0 falchion
(10, -3, Orc:1)
  a bolt
  a +0 robe
  a +0 dagger
  a +0 giant club
(10, -2, Orc:1)
  a +0 hand axe
(11, -3, Orc:1)
  a cursed -3 trident

Level 2 of the Orcish Mines
(0, 0, Orc:2)
  a +0 flail
  a cursed +0 ring mail
  a +2 war axe of chopping
  a +0 leather armour
  an orc skeleton
(1, -1, Orc:2)
  a +0 glaive
  a +0 chain mail
  a +0 club
  a +0 leather armour
  a +0 flail
  a +0 ring mail
  an orc skeleton
(2, -7, Orc:2)
  17 gold pieces
(7, 4, Orc:2)
  a +0 club
(8, 13, Orc:2)
  a +0 leather armour
  an orc skeleton
(10, 16, Orc:2)
  a +0 hand axe
  an orc corpse
(11, 16, Orc:2)
  3 poisoned darts
(11, 18, Orc:2)
  a poisoned dart
(12, 18, Orc:2)
  a +0 mace
(19, -8, Orc:2)
  a +0 hand axe
  a +0 ring mail
  an orc skeleton
(19, -7, Orc:2)
  an orc skeleton
(20, -7, Orc:2)
  a +0 dagger
  a +0 robe
  an orc skeleton
(21, -6, Orc:2)
  a +0 short sword
  a +0 chain mail
(28, 1, Orc:2)
  a +0 dagger
  a +0 robe
(36, -2, Orc:2)
  a +0 dagger
  a +0 robe
  an orc skeleton
(55, 4, Orc:2)
  a +0 leather armour
(57, -3, Orc:2)
  a +0 giant spiked club
  a +0 robe
  a +0 dagger
(57, -1, Orc:2)
  a +0 hand axe
  a +0 plate armour
  a +0 trident
(57, 0, Orc:2)
  a +0 flail
  a +0 leather armour
  a +0 short sword
(59, -2, Orc:2)
  a +2 dagger of venom

