Arcades

Level 1 of the Dungeon
(0, 0, D:1)
  16 gold pieces
(0, 1, D:1)
  11 gold pieces
(0, 2, D:1)
  15 stones
(1, 0, D:1)
  a scroll of fog
(1, 1, D:1)
  7 poisoned darts
(1, 2, D:1)
  a +0 mace
(2, 0, D:1)
  a scroll of remove curse
(2, 1, D:1)
  a +0 spear
(2, 2, D:1)
  a scroll of identify
(5, 4, D:1)
  a +0 mace
(7, -5, D:1)
  a +0 club
(19, -15, D:1)
  a +0 ring mail
(30, 0, D:1)
  24 arrows
(31, -6, D:1)
  17 bolts
(32, 2, D:1)
  a +0 club
(32, 3, D:1)
  a +0 dagger
(42, 24, D:1)
  a +0 club
  2 stones
(44, 24, D:1)
  a stone
(45, 17, D:1)
  a +0 dagger
(46, 9, D:1)
  a +0 club
(47, 9, D:1)
  a +0 short sword
(48, 6, D:1)
  a stone
(50, -7, D:1)
  a +0 club

Level 2 of the Dungeon
(0, 0, D:2)
  a +0 dagger
(1, -23, D:2)
  a +0 short sword
(1, 9, D:2)
  23 stones
(4, -30, D:2)
  a +0 ring mail
(7, -32, D:2)
  21 stones
(7, -31, D:2)
  a +0 whip
(9, -16, D:2)
  a +0 club
(21, -2, D:2)
  a +0 club
  a +0 hunting sling
  15 stones
(25, -3, D:2)
  a stone
(26, -4, D:2)
  a stone
(31, -37, D:2)
  a +0 robe
(36, -37, D:2)
  a stone
(37, -41, D:2)
  15 bolts
(45, -16, D:2)
  a +0 mace
(49, -18, D:2)
  a +0 hand axe
  a +0 chain mail
(60, -30, D:2)
  18 arrows
(64, -30, D:2)
  a +0 leather armour

Level 3 of the Dungeon
(0, 0, D:3)
  a +0 dagger
  a +0 robe
(0, 1, D:3)
  a cursed -1 club
  5 boomerangs
  a +0 scale mail
(1, 0, D:3)
  a +0 falchion
  a +0 leather armour
  a +0 dagger
  a +0 leather armour
(1, 1, D:3)
  a +0 flail
(2, 0, D:3)
  a +0 mace of protection
(2, 1, D:3)
  a +0 dagger
  a +0 robe
(3, -1, D:3)
  a +0 club
  a +0 leather armour
(3, 0, D:3)
  a +0 dagger
  a +0 robe
(5, -10, D:3)
  a +0 club
  a +0 robe
  a +0 scale mail
(15, 15, D:3)
  a stone
(15, 20, D:3)
  a stone
(15, 22, D:3)
  a +3 hunting sling
  5 stones
(16, 17, D:3)
  a stone
(18, 7, D:3)
  a +0 whip
(18, 13, D:3)
  14 stones
(19, 5, D:3)
  a stone
(27, 0, D:3)
  a +0 club
(29, 11, D:3)
  13 arrows
(30, 14, D:3)
  12 stones
  a +0 hunting sling
(32, 14, D:3)
  a stone
  a +0 mace
  4 silver boomerangs

Level 4 of the Dungeon
(0, 0, D:4)
  a cursed -1 short sword
(18, -22, D:4)
  a +1 vampiric hand axe
  a +0 scale mail
  a +0 morningstar
  a +0 scale mail
(19, -22, D:4)
  a +0 dagger
  a +1 flail of holy wrath
  a +0 leather armour
(19, -21, D:4)
  a +0 dagger
  a +0 robe
(19, -20, D:4)
  a +0 war axe
  a +0 animal skin
  a +0 hand axe
(26, 18, D:4)
  23 stones
(27, -13, D:4)
  the +3 short sword of the Boiling Point {drain, rPois MP+9}
    A truly terrible weapon, it drains the life of those it strikes.
    
    It protects you from poison.
    It affects your magic capacity (+9).
(27, -10, D:4)
  15 stones
(40, 2, D:4)
  19 stones
(51, -11, D:4)
  a +0 hand axe
(56, 10, D:4)
  a +0 dagger

Level 5 of the Dungeon
(1, 1, D:5)
  a +0 shortbow
(1, 24, D:5)
  a +0 robe
(2, 1, D:5)
  26 gold pieces
(2, 5, D:5)
  14 gold pieces
(6, 10, D:5)
  a +0 club
  a +0 leather armour
(11, 1, D:5)
  the +9 staff of Olgreb {rPois}
    It protects you from poison.
(12, 10, D:5)
  a +0 ring mail
  a +0 flail of crushing
(13, 10, D:5)
  a +0 flail
(14, 9, D:5)
  a +0 club
(14, 10, D:5)
  a cursed +0 whip
(14, 12, D:5)
  a +0 chain mail
(15, -3, D:5)
  a cursed +0 robe
(17, 6, D:5)
  a +0 club
(18, 11, D:5)
  a book of Necromancy
(21, 31, D:5)
  a +0 robe
  a +0 dagger
(21, 32, D:5)
  3 silver boomerangs
  a +0 dagger
(22, 31, D:5)
  a +0 robe
  a +0 dagger
(23, 10, D:5)
  a +0 scythe
  a +0 robe
(23, 31, D:5)
  a +0 robe
  a +0 dagger
(24, -12, D:5)
  17 stones
(25, -4, D:5)
  5 silver javelins
(25, 31, D:5)
  a +0 robe
  a +1 whip of flaming
(26, 5, D:5)
  a +0 giant spiked club
(32, 10, D:5)
  a +0 mace
(32, 12, D:5)
  a +0 mace
(33, 10, D:5)
  a +0 mace
(33, 11, D:5)
  a +0 mace
(33, 12, D:5)
  a +4 mace
(34, 10, D:5)
  a +0 mace
(34, 11, D:5)
  a +2 mace of venom
(34, 12, D:5)
  a +0 mace
(35, 11, D:5)
  a +3 quarterstaff of chaos
(36, 11, D:5)
  a +0 mace
(37, 10, D:5)
  a +0 mace
(39, 9, D:5)
  a +0 mace
(40, 10, D:5)
  a +2 war axe of venom
(41, 9, D:5)
  a +0 mace

Level 6 of the Dungeon
[Shop] Uguqahia's Weapon Emporium
  a +0 hand axe (39 gold)
  18 stones (23 gold)
  a +0 mace (39 gold)
  a +0 trident (45 gold)
  a +0 dagger (26 gold)
  a +0 flail (45 gold)
  20 bolts (52 gold)
  a +0 dagger (26 gold)
  a +0 hand axe (39 gold)
  10 stones (13 gold)
  a +0 quarterstaff (52 gold)
  a +2 halberd of flaming (249 gold)
(0, 0, D:6)
  a scroll of amnesia
  2 scrolls of random uselessness
(1, -16, D:6)
  a +0 club
(1, -6, D:6)
  a +0 cloak
(3, 18, D:6)
  a +0 hunting sling
(5, 10, D:6)
  19 sling bullets
(10, -8, D:6)
  a cursed +0 scale mail
(13, 21, D:6)
  28 stones
(18, 18, D:6)
  a +0 whip
(24, 14, D:6)
  a cursed +0 short sword
  a cursed +0 robe
(25, 12, D:6)
  a +0 giant club
(25, 14, D:6)
  a cursed +2 dagger of freezing
  a +0 robe
(26, -15, D:6)
  a +0 giant club
(26, 13, D:6)
  a +2 long sword
  a +0 robe
(26, 15, D:6)
  a +5 spear of freezing
  a +0 robe
(27, 23, D:6)
  a cursed +5 dagger
  a +0 robe
(28, -15, D:6)
  a +0 rapier
(30, 18, D:6)
  a cursed -1 short sword
(31, -10, D:6)
  7 atropa-tipped darts
(33, -7, D:6)
  a +0 leather armour
(34, -2, D:6)
  a +0 war axe
(43, 16, D:6)
  a +0 spear
(48, 0, D:6)
  a +0 falchion
(51, 3, D:6)
  a +0 cloak

Level 7 of the Dungeon
(0, 0, D:7)
  a scroll of amnesia
(4, 18, D:7)
  a +0 leather armour
(4, 33, D:7)
  a +0 dagger
  a +0 robe
(5, 33, D:7)
  a +0 mace
  4 boomerangs
  a +0 plate armour
  a +0 club
(8, 20, D:7)
  a +0 spear
(9, 21, D:7)
  a +0 whip
  a +0 flail
(14, 28, D:7)
  a +0 leather armour
(14, 32, D:7)
  18 stones
(18, 37, D:7)
  a +0 leather armour
(27, 2, D:7)
  a +0 ring mail
(27, 21, D:7)
  14 stones
(29, 21, D:7)
  a +0 robe
(29, 32, D:7)
  a book of Callings
(37, 8, D:7)
  a +0 leather armour
(37, 25, D:7)
  a +0 long sword

Level 8 of the Dungeon
[Shop] Iffycecu's General Store
  a wand of digging (7) (264 gold)
  a +0 ring mail (48 gold)
  a potion of resistance (120 gold)
  a wand of iceblast (5) (108 gold)
  the amulet "Plog" {RegenMP +Fly} (469 gold)
    [amulet of magic regeneration]
    
    It increases your magic regeneration.
    It lets you fly.
  a +0 battleaxe (78 gold)
  a ration (60 gold)
  a book of Conjurations (360 gold)
  a wand of digging (4) (192 gold)
(0, 0, D:8)
  a +0 plate armour
(3, -8, D:8)
  a +1 battleaxe of flaming
  a +0 plate armour
(5, -11, D:8)
  a +0 flail
  a +0 leather armour
(7, -12, D:8)
  a +0 hand axe
  a +0 ring mail
(8, -27, D:8)
  a +0 scale mail
(9, -14, D:8)
  a +0 whip
  a +0 ring mail
(9, -13, D:8)
  a +0 flail
  a +0 chain mail
  a +1 flail of protection
  a cursed +0 leather armour
(15, -8, D:8)
  17 arrows
(18, -38, D:8)
  a +0 dagger
  a +0 robe
(18, -7, D:8)
  a +0 flail
(19, -38, D:8)
  a +0 flail
(20, -38, D:8)
  a +0 club
  a +0 chain mail
  a +2 dagger of holy wrath
  a +0 robe
  a +2 dagger of venom
  a +0 ring mail
  a +0 mace
  4 silver boomerangs
  a +0 leather armour
(22, -23, D:8)
  a stone
(23, -25, D:8)
  3 stones
(25, -26, D:8)
  a stone
(27, -14, D:8)
  a +0 cloak
(28, -28, D:8)
  a +0 dagger
  a +0 robe
  a +0 mace
  a +0 flail
  a +0 chain mail
(29, -28, D:8)
  14 stones
  a +0 short sword
  a cursed +0 ring mail
(30, -35, D:8)
  a +0 ring mail
(31, -38, D:8)
  a +0 club
  a +0 leather armour
  a +0 leather armour
(32, -37, D:8)
  a +0 club
  a cursed +0 ring mail
(32, -28, D:8)
  a +0 giant club
  a +0 giant club
(34, -16, D:8)
  a +0 glaive
(50, -23, D:8)
  a +0 ring mail

Level 9 of the Dungeon
(0, 0, D:9)
  a +0 battleaxe
(2, -22, D:9)
  a +0 hand axe
  a +0 animal skin
(5, 7, D:9)
  a +0 chain mail
(17, -19, D:9)
  a +0 club
(17, 0, D:9)
  a +0 ring mail
  a +0 short sword
(18, -1, D:9)
  a +0 chain mail
  a +0 battleaxe
(18, 0, D:9)
  a +0 hand axe
(18, 3, D:9)
  24 stones
(18, 6, D:9)
  a +0 giant spiked club
  a +0 giant club
(19, -8, D:9)
  15 sling bullets
(20, 6, D:9)
  a +2 robe of magic resistance
  a +0 scimitar of flaming
(22, 8, D:9)
  a book of Misfortune
(23, -2, D:9)
  a +0 giant club

Level 10 of the Dungeon
(0, 0, D:10)
  a +0 leather armour
(5, -29, D:10)
  a cursed +0 leather armour
(15, -8, D:10)
  a book of Cantrips
(18, -9, D:10)
  a +0 giant spiked club
  a +0 giant club
(27, -9, D:10)
  a +0 leather armour
  a +0 club
(30, -6, D:10)
  16 bolts
(41, 15, D:10)
  30 stones
(45, 7, D:10)
  20 stones
(46, -11, D:10)
  a +0 hand axe
(46, 13, D:10)
  a +0 club
  a +0 leather armour
(47, 13, D:10)
  a cursed +0 halberd
  a +1 chain mail of poison resistance

Level 11 of the Dungeon
(0, 0, D:11)
  a +0 quarterstaff
(6, 25, D:11)
  25 stones
(10, 27, D:11)
  a +0 falchion
(12, 24, D:11)
  a +0 dagger
  a +0 robe
  a +0 club
  a cursed -2 club
(13, 24, D:11)
  a +0 dagger
  a +0 leather armour
  a +0 hand axe
  a cursed -1 leather armour
(14, 18, D:11)
  a +0 ring mail
(20, 7, D:11)
  a +0 shortbow
  22 arrows
(20, 13, D:11)
  an arrow
(20, 14, D:11)
  an arrow
(23, 3, D:11)
  a scroll of amnesia
(24, -5, D:11)
  a -2 spear
  a +0 animal skin
  a +0 war axe
  a +0 robe
(26, -1, D:11)
  a +0 war axe
  a +0 plate armour
(26, 25, D:11)
  a stone
(27, 19, D:11)
  a +0 cloak
  a +0 short sword of holy wrath
(27, 25, D:11)
  a stone
(27, 28, D:11)
  a +0 short sword
(28, 29, D:11)
  a +0 dagger
(29, 25, D:11)
  a stone
(29, 28, D:11)
  a +0 whip
(29, 29, D:11)
  2 stones
(30, 25, D:11)
  a stone
(31, 24, D:11)
  2 stones
(35, -6, D:11)
  a +3 great sword of electrocution
  2 scrolls of vulnerability
  a scroll of noise
  a +5 antimagic dire flail
  4 potions of mutation
  an uncursed ring of fire
(35, 6, D:11)
  a cursed +0 club
(35, 7, D:11)
  4 stones
  a +0 whip
(35, 12, D:11)
  a stone
(36, 6, D:11)
  a +0 club
(39, 0, D:11)
  a +0 chain mail
(45, 29, D:11)
  a +0 ring mail
(47, 20, D:11)
  a +0 dagger
(48, 26, D:11)
  a +0 giant club
(48, 27, D:11)
  a +0 giant club
  a +0 giant club
(48, 28, D:11)
  a +0 giant spiked club
(53, 15, D:11)
  a +0 spear

Level 12 of the Dungeon
(0, 0, D:12)
  14 gold pieces
(4, -10, D:12)
  16 gold pieces

Level 13 of the Dungeon
(0, 0, D:13)
  17 stones
(6, 5, D:13)
  an arrow

Level 1 of the Orcish Mines
(0, 0, Orc:1)
  a +0 giant club
(12, 30, Orc:1)
  a +0 leather armour
(12, 31, Orc:1)
  a +0 dagger
  a +0 robe
(12, 32, Orc:1)
  a +0 mace
  a +0 dagger
  5 boomerangs
  a +0 scale mail
(13, 29, Orc:1)
  a +0 trident
  a +0 leather armour
(13, 30, Orc:1)
  a +0 flail
(13, 32, Orc:1)
  a +0 dire flail
  a +0 chain mail
(14, 29, Orc:1)
  a +0 leather armour
(14, 30, Orc:1)
  a +0 dire flail
  a +0 chain mail
(14, 31, Orc:1)
  a +0 dagger
(15, 28, Orc:1)
  a +0 club
  a +0 leather armour
  a +0 war axe
(15, 29, Orc:1)
  a +0 scimitar
  a +0 chain mail
  a +0 short sword
  a +0 leather armour
(15, 30, Orc:1)
  a cursed -2 dagger
  a +0 chain mail
(17, 14, Orc:1)
  a +5 dagger of protection
  a +0 robe
(18, 15, Orc:1)
  a +0 giant club
(20, 17, Orc:1)
  a +0 hand axe
  a cursed -3 short sword
  a +0 scale mail
(21, 17, Orc:1)
  a +0 battleaxe of flaming
  a +0 plate armour
  a +0 dire flail

Level 2 of the Orcish Mines
(1, 12, Orc:2)
  a +0 glaive
  (unseen)
(2, 1, Orc:2)
  a +0 club
  a +0 club
  a +0 leather armour
  an orc skeleton
(2, 2, Orc:2)
  a +0 whip
  a +0 leather armour
(2, 3, Orc:2)
  a +0 flail
  a +0 ring mail
(2, 9, Orc:2)
  a +0 dagger
  (unseen)
(2, 10, Orc:2)
  a +0 leather armour
(3, 1, Orc:2)
  a cursed +0 mace
  a +0 halberd
  6 boomerangs
  a +0 plate armour
  an orc skeleton
(3, 2, Orc:2)
  a +3 long sword
  a +0 plate armour
  an orc skeleton
(3, 10, Orc:2)
  a +0 dagger
  (unseen)
(4, 11, Orc:2)
  a +1 glaive of flaming
  (unseen)
(4, 12, Orc:2)
  a +0 trident
  (unseen)
(5, 10, Orc:2)
  a +0 flail
  (unseen)
(5, 12, Orc:2)
  a +3 flail of protection
(7, 10, Orc:2)
  a +0 whip
  a +0 ring mail
  an orc skeleton
(7, 13, Orc:2)
  a +0 dagger
  a +0 ring mail
  an orc skeleton
(9, 11, Orc:2)
  21 stones
(12, -15, Orc:2)
  the +7 shortbow of Juhar {venom, +Blink rPois rF- rN+ MR+}
    It poisons the ammo it fires.
    
    It makes you vulnerable to fire.
    It protects you from poison.
    It protects you from negative energy.
    It affects your resistance to hostile enchantments.
    It lets you blink.
(12, -11, Orc:2)
  a +0 flail
  a +0 hand axe
  a +0 chain mail
  a +0 hand axe
  a +0 scale mail
  a +0 dagger
  a +0 robe
  a +0 dagger
  a +0 robe
  a +0 short sword
  a +0 falchion
  a +0 ring mail
  a +0 dagger
  a +0 robe
  an orc skeleton
  an orc skeleton
  an orc skeleton
  an orc skeleton
  an orc skeleton
(14, 12, Orc:2)
  a +0 short sword
  a +0 ring mail
  an orc skeleton
(14, 13, Orc:2)
  a +0 dire flail
  a +0 plate armour
(15, 22, Orc:2)
  a cursed +0 giant spiked club
(16, 21, Orc:2)
  a +0 dagger
(17, 11, Orc:2)
  a +2 vampiric whip
  4 boomerangs
(18, 13, Orc:2)
  a +0 mace
(18, 18, Orc:2)
  a +0 leather armour
(18, 19, Orc:2)
  a +0 glaive
  a +0 plate armour
(18, 20, Orc:2)
  a +0 flail
  a +0 chain mail
(19, 7, Orc:2)
  a +0 short sword
  a +0 plate armour
(19, 16, Orc:2)
  a cursed -1 glaive
  a +0 plate armour
(20, 9, Orc:2)
  a +0 halberd
  a +0 chain mail
(23, -16, Orc:2)
  a +0 dagger
  a +0 robe
  a +0 dagger
  a +0 robe
  an orc skeleton
(23, 31, Orc:2)
  a +0 trident
  8 boomerangs
  a +0 plate armour
(24, -18, Orc:2)
  a +0 hand axe
  a +0 chain mail
(24, 4, Orc:2)
  19 arrows
(24, 14, Orc:2)
  a +0 trident
  a +0 plate armour
(24, 32, Orc:2)
  a +0 club
  a +0 scale mail
(24, 33, Orc:2)
  a +0 hand axe
  a +0 leather armour
(25, -6, Orc:2)
  a +0 dagger
  a +0 robe
(25, -5, Orc:2)
  a +2 antimagic morningstar
(26, -6, Orc:2)
  a +0 dagger
  a +0 robe
  4 boomerangs
  a +0 short sword
  a +0 chain mail
(26, -5, Orc:2)
  a +0 dagger
  a +0 robe
(28, 17, Orc:2)
  a cursed +0 flail
  a +0 chain mail
(28, 19, Orc:2)
  a +0 falchion
(32, 25, Orc:2)
  a +0 hand axe
(33, 17, Orc:2)
  a +0 leather armour
(33, 25, Orc:2)
  a +0 leather armour
(33, 26, Orc:2)
  a +0 flail
(34, 8, Orc:2)
  a +0 club
  a +0 scale mail
(34, 25, Orc:2)
  a +0 club
(34, 29, Orc:2)
  a +0 mace
(35, 25, Orc:2)
  a +0 leather armour
  a +0 flail
(35, 26, Orc:2)
  a +3 flail of holy wrath
  a +0 scale mail
  a +1 trident of distortion
  a +0 plate armour
(35, 29, Orc:2)
  a +0 club
(38, 0, Orc:2)
  a cursed -1 whip
(38, 1, Orc:2)
  a +0 dagger
  a +0 leather armour
(39, 0, Orc:2)
  a +0 giant club
(39, 1, Orc:2)
  a +0 mace
  a +0 leather armour
(40, 1, Orc:2)
  a +0 mace
(40, 2, Orc:2)
  a +0 mace
(41, 2, Orc:2)
  a +0 flail
(41, 3, Orc:2)
  a +0 flail
  a +0 club
(42, 4, Orc:2)
  a +0 flail
(42, 13, Orc:2)
  a +0 leather armour
(42, 15, Orc:2)
  a +0 leather armour
(43, 15, Orc:2)
  a +0 dagger
  a +0 whip
  a +0 leather armour
(44, 11, Orc:2)
  3 boomerangs
(44, 13, Orc:2)
  a +0 hand axe
(44, 14, Orc:2)
  a +0 club
  a +0 short sword
  a +0 leather armour
(44, 15, Orc:2)
  a +0 leather armour
  a +0 dagger
  a +0 ring mail
(46, 12, Orc:2)
  a +0 giant club

Level 1 of the Lair of Beasts
(0, 0, Lair:1)
  16 sling bullets
(2, 0, Lair:1)
  29 sling bullets
(9, 24, Lair:1)
  a +0 rapier
(26, 2, Lair:1)
  a +0 leather armour
(40, -11, Lair:1)
  4 large rocks
(40, -1, Lair:1)
  a +0 long sword
(40, 26, Lair:1)
  a +0 mace
(47, 23, Lair:1)
  a +0 falchion
(51, 19, Lair:1)
  a +0 ring mail

Level 2 of the Lair of Beasts
(0, 0, Lair:2)
  a +2 ring mail of magic resistance
(2, 24, Lair:2)
  17 bolts
(5, 24, Lair:2)
  a +0 scale mail
(11, 12, Lair:2)
  a scroll of amnesia
(13, -16, Lair:2)
  a +0 robe
(14, 0, Lair:2)
  26 stones
(19, 12, Lair:2)
  a +0 plate armour
(29, -18, Lair:2)
  a +0 dagger
(30, 3, Lair:2)
  a +0 robe
(30, 14, Lair:2)
  23 stones
(31, 27, Lair:2)
  23 arrows
(36, 17, Lair:2)
  a scroll of vulnerability
(39, 8, Lair:2)
  a scroll of amnesia
(40, 31, Lair:2)
  20 bolts
(42, 4, Lair:2)
  a scroll of vulnerability
(43, -2, Lair:2)
  a +0 chain mail
(47, 25, Lair:2)
  a +0 plate armour
(54, 13, Lair:2)
  a cursed -2 ring of protection

Level 3 of the Lair of Beasts
(0, 0, Lair:3)
  a scroll of random uselessness
(2, 34, Lair:3)
  a +0 ring mail
(3, 26, Lair:3)
  a +0 short sword
(9, 15, Lair:3)
  a +0 rapier
(31, 12, Lair:3)
  25 stones
(32, 30, Lair:3)
  a +0 scale mail
(34, -3, Lair:3)
  a +2 pair of gloves
(49, 22, Lair:3)
  13 stones
(52, -3, Lair:3)
  a cursed +0 ring mail
(57, -7, Lair:3)
  14 stones

Level 4 of the Lair of Beasts
(0, 0, Lair:4)
  a +0 great mace
(3, 6, Lair:4)
  a +0 hand crossbow
(7, -21, Lair:4)
  a +0 scale mail
(32, -33, Lair:4)
  a scroll of noise
(33, -26, Lair:4)
  a +2 helmet
(37, 2, Lair:4)
  a +0 battleaxe
(39, -7, Lair:4)
  11 bolts

Level 5 of the Lair of Beasts
(0, 0, Lair:5)
  a +0 leather armour
(4, -24, Lair:5)
  an uncursed staff of power
(30, -35, Lair:5)
  15 arrows
(45, -16, Lair:5)
  a scroll of amnesia
(49, -26, Lair:5)
  a +0 spear
(51, -27, Lair:5)
  a +0 ring mail

Level 6 of the Lair of Beasts
(0, 0, Lair:6)
  20 sling bullets
  a +3 leather armour of magic resistance
(3, -8, Lair:6)
  a +0 trident
(7, -2, Lair:6)
  a wand of random effects (30)
  an uncursed ring of positive energy
  an uncursed ring of protection from cold
  an uncursed ring of protection from fire
  a cursed amulet of inaccuracy
  a cursed ring of teleportation
  a +0 shield
  a +1 broad axe of flaming
  a +0 shield
  a +3 chain mail of magic resistance
  the +2 mace "Erhyawn" {crush, rC- rN+ Dex+5}
    It inflicts extra damage upon your enemies.
    
    It affects your dexterity (+5).
    It makes you vulnerable to cold.
    It protects you from negative energy.
  a +5 double sword of venom
  a +4 ring of protection
(10, -4, Lair:6)
  a +0 trident
(15, -3, Lair:6)
  a +0 robe
  a +0 dagger
(16, -27, Lair:6)
  a scroll of amnesia
(19, -60, Lair:6)
  a +0 chain mail
(22, -20, Lair:6)
  a +0 eveningstar
(33, -28, Lair:6)
  13 sling bullets
(37, -21, Lair:6)
  a +0 scale mail
(48, -40, Lair:6)
  a javelin
(56, -3, Lair:6)
  a javelin
(58, 2, Lair:6)
  a javelin

