Arcades

Level 1 of the Dungeon
(0, 0, D:1)
  10 stones
(1, -8, D:1)
  16 arrows
(6, -4, D:1)
  a +0 dagger
(16, 17, D:1)
  15 stones
(19, 32, D:1)
  a +0 club
(22, 36, D:1)
  22 stones
(23, 16, D:1)
  a +0 leather armour
(24, 20, D:1)
  a +0 club
(33, 23, D:1)
  a +0 club
(37, 34, D:1)
  25 arrows
(38, 13, D:1)
  a +0 club
(40, 13, D:1)
  a +0 club
(42, -6, D:1)
  a +0 leather armour
(44, 27, D:1)
  a +0 robe
(45, 42, D:1)
  a +0 club
(46, 14, D:1)
  a +0 whip
(52, -12, D:1)
  a +0 short sword
(55, 5, D:1)
  a +0 dagger
(56, 7, D:1)
  a +0 short sword
  a +0 dagger
(63, 29, D:1)
  a +0 club
(63, 30, D:1)
  a +0 club
(64, 7, D:1)
  a +0 leather armour

Level 2 of the Dungeon
(0, 0, D:2)
  a +0 mace
(5, -23, D:2)
  14 arrows
(10, 6, D:2)
  a +0 hunting sling
(11, -19, D:2)
  a +0 robe
(14, -18, D:2)
  a +0 ring mail
(14, -6, D:2)
  a +0 dagger of draining
(18, -13, D:2)
  a stone
(18, -12, D:2)
  2 stones
(18, -8, D:2)
  a stone
(19, -13, D:2)
  a +0 club
(19, -10, D:2)
  a stone
(30, -3, D:2)
  19 sling bullets
(35, 1, D:2)
  a +1 helmet
(39, -2, D:2)
  a +0 club
(42, -8, D:2)
  a +0 whip
(47, 15, D:2)
  a +0 robe
(48, 15, D:2)
  24 sling bullets
(50, 16, D:2)
  a +0 dagger
(50, 17, D:2)
  a +0 hand axe
(50, 32, D:2)
  23 stones

Level 3 of the Dungeon
(0, 0, D:3)
  a +0 flail
(1, 0, D:3)
  a +0 spear
  a +0 flail
(11, 0, D:3)
  a +0 falchion
(17, 4, D:3)
  a +0 dagger
  a +0 chain mail
(25, 14, D:3)
  2 stones
(26, 13, D:3)
  a +0 flail
  a +0 club
(26, 15, D:3)
  a +0 club
(26, 16, D:3)
  a +0 whip
  3 stones
(26, 17, D:3)
  a +0 club
(28, 22, D:3)
  a +0 spear
(35, 39, D:3)
  a +0 dagger
(36, 39, D:3)
  a +0 robe
(36, 48, D:3)
  a +0 whip
(38, 44, D:3)
  9 arrows
(39, 13, D:3)
  a +0 dagger
  a +0 robe
(41, 12, D:3)
  6 stones
(41, 14, D:3)
  a +0 giant club
(43, 10, D:3)
  a +0 robe
  a +0 dagger
(44, 9, D:3)
  a +0 ring mail
  5 boomerangs
  a +0 whip
  a +0 flail
(44, 10, D:3)
  a cursed -1 hand axe
(48, 10, D:3)
  a +0 dagger

Level 4 of the Dungeon
(0, 0, D:4)
  a +0 giant spiked club
  15 stones
(8, 6, D:4)
  16 stones
(16, 23, D:4)
  a +0 dagger
  a +0 robe
(17, 22, D:4)
  a +2 short sword of speed
  a cursed +0 leather armour
(19, -8, D:4)
  a +0 scale mail
(20, 14, D:4)
  19 sling bullets
(24, -18, D:4)
  a +0 club
(28, 19, D:4)
  a +0 dagger
  a cursed +0 robe
(29, 19, D:4)
  a +0 club
(31, 20, D:4)
  a +0 flail
(34, -4, D:4)
  a +0 giant club
(36, 5, D:4)
  a +0 ring mail
(45, 27, D:4)
  26 stones

Level 5 of the Dungeon
(0, 0, D:5)
  a +0 club
  a +0 leather armour
(0, 6, D:5)
  a +0 giant spiked club
(3, -1, D:5)
  a +0 short sword
(3, 3, D:5)
  a cursed -3 trident
(6, 7, D:5)
  a +0 scale mail
(11, 0, D:5)
  23 stones
(12, 5, D:5)
  20 bolts
(14, 16, D:5)
  a +0 ring mail
(23, 14, D:5)
  a +0 ring mail
(30, 11, D:5)
  a +0 ring mail
(31, -9, D:5)
  a +0 hand axe
(31, 19, D:5)
  a +0 long sword
(37, -2, D:5)
  a +0 ring mail
(37, 48, D:5)
  18 stones
(46, 22, D:5)
  a +0 hand axe
(48, 27, D:5)
  a +0 long sword
(51, 43, D:5)
  a +0 leather armour

Level 6 of the Dungeon
(0, 0, D:6)
  a +0 giant spiked club
(5, -16, D:6)
  12 arrows
(6, -10, D:6)
  9 arrows
(8, -31, D:6)
  a +0 falchion
(35, -49, D:6)
  a +0 chain mail
(45, 1, D:6)
  a cursed -1 falchion
  a +0 chain mail
(46, -1, D:6)
  a +0 club
(46, 2, D:6)
  a +0 dagger
  a +0 robe
(52, -37, D:6)
  a +0 dagger
  a +0 robe
  a +0 club
  a +0 leather armour
(52, -36, D:6)
  a +0 hand axe
  a +0 club
  a +0 leather armour
(53, -13, D:6)
  a +0 leather armour
(55, -35, D:6)
  a book of Misfortune

Level 7 of the Dungeon
(0, 0, D:7)
  a +0 short sword
  a +0 leather armour
(0, 22, D:7)
  3 scrolls of noise
  a scroll of random uselessness
  3 scrolls of amnesia
  a +1 plate armour
  a +2 flail of protection
  a +0 ring mail
  a +0 animal skin
(1, -1, D:7)
  a +0 club
  a +0 leather armour
  a +0 club
  a +0 scale mail
(1, 22, D:7)
  a cursed ring of ice
(27, 17, D:7)
  a +0 ring mail
(29, 3, D:7)
  a +0 trident
(30, 4, D:7)
  a +0 giant club
(33, 24, D:7)
  19 stones
(53, 8, D:7)
  22 arrows

Level 8 of the Dungeon
[Shop] Huzog's Antique Weapon Shoppe
  a +0 morningstar of venom (217 gold)
  the +5 hunting sling "Leptaw" {flame, Str+4} (1379 gold)
    It causes projectiles fired from it to burn those they strike, causing extra
    injury to most foes and up to half again as much damage against particularly
    susceptible opponents.
    
    It affects your strength (+4).
  a +0 scimitar (128 gold)
  the +4 mace of Dutoqe {elec, rPois rF+ Dex+4} (1731 gold)
    Occasionally, upon striking a foe, it will discharge some electrical energy
    and cause terrible harm.
    
    It affects your dexterity (+4).
    It protects you from fire.
    It protects you from poison.
  a +0 war axe (112 gold)
  a +0 great mace (208 gold)
  a +0 hunting sling (48 gold)
  a +0 club (32 gold)
  a +0 quarterstaff (128 gold)
  a +2 war axe of freezing (585 gold)
  a +0 flail (112 gold)
(0, 0, D:8)
  15 stones
(19, 39, D:8)
  20 arrows
(22, -21, D:8)
  a book of Callings
(36, 22, D:8)
  a +0 giant spiked club
(37, -1, D:8)
  a +0 quarterstaff of crushing
  a +0 hunting sling
  27 sling bullets
  a +0 ring mail
(46, 42, D:8)
  a +0 whip of flaming
(48, -18, D:8)
  29 stones
(50, -5, D:8)
  a cursed +0 robe
  a +0 dagger
(54, 28, D:8)
  a +0 giant club
(58, -13, D:8)
  a +0 flail
  a +0 ring mail
  a +0 dagger
  a +0 robe
  a +1 flail of holy wrath

Level 9 of the Dungeon
(0, 0, D:9)
  a cursed -2 giant club
(1, 5, D:9)
  an arrow
(1, 7, D:9)
  a cursed +0 shortbow
  21 arrows
(2, 4, D:9)
  an arrow
(18, 20, D:9)
  a cursed +0 hunting sling
(19, 20, D:9)
  a +0 robe
(21, 15, D:9)
  a +0 ring mail
(26, -9, D:9)
  a +2 flail of crushing
(33, 16, D:9)
  9 sling bullets
(34, 25, D:9)
  a +0 giant spiked club
  a +0 giant club
(35, 19, D:9)
  a +0 robe
(35, 33, D:9)
  a +0 robe
  a +0 dagger
(35, 34, D:9)
  a +0 scale mail
  a +2 falchion of protection
(38, 1, D:9)
  9 stones
(42, 20, D:9)
  a +0 falchion
(42, 21, D:9)
  a +0 flail
(43, 21, D:9)
  a +0 robe
  a +0 dagger of draining
(43, 22, D:9)
  a +0 flail

Level 10 of the Dungeon
[Shop] Vodgh's Magic Scroll Shop
  a scroll of remove curse (51 gold)
  a scroll of amnesia (59 gold)
  a scroll of immolation (59 gold)
  2 scrolls of fear (119 gold)
  a scroll of remove curse (51 gold)
  a scroll of amnesia (59 gold)
(0, 0, D:10)
  the cursed +0 helmet of Devotion {Str+5}
    It affects your strength (+5).
    It has a curse placed upon it.
(3, -6, D:10)
  a +0 cloak
(14, 16, D:10)
  a +0 robe
(19, 23, D:10)
  a +0 dagger
  a +0 robe
(19, 25, D:10)
  a +4 glaive
  a +0 plate armour
(21, 24, D:10)
  a +0 mace
(23, 18, D:10)
  a +0 robe
  a +0 dagger
(23, 20, D:10)
  a +0 flail
(25, 19, D:10)
  a +0 robe
(26, -18, D:10)
  a +0 cloak
  a +3 dagger of holy wrath
(27, -18, D:10)
  a stone
(28, -17, D:10)
  a +0 short sword
(28, -16, D:10)
  a stone
(30, -16, D:10)
  a +0 club
(30, -14, D:10)
  a +0 dagger
(31, -13, D:10)
  2 stones
  a +0 short sword
(36, 12, D:10)
  a +0 falchion
(42, -14, D:10)
  a +0 mace
(43, 13, D:10)
  a +0 shortbow
  2 arrows
(45, 12, D:10)
  an arrow
(46, 12, D:10)
  2 arrows
(47, 8, D:10)
  a +5 long sword
  a +0 robe
  a cursed -3 war axe
  a +0 robe
(47, 9, D:10)
  19 stones
(49, 7, D:10)
  a +1 spear
  a +0 robe
(49, 11, D:10)
  3 arrows
(56, 14, D:10)
  +0 acid dragon scales

Level 11 of the Dungeon
(0, 0, D:11)
  a +0 scale mail
(1, -4, D:11)
  a +0 war axe
(2, -28, D:11)
  a throwing net
(2, -16, D:11)
  a +0 club
  a +0 flail
(2, -15, D:11)
  a +0 whip
  a +0 dagger
  a +0 robe
(2, -14, D:11)
  a +4 mace of holy wrath
  a +0 leather armour
(3, -1, D:11)
  a +1 scale mail of positive energy
(8, -7, D:11)
  14 stones
(10, -19, D:11)
  a +0 dagger
  a +0 robe
(11, -12, D:11)
  3 scrolls of random uselessness
(18, -5, D:11)
  a scroll of random uselessness
(18, 0, D:11)
  a +0 dagger
  a +0 scimitar
  a +0 chain mail
(18, 1, D:11)
  a +0 robe
  a +0 dagger
(19, -11, D:11)
  a +0 robe
  a +1 dagger of protection
(19, 1, D:11)
  a +0 mace
(27, 8, D:11)
  14 bolts
(33, 12, D:11)
  a +1 falchion of holy wrath
(34, 12, D:11)
  a +0 dire flail
  a +0 plate armour
  a +0 trident
  a +3 leather armour
(35, -39, D:11)
  a +0 flail
  a +0 trident
(35, 12, D:11)
  a +1 dagger of venom
  2 boomerangs
(38, 11, D:11)
  an uncursed staff of death
(47, -22, D:11)
  a +2 hand axe of freezing
  a cursed +0 chain mail
(50, -22, D:11)
  a cursed -2 dagger
(54, 6, D:11)
  a +0 dagger
  a +0 robe
  a +0 ring mail

Level 12 of the Dungeon
(0, 0, D:12)
  a +0 leather armour
(3, 32, D:12)
  a +0 dagger
(4, 29, D:12)
  a scroll of vulnerability
(8, 11, D:12)
  19 arrows
(12, 25, D:12)
  a potion of degeneration
(14, 20, D:12)
  a +0 club
  a +0 falchion
(14, 21, D:12)
  a +0 plate armour
  5 boomerangs
  a +0 trident
(15, 21, D:12)
  a +0 scale mail
  a +0 trident
(16, 22, D:12)
  a +0 robe
  a +0 dagger
(16, 23, D:12)
  a +0 club
  a +0 leather armour
  a +0 morningstar
(17, 22, D:12)
  a +1 ring mail of poison resistance
  a +0 hand axe
(17, 23, D:12)
  a +0 chain mail
  a +0 war axe
(17, 28, D:12)
  an uncursed staff of air
(18, 43, D:12)
  a +0 fustibalus
(27, 41, D:12)
  a scroll of amnesia
(30, 39, D:12)
  a +0 chain mail
(31, 16, D:12)
  20 stones
(34, 44, D:12)
  a +0 robe
(38, -2, D:12)
  a +0 club
(42, 35, D:12)
  26 stones
(45, 4, D:12)
  a +0 pair of boots
(50, 7, D:12)
  a +0 long sword of slicing

Level 13 of the Dungeon
(4, -33, D:13)
  a +0 shortbow
  21 arrows
(4, 1, D:13)
  a +2 spear of piercing
(5, -37, D:13)
  2 arrows
(5, -36, D:13)
  2 arrows
  a large rock
(5, -34, D:13)
  a large rock
(5, -30, D:13)
  a +0 shortbow
  7 arrows
(6, -34, D:13)
  a +0 longbow
  14 arrows
(6, -33, D:13)
  a large rock
(14, -32, D:13)
  22 stones
(16, -34, D:13)
  a +0 robe
(20, -10, D:13)
  a +0 arbalest
  17 bolts
(20, -9, D:13)
  a +0 arbalest
  19 bolts
(21, -11, D:13)
  a bolt
(21, -9, D:13)
  a +0 arbalest
  20 bolts
(22, -12, D:13)
  2 bolts
(23, -14, D:13)
  a bolt
(24, -14, D:13)
  a bolt
(31, -35, D:13)
  a +0 quarterstaff of crushing
  a +0 robe
(32, -38, D:13)
  a +5 shortbow of flaming
(40, 0, D:13)
  a +0 robe
  a +4 dagger of venom
(41, -19, D:13)
  a +4 scimitar of flaming
(42, -32, D:13)
  a +0 halberd
(48, -26, D:13)
  12 arrows
(56, -30, D:13)
  14 stones

Level 14 of the Dungeon
(0, 0, D:14)
  a +0 rapier
(3, -19, D:14)
  a +0 hand axe
(3, -9, D:14)
  a +1 battleaxe of electrocution
  a +1 leather armour of positive energy
(5, -4, D:14)
  a +0 dagger
  a +0 scale mail
(6, -4, D:14)
  a +0 short sword
(13, -31, D:14)
  20 stones
(14, 14, D:14)
  a +0 shortbow
(17, -31, D:14)
  a +0 hand axe
(23, -31, D:14)
  a cursed +0 robe
(23, -27, D:14)
  a +0 scythe
  a +0 plate armour
(23, -20, D:14)
  a cursed -3 hand axe
(25, -21, D:14)
  a +0 dagger
  a +0 robe
(26, -21, D:14)
  a +0 hand axe
  3 boomerangs
(29, -31, D:14)
  a +0 robe
(32, -21, D:14)
  a +0 hand axe
  4 boomerangs
  a +0 great sword
  a +2 leather armour of fire resistance
(32, -20, D:14)
  a +0 hand axe
  a +0 shortbow
  a +0 shortbow
  a +0 shortbow
  55 arrows
(33, -21, D:14)
  a +0 shortbow
  a +0 shortbow
  34 arrows
  a +0 hand axe
(33, -20, D:14)
  an arrow
(33, -5, D:14)
  a +0 hand axe
  4 boomerangs
(34, -19, D:14)
  4 arrows
(34, -6, D:14)
  a +0 hand axe
  4 boomerangs
(34, 5, D:14)
  a book of Enchantments
(35, -8, D:14)
  a +0 hand axe
(36, -21, D:14)
  an arrow
(36, -20, D:14)
  an arrow
(36, -9, D:14)
  a +0 hand axe
(39, -20, D:14)
  an arrow
(39, -14, D:14)
  a +0 hand axe
(40, -8, D:14)
  a +0 plate armour
(41, -25, D:14)
  15 stones
(41, -23, D:14)
  a scroll of amnesia
(41, -5, D:14)
  a large rock
(43, -23, D:14)
  a +0 broad axe
  a +0 chain mail
(44, -5, D:14)
  a large rock
(48, 0, D:14)
  a +0 hand axe
(50, -4, D:14)
  a +0 leather armour
  13 arrows
  a +0 dagger
  a +0 longbow
(51, -4, D:14)
  an arrow
(53, -5, D:14)
  3 arrows
(54, -5, D:14)
  an arrow
(57, -5, D:14)
  a large rock
(57, -4, D:14)
  a large rock
(58, -9, D:14)
  a +2 vampiric lajatang

Level 15 of the Dungeon
(0, 0, D:15)
  19 stones
(6, -21, D:15)
  a +0 hand axe
(12, -22, D:15)
  a +0 club
(13, -33, D:15)
  a +0 club
(15, -27, D:15)
  a +0 flail
  a +0 plate armour
(18, -8, D:15)
  a cursed +0 rapier
(21, -16, D:15)
  a +0 club
(24, 2, D:15)
  a large rock
(26, -14, D:15)
  a +0 flail
(27, -12, D:15)
  a +0 giant club
  a +0 glaive
  a +0 plate armour
(27, 0, D:15)
  a +0 arbalest
  a bolt
  a large rock
(28, -27, D:15)
  2 large rocks
(28, 0, D:15)
  a +0 rapier
  a +0 chain mail
  a +0 giant club
  a +0 giant club
  a +0 great sword
  a +0 plate armour
  a +0 long sword
  a +0 robe
  a potion of degeneration
  a +0 giant spiked club
  a +0 giant club
  a +0 giant club
  a +0 giant spiked club
(29, 0, D:15)
  a bolt
  2 large rocks
(30, -5, D:15)
  an arrow
(30, -2, D:15)
  a bolt
  a +0 giant club
  a +0 giant spiked club
(30, -1, D:15)
  a bolt
(31, -2, D:15)
  a +0 leather armour
  19 arrows
  a +0 short sword
  a +0 longbow
(32, -27, D:15)
  a large rock
(32, -14, D:15)
  a +0 whip
  a +0 chain mail
(32, -13, D:15)
  a +0 whip
  a +0 scale mail
(32, -5, D:15)
  a bolt
(32, -2, D:15)
  a bolt
(33, -13, D:15)
  a +1 great sword
  a +0 ring mail
(33, -12, D:15)
  a +0 antimagic war axe
  a cursed +0 plate armour
(33, -11, D:15)
  a cursed +0 short sword
(34, -2, D:15)
  a bolt
(35, -29, D:15)
  a large rock
(39, -34, D:15)
  7 boomerangs
(44, -37, D:15)
  24 stones

Level 1 of the Orcish Mines
(0, 0, Orc:1)
  a +0 robe
  a +0 dagger
(1, -1, Orc:1)
  a +0 chain mail
  a +0 mace
(2, 0, Orc:1)
  a +0 dagger
(4, 6, Orc:1)
  a +0 leather armour
  a +0 flail
(4, 10, Orc:1)
  a +2 pair of boots of stealth
  an uncursed ring of stealth
  7 boomerangs of dispersal
(5, 0, Orc:1)
  a +0 leather armour
  a +0 short sword
(5, 1, Orc:1)
  a +0 plate armour
  a +0 dagger
  a +0 scale mail
  a +0 whip
  a +2 dagger of protection
  a +0 robe
  a +0 dagger
  a +0 robe
  a +0 dire flail
  7 boomerangs
  a +0 giant spiked club
(5, 3, Orc:1)
  a +0 robe
  a +0 dagger
  a +0 leather armour
  a +0 ring mail
  a +0 club
(5, 4, Orc:1)
  a +2 robe of magic resistance
  a +0 dagger
  a +0 hand axe
(5, 5, Orc:1)
  a +0 chain mail
  5 boomerangs
  a +0 battleaxe
  a +0 great sword of flaming
  a +0 chain mail
(5, 6, Orc:1)
  a +0 robe
  a +0 hand axe
  a +0 dagger
  a +0 chain mail
(6, -1, Orc:1)
  a +0 troll leather armour
(6, 1, Orc:1)
  a +0 leather armour
  a +0 hand axe
  a +0 flail
  a cursed +0 leather armour
  a +0 hand axe
  a +0 leather armour
  a +0 dagger of freezing
  a +0 robe
(6, 2, Orc:1)
  a +0 robe
  a +0 scale mail
  a +0 dagger
  a +2 hand axe of flaming
  a +0 dagger
  a +0 robe
  a +0 war axe
  a +0 chain mail
  a +1 flail of protection
  a +0 plate armour
  a +0 flail
(6, 4, Orc:1)
  a +0 short sword
  a +0 mace
  a +0 ring mail
  a +0 dagger
  a +0 robe
(6, 5, Orc:1)
  a +0 giant spiked club
  a +0 giant club
(6, 6, Orc:1)
  a +0 plate armour
  a +0 short sword
  4 boomerangs
  a +0 chain mail
  a +0 hand axe
  a +0 short sword
(10, 12, Orc:1)
  a bolt
(11, 6, Orc:1)
  a +0 short sword
  a +0 ring mail
  a +0 flail
(11, 7, Orc:1)
  a +0 scimitar
  a +0 flail
  a +0 plate armour
(12, 5, Orc:1)
  a +0 short sword
(12, 7, Orc:1)
  a +0 dire flail
  a +0 chain mail
  a +1 great sword
  a cursed +0 chain mail
(13, 7, Orc:1)
  a +0 mace
  a +0 chain mail
  a +1 battleaxe of chopping
  a +0 chain mail
  a cursed -3 arbalest
  a +0 dire flail
  16 bolts
  a +0 chain mail
(13, 9, Orc:1)
  a bolt
(14, 7, Orc:1)
  a cursed -2 club
(14, 8, Orc:1)
  a +3 battleaxe
  a +2 chain mail
  a cursed -1 falchion
  a +0 leather armour
(14, 9, Orc:1)
  a +4 executioner's axe of venom
  a +0 scimitar
  a +0 plate armour
(16, 2, Orc:1)
  a +0 club
(18, -44, Orc:1)
  a +0 robe
  a +0 dagger
  a +0 flail
(18, -43, Orc:1)
  a +0 battleaxe
  a +0 trident
  a +0 chain mail
(19, -43, Orc:1)
  a +0 chain mail
  a +0 robe
  a +0 dagger
  a +0 robe
  a cursed -3 hand axe
  a +0 dagger
(19, -42, Orc:1)
  a cursed -2 robe
  a +0 dagger
(20, -45, Orc:1)
  a +0 chain mail
  a +0 long sword
(20, -44, Orc:1)
  a +0 club
  a +0 short sword
  a +0 mace
(20, -43, Orc:1)
  a +0 club
(20, -42, Orc:1)
  a +0 mace
(21, -44, Orc:1)
  a +0 short sword
(21, -41, Orc:1)
  a cursed -3 flail
(22, -42, Orc:1)
  a +0 chain mail
  a +0 halberd

Level 2 of the Orcish Mines
[Shop] Fiwit's Antique Armour Shop
  a cursed +0 buckler (52 gold)
  a +2 scale mail of magic resistance (735 gold)
  a +0 chain mail (157 gold)
  a +2 leather armour of fire resistance (665 gold)
  a +0 ring mail (140 gold)
  a +0 robe (24 gold)
  a +0 chain mail (157 gold)
  a cursed +0 robe (3 gold)
  a +4 scale mail of cold resistance (1085 gold)
[Shop] Jennotor's Magic Scroll Emporium
  a scroll of remove curse (48 gold)
  a scroll of amnesia (56 gold)
  a scroll of random uselessness (16 gold)
  a scroll of remove curse (48 gold)
  a scroll of remove curse (48 gold)
  a scroll of amnesia (56 gold)
  a scroll of amnesia (56 gold)
[Shop] Cinim's Magic Scroll Boutique
  a scroll of remove curse (48 gold)
  a scroll of amnesia (56 gold)
  a scroll of magic mapping (56 gold)
  a scroll of magic mapping (56 gold)
  a scroll of amnesia (56 gold)
  a scroll of amnesia (56 gold)
  a scroll of fear (56 gold)
[Shop] Axkoyps's Antique Weapon Emporium
  a +0 arbalest (162 gold)
  a +0 shortbow of flaming (266 gold)
  a +3 short sword of holy wrath (806 gold)
  the +11 lajatang of Atucluki {drain, rPois rN+ Int+2} (3639 gold)
    A truly terrible weapon, it drains the life of those it strikes.
    
    It affects your intelligence (+2).
    It protects you from poison.
    It protects you from negative energy.
  a +3 longbow (774 gold)
  a +0 dagger (72 gold)
  a +0 trident (126 gold)
  a +0 hunting sling (54 gold)
  a +0 great sword (234 gold)
  a +2 flail of draining (658 gold)
  a +0 short sword (108 gold)
(0, 0, Orc:2)
  a +0 giant club
  a +0 giant spiked club
  a +0 giant club
  a +0 giant spiked club
  a +0 giant club
  a +0 giant club
  a +0 giant club
  a +0 halberd
  a +0 robe
(0, 1, Orc:2)
  a +0 giant club
  a +0 giant club
  a +0 giant club
  a +0 giant club
  a +0 robe
  a +0 club
  a +0 giant spiked club
  a +0 giant club
  a +0 giant spiked club
  a +0 giant spiked club
(0, 2, Orc:2)
  a +0 giant club
  a +0 giant club
  a +0 giant spiked club
  a cursed -1 giant spiked club
  a cursed +0 giant club
  a +0 giant club
(1, 0, Orc:2)
  a +0 giant spiked club
  a +0 giant spiked club
  a +0 giant club
  a +0 giant club
(1, 1, Orc:2)
  a +0 giant club
  a +0 dire flail
  a +0 giant club
  a +0 giant club
  a +0 giant club
  a cursed +0 giant club
(1, 2, Orc:2)
  a +0 giant club
  a +0 giant spiked club
  a +0 giant club
  a +0 robe
  a +1 halberd of venom
  a +0 giant club
  a +0 giant club
  a +0 giant club
(2, 0, Orc:2)
  a +0 robe
  a +0 flail
  a +0 giant club
  a +0 giant club
  a cursed -1 giant club
  a cursed -1 dire flail
  a +0 giant club
(2, 1, Orc:2)
  a +0 giant spiked club
  a +0 giant club
  a +0 giant club
  a +0 giant spiked club
  a +0 dire flail
  a +0 giant club
(2, 2, Orc:2)
  a +0 giant club
(11, -10, Orc:2)
  a +0 plate armour
  a +1 battleaxe of draining
(12, -1, Orc:2)
  a +0 plate armour
  a +1 dire flail
(13, -1, Orc:2)
  a +0 scale mail
  a +0 whip
  a +0 flail
  a +0 whip
  a +0 chain mail
  a +0 battleaxe
(13, 1, Orc:2)
  a +0 mace
  a +0 hand axe
  a cursed -2 leather armour
  a +0 plate armour
  a cursed -3 battleaxe
  a +0 robe
  a +0 dagger
(14, -1, Orc:2)
  a +0 robe
  a +0 dagger
  a +0 leather armour
  a +0 club
(14, 0, Orc:2)
  a +0 flail
  a +0 robe
  a +0 dagger
  a +0 flail
(14, 1, Orc:2)
  a +0 troll leather armour
  a +0 hand axe
  a +0 whip
  a +0 flail
(15, 0, Orc:2)
  a +0 dagger
(15, 21, Orc:2)
  a +0 trident
(16, 21, Orc:2)
  a +0 long sword of holy wrath
  a +2 plate armour of poison resistance
  a +0 flail
  a +0 leather armour
  a cursed -2 giant club
(17, 13, Orc:2)
  a +0 robe
  a +0 dagger
(19, 11, Orc:2)
  a +0 hand axe
  a +0 trident
(19, 12, Orc:2)
  a +0 short sword
  a +0 plate armour
(20, 6, Orc:2)
  a +0 club
(20, 11, Orc:2)
  a +0 dagger of venom
  a +0 robe
(21, 4, Orc:2)
  a +0 dagger
(21, 6, Orc:2)
  a cursed +0 trident

Level 1 of the Lair of Beasts
(0, 0, Lair:1)
  24 stones
(0, 3, Lair:1)
  25 stones
(2, -26, Lair:1)
  a +0 robe
(2, -16, Lair:1)
  a +0 robe
(3, -45, Lair:1)
  a +1 robe of cold resistance
  an uncursed staff of cold
(12, -21, Lair:1)
  17 stones
(25, -22, Lair:1)
  20 stones
(46, -45, Lair:1)
  a +0 flail

Level 2 of the Lair of Beasts
(0, 0, Lair:2)
  24 stones
(2, -1, Lair:2)
  a +0 leather armour
(10, 30, Lair:2)
  a +0 falchion
(11, 11, Lair:2)
  19 stones
(12, 4, Lair:2)
  a +0 leather armour
(12, 20, Lair:2)
  a scroll of random uselessness
(18, 45, Lair:2)
  20 stones
(19, 23, Lair:2)
  23 bolts
(31, 7, Lair:2)
  24 stones
(39, -6, Lair:2)
  a +0 hunting sling
(41, 4, Lair:2)
  21 arrows
(62, 1, Lair:2)
  21 stones

Level 3 of the Lair of Beasts
(5, 12, Lair:3)
  a +0 shortbow
(13, 9, Lair:3)
  17 sling bullets
(16, -13, Lair:3)
  a +0 mace
(34, -7, Lair:3)
  14 stones

Level 4 of the Lair of Beasts
(4, -13, Lair:4)
  a +0 falchion
(14, -41, Lair:4)
  a +0 short sword
(19, 1, Lair:4)
  a +0 scale mail
(28, -3, Lair:4)
  a +0 robe
(33, -2, Lair:4)
  a +0 helmet
(38, 5, Lair:4)
  a +0 arbalest of flaming
(43, -1, Lair:4)
  a +0 dagger

Level 5 of the Lair of Beasts
(0, 0, Lair:5)
  14 arrows
(16, -15, Lair:5)
  the cursed +0 shortbow of Debt {velocity, -Tele rElec rPois rF+}
    Any arrow fired from it inflicts extra damage.
    
    It protects you from fire.
    It insulates you from electricity.
    It protects you from poison.
    It prevents most forms of teleportation.
    It has a curse placed upon it.
  a +4 antimagic war axe
  a +0 chain mail of poison resistance
  9 javelins
  a throwing net
  the +6 longbow "Yvanecoa" {speed, rF+ Dex+2 Stlth+}
    Attacks with this weapon are significantly faster.
    
    It affects your dexterity (+2).
    It protects you from fire.
    It makes you more stealthy.
  the +1 robe of Qazlal's Displeasure {rC- Str+6 Stlth+}
    It affects your strength (+6).
    It makes you vulnerable to cold.
    It makes you more stealthy.
  a +1 hand axe of venom
  a potion of degeneration
(17, -16, Lair:5)
  a scroll of vulnerability
(27, -28, Lair:5)
  a +0 morningstar
(38, -41, Lair:5)
  a +0 long sword
(38, -38, Lair:5)
  23 arrows
(41, -19, Lair:5)
  a scroll of vulnerability
(47, -11, Lair:5)
  15 sling bullets
(48, -47, Lair:5)
  21 gold pieces
(49, -47, Lair:5)
  a +0 cloak
(50, -47, Lair:5)
  18 gold pieces
(54, -29, Lair:5)
  a +0 morningstar
(58, -39, Lair:5)
  17 stones
(73, -1, Lair:5)
  a +0 leather armour

Level 6 of the Lair of Beasts
(0, 0, Lair:6)
  a scroll of noise
(13, 31, Lair:6)
  a cursed -3 dagger
(22, 12, Lair:6)
  16 stones
(27, -18, Lair:6)
  a +0 battleaxe
(29, -17, Lair:6)
  17 sling bullets
(29, 36, Lair:6)
  a +0 ring mail
(32, -19, Lair:6)
  a +0 flail
(32, -18, Lair:6)
  a +0 broad axe
(37, -17, Lair:6)
  a scroll of enchant weapon
(46, 22, Lair:6)
  20 stones
(51, -15, Lair:6)
  a cursed -2 short sword
(52, -11, Lair:6)
  11 arrows
(55, 7, Lair:6)
  a +0 falchion
(55, 21, Lair:6)
  a +0 flail
(57, -22, Lair:6)
  a +2 scimitar of draining
(60, 0, Lair:6)
  a +0 scale mail
(64, 4, Lair:6)
  a +0 chain mail

Level 1 of the Shoals
(0, 0, Shoals:1)
  a cursed +0 leather armour
(0, 15, Shoals:1)
  a +0 trident
(1, 11, Shoals:1)
  a +0 pair of gloves
  a +0 cloak
  a +2 rapier of electrocution
(6, 5, Shoals:1)
  a +0 spear
(7, 10, Shoals:1)
  a +0 scimitar
(13, 7, Shoals:1)
  a scroll of random uselessness
(21, 0, Shoals:1)
  8 boomerangs
(48, 11, Shoals:1)
  a stone
(49, 11, Shoals:1)
  3 stones
(50, -2, Shoals:1)
  2 potions of degeneration
(50, 13, Shoals:1)
  3 stones
(51, 1, Shoals:1)
  a +0 spear
  a +0 leather armour
(53, 15, Shoals:1)
  a +0 spear
  a +0 hunting sling
  5 stones

Level 2 of the Shoals
(0, 0, Shoals:2)
  a +1 trident of venom
(3, 1, Shoals:2)
  a +0 trident
(5, -2, Shoals:2)
  a throwing net
(12, 8, Shoals:2)
  4 stones
(12, 15, Shoals:2)
  a +0 hunting sling
  a +0 spear
  22 stones
(13, 8, Shoals:2)
  a stone
(24, -17, Shoals:2)
  a +0 leather armour
(25, 17, Shoals:2)
  a +0 spear
(27, 14, Shoals:2)
  7 boomerangs
(27, 28, Shoals:2)
  a +0 club
  a +0 hunting sling
  24 sling bullets
(28, 27, Shoals:2)
  a +1 hunting sling of flaming
  a +0 quarterstaff
  24 stones
(28, 28, Shoals:2)
  a +0 hunting sling
  a +0 club
  12 sling bullets
(28, 29, Shoals:2)
  a +0 great mace
(29, 24, Shoals:2)
  a sling bullet
(30, 15, Shoals:2)
  6 javelins
(30, 27, Shoals:2)
  a +0 trident of protection
(36, 6, Shoals:2)
  21 stones
(36, 25, Shoals:2)
  18 stones
(37, -11, Shoals:2)
  a +0 battleaxe
(40, -15, Shoals:2)
  a +0 trident
(42, -13, Shoals:2)
  a +0 hunting sling
  a +0 club
  a stone
(42, 23, Shoals:2)
  a cursed -1 short sword
(45, -11, Shoals:2)
  4 stones
(45, -10, Shoals:2)
  a stone
(45, 30, Shoals:2)
  a +0 trident
(47, -11, Shoals:2)
  a stone
(47, -9, Shoals:2)
  a stone
(48, -15, Shoals:2)
  a stone
(52, -13, Shoals:2)
  a stone
(52, -12, Shoals:2)
  13 stones
  a +0 hunting sling
  a +0 club
(53, -12, Shoals:2)
  a +0 spear
  a +1 hunting sling of velocity
  13 stones
  a +0 club
  a +0 hunting sling
  a cursed -2 club
  a +0 hunting sling
  28 sling bullets
(53, -8, Shoals:2)
  a +0 leather armour
  a +0 trident
(55, -16, Shoals:2)
  a +0 hunting sling
(56, 16, Shoals:2)
  a +0 trident

Level 3 of the Shoals
(0, 0, Shoals:3)
  a potion of degeneration
(2, -25, Shoals:3)
  a +0 hunting sling
  a +0 spear
  19 stones
(2, 1, Shoals:3)
  a cursed +0 chain mail
(3, -1, Shoals:3)
  17 stones
(4, -21, Shoals:3)
  a +0 hunting sling
  a +0 club
  19 sling bullets
(5, -22, Shoals:3)
  a +0 club
  a +0 longbow
  a cursed -3 trident
(5, -21, Shoals:3)
  a +0 spear
  a +0 hunting sling
  2 stones
  a +0 trident
  8 boomerangs
(6, -21, Shoals:3)
  2 stones
  a sling bullet
(6, -20, Shoals:3)
  an arrow
(7, -21, Shoals:3)
  a stone
  2 arrows
  2 sling bullets
(7, -20, Shoals:3)
  a stone
(7, -18, Shoals:3)
  2 arrows
(8, -20, Shoals:3)
  a stone
  a sling bullet
  2 arrows
(8, -19, Shoals:3)
  a stone
(8, 20, Shoals:3)
  a +0 hunting sling
(9, -20, Shoals:3)
  3 stones
(14, -13, Shoals:3)
  17 sling bullets
  a +0 spear
  a +0 fustibalus
(14, -10, Shoals:3)
  a +0 trident
(14, -7, Shoals:3)
  a sling bullet
(15, -11, Shoals:3)
  a sling bullet
(15, -10, Shoals:3)
  9 sling bullets
  a +0 club
  a +0 hunting sling
(15, -9, Shoals:3)
  a +0 robe
  a +2 rapier of protection
(16, -11, Shoals:3)
  11 stones
  a +0 hunting sling
  a +0 club
(16, -10, Shoals:3)
  2 stones
  a +0 quarterstaff
  a +0 hunting sling
  11 sling bullets
(16, -8, Shoals:3)
  a sling bullet
  a stone
(17, -10, Shoals:3)
  a +0 spear
(18, 0, Shoals:3)
  an arrow
(18, 1, Shoals:3)
  an arrow
(20, -5, Shoals:3)
  a sling bullet
(20, -1, Shoals:3)
  an arrow
(20, 1, Shoals:3)
  5 boomerangs
  a cursed -2 trident
(22, -7, Shoals:3)
  2 sling bullets
(22, -4, Shoals:3)
  2 sling bullets
(22, -3, Shoals:3)
  8 boomerangs
  a +1 spear of venom
  a +0 longbow
  a +0 spear
  10 arrows
(22, -2, Shoals:3)
  a +0 leather armour
  a +0 trident
(23, -3, Shoals:3)
  a +0 glaive
(23, 11, Shoals:3)
  a stone
(23, 12, Shoals:3)
  a stone
(24, 12, Shoals:3)
  a stone
(24, 13, Shoals:3)
  3 stones
(26, 11, Shoals:3)
  a sling bullet
  2 stones
(26, 13, Shoals:3)
  a sling bullet
  3 stones
(27, 9, Shoals:3)
  a sling bullet
(27, 10, Shoals:3)
  a sling bullet
(27, 12, Shoals:3)
  a sling bullet
(28, 8, Shoals:3)
  3 stones
(28, 9, Shoals:3)
  3 stones
  3 sling bullets
(28, 10, Shoals:3)
  a stone
(28, 11, Shoals:3)
  a stone
(29, 9, Shoals:3)
  7 stones
  3 sling bullets
(31, 19, Shoals:3)
  a stone
(31, 20, Shoals:3)
  a stone
(32, 13, Shoals:3)
  a stone
(32, 15, Shoals:3)
  a stone
(32, 16, Shoals:3)
  an arrow
(32, 17, Shoals:3)
  2 arrows
  3 stones
(33, 8, Shoals:3)
  a stone
(33, 11, Shoals:3)
  6 poisoned darts (still there?)
  a +0 hunting sling (still there?)
(33, 14, Shoals:3)
  a stone
(33, 17, Shoals:3)
  a stone
(34, -13, Shoals:3)
  9 sling bullets
  a +0 hunting sling
  a +0 quarterstaff
(34, -12, Shoals:3)
  a stone
  7 arrows
(34, -11, Shoals:3)
  a sling bullet
  the +4 shortbow of Plunder {venom, rN+++ MR- Dex+4 Stlth-}
    It poisons the ammo it fires.
    
    It affects your dexterity (+4).
    It renders you almost immune to negative energy.
    It affects your resistance to hostile enchantments.
    It makes you less stealthy.
  20 stones
  a +0 spear
  a +2 hunting sling of flaming
(34, -10, Shoals:3)
  an arrow
  a +1 antimagic hand axe
  a stone
(34, -6, Shoals:3)
  a sling bullet
(34, 4, Shoals:3)
  a stone
  a +0 club
  a +0 longbow
(34, 16, Shoals:3)
  an arrow
  a +0 hunting sling
  a +0 quarterstaff
  a stone
(35, -13, Shoals:3)
  6 arrows
(35, -11, Shoals:3)
  3 stones
  an arrow
  11 sling bullets
  a +0 quarterstaff
  a +0 hunting sling
(35, 3, Shoals:3)
  8 stones
(35, 6, Shoals:3)
  a stone
(35, 8, Shoals:3)
  a stone
(35, 18, Shoals:3)
  2 stones
(36, 2, Shoals:3)
  6 stones
  a +0 hunting sling
  a +0 spear
(36, 18, Shoals:3)
  a +0 hunting sling
  a +0 vampiric spear
(36, 19, Shoals:3)
  6 stones
(36, 20, Shoals:3)
  a +0 longbow
  a +0 spear
  4 arrows
  a stone
(38, 19, Shoals:3)
  a +0 quarterstaff
  a +0 hunting sling
  9 stones
(38, 20, Shoals:3)
  a +0 hunting sling
  a +0 spear
  14 stones
(40, -11, Shoals:3)
  an arrow
(40, 10, Shoals:3)
  a +0 spear of freezing
  a +0 hunting sling
(42, 16, Shoals:3)
  a throwing net
(42, 17, Shoals:3)
  a cursed -3 quarterstaff
  a +0 hunting sling
  20 stones
(45, 17, Shoals:3)
  a +0 quarterstaff
(45, 19, Shoals:3)
  a +0 scale mail
(46, 17, Shoals:3)
  a cursed -3 trident
(49, -13, Shoals:3)
  a +0 rapier
(50, -11, Shoals:3)
  a +0 long sword
(50, 20, Shoals:3)
  13 stones

Level 4 of the Shoals
(0, 0, Shoals:4)
  28 arrows
(0, 8, Shoals:4)
  a +0 robe
  a +3 demon trident of freezing
(0, 10, Shoals:4)
  a +0 robe
  a +1 trident of freezing
  a +0 robe
  a +4 trident of freezing
(0, 11, Shoals:4)
  a +0 robe
  a +3 trident of freezing
  a +0 robe
  a +0 rapier of draining
  a +0 leather armour
  a +0 spear
(0, 12, Shoals:4)
  a +0 trident
(1, 38, Shoals:4)
  a +0 fustibalus
  a +0 club
  14 sling bullets
(1, 39, Shoals:4)
  3 sling bullets
  a +0 trident of freezing
  a +0 robe
(4, 36, Shoals:4)
  an uncursed staff of fire
(6, 10, Shoals:4)
  a +2 leather armour of fire resistance
  a +4 demon trident of freezing
(8, 11, Shoals:4)
  a +0 trident
(9, 10, Shoals:4)
  a +0 halberd
(10, 35, Shoals:4)
  a +0 robe
(13, 28, Shoals:4)
  a +0 short sword
(15, 9, Shoals:4)
  a +0 trident
(15, 12, Shoals:4)
  8 large rocks
(15, 14, Shoals:4)
  a cursed +0 trident
(15, 15, Shoals:4)
  a throwing net
(17, 16, Shoals:4)
  a large rock
(18, 9, Shoals:4)
  a +0 scale mail
(18, 15, Shoals:4)
  a large rock
(20, 12, Shoals:4)
  27 arrows
(21, 10, Shoals:4)
  a +2 rapier of venom
(22, 35, Shoals:4)
  a fan of gales (inert)
  a fan of gales (inert)
  a crystal ball of energy
  4 potions of invisibility
  3 potions of lignification
  an uncursed ring of fire
  an uncursed ring of protection from cold
  a wand of acid (9)
  a wand of scattershot (2)
  3 potions of brilliance
  a wand of flame (80)
  3 scrolls of fog
  2 potions of agility
  a wand of polymorph (10)
(23, 32, Shoals:4)
  2 large rocks
  a +0 spear
  a +0 leather armour
(24, 12, Shoals:4)
  a +0 trident
(25, 14, Shoals:4)
  a +2 flail of crushing
  a +0 robe
(26, -3, Shoals:4)
  a +0 spear
(27, 28, Shoals:4)
  the +8 quarterstaff "Kolopt" {protect, *Contam +Fly rF+}
    It grants its wielder temporary protection when it strikes (+7 to AC).
    
    It protects you from fire.
    It lets you fly.
    It causes magical contamination when unequipped.
(28, -1, Shoals:4)
  a +0 robe
  a +3 rapier of draining
(28, 0, Shoals:4)
  a +2 war axe of flaming
(28, 16, Shoals:4)
  a +0 short sword
(30, 1, Shoals:4)
  the +1 ring mail "Dihu" {Str+5}
    It affects your strength (+5).
  a +0 shield
  the +4 ring mail of the Apprentice {-Tele Str+3}
    It affects your strength (+3).
    It prevents most forms of teleportation.
  a wand of random effects (21)
(31, 2, Shoals:4)
  a +0 lajatang
(32, 7, Shoals:4)
  a +0 spear
(35, 33, Shoals:4)
  an arrow
(36, 13, Shoals:4)
  a +0 club
(37, 28, Shoals:4)
  a +0 robe
(38, 31, Shoals:4)
  a +0 trident
(40, -5, Shoals:4)
  an arrow
(40, -4, Shoals:4)
  an arrow
(40, 21, Shoals:4)
  an arrow
(41, -3, Shoals:4)
  4 arrows
(41, 27, Shoals:4)
  an arrow
(42, -1, Shoals:4)
  a +0 robe
  a +0 rapier
(42, 26, Shoals:4)
  14 arrows
  a +3 spear
  a +0 longbow
(45, 2, Shoals:4)
  13 arrows
  a +0 shortbow
(45, 21, Shoals:4)
  a +0 trident
(46, 21, Shoals:4)
  a scroll of random uselessness
(46, 30, Shoals:4)
  a +0 rapier of draining

Level 1 of the Spider Nest
(4, -18, Spider:1)
  a +2 antimagic quarterstaff
(6, -18, Spider:1)
  the Guide on Damaging Moulding
    Spells                           Type                      Level      
    Known
     a - Beastly Appendage            Transmutation                 1         
    no
     b - Dazzling Spray               Conjuration/Hexes             3         
    no
     c - Venom Bolt                   Conjuration/Poison            5         
    no
     d - Lightning Bolt               Conjuration/Air               5         
    no
     e - Bolt of Fire                 Conjuration/Fire              6         
    no
    
    
    Trog disapproves of the use of such an item.
(9, -25, Spider:1)
  20 sling bullets
(10, -7, Spider:1)
  a scroll of vulnerability
(23, -19, Spider:1)
  a jumping spider corpse
(24, -17, Spider:1)
  a demonic crawler corpse (still there?)
  a wolf spider corpse (still there?)

