Arcades

Level 1 of the Dungeon
(0, 0, D:1)
  a +0 dagger
(1, -24, D:1)
  a +0 club
  a +0 club
(10, -16, D:1)
  23 stones
(13, -16, D:1)
  18 stones
(13, -12, D:1)
  13 stones
(15, -10, D:1)
  a +0 hand axe
(22, -26, D:1)
  18 stones
(32, -31, D:1)
  23 arrows
(37, 6, D:1)
  a +0 dagger

Level 2 of the Dungeon
(0, 0, D:2)
  a +0 club
(13, -10, D:2)
  a +0 club
(18, 27, D:2)
  a stone
(20, 3, D:2)
  30 stones
(20, 6, D:2)
  a stone
(24, 14, D:2)
  a cursed -3 club
(25, 27, D:2)
  a +0 short sword
  3 stones
(28, 23, D:2)
  22 stones
(45, -7, D:2)
  a +0 hand axe

Level 3 of the Dungeon
(0, 0, D:3)
  a +0 animal skin
  a +2 spear of freezing
(11, 8, D:3)
  24 arrows
(11, 14, D:3)
  a +0 dagger
(16, 18, D:3)
  a +0 hand axe
(16, 19, D:3)
  a +0 leather armour
(17, 19, D:3)
  a +0 halberd
(18, 15, D:3)
  a +0 leather armour
(20, 8, D:3)
  a +0 dagger
(20, 20, D:3)
  a +0 spear
(21, 20, D:3)
  a +0 club
  a +0 leather armour
  a cursed -3 flail
(22, 20, D:3)
  a +1 short sword of freezing
(27, 23, D:3)
  a +0 hand axe
(41, 10, D:3)
  3 stones
(41, 11, D:3)
  a stone
(46, 10, D:3)
  a +0 club
  30 stones

Level 4 of the Dungeon
(0, 0, D:4)
  a +1 dagger of draining
(8, -20, D:4)
  13 stones
(12, 6, D:4)
  15 sling bullets
(13, 14, D:4)
  a +0 spear
(17, 13, D:4)
  a +0 cloak
(28, 19, D:4)
  a +0 giant club
(29, 18, D:4)
  a +0 giant spiked club
(42, 11, D:4)
  an uncursed ring of fire
(44, 17, D:4)
  a +0 short sword
(47, 2, D:4)
  a +0 leather armour
(51, 31, D:4)
  a +0 flail
  a +0 ring mail

Level 5 of the Dungeon
(0, 0, D:5)
  a book of Changes
(3, -8, D:5)
  a +0 giant club
(8, 5, D:5)
  22 arrows
(10, -32, D:5)
  a +0 leather armour
(10, -13, D:5)
  a cursed +0 leather armour
(10, 6, D:5)
  18 stones
(19, -21, D:5)
  3 stones
(19, -19, D:5)
  a stone
(20, -21, D:5)
  a stone
(20, -19, D:5)
  a +0 trident
(21, -21, D:5)
  a stone
(21, -20, D:5)
  6 stones
  a +0 dagger
  a +4 morningstar of holy wrath
(22, -19, D:5)
  a +1 flail of holy wrath
  a +0 chain mail
(24, -26, D:5)
  a stone
(24, -8, D:5)
  a +0 hand axe
(25, -26, D:5)
  2 stones
(25, -17, D:5)
  3 stones
(26, -8, D:5)
  a +0 leather armour
(33, -24, D:5)
  a book of Burglary
(36, 3, D:5)
  a +4 scale mail of fire resistance
(39, -12, D:5)
  a +0 hand axe
  a +0 ring mail
(42, -5, D:5)
  a +0 shortbow
  14 arrows
(49, -30, D:5)
  14 stones
(59, -11, D:5)
  a +0 dagger
  a +0 robe
(60, -13, D:5)
  a +0 club
(64, -10, D:5)
  a +0 leather armour

Level 6 of the Dungeon
(0, 0, D:6)
  20 stones
(2, -29, D:6)
  a +0 ring mail
(2, -14, D:6)
  a +0 whip
  a +0 dagger
  a +0 robe
(2, -13, D:6)
  a +8 club
  a +0 chain mail
(3, -14, D:6)
  a +0 club
(3, -12, D:6)
  a +0 dagger
  a +0 ring mail
(11, -5, D:6)
  a +0 club
(11, -4, D:6)
  an arrow
(12, -4, D:6)
  a +0 shortbow
  20 arrows
(12, -3, D:6)
  a +0 short sword
  a +0 chain mail
(13, -5, D:6)
  a +0 halberd
  a +0 chain mail
(15, -20, D:6)
  a +0 ring mail
(19, 12, D:6)
  an uncursed staff of conjuration
(33, -14, D:6)
  16 stones
(36, -35, D:6)
  a +0 flail
(39, -11, D:6)
  a cursed +0 robe
(42, -42, D:6)
  a +0 hand axe
  a +0 chain mail
(43, -42, D:6)
  a cursed -2 mace
  a +0 ring mail
(45, -22, D:6)
  25 stones
(46, -44, D:6)
  a +0 leather armour
(49, -36, D:6)
  a +0 club
(50, -16, D:6)
  a throwing net

Level 7 of the Dungeon
(0, 0, D:7)
  a +0 hunting sling
(18, 7, D:7)
  a +0 hand axe
(19, 18, D:7)
  a +0 ring mail
(20, 8, D:7)
  14 arrows
(21, 19, D:7)
  a cursed -3 quarterstaff
  a +3 hunting sling of flaming
  24 sling bullets
  a +0 ring mail
(29, -11, D:7)
  a +0 ring mail
(29, 13, D:7)
  a potion of degeneration
  a scroll of random uselessness
  a scroll of noise
(30, 19, D:7)
  a +0 mace
  a +0 leather armour
(31, 15, D:7)
  a +0 ring mail
  a +1 flail of protection
  a +0 leather armour
(31, 16, D:7)
  a +0 war axe
(31, 18, D:7)
  a +0 club
(32, -10, D:7)
  an arrow
(33, -11, D:7)
  a +0 club
  a +0 leather armour
(34, -12, D:7)
  a +0 dagger
  a +0 robe
  2 curare-tipped darts
(34, -11, D:7)
  a +0 shortbow
  13 arrows
(34, -7, D:7)
  a +0 club
  a +0 leather armour
(35, -11, D:7)
  a +0 robe
(36, -11, D:7)
  a cursed +0 naga barding
(37, -17, D:7)
  a throwing net
(37, -12, D:7)
  29 sling bullets
(38, -24, D:7)
  a +0 ring mail
(38, -17, D:7)
  a throwing net
(39, -17, D:7)
  a cursed +0 club
(40, -21, D:7)
  a +0 club
  a +0 club
  a +0 halberd
  a +2 great sword
  a +0 robe
(40, -17, D:7)
  a +0 trident
  a +0 chain mail
(41, -28, D:7)
  a cursed +0 battleaxe
  a +0 robe of fire resistance
(41, -26, D:7)
  a +0 spear
  a cursed +0 robe
(41, -25, D:7)
  a cursed +5 flail of freezing
  a +0 robe
(41, -23, D:7)
  a cursed -1 flail
(41, -22, D:7)
  a +4 dagger
  a +0 robe
(41, -20, D:7)
  a +0 mace
  a +0 chain mail
  a +0 flail
  a +0 ring mail
(44, -30, D:7)
  a +1 vampiric hand axe
  a +0 dagger
  a +0 robe

Level 8 of the Dungeon
(0, 0, D:8)
  22 stones
(15, 14, D:8)
  8 javelins
(15, 26, D:8)
  15 stones
(24, 5, D:8)
  a +0 giant club
  a cursed -1 giant spiked club
(24, 8, D:8)
  2 arrows
(24, 9, D:8)
  an arrow
(24, 10, D:8)
  an arrow
(24, 11, D:8)
  2 arrows
(24, 12, D:8)
  an arrow
(24, 13, D:8)
  an arrow
(25, -23, D:8)
  a +4 falchion
  a +0 robe
  a cursed +3 dagger
  a +0 robe
  a cursed +5 spear
  a +0 robe
(25, 10, D:8)
  a +0 club
  a +0 scale mail
  a +0 dagger
  a +0 robe
(25, 11, D:8)
  a +0 halberd
  a +0 chain mail
(25, 15, D:8)
  a +0 dagger
  a +0 shortbow
  12 arrows
(28, -23, D:8)
  a cursed -2 long sword
(30, -23, D:8)
  a +2 falchion
  a +0 robe
(33, -19, D:8)
  a +0 giant club
(43, -7, D:8)
  a -2 spear
  a +0 animal skin
(45, -4, D:8)
  a wolf skeleton

Level 9 of the Dungeon
(0, 0, D:9)
  2 scrolls of identify
(1, 1, D:9)
  an atropa-tipped dart
(3, -6, D:9)
  an atropa-tipped dart
(3, 0, D:9)
  19 stones
(4, -3, D:9)
  an atropa-tipped dart
(5, -4, D:9)
  an atropa-tipped dart
(6, 0, D:9)
  a jackal corpse
(7, -2, D:9)
  an atropa-tipped dart
(7, -1, D:9)
  a stone
(7, 0, D:9)
  a jackal corpse
(9, 0, D:9)
  a stone
(10, -8, D:9)
  a sky beast corpse
(11, -7, D:9)
  a stone
(12, -5, D:9)
  a +0 robe
(14, -7, D:9)
  a +0 robe

