Arcades

Level 1 of the Dungeon
(0, 0, D:1)
  a +0 dagger
(9, 34, D:1)
  20 arrows
(11, -1, D:1)
  a +0 club
(19, 24, D:1)
  a +0 robe
(22, 26, D:1)
  a +0 hunting sling
(23, 3, D:1)
  a +0 club
(24, 41, D:1)
  a +0 club
(28, 1, D:1)
  a +0 dagger
(29, 21, D:1)
  22 stones
(30, 38, D:1)
  15 stones
(38, 21, D:1)
  18 arrows
(41, 12, D:1)
  a +0 dagger
(41, 25, D:1)
  a +0 dagger
(41, 37, D:1)
  a +0 hand axe

Level 2 of the Dungeon
(5, -2, D:2)
  a +0 club
(14, 24, D:2)
  22 arrows
(16, 0, D:2)
  a +0 hand axe
(26, 1, D:2)
  3 stones
(26, 3, D:2)
  a stone
(37, 31, D:2)
  a +0 dagger

Level 3 of the Dungeon
(0, 0, D:3)
  a +0 trident
(1, 3, D:3)
  a +0 dagger
(2, -10, D:3)
  21 arrows
(10, -20, D:3)
  a +2 mace of protection
(12, 12, D:3)
  a +0 whip
(14, 20, D:3)
  a stone
(15, 12, D:3)
  a +0 mace
(15, 21, D:3)
  2 stones
(17, -17, D:3)
  a +0 dagger
(18, -3, D:3)
  20 arrows
(20, 21, D:3)
  a +0 flail
  a +0 club
  a cursed +0 leather armour
(22, 21, D:3)
  a +0 flail
  a +0 club
(34, 4, D:3)
  27 bolts
(34, 20, D:3)
  a +0 quarterstaff
  4 boomerangs
(35, -3, D:3)
  a +0 quarterstaff
(37, -1, D:3)
  an uncursed amulet of harm
  an uncursed amulet of inaccuracy
  a +0 animal skin
  a +0 hand axe
(38, 18, D:3)
  a +0 trident
(40, -9, D:3)
  a +0 flail
(40, -8, D:3)
  a +0 halberd
(41, 22, D:3)
  a +0 robe
(44, -1, D:3)
  a +0 leather armour
(45, -3, D:3)
  17 arrows
(47, 4, D:3)
  a +0 helmet
(47, 22, D:3)
  a +0 mace
(48, -11, D:3)
  a +0 hunting sling
(48, 10, D:3)
  a +0 club
(48, 21, D:3)
  a +0 mace
(49, 22, D:3)
  a +0 mace
(50, 21, D:3)
  a +0 mace
(51, -8, D:3)
  4 bolts
(51, 12, D:3)
  21 sling bullets
(51, 21, D:3)
  a +0 mace
(52, 20, D:3)
  a +0 mace
(53, 20, D:3)
  a +3 quarterstaff of chaos
(54, 19, D:3)
  a +0 mace
(54, 20, D:3)
  a +0 mace
(54, 21, D:3)
  a +0 mace
(55, 19, D:3)
  a +0 mace
(55, 20, D:3)
  a +0 mace
(55, 21, D:3)
  a +0 mace
(56, 19, D:3)
  a +0 mace
(56, 21, D:3)
  a +0 mace

Level 4 of the Dungeon
(26, 18, D:4)
  a +0 giant club
(29, 10, D:4)
  14 stones
(32, -14, D:4)
  a +0 mace
  a +0 chain mail
(32, 8, D:4)
  a +0 robe
(32, 12, D:4)
  a +0 rapier
(35, 33, D:4)
  a +0 hand axe
(46, 35, D:4)
  a cursed +0 trident

Level 5 of the Dungeon
(0, 0, D:5)
  18 stones
(8, 1, D:5)
  a cursed +0 robe
(23, 19, D:5)
  a +0 hand axe
(28, -13, D:5)
  a +0 whip
  a +0 leather armour
  a +0 war axe
  a cursed +0 scale mail
  a +0 morningstar
  a +0 dagger
  a +0 robe
(29, -11, D:5)
  25 sling bullets
(30, -13, D:5)
  a +0 short sword
  a +0 ring mail
(31, 1, D:5)
  an uncursed ring of positive energy
  a wand of clouds (5)
  a +0 shield
  a +0 ring mail
  a +0 large shield
  a +0 scale mail
  a cursed +0 flail
(31, 11, D:5)
  a +0 whip
  a cursed +0 leather armour
  a +0 club
  a +0 leather armour
(35, 11, D:5)
  a +0 flail
  a +0 scale mail
(35, 12, D:5)
  a +0 dagger
  19 bolts
(36, 11, D:5)
  a +0 falchion
(42, 14, D:5)
  a +0 dagger
  a +0 robe
(54, -24, D:5)
  a +0 whip
  a +0 whip
  a cursed +0 robe
(54, -23, D:5)
  a +0 club
(55, -23, D:5)
  a +0 spear

Level 6 of the Dungeon
(6, -1, D:6)
  a +0 long sword
  a +0 robe
(7, -1, D:6)
  a +0 hand axe
  a +0 robe
(8, -1, D:6)
  a +4 falchion of freezing
  a +0 robe
(15, -8, D:6)
  a +0 leather armour
(15, 7, D:6)
  a +0 trident
(17, 16, D:6)
  a +0 mace
  a +0 ring mail
(22, -3, D:6)
  a +0 chain mail
  a +0 scimitar
  4 boomerangs
(22, -2, D:6)
  a +0 dagger
  a +0 dagger
  a +0 robe
(23, 26, D:6)
  a +0 falchion
  4 boomerangs
(24, 26, D:6)
  a +0 scimitar of holy wrath
  a +0 plate armour
(25, -3, D:6)
  19 stones
(30, -15, D:6)
  a +0 hunting sling
(30, 27, D:6)
  a +0 pair of gloves
(34, -19, D:6)
  17 stones
(35, -6, D:6)
  a +0 ring mail
(43, 6, D:6)
  a cursed -1 spear
(43, 12, D:6)
  a +2 flail of draining
  a +0 quarterstaff
  23 sling bullets
(48, 7, D:6)
  a +0 hand axe
(53, -6, D:6)
  a +0 dire flail
  a +0 plate armour
(53, -5, D:6)
  a +0 falchion
  a +0 leather armour
  a +0 ring mail
  a cursed -3 war axe
  a +0 leather armour
(54, -6, D:6)
  a +0 falchion
  a cursed +0 chain mail

Level 7 of the Dungeon
(0, 0, D:7)
  a +0 rapier
(1, 5, D:7)
  a +0 dagger
  a +0 robe
(5, 0, D:7)
  a +0 short sword
  a +0 scale mail
(9, -14, D:7)
  a +0 pair of gloves
(11, 1, D:7)
  a +0 spear
(20, -8, D:7)
  a sling bullet
(21, -11, D:7)
  a sling bullet
(21, -10, D:7)
  2 sling bullets
(21, -1, D:7)
  a cursed +0 leather armour
(22, -12, D:7)
  a +0 quarterstaff
  a +0 hunting sling
  8 sling bullets
  a +1 leather armour of fire resistance
(25, -16, D:7)
  a +0 flail
(28, -11, D:7)
  a sling bullet
(29, -11, D:7)
  a sling bullet
(30, -11, D:7)
  a sling bullet
(30, -1, D:7)
  a +0 mace
  a +0 leather armour
(31, -3, D:7)
  a +2 trident of piercing
  a +0 plate armour
(31, -2, D:7)
  a +0 morningstar
  a +0 hand axe
(34, -21, D:7)
  a +2 short sword of speed
  a +0 scale mail
(34, -16, D:7)
  a sling bullet
(34, -15, D:7)
  a sling bullet
  a +0 spear
(36, -18, D:7)
  a sling bullet
(39, -16, D:7)
  Sif Muna's Catalogue of Changing
    Spells                           Type                      Level      
    Known
     a - Beastly Appendage            Transmutation                 1         
    no
    
    
    Trog disapproves of the use of such an item.
(44, -35, D:7)
  a +0 whip
(45, -36, D:7)
  a +0 short sword
  a +0 club
(46, -36, D:7)
  a +0 flail
  a +0 leather armour
(46, 1, D:7)
  a +0 spear
(48, -36, D:7)
  a +0 hunting sling
(48, 5, D:7)
  a +0 club
  a +1 hand axe of flaming
(49, 5, D:7)
  a +0 long sword
  a +0 chain mail
  a +0 club
(49, 11, D:7)
  a +0 club
(50, 0, D:7)
  a +0 club
  a +0 leather armour
(51, -6, D:7)
  a +0 morningstar
(51, -2, D:7)
  a +0 dagger
  a +0 robe

Level 8 of the Dungeon
(0, 0, D:8)
  a +0 mace
(5, 32, D:8)
  a +0 dagger
  a +0 robe
(6, 34, D:8)
  a +0 hand axe
  a +0 flail
  a +0 leather armour
(8, 31, D:8)
  a +0 dagger
  a +0 robe
(57, 13, D:8)
  a cursed -3 shortbow
  18 arrows
(59, 57, D:8)
  a +0 spear
(60, 13, D:8)
  an arrow
(60, 57, D:8)
  a cursed -1 club
(61, 13, D:8)
  an arrow

Level 1 of the Lair of Beasts
(0, 0, Lair:1)
  a +0 long sword
(1, 27, Lair:1)
  a cursed +0 chain mail
(3, 18, Lair:1)
  18 arrows
(4, 37, Lair:1)
  a +2 glaive of venom
(11, 17, Lair:1)
  a +0 quarterstaff
(15, -9, Lair:1)
  a cursed +0 chain mail
(24, 41, Lair:1)
  a +0 trident of protection
(29, 23, Lair:1)
  16 stones
(44, 2, Lair:1)
  16 bolts
(45, 42, Lair:1)
  19 stones
(53, 11, Lair:1)
  15 bolts
(53, 13, Lair:1)
  a +0 scale mail
(67, -10, Lair:1)
  a +0 long sword

Level 4 of the Lair of Beasts
(7, 3, Lair:4)
  an arrow
(7, 4, Lair:4)
  a +2 longbow of flaming
  17 arrows
  a +0 centaur barding
(9, 3, Lair:4)
  an arrow
(9, 4, Lair:4)
  an arrow
(11, 3, Lair:4)
  an arrow
(22, -8, Lair:4)
  29 sling bullets
(26, 14, Lair:4)
  a +0 shield
(27, -8, Lair:4)
  a +0 scale mail
(36, 12, Lair:4)
  a +0 scale mail
(40, 16, Lair:4)
  21 bolts
(42, 25, Lair:4)
  a +1 pair of gloves
(45, -3, Lair:4)
  a +0 mace
(53, 29, Lair:4)
  a +0 ring mail
(55, -2, Lair:4)
  15 bolts

Level 5 of the Lair of Beasts
(0, 0, Lair:5)
  30 stones
(10, 36, Lair:5)
  13 stones
(12, 30, Lair:5)
  a cursed +0 pair of gloves
(14, -4, Lair:5)
  27 arrows
(14, 2, Lair:5)
  a +0 ring mail
(21, -3, Lair:5)
  16 arrows
(26, 42, Lair:5)
  22 gold pieces
(26, 43, Lair:5)
  10 gold pieces
(26, 45, Lair:5)
  a book of Necromancy
(27, 42, Lair:5)
  a book of Changes
(27, 44, Lair:5)
  a +0 falchion of venom
(28, 42, Lair:5)
  the +1 robe of Nusish {MR- Regen+ Dex+4}
    It affects your dexterity (+4).
    It affects your resistance to hostile enchantments.
    It increases your rate of regeneration.
(28, 43, Lair:5)
  18 gold pieces
(29, 42, Lair:5)
  an uncursed staff of wizardry
(30, 34, Lair:5)
  a +0 short sword
(40, 7, Lair:5)
  a +0 ring mail
(59, -9, Lair:5)
  a +2 ring mail of cold resistance

Level 6 of the Lair of Beasts
(0, 0, Lair:6)
  an uncursed staff of summoning
(4, -3, Lair:6)
  a redback corpse (still there?)
  a basilisk corpse (still there?)
(6, -2, Lair:6)
  a hornet corpse
(13, 5, Lair:6)
  a +0 leather armour
(16, 4, Lair:6)
  25 stones
(23, -10, Lair:6)
  a +2 short sword of speed
(23, 1, Lair:6)
  a spiny frog skeleton

