                  ###                                     
          ###    ##.####                                  
          #.##  ##..^..### ##                             
      #####..## #........##.##                            
     ##.......# ##.#.........#   ....    #........        
    ##........#####.........#####.....   #........#{..    
 ####...........##..........##........####....$......#    
##.#..........<###...........#..........#..........o.#    
#...##...........#...##...........................$..     
##.#.................#..................o...o..#....##### 
 ###......##.........##........# .......o)).....#.......# 
 #.......###.........#####.....## #...o.)[)).#.#....O.#o.#
 #.......##...........###...)...######.oT))..^#.#.<ooooo.#
 ###.....<.....o...........o...h...##.{........#.....o.o##
  #.#........ooO......##...###...o..[.........#.....#T.o# 
  ###.....ho.o..o...........#..o.o.....##...........o o## 
    #........o..###T..o..#o.oo..÷.......##..........## #  
    ###......#.## #......##........$)....##.#.....###     
      #.#..#####  #..#...###.##.......#.## #.....#        
      ######      ##.#...# ###.......####  ......#        
                   $...###   ##.#...##      ...###        
                  ##.###     #...#...#        ##          
                   ###       ##.###.##                    
                              ### ###                     
