Kownaw

Level 1 of the Dungeon
(0, 0, D:1)
  a +0 club
(17, 2, D:1)
  23 stones
(20, 4, D:1)
  a +0 dagger
(31, 15, D:1)
  a stone
(33, -23, D:1)
  a +0 short sword
(33, 15, D:1)
  a stone
(34, 32, D:1)
  a +0 animal skin
(37, 31, D:1)
  a +0 dagger
(42, 14, D:1)
  a stone
(45, 15, D:1)
  a +0 dagger
(46, 15, D:1)
  a +0 short sword
  3 stones
(49, 13, D:1)
  a +0 short sword

Level 2 of the Dungeon
(0, 0, D:2)
  a stone
(0, 1, D:2)
  a stone
(2, 0, D:2)
  a +0 club
  a +0 hunting sling
  19 stones
(3, -21, D:2)
  a +0 club
(15, -14, D:2)
  a +0 whip
(15, 13, D:2)
  a +0 short sword
  3 stones
(16, -32, D:2)
  a +0 robe
  a +0 long sword
(17, 9, D:2)
  a +0 club
(18, -21, D:2)
  a stone
(29, -8, D:2)
  a +0 club
(32, 16, D:2)
  a cursed -2 club
(33, 18, D:2)
  a +0 dagger
(34, 16, D:2)
  an uncursed staff of earth
(40, 13, D:2)
  a +0 dagger
(41, 12, D:2)
  a stone
(41, 13, D:2)
  a +0 club
(41, 14, D:2)
  a +0 short sword
  a stone
(49, -3, D:2)
  a +0 flail
  a +0 spear
(50, -3, D:2)
  a +0 spear
(52, -4, D:2)
  a +0 whip
(52, 1, D:2)
  19 stones
(59, -4, D:2)
  a +0 short sword
(59, -1, D:2)
  a stone
(59, 0, D:2)
  a stone
(59, 1, D:2)
  a stone
(59, 2, D:2)
  a stone

Level 3 of the Dungeon
(0, 0, D:3)
  a +0 dagger
(11, 8, D:3)
  a +0 dagger
  a +0 leather armour
(12, 7, D:3)
  a +0 short sword
  a +0 leather armour
(12, 8, D:3)
  a +0 dagger
  a +0 ring mail
(13, 13, D:3)
  a +0 club
  19 bolts
(16, -3, D:3)
  a +0 leather armour
(18, -13, D:3)
  4 stones
(18, 8, D:3)
  22 bolts
(19, -13, D:3)
  a +0 club
  a +0 hunting sling
  21 stones
(20, -19, D:3)
  a stone
(28, 9, D:3)
  a +0 short sword
(28, 10, D:3)
  25 arrows
  a +0 flail
  a +0 leather armour
  a +0 flail
  a cursed +0 leather armour
(29, -1, D:3)
  a +0 hunting sling
(36, 4, D:3)
  a +0 whip
(36, 29, D:3)
  2 stones
(37, 7, D:3)
  a +0 leather armour
(37, 25, D:3)
  a +0 short sword
(38, 8, D:3)
  a +0 spear
(39, 9, D:3)
  a cursed -2 dagger

Level 4 of the Dungeon
[Shop] Ihecsa's Book Shoppe
  a book of Air (420 gold)
  a book of Battle (480 gold)
  a book of Clouds (540 gold)
  a book of Changes (300 gold)
  a book of Necromancy (360 gold)
  a book of Necromancy (360 gold)
  a book of Beasts (660 gold)
[Shop] Pipelek's Gadget Shoppe
  a phantom mirror (360 gold)
  a wand of polymorph (9) (132 gold)
  a sack of spiders (240 gold)
  a lightning rod (4/4) (480 gold)
  a sack of spiders (240 gold)
  a lamp of fire (480 gold)
(3, -1, D:4)
  a +0 giant spiked club
(6, 8, D:4)
  a +0 hand axe
(16, 4, D:4)
  a +0 short sword
(25, -7, D:4)
  a +0 scale mail
(26, -14, D:4)
  3 arrows
(28, 33, D:4)
  22 sling bullets
(32, -12, D:4)
  a +0 leather armour
(32, -11, D:4)
  a +0 club
(32, -10, D:4)
  a cursed +0 falchion
  a +0 ring mail
(32, -9, D:4)
  a +0 leather armour
(36, 19, D:4)
  a +0 flail
(43, 11, D:4)
  a +0 leather armour
(45, 18, D:4)
  a +0 plate armour
(53, 17, D:4)
  a +0 dagger

Level 5 of the Dungeon
[Shop] Uhuomaog's Book Shop
  a book of Cantrips (260 gold)
  a book of Party Tricks (650 gold)
  a book of Frost (455 gold)
  a book of Changes (325 gold)
  a book of Flames (455 gold)
  a book of Changes (325 gold)
  a book of Air (455 gold)
  a book of Misfortune (260 gold)
  the Papyrus of Unstable Companions (962 gold)
    Spells                           Type                      Level      
    Known
     a - Summon Butterflies           Summoning                     1         
    no
     b - Beastly Appendage            Transmutation                 1         
    no
     c - Summon Demon                 Summoning                     5         
    no
     d - Shadow Creatures             Summoning                     6         
    no
     e - Spellforged Servitor         Conjuration/Summoning         7         
    no
    
    
    Trog disapproves of the use of such an item.
  a book of Geomancy (455 gold)
(0, 0, D:5)
  a +0 robe
(1, -18, D:5)
  a +0 club
(2, -17, D:5)
  a +0 club
  a +0 chain mail
(3, -16, D:5)
  a cursed -3 dagger
  a +0 leather armour
(3, -11, D:5)
  a +0 giant club
(4, -11, D:5)
  a +0 giant club
(5, -14, D:5)
  a +0 short sword
(17, -23, D:5)
  20 stones
(18, -22, D:5)
  25 arrows
(23, 15, D:5)
  a +0 robe
(24, 11, D:5)
  22 arrows
(25, 12, D:5)
  a +0 spear
(25, 13, D:5)
  a +0 mace
(27, 12, D:5)
  a +0 whip
(32, -20, D:5)
  a +0 spear
(32, 5, D:5)
  12 arrows

Level 6 of the Dungeon
(27, 13, D:6)
  a +0 mace
(35, -4, D:6)
  a +0 falchion
(37, -8, D:6)
  a +0 mace
  a +0 ring mail
(41, 22, D:6)
  a +0 falchion
  a +0 chain mail
(41, 28, D:6)
  29 sling bullets
(42, 23, D:6)
  a +0 hand axe
  a +0 chain mail
  a +0 hand axe
  a +0 leather armour
(48, 7, D:6)
  4 atropa-tipped darts
(58, 31, D:6)
  a +0 flail
(60, 0, D:6)
  a +0 scale mail

Level 7 of the Dungeon
[Shop] Rilusotwa's Armour Shop
  a +0 chain mail (54 gold)
  a cursed +0 robe (1 gold)
  a +0 leather armour (24 gold)
  a +0 ring mail (48 gold)
  a +1 robe of resistance (392 gold)
  a +3 chain mail of poison resistance (282 gold)
  the +6 crystal plate armour of Gezaig {Str+5} (1422 gold)
    It affects your strength (+5).
  a +0 scale mail (48 gold)
  a +2 scale mail of poison resistance (216 gold)
  a +0 leather armour (24 gold)
(0, 20, D:7)
  a +0 leather armour
(3, 7, D:7)
  26 stones
(4, -3, D:7)
  a +0 shortbow
  8 arrows
(4, -1, D:7)
  an arrow
(4, 0, D:7)
  an arrow
(4, 2, D:7)
  2 arrows
(4, 3, D:7)
  2 arrows
(4, 4, D:7)
  2 arrows
(12, 18, D:7)
  a +0 short sword of venom
(14, 21, D:7)
  a +0 dagger
  a +0 robe
(15, 20, D:7)
  a +0 club
  a +0 chain mail
(15, 21, D:7)
  a +0 dagger
(16, 11, D:7)
  a +0 flail
  a +0 leather armour
(16, 12, D:7)
  a +0 hand axe
(16, 19, D:7)
  5 atropa-tipped darts
(16, 20, D:7)
  a +3 hand axe
  a +0 ring mail
  a +0 club
(36, 19, D:7)
  a +0 short sword of venom
  a +0 scale mail
  a +0 flail
  a +0 flail
  a +0 leather armour
  a +0 mace
  a +0 ring mail
  a +0 short sword

Level 8 of the Dungeon
(0, 0, D:8)
  a +0 quarterstaff
(12, -14, D:8)
  7 sling bullets
(17, -5, D:8)
  a +0 giant club
(18, -5, D:8)
  a +0 giant club
(25, -33, D:8)
  4 poisoned darts
  an uncursed ring of magical power
(27, -42, D:8)
  a +0 short sword
  a +0 leather armour
(27, -41, D:8)
  a +0 dagger
  a +0 robe
  a +0 club
(27, -40, D:8)
  a +0 ring mail
(28, -41, D:8)
  a +0 war axe
  a +0 leather armour
(39, -26, D:8)
  a +0 scale mail
(43, -40, D:8)
  15 stones
(44, -40, D:8)
  5 large rocks

Level 9 of the Dungeon
(0, 0, D:9)
  a +0 dagger
(1, 0, D:9)
  a +4 arbalest of freezing
(5, 8, D:9)
  28 stones
(8, -2, D:9)
  a +0 giant spiked club
(8, -1, D:9)
  a cursed -2 giant spiked club
(9, -33, D:9)
  a +1 short sword of speed
  a +0 chain mail
(9, -1, D:9)
  a +0 shortbow
  20 arrows
(17, -35, D:9)
  2 arrows
(17, -34, D:9)
  an arrow
(19, -35, D:9)
  a +0 shortbow
  15 arrows
(31, -9, D:9)
  a +0 short sword
(32, -9, D:9)
  a stone
  a +0 shortbow
  6 arrows
(32, -8, D:9)
  a +0 short sword
  a +0 whip
(33, -9, D:9)
  a stone
(33, -8, D:9)
  a +0 whip
(34, -9, D:9)
  a stone
  an arrow
(35, -9, D:9)
  2 arrows
(36, -9, D:9)
  a stone
(37, -10, D:9)
  a stone
(38, -9, D:9)
  an arrow
(39, -30, D:9)
  10 arrows
(39, -9, D:9)
  11 arrows
(41, -10, D:9)
  a +0 giant club

Level 10 of the Dungeon
(0, 0, D:10)
  a +0 hand axe
(1, 43, D:10)
  19 bolts
(4, -2, D:10)
  a +0 robe
(10, 44, D:10)
  a +0 dagger
  a cursed +0 robe
(10, 45, D:10)
  a cursed -3 club
  a +0 scale mail
(12, -2, D:10)
  a +0 chain mail
(14, 43, D:10)
  a +0 dagger
  a +0 robe
(19, 20, D:10)
  a +0 broad axe
(29, 15, D:10)
  a +0 giant spiked club
  a +0 giant spiked club
(29, 35, D:10)
  a +0 mace
(37, 41, D:10)
  10 stones
(40, 5, D:10)
  a +2 hand axe of chopping
(40, 6, D:10)
  21 stones
(40, 7, D:10)
  the +8 arc blade {discharge, rElec}
    It insulates you from electricity.
(41, 5, D:10)
  a potion of curing
(41, 7, D:10)
  a +0 club
(42, 5, D:10)
  a fan of gales
(42, 6, D:10)
  11 gold pieces
(42, 7, D:10)
  a lightning rod (4/4)
(42, 19, D:10)
  31 stones
(50, -2, D:10)
  a +0 dagger
  a +0 robe
(58, 17, D:10)
  a +0 rapier

Level 11 of the Dungeon

Level 1 of the Orcish Mines
(0, 0, Orc:1)
  a +0 giant spiked club
(3, 0, Orc:1)
  a +0 short sword
  a +0 leather armour
(4, 1, Orc:1)
  a +0 hand axe
  a +0 mace
  a +0 plate armour
(5, 4, Orc:1)
  a +0 short sword
  a +0 chain mail
(6, 4, Orc:1)
  a +0 great mace
  a +0 plate armour
  a +0 war axe
  a +0 plate armour
(7, 5, Orc:1)
  3 large rocks
(8, 4, Orc:1)
  a +0 flail
  a +0 ring mail
(8, 5, Orc:1)
  a +0 long sword
  a +0 plate armour
(8, 6, Orc:1)
  a +0 flail
(9, 5, Orc:1)
  a +0 club
(10, 5, Orc:1)
  a +0 battleaxe
  a +0 chain mail
(10, 6, Orc:1)
  a +0 falchion
(11, 6, Orc:1)
  a +2 vampiric trident
(15, -4, Orc:1)
  a +0 giant club
(21, 17, Orc:1)
  a +0 dagger of venom
  an orc skeleton
(32, 11, Orc:1)
  a +0 dagger

Level 2 of the Orcish Mines
(0, 0, Orc:2)
  25 gold pieces
(9, -8, Orc:2)
  a +0 hand axe
  a +0 plate armour
(13, -4, Orc:2)
  an orc skeleton
(16, -3, Orc:2)
  26 gold pieces
(17, -6, Orc:2)
  a +0 leather armour
(17, -3, Orc:2)
  a +0 club
(21, -9, Orc:2)
  a +0 mace
  (unseen)
(22, -10, Orc:2)
  a +0 glaive
  (unseen)
(22, -9, Orc:2)
  a cursed +0 leather armour
  (unseen)
(22, -8, Orc:2)
  a +0 giant club
  an ogre corpse
(23, -10, Orc:2)
  a +0 dagger
  (unseen)
(23, -9, Orc:2)
  a +1 flail of crushing
  a +0 ring mail
  11 gold pieces
  a +0 mace
  an orc corpse
  an orc corpse
(23, -8, Orc:2)
  a +0 dagger
  a +1 robe
  an orc corpse
(24, -9, Orc:2)
  a +0 dagger
  (unseen)
(27, -14, Orc:2)
  28 gold pieces
(31, -12, Orc:2)
  23 gold pieces

