Kownaw

Level 1 of the Dungeon
(1, -36, D:1)
  a +0 club
(1, -35, D:1)
  a +0 dagger
(3, -36, D:1)
  a +0 club
(4, -35, D:1)
  2 stones
(5, -34, D:1)
  a stone
(8, -2, D:1)
  a +0 club
(34, -12, D:1)
  a +0 club
(42, -34, D:1)
  a +0 animal skin
(44, -31, D:1)
  a +0 whip
(55, -35, D:1)
  12 bolts

Level 2 of the Dungeon
(4, 19, D:2)
  4 large rocks
(7, 24, D:2)
  a +0 leather armour
(9, -1, D:2)
  a +0 dagger
(17, 16, D:2)
  a +0 club
  a +0 dagger
  a +0 dagger
(17, 17, D:2)
  a +0 club
  a cursed +0 animal skin
  a +0 helmet
  a +0 club
  a +0 club
(17, 18, D:2)
  a +0 club
(18, 16, D:2)
  a +0 club
(18, 31, D:2)
  a stone
(19, 16, D:2)
  a +0 club
  a +0 club
(20, 30, D:2)
  a +0 short sword
(20, 31, D:2)
  a +0 dagger
(20, 32, D:2)
  a +0 short sword
(32, 19, D:2)
  a stone
(33, 19, D:2)
  a stone
(40, 19, D:2)
  a +0 club
  a +0 dagger
(44, 40, D:2)
  a +0 ring mail
(46, -7, D:2)
  a +0 robe
(51, 33, D:2)
  a stone
(51, 35, D:2)
  a +0 club
  4 stones
(51, 36, D:2)
  a +0 club
(52, -3, D:2)
  20 bolts
(52, 35, D:2)
  a +0 club
  a +0 hunting sling
  11 stones
(60, 30, D:2)
  26 stones
(60, 31, D:2)
  a +0 leather armour
(60, 34, D:2)
  18 bolts
(61, 3, D:2)
  a +0 flail
(62, 1, D:2)
  a +0 spear

Level 3 of the Dungeon
(2, -1, D:3)
  a +0 club
(2, 0, D:3)
  a +0 club
(3, -1, D:3)
  a +0 club
  a +0 chain mail
(4, 0, D:3)
  a +0 short sword
(16, 16, D:3)
  15 arrows
(26, -4, D:3)
  a +0 club
(35, -3, D:3)
  a stone
(35, 23, D:3)
  a +0 club
(36, -5, D:3)
  a cursed -3 whip
(36, -2, D:3)
  a stone
(36, 2, D:3)
  a stone
(38, 0, D:3)
  a +0 whip
  a +0 leather armour
(44, -5, D:3)
  10 stones

Level 4 of the Dungeon
(0, 0, D:4)
  a +0 war axe
(0, 3, D:4)
  a +0 club
  a cursed +0 ring mail
(1, -3, D:4)
  a +0 club
(1, 3, D:4)
  a +1 hand axe
(1, 4, D:4)
  a +0 dagger
  a +0 robe
(14, -49, D:4)
  a -1 scale mail
(22, -37, D:4)
  a +0 ring mail
(22, 4, D:4)
  12 stones
(24, -7, D:4)
  a +0 pair of boots
(29, -49, D:4)
  22 stones
(30, 5, D:4)
  24 stones
(39, -51, D:4)
  a +0 giant spiked club
(43, -51, D:4)
  a +1 short sword of speed

Level 5 of the Dungeon
(0, 0, D:5)
  an arrow
(0, 1, D:5)
  3 arrows
(0, 5, D:5)
  an arrow
(0, 7, D:5)
  a cursed +0 shortbow
  24 arrows
(2, 23, D:5)
  a +0 hunting sling
(9, -4, D:5)
  a +0 flail
(12, -4, D:5)
  a +0 club
  a +0 scale mail
(13, -4, D:5)
  a +0 spear
(17, -11, D:5)
  a +0 chain mail
(17, -7, D:5)
  a +0 chain mail
(39, 28, D:5)
  a +0 chain mail
(41, 28, D:5)
  a +0 scale mail
(50, 22, D:5)
  19 bolts

Level 6 of the Dungeon
(0, 0, D:6)
  16 stones
(28, -24, D:6)
  an adder skeleton
(31, -25, D:6)
  a +0 chain mail
(37, -25, D:6)
  a +0 giant club
  an ogre skeleton
(50, -33, D:6)
  a +0 quarterstaff

