                 #.     ###       
   #####...   !. ...    ..#       
#.##......#####.##.#    #.#       
#.#........  ....#.#    #.#       
 .........#   #..#.######.#     .#
###....o..#   #..#........#  ###.#
..........#   #.....###...##......
  #.o..%..#####.....'.............
  #...#))....##.#...###...###.....
  #..........##.#...###...#.......
  ###..S.o........÷.÷.......#     
    ##.......#.##....#.#.#..#     
     #.####..#.)..##.#.#.#..#     
     #.#  #....#...........##     
     #..  #....#.##.#.##.#.#      
     ##.  ##........#....#.#      
       .   #.##.#.#...#....#      
       ..  #....#.#.>.#.##.#      
           #..#............#      
           #..#....#.#.#...#      
           #....##.#.#.#.#.#      
            .#...........#.#      
             #.#.#.##.#...÷##     
             $.#.#....#.##÷.#     
             ..........).÷..#     
             ##...##..###...#     
              #o.  ##......##     
             ....   ..######      
             ##    .###           
                  !.              
                 (#               
                ..                
