Arcades

Level 1 of the Dungeon
(0, 0, D:1)
  a +0 dagger
(2, 10, D:1)
  18 sling bullets
(6, 30, D:1)
  a +0 dagger
(17, 6, D:1)
  a +0 hand axe
(18, 21, D:1)
  21 stones
(27, -2, D:1)
  a +0 dagger
(35, 10, D:1)
  a +0 hunting sling
(37, 11, D:1)
  19 stones
(38, 40, D:1)
  a cursed -2 dagger

Level 2 of the Dungeon
(0, 0, D:2)
  a +0 club
(7, 23, D:2)
  a +0 dagger
(14, 22, D:2)
  a stone
(15, 22, D:2)
  a stone
(19, 19, D:2)
  a +0 dagger
(30, 1, D:2)
  3 javelins
(32, 9, D:2)
  24 stones
(42, 13, D:2)
  a +0 club
(52, 0, D:2)
  a +0 whip

Level 3 of the Dungeon
(0, 0, D:3)
  a +0 ring mail
(10, -2, D:3)
  19 stones
(14, -12, D:3)
  a +0 dagger
(14, 21, D:3)
  a cursed +0 club
(15, -12, D:3)
  a +0 dagger
  a +0 leather armour
(15, -11, D:3)
  a stone
(16, -11, D:3)
  a +0 trident
(17, -1, D:3)
  a +0 robe
(18, 5, D:3)
  a stone
(21, 1, D:3)
  a +0 dagger
(23, 4, D:3)
  a stone
(23, 5, D:3)
  a stone
(23, 6, D:3)
  a stone
(23, 7, D:3)
  a stone
(23, 10, D:3)
  a +0 club
  a +0 spear
(24, -14, D:3)
  a +0 leather armour
(24, -9, D:3)
  a +1 hunting sling of flaming
(28, -5, D:3)
  a +0 dagger
  11 stones
(29, -13, D:3)
  a +0 flail
(29, -6, D:3)
  2 poisoned darts
(29, -5, D:3)
  a +0 dagger
  a poisoned dart
(30, -8, D:3)
  a poisoned dart
  8 bolts
(30, -5, D:3)
  a +0 dagger
  5 poisoned darts
  a cursed -2 club
(36, -33, D:3)
  a +0 plate armour
(49, -16, D:3)
  a +0 ring mail

Level 4 of the Dungeon
(0, 0, D:4)
  a +0 flail
(8, -37, D:4)
  12 stones
(10, -9, D:4)
  a +0 hunting sling
(14, -1, D:4)
  14 stones
(16, -40, D:4)
  22 stones
(21, -52, D:4)
  a +0 mace
  a +0 leather armour
(25, -48, D:4)
  a +0 dagger
(38, -9, D:4)
  a +0 leather armour
(42, 1, D:4)
  a +0 giant club
(47, -38, D:4)
  a cursed -3 mace
(49, 8, D:4)
  a cursed -3 whip
(50, -1, D:4)
  20 stones
(51, -36, D:4)
  a +0 scythe
  a +0 robe
(54, -38, D:4)
  a +0 plate armour
(56, 11, D:4)
  a +0 dagger
(57, -16, D:4)
  15 bolts
(60, -1, D:4)
  a +0 hunting sling

Level 5 of the Dungeon
(0, 0, D:5)
  a +0 ring mail
(2, 7, D:5)
  a +0 chain mail
(3, 47, D:5)
  a stone
(4, 48, D:5)
  3 stones
(5, 48, D:5)
  a throwing net
  2 stones
(6, 48, D:5)
  27 stones
(7, 48, D:5)
  2 stones
(7, 51, D:5)
  a stone
(8, 30, D:5)
  a +1 rapier of freezing
  a +3 leather armour of fire resistance
(8, 48, D:5)
  4 stones
(8, 51, D:5)
  a stone
(9, 47, D:5)
  a +0 animal skin
  a +0 animal skin
  21 stones
(9, 48, D:5)
  a +0 animal skin
  22 stones
(9, 49, D:5)
  a +0 animal skin
  a +0 animal skin
  a +0 animal skin
  3 stones
(10, 46, D:5)
  14 stones
(14, 25, D:5)
  a +0 whip
(16, 20, D:5)
  17 stones
(16, 47, D:5)
  a +0 short sword
(20, 14, D:5)
  a +0 dagger
(28, 31, D:5)
  the +27 Lear's hauberk
(29, 14, D:5)
  29 stones
(35, 36, D:5)
  13 stones
(40, 22, D:5)
  25 sling bullets
(44, 14, D:5)
  13 stones
(45, 25, D:5)
  17 stones
(46, 5, D:5)
  a +0 robe
(59, 47, D:5)
  a cursed -2 spear
(59, 48, D:5)
  a +0 club
(59, 49, D:5)
  a +0 club

Level 6 of the Dungeon
(0, 0, D:6)
  a +0 robe
(2, -27, D:6)
  a +2 whip of electrocution
  a +0 leather armour
(3, -23, D:6)
  a +0 shortbow
(30, -10, D:6)
  a +0 ring mail
(30, 6, D:6)
  a +0 dagger
(33, -23, D:6)
  a +0 whip

Level 7 of the Dungeon
(0, 0, D:7)
  a book of Changes
(1, 2, D:7)
  a +0 short sword
(9, 24, D:7)
  a +0 dagger
  a +1 robe of cold resistance
(10, 23, D:7)
  a +0 short sword
  a +0 ring mail
(10, 32, D:7)
  a cursed -2 giant club
  a throwing net
(18, 23, D:7)
  a +2 dagger of chaos
(20, 15, D:7)
  a +0 flail
(22, 15, D:7)
  a +0 glaive
  a +0 chain mail
(23, 15, D:7)
  a +0 trident
(28, -16, D:7)
  a +0 ring mail
(34, -16, D:7)
  a +0 large shield
(34, 5, D:7)
  a +0 shortbow
(40, 8, D:7)
  a +0 ring mail
(40, 11, D:7)
  a +0 shortbow
(41, -12, D:7)
  19 bolts
(42, -16, D:7)
  a +0 spear
(43, -14, D:7)
  a +0 trident
(43, -13, D:7)
  a +0 club
  a cursed +0 leather armour
(44, -13, D:7)
  a +0 dagger
  a +0 robe
(45, -10, D:7)
  a +0 rapier

Level 8 of the Dungeon
[Shop] Miaqahuv's Armour Boutique
  a +0 leather armour (32 gold)
  a +1 centaur barding of flying (560 gold)
  a +2 pair of boots of stealth (344 gold)
  a +0 cloak (72 gold)
  a +0 scale mail (64 gold)
  the +1 robe of Tenacity {Dex+5} (371 gold)
    It affects your dexterity (+5).
  a +0 cloak of poison resistance (136 gold)
  a +0 plate armour of cold resistance (480 gold)
  a +0 ring mail (64 gold)
(0, 0, D:8)
  a +0 flail
(2, 0, D:8)
  a +0 pair of gloves
(4, -11, D:8)
  a +0 chain mail
(9, 10, D:8)
  20 sling bullets
(11, 5, D:8)
  a +0 mace
  a +0 robe
  a cursed +4 war axe
  a +0 robe
(12, 3, D:8)
  a +0 scimitar
  a +0 robe
(12, 4, D:8)
  a +3 mace of freezing
  a +0 robe
(13, -5, D:8)
  a +0 hand axe
(17, 13, D:8)
  a +0 flail
(19, -16, D:8)
  a +0 rapier
(19, 10, D:8)
  a +0 whip
  a +2 spear of piercing
(19, 13, D:8)
  a +0 spear
  a +0 scale mail
(20, -22, D:8)
  a book of Frost
(20, 1, D:8)
  a +0 leather armour
  a +0 scale mail
(20, 10, D:8)
  a +0 shortbow
(21, -27, D:8)
  a poisoned dart
(21, -12, D:8)
  a +0 shortbow
(21, 3, D:8)
  an uncursed staff of cold
  an uncursed staff of earth
  a sack of spiders
  the +2 ratskin cloak {+Rats rPois rN+ Str-1 Int-1 Dex+1}
    It affects your strength (-1).
    It affects your intelligence (-1).
    It affects your dexterity (+1).
    It protects you from poison.
    It protects you from negative energy.
(22, 1, D:8)
  6 boomerangs
  a cursed -1 hunting sling
(23, -26, D:8)
  a stone
(24, -30, D:8)
  2 poisoned darts
(24, -25, D:8)
  3 poisoned darts
  3 stones
(24, -24, D:8)
  2 poisoned darts
  a +0 whip
(25, -25, D:8)
  4 poisoned darts
(25, -24, D:8)
  a cursed +0 short sword
  24 stones
(26, 18, D:8)
  18 stones
(29, 3, D:8)
  a +0 shield
(31, 20, D:8)
  a cursed +0 robe
(35, -20, D:8)
  a +0 scale mail

Level 9 of the Dungeon
[Shop] Xibidublo's Armour Shoppe
  the cursed +1 plate armour "Qeurum" {rC+ Stlth+} (459 gold)
    It protects you from cold.
    It makes you more stealthy.
    It has a curse placed upon it.
  a +0 robe (7 gold)
  the cursed +0 scale mail of Elitism {rPois rF- Str-4 Dex+10} (195 gold)
    It affects your strength (-4).
    It affects your dexterity (+10).
    It makes you vulnerable to fire.
    It protects you from poison.
    It has a curse placed upon it.
  a +0 plate armour (253 gold)
  a +0 robe (7 gold)
  the +1 ring mail of the Ant {rC+} (253 gold)
    It protects you from cold.
  a +0 leather armour (22 gold)
(0, 0, D:9)
  a +0 rapier
(17, 0, D:9)
  a +0 shield
(22, 10, D:9)
  a +0 ring mail
(28, -4, D:9)
  16 stones
(28, 8, D:9)
  a +0 whip
(28, 16, D:9)
  16 stones
(28, 28, D:9)
  a cursed -2 rapier
(41, 18, D:9)
  a +0 mace
  a +0 leather armour
(41, 19, D:9)
  a +0 leather armour
  a +0 short sword
(42, 19, D:9)
  a +0 club
  a +0 battleaxe
  a +0 plate armour

Level 10 of the Dungeon
(0, 0, D:10)
  15 stones
(2, -27, D:10)
  a +0 leather armour
(5, -7, D:10)
  a +0 robe
(11, -29, D:10)
  a cursed +0 great sword
  a +0 robe
  a cursed +0 scimitar
  a +0 robe
(11, -28, D:10)
  a cursed +2 dire flail
  a +0 robe
(13, 14, D:10)
  a +0 dagger
  a +0 robe
  a +0 war axe
(13, 15, D:10)
  a +0 chain mail
(14, 14, D:10)
  a cursed +0 ring mail
(14, 16, D:10)
  a cursed -1 whip
  4 boomerangs of dispersal
(16, -12, D:10)
  a +0 giant spiked club
(18, -16, D:10)
  a +0 war axe
  a +0 ring mail
  a +0 glaive
  a +0 chain mail
(18, -13, D:10)
  a +0 dagger
  a +0 robe
(19, -16, D:10)
  a +0 mace
(32, -24, D:10)
  a +1 hand axe of chopping
(33, -26, D:10)
  a +0 chain mail
(33, 17, D:10)
  a +0 plate armour
(34, -26, D:10)
  a +0 mace
(34, -25, D:10)
  a +0 chain mail
  a +0 dagger
(34, -24, D:10)
  5 boomerangs of dispersal
  a +1 flail of protection
(35, -26, D:10)
  a +0 trident
(37, 5, D:10)
  a +0 falchion
(38, -6, D:10)
  a +0 ring mail
(48, -10, D:10)
  a +0 leather armour

the Ecumenical Temple

Level 1 of the Orcish Mines
(0, 0, Orc:1)
  a +3 leather armour of cold resistance
  a +0 hand axe
(0, 1, Orc:1)
  a +0 chain mail
  7 silver boomerangs
  a +0 hand axe
(2, -3, Orc:1)
  a +0 chain mail
  a +0 war axe
(3, -3, Orc:1)
  a +0 robe
  a +0 dagger
  a +0 dagger
(4, -2, Orc:1)
  a +0 robe
  a +0 dagger
(18, -14, Orc:1)
  a +0 dagger
  a +0 robe
(19, -15, Orc:1)
  a +0 short sword
  a +0 leather armour
(20, -6, Orc:1)
  a +0 giant club
(21, -15, Orc:1)
  a +0 scimitar
  2 boomerangs of dispersal
  a +0 plate armour
(21, -14, Orc:1)
  a +0 short sword
  4 boomerangs

Level 2 of the Orcish Mines
[Shop] Runuyfot's General Store
  a potion of curing (45 gold)
  a potion of lignification (45 gold)
  a ration (75 gold)
  a scroll of amnesia (52 gold)
  a +1 cloak of invisibility (247 gold)
  a scroll of identify (30 gold)
  an uncursed ring of ice (375 gold)
  16 stones (24 gold)
  a scroll of fear (52 gold)
  a potion of degeneration (15 gold)
  a +2 short sword of holy wrath (261 gold)
  a cursed -3 ring of strength (30 gold)
[Shop] Anetebb's Book Shoppe
  a book of Summonings (770 gold)
  a book of Beasts (605 gold)
  a book of Debilitation (440 gold)
  a book of Fire (715 gold)
  a book of Geomancy (385 gold)
  a book of Callings (330 gold)
  a book of Callings (330 gold)
  a book of Necromancy (330 gold)
  a book of the Warp (990 gold)
  a book of Transfigurations (605 gold)
  a book of Beasts (605 gold)
  a book of Minor Magic (220 gold)
[Shop] Ivebirr's Jewellery Shop
  an uncursed amulet of harm (540 gold)
  a cursed ring of teleportation (81 gold)
  an uncursed ring of ice (450 gold)
  an uncursed ring of magical power (360 gold)
  an uncursed amulet of rage (720 gold)
  an uncursed ring of flight (315 gold)
  an uncursed amulet of guardian spirit (540 gold)
  an uncursed ring of protection from cold (450 gold)
  a +2 ring of dexterity (135 gold)
[Shop] Ujuak Ypta's Antique Weapon Emporium
  the +3 broad axe of Blood-Lust {drain, rElec Int+4 SInv} (878 gold)
    A truly terrible weapon, it drains the life of those it strikes.
    
    It affects your intelligence (+4).
    It insulates you from electricity.
    It lets you see invisible.
  a +4 great sword of venom (536 gold)
  a +0 quarterstaff (72 gold)
  a +1 eveningstar of protection (450 gold)
  a +0 lajatang of speed (846 gold)
  a +0 short sword (54 gold)
  a +0 rapier (72 gold)
  a +0 hand axe (54 gold)
  a +0 mace (54 gold)
(4, -1, Orc:2)
  a +0 robe
  a +0 dagger
(4, 1, Orc:2)
  a +0 hand axe
(5, -2, Orc:2)
  a +0 trident
(5, -1, Orc:2)
  a +0 plate armour
  a +0 giant spiked club
  a +0 war axe
  a +0 club
(5, 1, Orc:2)
  a +0 plate armour
  a +0 long sword
  a +0 robe
  a +0 dagger
(6, -6, Orc:2)
  a +0 dagger
(6, -5, Orc:2)
  a +0 whip
(6, -1, Orc:2)
  a +0 leather armour
  a +0 whip
  a +0 leather armour
  a +0 flail
  a +0 dagger
  a +0 club
(6, 0, Orc:2)
  a +0 leather armour
  a +0 short sword
  a +0 flail
(6, 1, Orc:2)
  a +0 whip
  a +0 plate armour
  a +1 scimitar of slicing
(6, 2, Orc:2)
  a +0 scale mail
  a +0 short sword
(7, -6, Orc:2)
  a +0 club
  a +0 mace
  4 boomerangs
  a +0 chain mail
(7, -5, Orc:2)
  a +1 morningstar of protection
(7, -4, Orc:2)
  a +3 antimagic glaive
(7, -1, Orc:2)
  a +0 ring mail
  a +0 club
(7, 0, Orc:2)
  a +0 chain mail
  a +0 halberd
(7, 1, Orc:2)
  5 boomerangs
  a +0 flail
(7, 2, Orc:2)
  a +0 robe
  a +0 leather armour
  a +0 dagger
  a +0 flail
(8, -6, Orc:2)
  a +0 plate armour
  a +0 war axe
(8, -4, Orc:2)
  a +0 ring mail
(9, -6, Orc:2)
  a +0 plate armour
  a +0 halberd
(9, 1, Orc:2)
  a +0 dire flail
  a +0 giant spiked club
(11, 2, Orc:2)
  a +0 robe
  a +0 dagger
(14, 2, Orc:2)
  a +0 giant club
  a +0 great mace
  a +0 giant club
  a +0 giant club
  a +0 giant club
  a +0 giant club
(14, 4, Orc:2)
  a +0 dagger
  a +0 robe
  a +0 whip
  a +0 robe
  a +0 giant spiked club
(15, 2, Orc:2)
  a +0 giant spiked club
  a cursed -2 giant club
(15, 3, Orc:2)
  a +0 giant club
  a +0 flail
  a +0 robe
(16, 2, Orc:2)
  a +0 robe
  a +0 halberd
(22, 4, Orc:2)
  a +0 giant club
  a +0 giant spiked club
  a +0 giant club
(22, 5, Orc:2)
  a +0 giant spiked club
  a +0 giant club
(23, 5, Orc:2)
  a cursed -3 giant club
  a +0 giant club
(24, 5, Orc:2)
  a +0 giant club
(24, 6, Orc:2)
  a +0 giant spiked club
(25, 5, Orc:2)
  a +0 giant club
  a +0 giant club
  a +0 giant club
  a +0 great mace
  a +0 dire flail
  a +0 giant spiked club
  a +0 dire flail
(25, 6, Orc:2)
  a +0 giant club
  a +0 giant club
(27, 6, Orc:2)
  a +0 giant club
(29, 8, Orc:2)
  a +0 giant club
(29, 10, Orc:2)
  a +0 giant club
  a +0 giant club
(32, 10, Orc:2)
  a +0 giant spiked club
  a +0 giant club
(34, 11, Orc:2)
  a +0 giant spiked club
(34, 40, Orc:2)
  a +0 short sword of venom
  a +0 flail
  a +0 leather armour
  a +0 club
  a +0 dagger of draining
  a +0 robe
(35, 39, Orc:2)
  a +0 dagger
  a +0 robe
(36, 10, Orc:2)
  a +0 giant club
(40, 11, Orc:2)
  a cursed -2 giant club
(41, 25, Orc:2)
  2 potions of degeneration
  a +3 ring of evasion
  an uncursed amulet of guardian spirit
  a +2 ring of dexterity
  an uncursed amulet of magic regeneration
  an uncursed amulet of faith
  an uncursed ring of ice
(42, 18, Orc:2)
  a +0 giant club
  a +0 giant spiked club
(42, 35, Orc:2)
  a +0 dire flail
  a +0 dire flail
(45, 31, Orc:2)
  a +0 giant spiked club
(50, 29, Orc:2)
  a +0 giant club

Level 1 of the Lair of Beasts
(0, 0, Lair:1)
  a +0 quarterstaff
(5, -47, Lair:1)
  12 sling bullets
(12, -26, Lair:1)
  6 stones
(14, -46, Lair:1)
  12 stones
(15, -27, Lair:1)
  a +0 short sword
(28, -11, Lair:1)
  20 javelins
  a +0 plate armour
(34, -11, Lair:1)
  the +3 falchion of Optimality {elec, +Rage Int-4 Dex+4}
    Occasionally, upon striking a foe, it will discharge some electrical energy
    and cause terrible harm.
    
    It affects your intelligence (-4).
    It affects your dexterity (+4).
    It lets you go berserk.
(36, -34, Lair:1)
  a cursed -3 flail
(36, -7, Lair:1)
  a +0 quarterstaff
(46, -48, Lair:1)
  18 stones
(49, -9, Lair:1)
  27 stones
(50, -45, Lair:1)
  a +0 leather armour
(50, -31, Lair:1)
  a +0 battleaxe

Level 2 of the Lair of Beasts
(2, -15, Lair:2)
  5 stones
(12, -35, Lair:2)
  22 stones
(20, -15, Lair:2)
  a +0 ring mail
(20, 16, Lair:2)
  a +0 leather armour
(20, 17, Lair:2)
  a +0 chain mail
(26, 2, Lair:2)
  a +0 flail
(28, 0, Lair:2)
  20 stones
(39, -11, Lair:2)
  an uncursed ring of stealth
  an uncursed amulet of the acrobat
  an uncursed amulet of harm
  a scroll of vulnerability
  3 scrolls of amnesia
  2 scrolls of random uselessness
  an uncursed ring of wizardry
  a wand of paralysis (7)
  a +1 broad axe of chopping
  a wand of disintegration (25)
  a +0 battleaxe
  a +0 war axe
  a +2 cloak
  a +0 flail
  a +1 shortbow of freezing
  4 potions of curing
  a -2 mace
  a +2 cloak
  a wand of iceblast (4)
  221 arrows
  2 scrolls of immolation
  a +0 animal skin
  a +1 hand axe

Level 3 of the Lair of Beasts
(0, 0, Lair:3)
  a +0 large shield
(5, -34, Lair:3)
  a +1 battleaxe of chopping
(13, -36, Lair:3)
  a +0 rapier
(14, -37, Lair:3)
  a +0 mace
(28, -14, Lair:3)
  a +0 quarterstaff of freezing
  a +1 robe of cold resistance
(32, -33, Lair:3)
  a +0 robe
  a +0 scimitar
(33, -32, Lair:3)
  a +0 hand axe
(33, 5, Lair:3)
  10 stones
(46, -11, Lair:3)
  a scroll of vulnerability
(46, 0, Lair:3)
  the +4 morningstar of Darov {flame, Str+2}
    It has been specially enchanted to burn those struck by it, causing extra
    injury to most foes and up to half again as much damage against particularly
    susceptible opponents.
    
    It affects your strength (+2).
(61, -49, Lair:3)
  a +0 club
(61, 10, Lair:3)
  a +0 spear
(66, -50, Lair:3)
  26 sling bullets

Level 4 of the Lair of Beasts
(0, 0, Lair:4)
  a +0 quarterstaff
(1, 19, Lair:4)
  the +11 hunting sling of Experimentation {velocity, *Corrode +Blink rN+}
    Any stone fired from it inflicts extra damage.
    
    It protects you from negative energy.
    It lets you blink.
    It may corrode you when you take damage.
(5, 20, Lair:4)
  a scroll of vulnerability
(8, 23, Lair:4)
  18 stones
(9, 18, Lair:4)
  the cursed +2 arbalest "Ronnex" {velocity, rC+ Dex+3}
    Any bolt fired from it inflicts extra damage.
    
    It affects your dexterity (+3).
    It protects you from cold.
    It has a curse placed upon it.
(31, 2, Lair:4)
  a +0 whip
(51, 44, Lair:4)
  a +0 pair of gloves
(56, -4, Lair:4)
  a +1 dagger of protection
  a +0 robe
(56, 18, Lair:4)
  16 bolts

Level 5 of the Lair of Beasts
(0, 0, Lair:5)
  a +4 antimagic executioner's axe
(0, 8, Lair:5)
  a throwing net
(10, 38, Lair:5)
  a +0 mace
(15, 37, Lair:5)
  a +0 shield
(31, 35, Lair:5)
  a +0 robe
(36, 36, Lair:5)
  a +0 hunting sling

Level 6 of the Lair of Beasts
(0, 0, Lair:6)
  20 stones
(0, 14, Lair:6)
  14 stones
(4, -3, Lair:6)
  a +2 war axe of freezing
(9, 18, Lair:6)
  a +0 flail
(19, 26, Lair:6)
  a +0 ring mail
(24, -15, Lair:6)
  a +0 robe
(27, 47, Lair:6)
  19 stones
(36, -11, Lair:6)
  +0 swamp dragon scales
(36, 13, Lair:6)
  a +4 quarterstaff of crushing
(41, -10, Lair:6)
  +0 fire dragon scales
(43, -6, Lair:6)
  a scroll of random uselessness
(44, -7, Lair:6)
  28 stones
(44, -6, Lair:6)
  29 stones
(46, -7, Lair:6)
  a +0 leather armour
(46, -6, Lair:6)
  a +0 hand crossbow of freezing
(46, -1, Lair:6)
  +0 steam dragon scales
(47, 45, Lair:6)
  a +0 quarterstaff
(50, 47, Lair:6)
  a scroll of amnesia
(51, 29, Lair:6)
  9 stones

Level 1 of the Snake Pit
[Shop] Qoitiyza's Gadget Boutique
  a wand of iceblast (9) (208 gold)
  a wand of random effects (18) (160 gold)
  a wand of random effects (10) (96 gold)
  a wand of acid (9) (416 gold)
  a lightning rod (4/4) (640 gold)
  a wand of acid (6) (320 gold)
  a wand of acid (2) (192 gold)
  a wand of polymorph (10) (192 gold)
  a wand of disintegration (13) (272 gold)
  a fan of gales (640 gold)
[Shop] Nekutod's Jewellery Emporium
  an uncursed ring of protection from fire (425 gold)
  an uncursed ring of resist corrosion (340 gold)
  an uncursed ring of stealth (297 gold)
  an uncursed ring of see invisible (255 gold)
  a cursed ring of attention (76 gold)
  an uncursed ring of see invisible (255 gold)
  an uncursed ring of protection from magic (425 gold)
  an uncursed amulet of regeneration (510 gold)
  an uncursed ring of stealth (297 gold)
  an uncursed amulet of regeneration (510 gold)
  an uncursed ring of fire (425 gold)
  a +2 ring of evasion (170 gold)
  an uncursed ring of magical power (340 gold)
[Shop] Tacaikha's Gadget Boutique
  a wand of digging (4) (208 gold)
  a phantom mirror (390 gold)
  a wand of flame (15) (110 gold)
  a wand of iceblast (5) (117 gold)
  a box of beasts (260 gold)
  a crystal ball of energy (260 gold)
  a wand of paralysis (8) (130 gold)
(0, 0, Snake:1)
  17 sling bullets
(0, 10, Snake:1)
  a +0 chain mail
(1, -2, Snake:1)
  15 poisoned darts
(3, -17, Snake:1)
  a +1 scimitar of protection
  a +2 shield
(3, 4, Snake:1)
  26 bolts
(4, -18, Snake:1)
  a +0 battleaxe
(4, -17, Snake:1)
  a +0 glaive
(10, -19, Snake:1)
  a +0 scimitar
(20, -18, Snake:1)
  a +0 flail
  a +0 robe
(21, -28, Snake:1)
  a +0 hand axe
(21, -20, Snake:1)
  a +2 dagger of venom
  a +0 robe
(28, 11, Snake:1)
  a +0 mace
  a +0 robe
(28, 13, Snake:1)
  a +2 long sword of draining
(29, -15, Snake:1)
  a +0 short sword
(36, -33, Snake:1)
  a +0 spear
(37, -34, Snake:1)
  a +0 trident
  a +0 robe
(37, -33, Snake:1)
  a +0 club
  a +0 robe
(40, 2, Snake:1)
  4 bolts
(41, -4, Snake:1)
  a +0 halberd
(41, 1, Snake:1)
  2 bolts
  a +1 broad axe of freezing
(42, 0, Snake:1)
  3 bolts
(43, -17, Snake:1)
  15 stones
(43, -1, Snake:1)
  a bolt
(43, 0, Snake:1)
  3 bolts
  a +2 dire flail of draining
  a +0 robe
(44, -9, Snake:1)
  16 sling bullets
(44, -1, Snake:1)
  a bolt
(44, 0, Snake:1)
  a +0 morningstar
(45, -2, Snake:1)
  a bolt
(46, -4, Snake:1)
  a +0 arbalest
  a +2 vampiric hand axe
  7 bolts
(46, -3, Snake:1)
  a +0 arbalest
  a +0 mace
  19 bolts
  a +0 robe
(61, -6, Snake:1)
  a +0 hand axe
(61, 23, Snake:1)
  a +0 whip

Level 2 of the Snake Pit
(0, 0, Snake:2)
  a +0 scale mail
(1, -29, Snake:2)
  a +0 plate armour
(1, -4, Snake:2)
  a +2 antimagic executioner's axe
(3, 21, Snake:2)
  12 stones
(14, -17, Snake:2)
  a +0 scale mail
(16, 12, Snake:2)
  a lightning rod (4/4)
(17, -24, Snake:2)
  a +0 dagger
  a +0 robe
(18, -24, Snake:2)
  a +0 mace
  a +0 spear
  a +0 trident
(19, -24, Snake:2)
  a +0 glaive
(21, -11, Snake:2)
  a cursed -1 trident
(22, 13, Snake:2)
  a +0 glaive
(24, 24, Snake:2)
  a +0 long sword
(27, 10, Snake:2)
  a +1 dagger of venom
  a +0 robe
(28, -25, Snake:2)
  27 stones
(28, 5, Snake:2)
  a +0 spear
  a +0 robe
(28, 6, Snake:2)
  a +0 halberd
(28, 8, Snake:2)
  a +1 halberd
(29, 28, Snake:2)
  a scroll of random uselessness
(30, 25, Snake:2)
  a wand of iceblast (8)
(31, -14, Snake:2)
  a +0 dire flail
(31, 10, Snake:2)
  a +0 trident
(41, 30, Snake:2)
  a +4 dire flail
(42, -24, Snake:2)
  19 stones
(42, 1, Snake:2)
  a +0 spear
  a +0 robe
(44, -3, Snake:2)
  a +0 spear
(58, 15, Snake:2)
  a +0 short sword
(59, -5, Snake:2)
  a bolt
(59, 16, Snake:2)
  a +0 battleaxe
  a +0 robe
(62, -6, Snake:2)
  a bolt
(62, 16, Snake:2)
  a +0 short sword
(62, 17, Snake:2)
  a +0 mace
  a +0 battleaxe
(63, -6, Snake:2)
  2 bolts
(63, 16, Snake:2)
  a +0 trident
(63, 17, Snake:2)
  a +0 short sword
  a +0 robe
(63, 18, Snake:2)
  a +3 dagger of venom
  a +0 robe
(64, -6, Snake:2)
  a bolt
(64, 18, Snake:2)
  a +0 dire flail
(64, 33, Snake:2)
  a +1 ring mail of poison resistance
(65, -6, Snake:2)
  a bolt
(66, -6, Snake:2)
  a +0 arbalest
  a +0 halberd
  13 bolts

Level 3 of the Snake Pit
(0, 0, Snake:3)
  an arrow
(0, 15, Snake:3)
  94 arrows
(1, 0, Snake:3)
  a +0 halberd
(3, -1, Snake:3)
  a +0 mace
(3, 0, Snake:3)
  a +0 shortbow of flaming
  25 arrows
(4, 0, Snake:3)
  a +0 battleaxe
(4, 4, Snake:3)
  a +0 glaive
(5, 0, Snake:3)
  a +0 hand axe
(6, 4, Snake:3)
  a +0 dire flail
(6, 5, Snake:3)
  a +0 hand axe
(8, 35, Snake:3)
  a +0 dagger of venom
  a +0 robe
(9, 42, Snake:3)
  13 stones
(10, 30, Snake:3)
  a wand of iceblast (11)
(12, 10, Snake:3)
  5 curare-tipped darts
(16, 23, Snake:3)
  a +0 pair of boots
(20, 12, Snake:3)
  a +0 leather armour
(21, 37, Snake:3)
  a cursed -3 mace
(22, 34, Snake:3)
  a +0 club
(22, 35, Snake:3)
  a +0 trident
(22, 37, Snake:3)
  a +0 spear
(22, 38, Snake:3)
  a +0 spear
(22, 40, Snake:3)
  26 stones
(26, 25, Snake:3)
  a +0 spear
  a +0 robe
(27, 16, Snake:3)
  a +0 trident
  a potion of degeneration
(28, 20, Snake:3)
  a +0 battleaxe
  a +0 robe
(29, 26, Snake:3)
  a +0 robe
(29, 28, Snake:3)
  a +0 whip
  a cursed +0 robe
(30, 28, Snake:3)
  a +0 glaive
  a +0 robe
(30, 30, Snake:3)
  a +0 war axe
(33, 39, Snake:3)
  a cursed +0 pair of boots
(35, 19, Snake:3)
  12 sling bullets
(53, 20, Snake:3)
  a wand of iceblast (8)

Level 4 of the Snake Pit
(0, 0, Snake:4)
  an arrow
(1, 1, Snake:4)
  an arrow
  (unseen)
(1, 2, Snake:4)
  2 bolts
(1, 3, Snake:4)
  an arrow (still there?)
  2 bolts (still there?)
(2, 1, Snake:4)
  a +0 robe
(2, 2, Snake:4)
  2 arrows
  15 bolts
(2, 3, Snake:4)
  2 arrows
  5 bolts
  a +0 mace
  a +0 robe
  a naga corpse
(3, 1, Snake:4)
  a +0 long sword
  a +0 shield
(3, 3, Snake:4)
  a bolt (still there?)
  a +0 mace (still there?)
  a naga corpse (still there?)
(4, -3, Snake:4)
  10 gold pieces
(4, 3, Snake:4)
  a bolt
  an anaconda corpse
(6, 3, Snake:4)
  a scroll of teleportation
(11, 3, Snake:4)
  a cursed +0 spear (still there?)
  a +0 trident (still there?)

