Vouh

Level 1 of the Dungeon
(0, 0, D:1)
  a +0 short sword
(4, 6, D:1)
  a +0 club
(14, -4, D:1)
  a +0 robe
(14, 22, D:1)
  23 bolts
(18, -29, D:1)
  20 stones
(18, -2, D:1)
  16 stones
(21, 0, D:1)
  22 stones
(24, 9, D:1)
  a +0 club
(26, 28, D:1)
  a +0 robe
(27, -22, D:1)
  a +0 ring mail
(27, -8, D:1)
  20 arrows
(28, -13, D:1)
  a +0 club
(28, 17, D:1)
  a cursed -3 club
(30, 18, D:1)
  18 stones
(32, -31, D:1)
  a stone
(33, -32, D:1)
  a stone
(34, -32, D:1)
  a stone
(35, -32, D:1)
  a stone
(40, 3, D:1)
  24 arrows
(41, -16, D:1)
  a +0 dagger

Level 2 of the Dungeon
(0, 0, D:2)
  a +0 leather armour
(9, -15, D:2)
  a +0 leather armour
(9, 0, D:2)
  a +0 short sword
(12, 0, D:2)
  2 stones
(12, 1, D:2)
  a stone
(18, 22, D:2)
  a +0 whip
(24, -8, D:2)
  a stone
(24, 32, D:2)
  a +2 antimagic spear
(26, -8, D:2)
  a +3 dagger of venom
  4 stones
(32, 24, D:2)
  9 sling bullets
(38, -13, D:2)
  a +0 robe
  a +0 dagger
  a +0 dagger
  a +0 robe
(39, -13, D:2)
  a +0 leather armour
  a +0 flail
(39, -12, D:2)
  a +0 falchion
  a +0 leather armour
  a +0 dagger
(42, -7, D:2)
  a cursed -3 ring of dexterity
  a cursed -2 leather armour
  a +0 hand axe
(43, 9, D:2)
  a +0 animal skin
(51, -8, D:2)
  a +0 dagger
  a +0 hunting sling
  22 stones
(52, -4, D:2)
  2 stones
(53, -3, D:2)
  a stone
(58, 8, D:2)
  a +0 mace

Level 3 of the Dungeon
(0, 0, D:3)
  a +0 hand axe
  a +0 flail
  a +0 scale mail
  a +0 leather armour
(0, 1, D:3)
  a +0 mace
(0, 2, D:3)
  a +0 whip
  an orc skeleton
(1, -32, D:3)
  a +0 short sword
(5, -35, D:3)
  a stone
(5, 12, D:3)
  a cursed -3 short sword
(6, -36, D:3)
  a stone
(8, -2, D:3)
  a +0 glaive
(9, -29, D:3)
  a scroll of amnesia
(10, 9, D:3)
  a cursed -3 club
  36 stones
(11, 3, D:3)
  3 stones
(11, 4, D:3)
  2 stones
(11, 6, D:3)
  a stone
(12, -19, D:3)
  17 bolts
(21, -29, D:3)
  a stone
(21, -28, D:3)
  a stone
(22, -33, D:3)
  a +0 hunting sling
  12 stones
(22, -30, D:3)
  a stone
(23, -5, D:3)
  a +0 scale mail
(27, 14, D:3)
  a rat skeleton
(31, 8, D:3)
  13 sling bullets
(37, -21, D:3)
  a +0 short sword
(41, -23, D:3)
  2 stones
(45, -22, D:3)
  a +0 rapier
(46, -21, D:3)
  a +0 whip
(47, -31, D:3)
  a +0 whip
  3 stones
(51, -29, D:3)
  a stone
(52, -28, D:3)
  a stone
(56, -15, D:3)
  a +0 dagger
  a +0 leather armour

Level 4 of the Dungeon
(0, 0, D:4)
  a poisoned dart
(0, 2, D:4)
  13 stones
(1, 3, D:4)
  a poisoned dart
(2, 4, D:4)
  16 poisoned darts

