                            ###                            
                           ##.##                           
                           #.>.#                           
                           ##)##                           
                           #.##                            
               #####       #)##                            
              ##.).##      ##.##                           
             ##.....##      #..####                        
             #...⌠...#   #####..#.##                       
             ##.....##  ##.# #.....##                      
              ###)###   #.## ##.....#                      
                #'#  ####..## ##...##                      
               ##.####.##...###....#                       
     #####     #.###..####...##...##                       
    ##...##    #...#...# ##..#....#   ##........           
   ##.....##   ##......#  ##..))..#  ##............#       
  ##.......##   ##....##   #..)).## ##........#.... #      
  #.........#    ##....#  ##.....#  #.........#... .#      
  #....8....#    ####..## #....###  #....<.......##.##.    
  #.........#   ##..#...###....#    #........... #......   
  ##.......##   #..............#     #.......#.##.......   
   ##^....##   ##.####.......###      #....))#.#........   
    ##.))##    #.##  ###.....#        ##...)))..........   
     #.))##    ###     #...###        ##...##)).........   
 ...###)..##           #'######      ##...###.)÷........   
...o.##....#           #.##..(#.#    #....##...)........   
#.....##...###         #.##...#.#   ##...##...........#    
 #.o...#....##.#####+###.###'##.+   #....#..........#..#   
 #.....##...# .......#..).......#   #...##........#....#   
  #.....#...#####....#.##'##....#   #..)#.....##..####..   
  #....o##..##..#....#.#.).#....#  ##..##.....######   .   
  #...{[)#).)#..'......#...#....+  #...#......##...##      
  ##..o..T...#(.#.####)#####.####  #.........##..(..##     
  .##.).o)o..####.#).#..........####^.......##.....).##    
 ho8...8Too8)####.').#.)...####.##8............[.)....###  
.oo..o..h.oo.'....#..#..⌠..#.)#..+...............<......#  
...8...8..o8.####.####.....#..'.##8............[)[........ 
...##........#  #.......)..#..#.####........##........#..# 
..##.........#  ####.#####.####.#).#..[......##......## #. 
.##......#...#  +....#.[.#......'..#..........##...###     
  #.....##..##  #....#.).#.######).#..........######       
  #..... ...#####....##)##.# #######..........#            
  .....##...##.......).....###.#  #.....#......            
             #.#####)###.###..### #......#......           
                  #...##.##.....# ##.....##......          
                  #...##.###....## ##.....##.              
                  ######'#....##.####)[)[.##               
                     ##.....######.#..)#)..##              
                    ##..........#.#..##.....#              
                    #............##.##......##             
                  ...............#####.))....#             
                  ................###........#             
                 ≈≈≈#♣......)#...##......<...#             
                 ≈≈# ####....).###............#            
                       #.....)..##............#            
                      ♣.......................#            
                     ≈...♣.................##...           
                    #≈≈≈.............####### ###           
                    ≈≈≈≈≈P♣..........#                     
                     ≈≈≈≈###.........#                     
                      ≈≈≈  #.........+                     
                      #≈   ###.......#                     
                             ...###..#                     
                                                           
                                                 ########  
                                                 #.T§§§§## 
                                                 +..3≈§≈§# 
                                                 #.o3§≈≈≈≈≈
                                                 #######≈§≈
                                                          #
