Arcades

Level 1 of the Dungeon
(0, 0, D:1)
  a +0 dagger
(3, 8, D:1)
  18 sling bullets
(5, 32, D:1)
  a +0 dagger
(12, 24, D:1)
  31 arrows
(18, 4, D:1)
  a +0 hand axe
(19, 19, D:1)
  21 stones
(27, 23, D:1)
  a cursed -2 mace
(28, -4, D:1)
  a +0 dagger
(35, 38, D:1)
  a cursed -2 dagger
(36, 8, D:1)
  a +0 hunting sling
(38, 9, D:1)
  19 stones

Level 2 of the Dungeon
(0, 0, D:2)
  a +0 club
(3, -5, D:2)
  an uncursed ring of wizardry
(7, 20, D:2)
  a +0 dagger
(10, 18, D:2)
  a stone
(15, 18, D:2)
  a stone
(16, 18, D:2)
  a stone
(20, 15, D:2)
  a +0 dagger
(29, 15, D:2)
  a +0 club
(33, 5, D:2)
  24 stones
(53, -4, D:2)
  a +0 whip

Level 3 of the Dungeon
(0, 0, D:3)
  a +0 ring mail
(4, -13, D:3)
  20 arrows
(8, -15, D:3)
  a +0 dagger
(10, -14, D:3)
  a stone
(10, -2, D:3)
  19 stones
(13, -10, D:3)
  a +0 dagger
  a +0 leather armour
(13, 17, D:3)
  a cursed +0 club
(14, -12, D:3)
  a +0 trident
  a +0 flail
(17, -1, D:3)
  a +0 robe
(19, -40, D:3)
  24 arrows
(22, -7, D:3)
  a stone
(22, -3, D:3)
  a +0 dagger
(23, 10, D:3)
  a +0 spear
(24, -14, D:3)
  a +0 leather armour
(24, -9, D:3)
  a +1 hunting sling of flaming
(25, 11, D:3)
  a +0 club
(28, -5, D:3)
  a cursed -2 club
(28, 12, D:3)
  a stone
(29, -13, D:3)
  a +0 flail
(29, -6, D:3)
  a stone
  2 poisoned darts
(29, -4, D:3)
  a +0 dagger
  4 poisoned darts
(30, -8, D:3)
  8 bolts
(30, -5, D:3)
  a +0 dagger
  3 poisoned darts
  27 arrows
(30, -4, D:3)
  a +0 dagger
  10 stones
(31, 12, D:3)
  a stone
(31, 13, D:3)
  a stone
(36, -33, D:3)
  a +0 plate armour
(51, -11, D:3)
  a +0 ring mail

Level 4 of the Dungeon
(0, 0, D:4)
  a +0 flail
(8, -37, D:4)
  12 stones
(10, -9, D:4)
  a +0 hunting sling
(14, -1, D:4)
  14 stones
(16, -40, D:4)
  22 stones
(21, -52, D:4)
  a +0 mace
  a +0 leather armour
(25, -48, D:4)
  a +0 dagger
(38, -9, D:4)
  a +0 leather armour
(40, 1, D:4)
  a +0 giant club
(47, -38, D:4)
  a cursed -3 mace
(49, 8, D:4)
  a cursed -3 whip
(50, -1, D:4)
  20 stones
(51, -38, D:4)
  a +0 scythe
  a +0 robe
(54, -38, D:4)
  a +0 plate armour
(56, 11, D:4)
  a +0 dagger
(57, -16, D:4)
  15 bolts
(59, -46, D:4)
  a +2 cloak
(60, -1, D:4)
  a +0 hunting sling

Level 5 of the Dungeon
(0, 0, D:5)
  an arrow
(2, 0, D:5)
  2 arrows
(5, -20, D:5)
  a +0 ring mail
(5, 0, D:5)
  an arrow
(7, -13, D:5)
  a +0 chain mail
(7, 0, D:5)
  a +1 shortbow of freezing
  14 arrows
(8, 27, D:5)
  a stone
(9, 28, D:5)
  a stone
(10, 28, D:5)
  3 stones
(11, 26, D:5)
  a stone
(11, 28, D:5)
  26 stones
(12, 25, D:5)
  2 stones
(12, 28, D:5)
  3 stones
(13, 28, D:5)
  a +0 animal skin
  a +0 animal skin
  a +0 animal skin
  a +0 animal skin
  a +0 animal skin
  4 stones
  a +0 animal skin
(13, 30, D:5)
  a stone
(14, 14, D:5)
  a +1 rapier of freezing
  a +3 leather armour of fire resistance
(14, 27, D:5)
  21 stones
(14, 28, D:5)
  22 stones
(14, 31, D:5)
  a stone
(15, 26, D:5)
  14 stones
(19, 5, D:5)
  a +0 whip
(21, 0, D:5)
  17 stones
(21, 27, D:5)
  a +0 short sword
(25, -6, D:5)
  a +0 dagger
(34, -6, D:5)
  29 stones
(40, 16, D:5)
  13 stones
(45, 2, D:5)
  25 sling bullets
(49, -6, D:5)
  13 stones
(50, 5, D:5)
  17 stones
(51, -15, D:5)
  a +0 robe
(64, 27, D:5)
  a cursed -2 spear
(64, 28, D:5)
  a +0 club
(64, 29, D:5)
  a +0 club

Level 6 of the Dungeon
(1, 0, D:6)
  an arrow
(1, 21, D:6)
  a +0 robe
(3, -3, D:6)
  2 arrows
(4, -5, D:6)
  a +0 shortbow
  15 arrows
(11, -8, D:6)
  a +2 whip of electrocution
  a +0 leather armour
(31, 11, D:6)
  a +0 ring mail
(31, 27, D:6)
  a +0 dagger
(39, -5, D:6)
  a +0 whip

Level 7 of the Dungeon
(0, 0, D:7)
  a book of Changes
(1, 2, D:7)
  a +0 short sword
(7, 19, D:7)
  a +0 battleaxe
(9, 24, D:7)
  a +0 dagger
  a +1 robe of cold resistance
(10, 23, D:7)
  a +0 short sword
  a +0 ring mail
(10, 32, D:7)
  a cursed -2 giant club
  a throwing net
(19, 21, D:7)
  a +2 dagger of chaos
(20, 15, D:7)
  a +0 flail
(22, 15, D:7)
  a +0 trident
(23, 16, D:7)
  a +0 glaive
  a +0 chain mail
(28, -16, D:7)
  a +0 ring mail
(34, -16, D:7)
  a +0 large shield
(40, 8, D:7)
  a +0 ring mail
(40, 11, D:7)
  a +0 shortbow
  15 arrows
(41, -12, D:7)
  19 bolts
(41, 11, D:7)
  a +0 shortbow
  18 arrows
(41, 12, D:7)
  3 arrows
(42, -16, D:7)
  a +0 spear
(42, 12, D:7)
  an arrow
(42, 14, D:7)
  an arrow
(43, -15, D:7)
  a +0 trident
(43, -14, D:7)
  a +0 dagger
  a +0 robe
(43, -13, D:7)
  a +0 club
  a cursed +0 leather armour
(43, 12, D:7)
  an arrow
(45, -10, D:7)
  a +0 rapier

Level 8 of the Dungeon
[Shop] Miaqahuv's Armour Boutique
  a +0 leather armour (32 gold)
  a +1 centaur barding of flying (560 gold)
  a +2 pair of boots of stealth (344 gold)
  a +0 cloak (72 gold)
  a +0 scale mail (64 gold)
  the +1 robe of Tenacity {Dex+5} (371 gold)
    It affects your dexterity (+5).
  a +0 cloak of poison resistance (136 gold)
  a +0 plate armour of cold resistance (480 gold)
  a +0 ring mail (64 gold)
(0, 0, D:8)
  5 poisoned darts
  a +0 chain mail
(1, 0, D:8)
  2 stones
(4, -3, D:8)
  5 poisoned darts
(4, -2, D:8)
  a cursed +0 short sword
  a +0 flail
  a stone
(4, -1, D:8)
  a stone
(6, -13, D:8)
  a +0 pair of gloves
(6, -3, D:8)
  a stone
  a +0 whip
(11, -3, D:8)
  2 poisoned darts
(13, -3, D:8)
  20 sling bullets
(14, -6, D:8)
  a cursed +4 war axe
  a +0 robe
(15, -7, D:8)
  a +3 mace of freezing
  a +0 robe
  a +0 mace
  a +0 robe
(17, -18, D:8)
  a +0 hand axe
(23, -29, D:8)
  a +0 rapier
(24, -36, D:8)
  24 stones
(24, -35, D:8)
  a book of Frost
(24, -23, D:8)
  a +0 scimitar
  a +0 robe
(24, -12, D:8)
  a +0 leather armour
  a +0 scale mail
(25, -30, D:8)
  2 arrows
(25, -28, D:8)
  an arrow
(25, -26, D:8)
  an arrow
(25, -25, D:8)
  an arrow
(25, -23, D:8)
  a +0 shortbow
  20 arrows
(25, -10, D:8)
  an uncursed staff of cold
  an uncursed staff of earth
  a sack of spiders
  the +2 ratskin cloak {+Rats rPois rN+ Str-1 Int-1 Dex+1}
    It affects your strength (-1).
    It affects your intelligence (-1).
    It affects your dexterity (+1).
    It protects you from poison.
    It protects you from negative energy.
(26, -29, D:8)
  an arrow
(26, -12, D:8)
  a cursed -1 hunting sling
(27, 3, D:8)
  a +0 shortbow
  15 arrows
(28, 3, D:8)
  a +0 flail
  a +0 whip
  a +2 spear of piercing
(29, 3, D:8)
  2 arrows
(30, 2, D:8)
  a +0 spear
  a +0 scale mail
(30, 5, D:8)
  18 stones
(33, -10, D:8)
  a +0 shield
(35, 7, D:8)
  a cursed +0 robe
(39, -33, D:8)
  a +0 scale mail

Level 9 of the Dungeon
[Shop] Xibidublo's Armour Shoppe
  the cursed +1 plate armour "Qeurum" {rC+ Stlth+} (459 gold)
    It protects you from cold.
    It makes you more stealthy.
    It has a curse placed upon it.
  a +0 robe (7 gold)
  the cursed +0 scale mail of Elitism {rPois rF- Str-4 Dex+10} (195 gold)
    It affects your strength (-4).
    It affects your dexterity (+10).
    It makes you vulnerable to fire.
    It protects you from poison.
    It has a curse placed upon it.
  a +0 plate armour (253 gold)
  a +0 robe (7 gold)
  the +1 ring mail of the Ant {rC+} (253 gold)
    It protects you from cold.
  a +0 leather armour (22 gold)
(0, 0, D:9)
  a +0 rapier
(17, 0, D:9)
  a +0 shield
(22, 10, D:9)
  a +0 ring mail
(28, -4, D:9)
  16 stones
(28, 8, D:9)
  a +0 whip
(28, 16, D:9)
  16 stones
(28, 28, D:9)
  a cursed -2 rapier
(36, 5, D:9)
  a +0 pair of boots
(41, 18, D:9)
  a +0 mace
  a +0 leather armour
  a +0 battleaxe
  a +0 plate armour
(41, 19, D:9)
  a +0 short sword
  a +0 leather armour
  a +0 club

Level 10 of the Dungeon
(1, 0, D:10)
  a +1 flail of protection
  a +0 trident
(1, 7, D:10)
  a +0 war axe
  13 stones
(2, -4, D:10)
  a +0 leather armour
(2, 0, D:10)
  a +0 mace
(2, 3, D:10)
  a +0 dagger
  a +0 chain mail
  a stone
(2, 4, D:10)
  a +1 hand axe of chopping
  a cursed +0 ring mail
(2, 5, D:10)
  a +0 dagger
  a +0 robe
  a stone
(2, 6, D:10)
  a +0 chain mail
(2, 7, D:10)
  a cursed -1 whip
(5, 16, D:10)
  a +0 robe
(15, -4, D:10)
  a cursed +0 scimitar
  a +0 robe
(16, -4, D:10)
  a cursed +0 great sword
  a +0 robe
  a cursed +2 dire flail
  a +0 robe
(20, 8, D:10)
  a +0 war axe
  a +0 ring mail
(20, 9, D:10)
  a +4 antimagic battleaxe
(21, 8, D:10)
  a +0 dagger
  a +0 robe
(21, 9, D:10)
  a +0 mace
(21, 14, D:10)
  a +0 giant spiked club
(22, -1, D:10)
  a +0 chain mail
(22, 9, D:10)
  a +0 glaive
  a +0 chain mail
(33, 40, D:10)
  a +0 plate armour
(37, 28, D:10)
  a +0 falchion
(38, 17, D:10)
  a +0 ring mail
(48, 13, D:10)
  a +0 leather armour

the Ecumenical Temple

Level 1 of the Lair of Beasts
(0, 0, Lair:1)
  a +0 quarterstaff
(5, -47, Lair:1)
  12 sling bullets
(12, -26, Lair:1)
  6 stones
(14, -46, Lair:1)
  12 stones
(15, -27, Lair:1)
  a +0 short sword
(28, -12, Lair:1)
  a +0 plate armour
(34, -11, Lair:1)
  the +3 falchion of Optimality {elec, +Rage Int-4 Dex+4}
    Occasionally, upon striking a foe, it will discharge some electrical energy
    and cause terrible harm.
    
    It affects your intelligence (-4).
    It affects your dexterity (+4).
    It lets you go berserk.
(36, -34, Lair:1)
  a cursed -3 flail
(36, -7, Lair:1)
  a +0 quarterstaff
(46, -48, Lair:1)
  18 stones
(49, -9, Lair:1)
  27 stones
(50, -45, Lair:1)
  a +0 leather armour
(50, -31, Lair:1)
  a +0 battleaxe

Level 2 of the Lair of Beasts
(18, 19, Lair:2)
  5 stones
(23, 28, Lair:2)
  a +3 antimagic rapier
(28, -1, Lair:2)
  22 stones
(30, 14, Lair:2)
  19 arrows
(36, 19, Lair:2)
  a +0 ring mail
(36, 50, Lair:2)
  a +0 leather armour
(36, 51, Lair:2)
  a +0 chain mail
(42, 36, Lair:2)
  a +0 flail
(44, 34, Lair:2)
  20 stones

Level 1 of the Swamp
(0, 0, Swamp:1)
  11 stones
(2, 10, Swamp:1)
  the +0 ring mail of Hyukkene {*Slow MR++ rCorr Slay+5}
    It affects your accuracy and damage with ranged weapons and melee attacks
    (+5).
    It affects your resistance to hostile enchantments.
    It provides partial protection from all sources of acid and corrosion.
    It may slow you when you take damage.

