Kownaw

Level 1 of the Dungeon
(4, -25, D:1)
  a +0 dagger
  a +0 short sword
(14, 7, D:1)
  a +0 mace
(17, -26, D:1)
  a +0 dagger
(19, -30, D:1)
  a +0 short sword
(27, 3, D:1)
  a +0 animal skin

Level 2 of the Dungeon
(0, 0, D:2)
  a +0 club
(10, -18, D:2)
  a +0 short sword
  a +0 animal skin
  a +0 helmet
  a +0 dagger
(10, -17, D:2)
  a cursed -2 club
(11, -20, D:2)
  a +0 club
(11, -18, D:2)
  a +0 dagger
  a +0 hunting sling
  a +0 club
  a +0 dagger
(12, -20, D:2)
  a +0 dagger
  a +0 dagger
(14, 0, D:2)
  a +0 club
(14, 1, D:2)
  a +0 club
(15, -18, D:2)
  a +0 whip
(35, 0, D:2)
  a +0 club
  a +2 whip of venom
(35, 1, D:2)
  a +0 halberd
(36, -2, D:2)
  a +0 short sword
(40, -2, D:2)
  a +0 short sword
(45, -21, D:2)
  a +0 club
(47, -29, D:2)
  a +0 dagger

Level 3 of the Dungeon
(0, 0, D:3)
  a scroll of teleportation
(4, -1, D:3)
  a +0 club
  (unseen)
(6, -2, D:3)
  a +0 mace
(6, -1, D:3)
  a +0 leather armour
  an orc corpse
(6, 4, D:3)
  a stone
(7, 2, D:3)
  a stone
(8, -12, D:3)
  a quokka skeleton
(8, -4, D:3)
  a +0 hunting sling
(9, -15, D:3)
  a rat skeleton
(9, 0, D:3)
  16 gold pieces
(9, 4, D:3)
  a stone
(9, 5, D:3)
  a stone
(10, 5, D:3)
  a stone
(12, -8, D:3)
  a +0 short sword
(12, -5, D:3)
  a bat skeleton
(13, 3, D:3)
  14 gold pieces

