                                                             #####        
                                                             #.#.#        
                                                             #.#.#        
   #####  ##                                              ####...#        
   #8_8#  ..#                                             #....#.#        
   #...#  #.#                                             #.####.#        
   #...#  #.#                                             #.#  #.#        
   ##.##  #.#                           #############     #.#  #.#        
   #...#  #.#          #####            #...........#     #.#  #.#        
   #...####.############...##############...........#     #.#  #.#        
   #..........................................>.....#     #.#  #.#######  
   #...####.####..######...#####...######...........#     #.#  #.#.....#  
   #..........)#.......'....#  #...#    ####+#+#.#'##     #.#  #.#.###.#  
  ##...###.....#..######....## #...#   #####.#.#.#.#      #.#  #.#.# #.#  
  #.........)#.#..#    #....#..+...+   ..........#.########.#  #.#.# #.#  
  #............#..#    #....#.##...#    ...#.#...#..........#  #.#.# #.#  
  #...###.#....#.÷#    #....#.##...#       #.#...##########.####.#.# #.#  
  ##........<#.#.(#   ##....#.##...#       #.#...#.............#.#.# #.#  
   #.###.....#.#..#   ......#.##...#       #.#...#.###########.#.#.# #.#  
   #...'.......#..#   ......#.##...#########.#.#.#...#       #.#.#.# #.#  
########.....###..#   .....................#.#.#.....#       #.#.#.# #.#  
#...[..'.....'.#..# #########.###########.##.#.#.....#       #.#.#.# #.#  
#.######.....#.#.>. ...............................###       #.#.#.# #.#  
#.#    #.....# ####  ######.######........##.#.#...#         #.#.#.# #.#  
#.#    #.....#            #.#    #.........#.#.....###########.#.#.# #.#  
#.#    #.....#            #.######.......#.#'####).##..........#.#.# #.#  
#.#    #.....#   #######  #.#....#.......#.......#).#..........#.#.# #.#  
#.#    #.....#.###.....####.#....#.......#.......#..#.)..........#.# #.#  
#.#     ######......)..'....#....#.......#.......#.............#...# #.#  
#.################.....######....#.......#.#+#####.......))...##.#####.###
#................'.....'.........'.......#.#.#   #.....#.................#
##################.....###########.......#.#.#   #.....#.###.#.#.#########
        .......  #.....#        #.÷..........#   #.#...#.#<..#.#.#        
        .......###.....#        #......###.###   #.#...#.##..#.#.#        
        ........(......#        #......# #.#     #.#.#.#.##..#.#.#        
        ........Kg.....#        #...(..# #.#######.#...#.##..#.#.#        
        ...............#        #......# #.........#...#.....#.#.#        
        ..........##.....       #......# #...#######...####.##.#.#        
        ..........' .....+      #......# #.....................#.#        
        ..........##.....#      #.[....# #................#.####.#        
        ..........# .....#      #......######..................#.#        
        ..........#   #..       ##(......#  #..................#.#        
                                 ##......#  #########.....######.#        
                                  #......#  #########............#        
                                  #......#  #.............########        
                                  ##'#####  #.............#               
                                   #.#      #.........÷...#               
                                   ###      ##........#####               
                                             #........#                   
                                            ##........#                   
                                          ..##........#                   
                                          ..>#........#                   
                                         ...##......^.#                   
                                         ..8##........#                   
                                         _## ##########                   
