Arcades

Level 1 of the Dungeon
(0, 0, D:1)
  a cursed +0 leather armour
(15, 0, D:1)
  a +0 club
(19, -8, D:1)
  a +0 dagger
(26, -14, D:1)
  a cursed -2 dagger
(27, 39, D:1)
  a stone
(29, 32, D:1)
  a +0 club
(30, 39, D:1)
  a +0 short sword
  4 stones
(33, 1, D:1)
  3 stones
  a +0 club
(38, -14, D:1)
  a stone
(40, -15, D:1)
  a +0 club
(48, 2, D:1)
  a +0 short sword
(52, 27, D:1)
  a +0 whip

Level 2 of the Dungeon
(0, 0, D:2)
  a +0 robe
  a cursed -2 scythe
(7, -15, D:2)
  19 stones
(7, 12, D:2)
  a +0 club
(8, 12, D:2)
  a +0 club
(9, 13, D:2)
  a +0 club
(12, -26, D:2)
  a +0 club
(13, 14, D:2)
  a +0 club
(23, -28, D:2)
  25 arrows
(32, -16, D:2)
  a +0 club
(32, -12, D:2)
  a +0 short sword
(33, -4, D:2)
  14 stones
(33, -3, D:2)
  a +0 scimitar
(38, 13, D:2)
  25 stones

Level 3 of the Dungeon
(0, 0, D:3)
  a +0 dagger
  a goblin skeleton
(4, 1, D:3)
  18 stones
(5, 5, D:3)
  11 stones
(7, -11, D:3)
  a +0 hand axe
  a +0 flail
  a +0 dagger
  a +0 robe
  a +0 hand axe
  a +0 leather armour
  an orc skeleton
(7, 4, D:3)
  a cursed -2 falchion
  a +0 club
  a hobgoblin skeleton
(7, 5, D:3)
  a +0 club
  a +0 ring mail
  a +0 club
  a +0 leather armour
  a +0 dagger
  an orc skeleton
  a goblin skeleton
(16, -19, D:3)
  a +0 ring mail
(16, -17, D:3)
  a +0 club
(16, -7, D:3)
  21 stones
(25, -24, D:3)
  a jackal skeleton
  a jackal skeleton
  a jackal skeleton
  a jackal skeleton
  a frilled lizard skeleton
(28, -16, D:3)
  a +0 leather armour
(31, -15, D:3)
  a +0 club
  a +0 leather armour
(31, -14, D:3)
  a +2 dagger of protection
  a +0 ring mail
  a +0 club
  a +0 leather armour
(32, -15, D:3)
  a +0 ring mail
(33, -15, D:3)
  a +0 club
(40, -15, D:3)
  a +0 robe
(50, -11, D:3)
  a kobold corpse (skeletalised by now)
(56, -8, D:3)
  a +0 dagger
  a +0 ring mail

Level 6 of the Dungeon
(0, 0, D:6)
  28 bolts
(8, 3, D:6)
  a +0 spear
  (unseen)

