Vouh

Level 1 of the Dungeon
(2, 17, D:1)
  a stone
(5, 1, D:1)
  a +0 club
(6, 16, D:1)
  a +0 whip
(23, 1, D:1)
  a +0 club
  a +0 hand axe
(24, 0, D:1)
  a +0 helmet
(34, -9, D:1)
  a +0 club
(36, 22, D:1)
  a stone
(36, 29, D:1)
  a stone
(37, 4, D:1)
  a +0 hunting sling
(37, 25, D:1)
  a stone
(38, 28, D:1)
  2 stones

Level 2 of the Dungeon
(0, 0, D:2)
  a +0 animal skin
(10, -24, D:2)
  a +0 hunting sling of flaming
(21, 2, D:2)
  14 stones
(24, -19, D:2)
  3 stones
(25, -19, D:2)
  a +0 dagger
(32, 7, D:2)
  18 arrows
(33, -23, D:2)
  27 stones
(57, 24, D:2)
  a +0 club

Level 3 of the Dungeon
(2, -10, D:3)
  a +0 leather armour
(7, 29, D:3)
  an uncursed staff of conjuration
(14, 2, D:3)
  a +0 club
(20, 19, D:3)
  a +4 short sword of venom
(27, -1, D:3)
  26 bolts
(30, 24, D:3)
  a stone
(32, 22, D:3)
  a +0 dagger
  4 stones
(35, -17, D:3)
  a +0 club
  26 arrows
(36, 11, D:3)
  22 arrows
(38, -18, D:3)
  a +0 trident
(40, -13, D:3)
  19 stones
(42, -10, D:3)
  a stone
(43, -11, D:3)
  a stone
(43, -8, D:3)
  a stone
(44, -12, D:3)
  a +0 ring mail
(45, -12, D:3)
  a +0 club
(47, 19, D:3)
  a +0 club
(50, -11, D:3)
  25 sling bullets
(60, 20, D:3)
  a stone
(61, 3, D:3)
  18 stones
(62, 10, D:3)
  a +0 hunting sling

Level 4 of the Dungeon
(0, 0, D:4)
  a +0 mace
(2, -30, D:4)
  10 stones
(6, -22, D:4)
  a +0 giant club
(8, -30, D:4)
  a +0 hand axe
(8, -8, D:4)
  a +0 whip of flaming
(9, -31, D:4)
  an uncursed ring of wizardry
(11, 16, D:4)
  a +0 mace
(12, -29, D:4)
  a cursed +0 ring mail
(14, 6, D:4)
  a +0 scale mail
(14, 15, D:4)
  a +0 cloak
  a +2 quarterstaff of chaos
(18, 2, D:4)
  7 curare-tipped darts
(32, -1, D:4)
  19 stones
(35, -7, D:4)
  a +0 robe
(38, -12, D:4)
  a cursed -2 giant spiked club
(41, -30, D:4)
  a +0 whip
(41, -28, D:4)
  a +0 halberd
  a throwing net
(41, -27, D:4)
  a +0 club
  a +0 club
  a +0 robe
(42, -5, D:4)
  28 sling bullets
(43, -31, D:4)
  a +0 whip
  a +0 spear
(44, -29, D:4)
  a +0 hand axe
  a +0 leather armour
(45, -27, D:4)
  a +0 hand axe
  a +0 leather armour
(46, -13, D:4)
  a +0 club
(47, -27, D:4)
  a +0 dagger
  a +0 robe
(48, -27, D:4)
  a +0 dagger
  a +0 scale mail
(48, -13, D:4)
  a +0 dagger
  a +0 leather armour

Level 5 of the Dungeon
(0, 0, D:5)
  7 boomerangs
(8, -6, D:5)
  a +0 scale mail
(12, -16, D:5)
  a +0 scale mail
(13, -12, D:5)
  a +0 giant club
(13, 21, D:5)
  a cursed +0 helmet
(14, 23, D:5)
  14 stones
(15, -11, D:5)
  a +0 robe
(16, 2, D:5)
  an uncursed staff of fire
(16, 6, D:5)
  26 stones
(20, -8, D:5)
  21 stones
(20, 11, D:5)
  a +0 flail
(23, -24, D:5)
  a +0 hand crossbow
(26, 9, D:5)
  22 stones
(29, 23, D:5)
  a +0 leather armour
(29, 24, D:5)
  a +0 trident
(30, 23, D:5)
  a +0 dagger
  a +0 robe
  a +0 short sword
  a +0 scale mail
(38, 2, D:5)
  19 arrows
(41, 0, D:5)
  a +0 dagger
(44, 0, D:5)
  20 bolts
(45, -1, D:5)
  a +0 long sword
(47, -8, D:5)
  7 boomerangs
(49, 19, D:5)
  a +0 spear
(50, 20, D:5)
  12 stones
(53, 19, D:5)
  a +0 buckler

Level 6 of the Dungeon
[Shop] Ryuliat Osh's Antique Weapon Emporium
  a cursed +0 war axe (47 gold)
  a +0 falchion (57 gold)
  a +0 rapier (76 gold)
  a +0 whip (47 gold)
  a +1 flail of protection (212 gold)
  a +0 arbalest of flaming (191 gold)
  a +0 great sword (123 gold)
  a +0 arbalest (85 gold)
  a +0 mace (57 gold)
  a +2 halberd of venom (319 gold)
  a +0 trident of freezing (157 gold)
(1, 1, D:6)
  a +0 short sword
(13, -21, D:6)
  a +0 whip
(14, -20, D:6)
  a +0 flail
(14, -19, D:6)
  a +0 spear
(16, -38, D:6)
  a +0 quarterstaff
(19, -29, D:6)
  a +0 arbalest
(21, -28, D:6)
  29 stones

Level 7 of the Dungeon
(0, 0, D:7)
  a +1 whip of electrocution
  a +0 robe
(5, 3, D:7)
  25 arrows
(16, -3, D:7)
  a +0 naga barding
(20, -13, D:7)
  a +0 giant spiked club
  a throwing net
(22, -4, D:7)
  an arrow
(23, -3, D:7)
  an arrow
(25, -3, D:7)
  a +0 shortbow
  15 arrows
(28, 0, D:7)
  17 stones
(30, -8, D:7)
  15 arrows
(36, -38, D:7)
  a +0 war axe
(37, -4, D:7)
  a +0 great sword
(40, -10, D:7)
  10 stones
(45, -10, D:7)
  a +0 trident
(47, -6, D:7)
  a +0 chain mail

Level 8 of the Dungeon
(2, 7, D:8)
  a +0 whip
(10, -12, D:8)
  a +0 robe
(19, -1, D:8)
  a +0 dagger
(21, 3, D:8)
  a +2 short sword of draining
  a +0 chain mail
(22, 3, D:8)
  a +0 demon whip of electrocution
  a +4 dire flail of holy wrath
  a +0 ring mail of cold resistance
  a +0 buckler
(22, 18, D:8)
  a +0 club
(23, -10, D:8)
  23 sling bullets
(23, 3, D:8)
  a +0 dagger
  a cursed +0 robe
(23, 17, D:8)
  a cursed +0 dagger
  a +0 battleaxe
  a +0 chain mail
(23, 28, D:8)
  18 stones
(28, -4, D:8)
  16 stones
(39, 1, D:8)
  a +0 robe
(39, 24, D:8)
  a +0 whip

Level 1 of the Lair of Beasts
(0, 0, Lair:1)
  a spiny frog corpse (skeletalised by now)
(8, -22, Lair:1)
  a +0 scimitar
(9, 29, Lair:1)
  a yak skeleton
  a yak skeleton
(10, 30, Lair:1)
  a yak skeleton
(11, 29, Lair:1)
  a spiny frog corpse
(27, -5, Lair:1)
  a +0 leather armour

