                           ############################                   
                     #######.....##...................##########          
              ########>.........................#####.#........           
              #....[.#.#####.....##.###########.#####........#            
              #.####.#.#   #.....##.#   #...........#........#            
              #.#<.#.#.############.#   #.######.##.#........#            
              #.##.#.#.##.....#   #.#####.# #.....#.#........#            
              #....#.#.##..<..#####.......###...#.#.#.#.#######           
####################.#.##...........................#.........#           
#..........).........#.##.....###############...#..##.........#           
##.###################............................>...........#           
 #.#                 #.####.########....######........))......#           
 #.#                 #.# ##'###### #....#    #.#.....<.)#######           
 #.#                 #.# #.......# #....######.#.##..#######              
 #.#   ###########   #.# #.......# #....#...##.#...÷........              
 #.#   #.........#   #.# #.......# #....#...##.#..##..#####               
 #.#   #.........# ###.####'########....#...##.#..##..###########         
 #.#   #.........# #......#.##..........#...##.#..###...........#         
 #.#   #.........# #...^..#.##..............##.#..# #...#######.#         
 #.#   #.........###......#.......÷............#..# ##..#.....#.#         
 #.#   #..................####......##......####     #...<..# #.#         
 #.#   #.................>#  #......##......#   ..####..###.# #.#         
 #.#   #########..........#  #......##......#   ............# #.#         
 #.#           #..........#  #......##......#####.#####..#..# #.#         
##.#######     #..........#  #......#####......#  #####..#..#.#.####      
#....[...#######..........#  #......#   #......#  #...........#.†).#      
######.....(....######'##############   ###....#  #.####.#########.#######
     #..........# #.........#             ######       #.>.........s.O...#
     #..........# #.........#                     #................#####.#
     #..........# #.........#                     ##################   #.#
     #..........###...=.....#                                          #.#
     #......................#                                          #.#
     #...[......###.........#                                          #.#
     #..........# #.........#                                          #s#
     ############ #.........#                                .         #.#
                  #.........#                                ..        #.#
                  #.........#                                ...       #s#
                  #.........#                                ....      #.#
                  #.........#                                .....     #O#
                  ###########                                .(....#####.#
                                                             .......†O†..#
                                                             ......#######
                                                             #####        
