               #                 
              .#                 
             ..                  
   #########'##############+#####
   #..b.z.z...............#.§...#
   #...M.†.....^.^........#....§#
   #......Z...........§...#.)2§§#
   #...L..VM...^......s...#.^§..#
   +...2.WM1MM........W.s.#...(.#
   #.....Z.W...W.....sssM.#..^..#
   #.^#^....W.8M......#.ss###'###
   #..#......###..MM..#...#..!..#
   #..#..^.z#...#..zV.#..W#.....#
   #..#.§..#.....#....#...#.....#
   #...#..#.§.....#(.#...W#M...^#
   #...#.^#.(§....#z^#M.MW#.....#
   #...#.#..§§.....#.#.sss#<.M..#
   #....##§M...L§..##M.M..#.....#
   #....#....z.1.§L.#..sss#M....#
   #....##.?.M.....##.5.ss#.....#
    ...# #.........#.#.szs#^^.^.#
   #...#..#/......#..#5Z3.###'###
   #...#..#.§.....#..#..s.#  ..  
       . ..#..M..#....#...#  .^. 
         ...#...#.[...#(..#      
        .....###......#...#      
         ...........?.#...#      
         .................#      
         ........(........#      
         .................#      
         .......(........        
         ........MM......        
         ......MM3(......        
    #############)#######        
    #.......§#..s4..#            
    #........#..s...#            
    #......).'..sM..#            
    #........#......#            
    #################            
