Kownaw

Level 1 of the Dungeon
(0, 0, D:1)
  22 stones
(1, 6, D:1)
  a +0 leather armour
(13, -33, D:1)
  a cursed -2 dagger
(14, -45, D:1)
  a cursed -1 club
(26, -16, D:1)
  a +0 leather armour
(31, -3, D:1)
  a +0 dagger
(32, -20, D:1)
  17 stones
(32, -11, D:1)
  27 stones
(36, 2, D:1)
  6 large rocks
(37, -5, D:1)
  15 arrows
(41, -9, D:1)
  2 atropa-tipped darts
(43, -6, D:1)
  a +0 mace

Level 2 of the Dungeon
(0, 0, D:2)
  a +0 flail
(9, 15, D:2)
  a +0 ring mail
(12, 26, D:2)
  a +0 dagger
(20, 12, D:2)
  a +0 club
(25, 6, D:2)
  a +0 whip of draining
(25, 24, D:2)
  a +0 leather armour
(25, 34, D:2)
  a +0 whip
(28, -15, D:2)
  20 arrows
(40, 12, D:2)
  a +0 animal skin
(44, 14, D:2)
  a cursed -1 club

Level 3 of the Dungeon
(0, 0, D:3)
  a +0 pair of gloves
(2, 24, D:3)
  a +0 dagger
(7, 3, D:3)
  a +0 club
(13, 0, D:3)
  24 stones
(30, 30, D:3)
  a +0 spear
(40, 39, D:3)
  a +0 hand axe
(41, 40, D:3)
  a +0 bardiche
(51, 26, D:3)
  a +0 club
  a +0 club
  a +0 dagger
(51, 27, D:3)
  a +0 club
  a +0 club
(52, 27, D:3)
  a +1 short sword of holy wrath
  a +0 animal skin
  a +2 helmet
(53, 26, D:3)
  a +0 hunting sling
  18 sling bullets
(53, 28, D:3)
  a +0 club
(59, 13, D:3)
  a stone
(60, 13, D:3)
  a stone
(60, 14, D:3)
  a stone

Level 4 of the Dungeon
[Shop] Evyan's General Store
  (Shop contents are unknown)
(0, 0, D:4)
  16 arrows
(5, -8, D:4)
  an adder skeleton
(14, 4, D:4)
  24 arrows
(15, 5, D:4)
  a +1 hand axe
  a +0 robe
  the orc skeleton of Blork the orc
(20, -7, D:4)
  a +2 leather armour of positive energy
(21, -7, D:4)
  a hound skeleton

