Arcades

Level 1 of the Dungeon
(0, 0, D:1)
  a +0 club
(2, 30, D:1)
  a +0 club
(9, 9, D:1)
  19 bolts
(12, 7, D:1)
  a +1 dagger of draining
(13, 40, D:1)
  a +0 dagger
(14, 7, D:1)
  a stone
(14, 24, D:1)
  a +0 short sword
  2 stones
(15, 28, D:1)
  a cursed -2 club
(16, 30, D:1)
  a stone
(17, 39, D:1)
  13 stones
(21, 16, D:1)
  a +0 club
(24, 37, D:1)
  a +0 club
(27, 37, D:1)
  a +0 dagger
(28, 2, D:1)
  a +0 dagger
(32, 3, D:1)
  a +0 dagger
(32, 41, D:1)
  a +0 short sword
(35, 27, D:1)
  12 bolts
(37, 6, D:1)
  a +0 club
(37, 20, D:1)
  a cursed -2 dagger
(39, 30, D:1)
  24 stones
(41, 31, D:1)
  a +0 ring mail
  a +0 animal skin
(47, 31, D:1)
  a +0 dagger
(49, 29, D:1)
  a +0 club
(53, 20, D:1)
  a +0 mace

Level 2 of the Dungeon
(0, 0, D:2)
  a +0 dagger
(8, -4, D:2)
  13 arrows
(10, 13, D:2)
  a +0 mace
(14, 7, D:2)
  a +0 scythe
  a +0 robe
(15, 4, D:2)
  a +0 dagger
(17, -1, D:2)
  14 bolts
(21, 18, D:2)
  a +0 spear
(23, 32, D:2)
  a +0 scythe
(26, 30, D:2)
  a +0 flail
(43, 23, D:2)
  a +0 dagger
(44, 23, D:2)
  a +0 club
(45, 28, D:2)
  a +0 leather armour

Level 3 of the Dungeon
(0, 0, D:3)
  a +0 club
(8, -37, D:3)
  a +0 club
(8, 12, D:3)
  a +0 ring mail
(13, -24, D:3)
  20 bolts
(15, 21, D:3)
  a +0 short sword
  a +0 leather armour
  a +0 falchion
  a +0 scale mail
  a +0 dagger
  a +0 whip
(16, 10, D:3)
  a +0 club
  a +0 ring mail
  a hobgoblin corpse (skeletalised by now)
(30, -2, D:3)
  26 sling bullets
(37, 20, D:3)
  a +0 dagger
  16 stones
(41, 23, D:3)
  3 stones
(43, -31, D:3)
  a +0 club
(48, 9, D:3)
  24 arrows
(49, -31, D:3)
  a +0 dagger
  a +0 robe
  a +0 hand axe
(49, 9, D:3)
  3 atropa-tipped darts
(50, -31, D:3)
  a +0 flail

Level 4 of the Dungeon
(0, 0, D:4)
  a poisoned dart
(1, -9, D:4)
  a +0 club
  a +0 leather armour
  a wand of flame (19)
(1, -8, D:4)
  a +0 giant spiked club
(1, -2, D:4)
  a poisoned dart
(1, -1, D:4)
  a poisoned dart

