Kackusha

Level 1 of the Dungeon
(0, 0, D:1)
  11 arrows

Level 2 of the Dungeon

Level 3 of the Dungeon
(4, 17, D:3)
  a +0 whip
(17, 1, D:3)
  17 arrows
(26, 3, D:3)
  a scarf of cloud immunity
(29, 27, D:3)
  a +0 whip
(31, 27, D:3)
  a +0 robe
  a +0 robe
  a +0 robe
  a +0 animal skin
  a +0 club
  a +0 club
  a +0 quarterstaff
  a +0 club
  a +0 club
  a +0 club
  a +0 whip
  a +0 club

Level 4 of the Dungeon

Level 7 of the Dungeon
(0, 0, D:7)
  a ration
(0, 1, D:7)
  a +0 giant spiked club
  an ogre corpse
(1, 1, D:7)
  a +0 short sword
  (unseen)
(6, 16, D:7)
  15 gold pieces
(7, -6, D:7)
  a potion of resistance
(8, 5, D:7)
  a cursed +0 dagger
  a +0 leather armour
(10, 23, D:7)
  20 stones
(11, 3, D:7)
  an adder skeleton
(11, 22, D:7)
  a potion of brilliance
(13, 3, D:7)
  a leopard gecko skeleton
(16, 17, D:7)
  a +0 dagger
  a +0 dagger
  a +0 dagger
  a +0 dagger
  a +0 dagger
  a +0 dagger
  a +0 dagger
  a +0 dagger
  a +0 dagger
  a +0 robe
  a +0 leather armour
  a +0 leather armour
  a +0 leather armour
  a +0 leather armour
  a +0 leather armour

the Ecumenical Temple

