Vouh

Level 1 of the Dungeon
(11, 3, D:1)
  a +0 short sword
(12, 3, D:1)
  a stone
(15, 2, D:1)
  a stone
(22, 6, D:1)
  a +0 animal skin
(28, -25, D:1)
  a stone
(29, -25, D:1)
  a stone
(30, -25, D:1)
  a stone
(31, -25, D:1)
  a stone
(32, -3, D:1)
  a +2 vampiric dagger
(33, -26, D:1)
  a +0 dagger
(33, -25, D:1)
  a stone
(40, -16, D:1)
  a +2 dagger of electrocution
(47, -5, D:1)
  2 stones
(51, -6, D:1)
  a +0 short sword
  a stone
(59, 2, D:1)
  a stone
(59, 3, D:1)
  a stone
(59, 4, D:1)
  a stone
(60, 4, D:1)
  a stone
(60, 7, D:1)
  a +0 club

Level 2 of the Dungeon
(5, 14, D:2)
  a +0 leather armour
(8, 1, D:2)
  a +2 leather armour of cold resistance
(8, 21, D:2)
  a +0 short sword
(9, 13, D:2)
  14 stones
(11, 18, D:2)
  a +0 club
  a +0 dagger
(21, -1, D:2)
  a +0 club
(23, 12, D:2)
  a +0 leather armour
(26, 11, D:2)
  a +0 whip
(26, 30, D:2)
  a +0 club
(29, 24, D:2)
  a cursed -2 short sword
(30, 18, D:2)
  a +0 short sword
(34, 17, D:2)
  a +2 short sword of speed

Level 3 of the Dungeon
(0, 0, D:3)
  19 sling bullets
(8, 0, D:3)
  a +0 dagger
  a +0 hunting sling
  a goblin skeleton
(9, 23, D:3)
  a bat corpse
(9, 30, D:3)
  a stone
(10, 23, D:3)
  an arrow
(10, 24, D:3)
  3 arrows
  a quokka corpse
(10, 31, D:3)
  a stone
(12, 23, D:3)
  a scroll of fog

