                ###                                       
                #.#########                               
                #..........                               
                #.#############                           
                #.#...........#                           
                #.#.#####.#.#.#                           
       ##########.#.#   #.#.#.#   ##########              
       #........#.#.#   #.#.#.#    .........              
       #.######.#.#<#####.#.#.######.....###              
  ######....................................              
  #.÷..#.######.#.........#...######.....###              
  #.##.#.#    #.########..##########.....##               
  #.##.#.#    #...........................#               
  #.##.#.###########################.÷....##              
  #<##.#>.......           ...................            
  #.##.#.#############################.##.####            
  #.##.#.#.................#         #.# .#               
  #.#......###############.#         #.#  #    ...        
  #.####.#################.#         #.#       ...#       
  #.#......................#       ###.#        ..#       
  #.#.##.#.................#       #...##       #.##      
  #.#.##........#......##.##       #.#..#       #..#      
  #.#.####.####.#.####.##.#        #.#..#       #..#      
  #.#.#  #.#  #.#.##...##.#        #.#..#       #..##     
  #.#.#  #.#  #.#.##.####.##########.#..#       #...#     
  #.#.####..  #.#.##....................#       #.#.#     
  #.#.#.....  #.#.#######.##########.##.#########.#)##    
  #.#.#.#######.#.#######.######   #.##...........#..##.# 
  #.#.#...<.. ..#..............#   #.###############.##.# 
###.#.#..#.##############.####.#   #.#             #gg#.# 
#...#...................#.#  #.#   #.#        #######g#.# 
##.###.....#..#########.#.#  #.#   #..        .......g#.# 
 #.# #.#...#..#       #.#.#  #.#   ###        #######÷..# 
 #.# #.#.#.#..#########.#.#  #.#     ######         #...# 
 #.# #..................#.#  #.#######....#         #...# 
 #.# #####.#.#.#<.......#.#  #............#         #...# 
 #.#    ...#.#.#######.##.#  #####........#         #...# 
 #.#   ###.#.#........÷...#      #........#         #.#.# 
 #.#     ..#.#########.####      #......###   #######.#.##
 #.#     ###...........#####     #......#     8.8g8...#..#
##.#####################...###   #......#     .g...gg...>#
#.......÷..............'.....#   ####.###     gg..g..#####
###############.......##...#.##     #.#       .g.g...     
              #.......##......#     #.#       g......     
              #.......##......#     #.#       .......     
              #.##.######.....#     #.#       8.8.8..     
              #.##.#    ####.##     #.#       #######     
              #.##.# #######.#      #.#                   
              #.##.. ........#      #.#                   
              #.#### ######..#      #.#                   
                          #..#      #.#                   
                          #..#      #.#                   
                          #..#      #.#                   
                          #.>#      #.#                   
                          #..#      #.#                   
                          #..#      #.#                   
                          #..#      #.#                   
                        # #..########.#                   
                        #.#....#......#                   
                        #.#.##.#.######                   
                        #......#.#                        
                        ###.#..#.#                        
                          #.####.#                        
                          #......#                        
                          #.######                        
                          ###                             
