Arcades

Level 1 of the Dungeon
(0, 0, D:1)
  a cursed +0 leather armour
(15, 0, D:1)
  a +0 club
(19, -8, D:1)
  a +0 dagger
(27, -13, D:1)
  a cursed -2 dagger
(27, 39, D:1)
  a stone
(29, 32, D:1)
  a +0 club
(30, 39, D:1)
  a +0 short sword
  4 stones
(32, 0, D:1)
  3 stones
(33, 1, D:1)
  a +0 club
(38, -14, D:1)
  a stone
(40, -15, D:1)
  a +0 club
(49, 2, D:1)
  a +0 short sword
(52, 27, D:1)
  a +0 whip

Level 2 of the Dungeon
(0, 0, D:2)
  a cursed -2 scythe
  a +0 robe
(9, 12, D:2)
  19 stones
(9, 39, D:2)
  a +0 club
(10, 40, D:2)
  a +0 club
(14, 1, D:2)
  a +0 club
(17, 33, D:2)
  a +0 club
(20, 34, D:2)
  a +0 club
(34, 15, D:2)
  a +0 short sword
(35, 23, D:2)
  14 stones
(35, 24, D:2)
  a +0 scimitar
(36, 8, D:2)
  a +0 club
(40, 40, D:2)
  25 stones

Level 3 of the Dungeon
(0, 0, D:3)
  a +0 dagger
(3, 2, D:3)
  18 stones
(4, 6, D:3)
  11 stones
(6, -11, D:3)
  a +0 flail
  a +0 dagger
  a +0 robe
  a +0 hand axe
(6, -10, D:3)
  a +0 hand axe
  a +0 leather armour
(6, 5, D:3)
  a cursed -2 falchion
  a +0 club
  a +0 leather armour
  a +0 dagger
(6, 6, D:3)
  a +0 club
(6, 7, D:3)
  a +0 club
  a +0 ring mail
(15, -18, D:3)
  a +0 ring mail
(15, -6, D:3)
  21 stones
(19, -13, D:3)
  a +0 club
(27, -15, D:3)
  a +0 leather armour
(30, -20, D:3)
  a +0 club
(30, -14, D:3)
  a +2 dagger of protection
  a +0 ring mail
(31, -15, D:3)
  a +0 ring mail
(31, -13, D:3)
  a +0 club
  a +0 leather armour
(32, -15, D:3)
  a +0 club
  a +0 leather armour
(37, 26, D:3)
  21 stones
(39, -14, D:3)
  a +0 robe
(55, -7, D:3)
  a +0 dagger
  a +0 ring mail
(56, 6, D:3)
  a +0 club
(58, 7, D:3)
  a +0 ring mail

Level 4 of the Dungeon
(3, -15, D:4)
  a +0 leather armour
(4, -17, D:4)
  a +0 club
  a +0 ring mail
(4, -15, D:4)
  a +1 whip of electrocution
  a +0 chain mail
  a +0 mace
  a +0 dagger
  a +0 robe
(4, -13, D:4)
  a +0 flail
  a +0 ring mail
(7, 9, D:4)
  a +0 leather armour
(10, 14, D:4)
  8 stones
(12, -22, D:4)
  a +0 whip
(21, 15, D:4)
  25 stones
(39, 4, D:4)
  a cursed -3 giant club
(41, 8, D:4)
  a +0 robe
(43, -17, D:4)
  a +0 great sword

Level 5 of the Dungeon
(0, 0, D:5)
  a +0 falchion
  a +0 scale mail
(2, -26, D:5)
  a +0 robe
(11, -4, D:5)
  18 sling bullets
(14, -13, D:5)
  a +0 shortbow
(14, -12, D:5)
  a +0 shortbow
(16, 4, D:5)
  a +0 dagger
  a +0 robe
(17, 3, D:5)
  a +0 flail
(17, 5, D:5)
  a +0 dagger
  a +0 robe
(18, 5, D:5)
  a +0 club
  a +0 leather armour
(21, -22, D:5)
  a +0 scale mail
(21, 6, D:5)
  14 bolts
(37, -11, D:5)
  a +0 robe

Level 6 of the Dungeon
(0, 0, D:6)
  an uncursed ring of ice
(0, 1, D:6)
  a potion of might
(1, -18, D:6)
  28 bolts
(9, -15, D:6)
  a +0 spear
(27, 13, D:6)
  a +0 hand axe

the Ecumenical Temple

