Arcades

Level 1 of the Dungeon
(5, 36, D:1)
  23 arrows
(8, 28, D:1)
  a cursed -3 club
(14, 12, D:1)
  a cursed -3 dagger
(16, 35, D:1)
  a +0 club
(21, 16, D:1)
  a +0 dagger
(22, 21, D:1)
  20 sling bullets
(23, -11, D:1)
  29 sling bullets
(26, -4, D:1)
  11 sling bullets
(52, 42, D:1)
  a +0 club
(54, 39, D:1)
  a +0 club
(55, 14, D:1)
  6 arrows
(58, 49, D:1)
  18 stones

Level 2 of the Dungeon
(1, 9, D:2)
  a +0 animal skin
(12, 6, D:2)
  25 stones
(34, 22, D:2)
  a +0 hand axe
(36, 0, D:2)
  a +0 club
(37, 21, D:2)
  a +0 dagger
(41, 9, D:2)
  23 stones

Level 3 of the Dungeon
(5, -24, D:3)
  a +1 hunting sling of freezing
(9, -24, D:3)
  a +0 club
(12, -29, D:3)
  15 stones
  a +0 hunting sling
(13, 1, D:3)
  a +0 club
  a +0 hunting sling
  12 stones
(16, 6, D:3)
  2 stones
(17, 6, D:3)
  a stone
(23, -23, D:3)
  a +0 club
  a +0 leather armour
(24, -3, D:3)
  a +0 mace
(25, -3, D:3)
  a +0 ring mail
  a cursed +0 hand axe
  a +0 short sword
(35, -2, D:3)
  a +0 whip
(38, -10, D:3)
  a +0 falchion
(39, 0, D:3)
  a +0 dagger
(40, -1, D:3)
  a +0 club

Level 4 of the Dungeon
(0, 0, D:4)
  a +0 giant club
(3, 3, D:4)
  27 arrows
(8, -27, D:4)
  9 sling bullets
(12, -32, D:4)
  a +0 rapier
(16, -22, D:4)
  a +0 giant spiked club
(32, -1, D:4)
  18 arrows
(36, -22, D:4)
  an uncursed ring of attention
  2 scrolls of noise
  a scroll of amnesia
(39, -37, D:4)
  a +0 whip
(45, -38, D:4)
  12 bolts
(46, -25, D:4)
  26 stones
(46, -23, D:4)
  25 stones

Level 5 of the Dungeon
[Shop] Jeiw's Antique Weapon Boutique
  a +0 spear (63 gold)
  a cursed +0 hunting sling (10 gold)
  a +0 rapier (84 gold)
  the +1 rapier of Conflict {pierce, rN+} (466 gold)
    It inflicts extra damage upon your enemies.
    
    It protects you from negative energy.
  a +0 quarterstaff (84 gold)
  a +2 hand axe of electrocution (409 gold)
  a +5 hand crossbow (640 gold)
  a +0 long sword (73 gold)
  a +1 hand axe of freezing (260 gold)
  a +0 battleaxe (136 gold)
  a +0 battleaxe (136 gold)
(6, 20, D:5)
  a +0 mace
  a +0 ring mail
  a +0 hand axe
(7, 20, D:5)
  a +0 leather armour
(12, 23, D:5)
  a +0 chain mail
(14, -2, D:5)
  an arrow
(14, -1, D:5)
  an arrow
(14, 0, D:5)
  2 arrows
(15, -1, D:5)
  an arrow
(16, -2, D:5)
  an arrow
(17, -2, D:5)
  an arrow
(24, -3, D:5)
  a +0 shortbow
(26, -6, D:5)
  a +0 hand axe
(31, -17, D:5)
  an arrow
(32, -16, D:5)
  2 arrows
(33, -16, D:5)
  an arrow
(34, 5, D:5)
  16 stones
(35, -15, D:5)
  an arrow
(36, -10, D:5)
  a cursed -3 shortbow
(42, 14, D:5)
  a +0 dagger
  a +0 robe
(43, -5, D:5)
  a +0 leather armour
(43, -4, D:5)
  a +0 mace
  a +0 chain mail
(43, -3, D:5)
  a +0 trident
(43, -2, D:5)
  a +0 scale mail
(45, 0, D:5)
  12 bolts
(45, 12, D:5)
  a +0 dagger
  a +0 robe
(47, 12, D:5)
  a +0 dagger
  a +0 robe
(48, 0, D:5)
  a +0 robe

Level 6 of the Dungeon
(0, 0, D:6)
  a +0 robe
(4, 7, D:6)
  a +0 leather armour
(6, -16, D:6)
  a +6 flail of protection
  a +0 leather armour
(6, 1, D:6)
  16 sling bullets
(14, -22, D:6)
  a +0 pair of gloves
(17, 5, D:6)
  a -3 ring of protection
(46, -11, D:6)
  a jackal skeleton
  a jackal skeleton
(49, -14, D:6)
  a +0 club
(50, -14, D:6)
  a +0 mace
  a +0 leather armour
(50, -13, D:6)
  a +0 dagger
  a +0 robe
(57, 14, D:6)
  8 stones
(59, 0, D:6)
  a sky beast corpse
(60, 0, D:6)
  a +0 mace
(63, 15, D:6)
  a jackal corpse
(64, 15, D:6)
  a scorpion corpse (still there?)
  a killer bee corpse (still there?)
(65, 15, D:6)
  a jackal corpse
  a jackal corpse

