Arcades

Level 1 of the Dungeon
(0, 0, D:1)
  a cursed +0 leather armour
(15, 0, D:1)
  a +0 club
(19, -8, D:1)
  a +0 dagger
(27, -13, D:1)
  a cursed -2 dagger
(27, 39, D:1)
  a stone
(29, 32, D:1)
  a +0 club
(30, 39, D:1)
  a +0 short sword
  4 stones
(32, -1, D:1)
  a stone
(32, 0, D:1)
  a stone
(33, 1, D:1)
  a stone
  a +0 club
(38, -14, D:1)
  a stone
(40, -15, D:1)
  a +0 club
(47, -1, D:1)
  a +0 short sword
(52, 27, D:1)
  a +0 whip

Level 2 of the Dungeon
(0, 0, D:2)
  a cursed -2 scythe
  a +0 robe
(5, 0, D:2)
  a +0 ring mail
(10, 12, D:2)
  19 stones
(10, 39, D:2)
  a +0 club
(11, 40, D:2)
  a +0 club
(15, 1, D:2)
  a +0 club
(18, 33, D:2)
  a +0 club
(20, 33, D:2)
  a +0 club
(26, -1, D:2)
  25 arrows
(35, 10, D:2)
  a +0 short sword
(35, 17, D:2)
  a +0 animal skin
(36, 23, D:2)
  14 stones
(36, 24, D:2)
  a +0 scimitar
(37, 8, D:2)
  a +0 club
(41, 40, D:2)
  25 stones

Level 3 of the Dungeon
(0, 0, D:3)
  a +0 dagger
(1, 4, D:3)
  18 stones
(2, 8, D:3)
  11 stones
(4, -10, D:3)
  a +0 flail
  a +0 dagger
  a +0 robe
(4, -9, D:3)
  a +0 hand axe
(4, -8, D:3)
  a +0 hand axe
  a +0 leather armour
(6, 3, D:3)
  a +0 club
  a cursed -2 falchion
  a +0 dagger
(7, 2, D:3)
  a +0 club
  a +0 ring mail
  a +0 club
  a +0 leather armour
(13, -16, D:3)
  a +0 ring mail
(13, -14, D:3)
  a +0 club
(13, -4, D:3)
  21 stones
(25, -13, D:3)
  a +0 leather armour
(29, -11, D:3)
  a +0 club
  a +0 leather armour
(29, -9, D:3)
  a +2 dagger of protection
  a +0 ring mail
  a +0 ring mail
(30, -11, D:3)
  a +0 club
  a +0 club
  a +0 leather armour
(35, 28, D:3)
  21 stones
(37, -12, D:3)
  a +0 robe
(51, -5, D:3)
  a +0 dagger
  a +0 ring mail
(54, 8, D:3)
  a +0 club
(56, 9, D:3)
  a +0 ring mail

Level 4 of the Dungeon
(0, 0, D:4)
  a +1 whip of electrocution
  a +0 chain mail
(11, 27, D:4)
  a +0 leather armour
(14, 26, D:4)
  8 stones
(16, -10, D:4)
  a +0 whip
(25, -4, D:4)
  a +0 robe
(25, 0, D:4)
  a +0 club
  a +0 ring mail
(25, 27, D:4)
  25 stones
(29, -9, D:4)
  a +0 flail
  a +0 ring mail
(30, -9, D:4)
  a +0 mace
(32, -7, D:4)
  a +0 dagger
  a +0 leather armour
(43, 16, D:4)
  a cursed -3 giant club
(44, 17, D:4)
  23 arrows
(45, 20, D:4)
  a +0 robe
(47, -5, D:4)
  a +0 great sword

Level 5 of the Dungeon
(0, 0, D:5)
  an arrow
(2, 0, D:5)
  an arrow
(3, 13, D:5)
  a +0 falchion
  a +0 scale mail
(4, 0, D:5)
  an arrow
(6, 0, D:5)
  a +0 shortbow
  21 arrows
(6, 5, D:5)
  a wand of clouds (6)
  a +0 war axe
  a scroll of amnesia
  a potion of agility
  an uncursed amulet of magic regeneration
  a scroll of random uselessness
  a +1 chain mail of fire resistance
  a +0 hand axe
(7, -14, D:5)
  a +0 robe
(16, 8, D:5)
  18 sling bullets
(17, 6, D:5)
  2 arrows
(17, 7, D:5)
  a +0 shortbow
(18, 4, D:5)
  an arrow
(18, 5, D:5)
  4 arrows
(18, 7, D:5)
  a +0 shortbow
  16 arrows
(19, 4, D:5)
  2 arrows
(20, 2, D:5)
  an arrow
(20, 3, D:5)
  3 arrows
(20, 17, D:5)
  a +0 dagger
  a +0 robe
(21, 15, D:5)
  a +0 flail
(22, 16, D:5)
  a +0 dagger
  a +0 robe
(22, 17, D:5)
  a +0 club
  a +0 leather armour
(26, -10, D:5)
  a +0 scale mail
(26, 18, D:5)
  14 bolts
(42, 1, D:5)
  a +0 robe

Level 6 of the Dungeon
(0, 0, D:6)
  a cursed +0 giant spiked club
(1, -7, D:6)
  24 stones
(10, 12, D:6)
  a +0 war axe
(10, 13, D:6)
  a scroll of amnesia
(12, 13, D:6)
  25 arrows
(22, -13, D:6)
  a +0 giant club
(23, -2, D:6)
  28 bolts
(27, -13, D:6)
  a +0 rapier
  a +0 leather armour
(31, 1, D:6)
  a +0 spear
(32, 25, D:6)
  14 arrows
(33, -13, D:6)
  15 stones
(43, -11, D:6)
  a +0 dagger
(49, -5, D:6)
  15 stones
(49, 29, D:6)
  a +0 hand axe
(50, -4, D:6)
  a +1 chain mail of fire resistance

Level 7 of the Dungeon
(0, 0, D:7)
  a +0 dagger
  a +0 robe
(3, -10, D:7)
  a cursed +0 spear
(3, 3, D:7)
  12 stones
(7, -1, D:7)
  a +0 plate armour
  a +0 glaive
(7, 0, D:7)
  a +0 trident
(8, -1, D:7)
  a +0 dagger
(8, 0, D:7)
  a +0 plate armour
  a +0 broad axe
  a +0 morningstar
(8, 9, D:7)
  a cursed +0 giant club
(11, 12, D:7)
  a +0 war axe
(12, 12, D:7)
  a +0 dagger
  a +0 robe
(21, -5, D:7)
  a +0 short sword
  a +0 short sword
  2 stones
(23, -6, D:7)
  a +0 dagger
(28, 8, D:7)
  a cursed +0 short sword
(30, 8, D:7)
  6 stones
  a +0 short sword
  a +0 club
(31, 12, D:7)
  a +0 dagger
(35, 18, D:7)
  a +0 whip
(37, 27, D:7)
  a +0 whip
(37, 31, D:7)
  a +0 dagger
  a +0 robe
  a cursed +0 giant club
(38, 33, D:7)
  a +0 flail
  a +0 mace
  a +0 chain mail
(39, 5, D:7)
  a +0 dagger
  a +0 robe
(39, 6, D:7)
  a +0 trident
  a +0 ring mail
(40, 6, D:7)
  a +0 hand axe
  3 boomerangs
  a +0 scale mail
(50, 7, D:7)
  28 arrows
(53, 9, D:7)
  a +2 leather armour of cold resistance

Level 8 of the Dungeon
[Shop] Hovadgha's Antique Weapon Emporium
  a +0 club (26 gold)
  a +0 longbow (117 gold)
  the +4 trident "Gybaim Neq" {flame, rElec rPois Str-5 Int+6} (1211 gold)
    It has been specially enchanted to burn those struck by it, causing extra
    injury to most foes and up to half again as much damage against particularly
    susceptible opponents.
    
    It affects your strength (-5).
    It affects your intelligence (+6).
    It insulates you from electricity.
    It protects you from poison.
  a +2 shortbow of freezing (452 gold)
  a +1 halberd of venom (306 gold)
  a +0 battleaxe (169 gold)
  a +0 hunting sling (39 gold)
[Shop] Woolit's Changing Room
  a book of Alchemy (1125 gold)
  a potion of lignification (45 gold)
  a wand of polymorph (12) (210 gold)
  a book of Alchemy (1125 gold)
  a potion of lignification (45 gold)
  Sif Muna's Handbook of Shape Shifting (720 gold)
    Spells                           Type                      Level      
    Known
     a - Passwall                     Transmutation/Earth           2         
    no
     b - Spider Form                  Transmutation/Poison          3         
    no
     c - Petrify                      Transmutation/Earth           4         
    no
     d - Blade Hands                  Transmutation                 5         
    no
     e - Hydra Form                   Transmutation                 6        
    yes
    
    
    Trog disapproves of the use of such an item.
  a book of Changes (375 gold)
[Shop] Ushups's Weapon Boutique
  a +0 morningstar (44 gold)
  a +2 spear of flaming (191 gold)
  the +3 scimitar "Riuph" {chaos, +Blink rN++} (513 gold)
    Each time it hits an enemy it has a different, random effect.
    
    It greatly protects you from negative energy.
    It lets you blink.
  a +0 falchion (33 gold)
  the +10 dagger of the Omega Point {flame, rElec Dex+4 SInv} (882 gold)
    It has been specially enchanted to burn those struck by it, causing extra
    injury to most foes and up to half again as much damage against particularly
    susceptible opponents.
    
    It affects your dexterity (+4).
    It insulates you from electricity.
    It lets you see invisible.
  a throwing net (33 gold)
  27 stones (29 gold)
  a +0 halberd (44 gold)
  a +1 glaive of venom (162 gold)
  17 stones (18 gold)
  a +0 mace (33 gold)
  a +0 trident (38 gold)
[Shop] Usac's Jewellery Shop
  an uncursed ring of flight (245 gold)
  an uncursed ring of positive energy (280 gold)
  an uncursed ring of resist corrosion (280 gold)
  an uncursed ring of magical power (280 gold)
  a cursed ring of attention (63 gold)
  a +3 ring of strength (219 gold)
  an uncursed ring of fire (350 gold)
  a cursed ring of teleportation (63 gold)
  the cursed ring "Rossix" {rF- rN+ MR+ Int-3} (88 gold)
    [ring of intelligence]
    
    It affects your intelligence (-3).
    It makes you vulnerable to fire.
    It protects you from negative energy.
    It affects your resistance to hostile enchantments.
    It has a curse placed upon it.
  a +2 ring of slaying (294 gold)
  an uncursed ring of stealth (245 gold)
  a +6 ring of intelligence (819 gold)
  a cursed -2 ring of protection (28 gold)
  a cursed ring of attention (63 gold)
[Shop] Utuisarch's General Store
  a +0 pair of gloves (63 gold)
  19 stones (26 gold)
  a +0 ring mail (56 gold)
  a potion of brilliance (56 gold)
  14 stones (19 gold)
  11 stones (15 gold)
  a ration (70 gold)
  a scroll of remove curse (42 gold)
[Shop] Seppas's Distillery
  a potion of magic (112 gold)
  a potion of haste (140 gold)
  a potion of brilliance (56 gold)
  a potion of lignification (42 gold)
  a potion of curing (42 gold)
  a potion of might (56 gold)
  a potion of might (56 gold)
  2 potions of flight (84 gold)
  a potion of degeneration (14 gold)
  a potion of brilliance (56 gold)
  a potion of flight (42 gold)
  a potion of heal wounds (70 gold)
  a potion of haste (140 gold)
  a potion of heal wounds (70 gold)
(0, 0, D:8)
  24 stones
(5, -17, D:8)
  a book of Beasts
(8, -17, D:8)
  a +0 short sword
(15, 0, D:8)
  a +0 cloak
(16, -22, D:8)
  a +0 club
  a +0 leather armour
(17, -23, D:8)
  a +0 dagger
  a +0 robe
  a +0 hand axe
(18, 11, D:8)
  a +0 robe
  a +0 trident
  a +0 leather armour
(18, 12, D:8)
  a +0 leather armour
  a cursed -1 war axe
(19, -24, D:8)
  a +0 mace
(23, -13, D:8)
  a +0 short sword
(47, 5, D:8)
  a +0 scimitar
(47, 14, D:8)
  20 bolts
(47, 20, D:8)
  a +0 trident
  a +0 chain mail

Level 9 of the Dungeon
(0, 0, D:9)
  a +0 giant club
(7, -8, D:9)
  a +0 shortbow
  10 arrows
(7, -6, D:9)
  an arrow
(7, -4, D:9)
  an arrow
(7, -3, D:9)
  an arrow
(7, -2, D:9)
  3 arrows
(12, -2, D:9)
  a +0 war axe
(15, 8, D:9)
  16 stones
(17, 32, D:9)
  a +0 war axe
  5 boomerangs
(17, 34, D:9)
  a +0 short sword
  5 boomerangs
  a +0 leather armour
(18, 32, D:9)
  a +1 dagger of venom
  a +0 robe
(18, 34, D:9)
  a +0 falchion
  a +0 leather armour
(19, 37, D:9)
  a +2 helmet
(23, 29, D:9)
  a cursed ring of attention
  a potion of lignification
  an uncursed ring of ice
  2 scrolls of noise
(27, 16, D:9)
  a +0 scale mail
(37, 27, D:9)
  5 large rocks
(39, 2, D:9)
  a +0 troll leather armour
(40, 14, D:9)
  15 stones
(42, 3, D:9)
  a +0 scale mail
(44, 9, D:9)
  a +0 pair of boots
(44, 24, D:9)
  a +2 helmet of see invisible
  a +0 plate armour
(44, 25, D:9)
  a +0 triple sword
(46, 1, D:9)
  a +0 robe
(47, 12, D:9)
  a +0 dagger
(47, 25, D:9)
  a +0 dagger
  5 boomerangs
(48, 26, D:9)
  a +0 war axe
  a +0 scimitar
  a +0 plate armour
(49, 2, D:9)
  a cursed +0 ring mail
(49, 25, D:9)
  a +4 spear
  a cursed -3 flail
  a +0 flail
(49, 26, D:9)
  a +0 flail
(50, 23, D:9)
  a cursed -1 flail
  a +0 leather armour
(51, 23, D:9)
  a +0 hand axe
  a +0 chain mail
(52, 31, D:9)
  5 large rocks

Level 10 of the Dungeon
(0, 0, D:10)
  a +0 chain mail
  a +0 dagger
(1, -5, D:10)
  a +0 troll leather armour
  a +0 dagger
  a cursed +0 robe
  a +0 giant club
  a +0 leather armour of cold resistance
  a +0 club
  a +0 leather armour
  a cursed +0 leather armour
(1, -2, D:10)
  a +0 plate armour
  a +0 morningstar
(1, -1, D:10)
  a +0 hand axe
(2, -27, D:10)
  a +2 shortbow of flaming
  7 arrows
(2, -4, D:10)
  a +0 chain mail
  a +0 halberd of chopping
(4, -26, D:10)
  an arrow
(5, -26, D:10)
  an arrow
(5, 13, D:10)
  a +0 club
(20, 11, D:10)
  a +0 whip
(39, -25, D:10)
  a cursed -3 scimitar
  a +0 chain mail
(39, -21, D:10)
  a +0 club
(39, -12, D:10)
  20 bolts
(41, -18, D:10)
  a +0 whip
(44, 12, D:10)
  a +0 flail
(45, 14, D:10)
  a +0 hunting sling of flaming
(53, -30, D:10)
  4 large rocks
(53, 5, D:10)
  a +0 troll leather armour
  a scroll of amnesia
(54, 15, D:10)
  21 sling bullets

Level 11 of the Dungeon
(13, -16, D:11)
  a +0 plate armour
(15, -46, D:11)
  23 arrows
(17, -28, D:11)
  a +0 dire flail
  a +0 giant spiked club
(19, -42, D:11)
  a +0 leather armour
(21, -28, D:11)
  a +0 leather armour
(39, -50, D:11)
  a cursed -1 flail
(40, -33, D:11)
  a +2 pair of gloves
  a +1 scale mail of poison resistance
  2 potions of brilliance
  a +1 plate armour of fire resistance
  a +0 large shield
(52, -37, D:11)
  a +0 dagger
  a +0 robe
  a +0 short sword
  a +0 dagger
  a +0 robe
  a cursed -3 glaive
  a +0 plate armour
(52, -36, D:11)
  a +0 dagger
(52, 0, D:11)
  a +2 shortbow of flaming
  10 arrows
(55, 0, D:11)
  2 arrows
(56, 0, D:11)
  an arrow
(57, 0, D:11)
  an arrow

Level 12 of the Dungeon
(7, 5, D:12)
  a +0 falchion
(8, 13, D:12)
  4 javelins
(9, 20, D:12)
  6 javelins
(13, -25, D:12)
  a +0 leather armour
(14, -1, D:12)
  a +0 giant club
  a +0 mace
  a +0 short sword
  a +0 chain mail
(14, 0, D:12)
  a +0 robe
  a +0 dagger
(47, -15, D:12)
  16 sling bullets

Level 13 of the Dungeon
[Shop] Yschar's Magic Scroll Shoppe
  a scroll of amnesia (49 gold)
  a scroll of fear (49 gold)
  a scroll of immolation (49 gold)
  a scroll of identify (28 gold)
  a scroll of amnesia (49 gold)
  a scroll of remove curse (42 gold)
  a scroll of remove curse (42 gold)
  a scroll of teleportation (42 gold)
  a scroll of magic mapping (49 gold)
[Shop] Bily's Distillery
  a potion of brilliance (60 gold)
  a potion of lignification (45 gold)
  a potion of berserk rage (75 gold)
  a potion of mutation (120 gold)
  2 potions of ambrosia (240 gold)
  a potion of berserk rage (75 gold)
  a potion of brilliance (60 gold)
  a potion of lignification (45 gold)
[Shop] Ecrev's Food Shop
  a ration (50 gold)
  a ration (50 gold)
  a ration (50 gold)
  a ration (50 gold)
  a ration (50 gold)
  a ration (50 gold)
  a ration (50 gold)
  a ration (50 gold)
  a ration (50 gold)
  a ration (50 gold)
[Shop] Besiwax's Antique Weapon Boutique
  a +3 great mace of crushing (667 gold)
  a +0 long sword (87 gold)
  the +11 shortbow "Podghut" {venom, rPois rC+} (1920 gold)
    It poisons the ammo it fires.
    
    It protects you from cold.
    It protects you from poison.
  the +7 spear of Gehenna {protect, Dex+2} (1245 gold)
    It grants its wielder temporary protection when it strikes (+7 to AC).
    
    It affects your dexterity (+2).
  a +1 dagger of venom (235 gold)
  a +0 trident (87 gold)
  a +0 battleaxe (162 gold)
[Shop] Upew's Distillery
  a potion of might (56 gold)
  a potion of flight (42 gold)
  a potion of ambrosia (112 gold)
  a potion of lignification (42 gold)
  a potion of degeneration (14 gold)
  a potion of mutation (112 gold)
  a potion of might (56 gold)
  a potion of haste (140 gold)
(0, 0, D:13)
  20 bolts
(4, 9, D:13)
  a +0 dagger of venom
  a +0 robe
(9, 15, D:13)
  a +0 troll leather armour
(10, 19, D:13)
  a +0 flail
  a +0 dagger
(11, 19, D:13)
  a +0 dagger
  a +0 robe
(11, 20, D:13)
  a cursed -2 falchion
  a +0 morningstar of holy wrath
(11, 23, D:13)
  a +0 scimitar
  a +0 chain mail
(12, 20, D:13)
  a +0 flail
  2 boomerangs
  a +0 ring mail
(12, 23, D:13)
  a +0 dagger
  a +0 robe
(13, 17, D:13)
  a +0 dagger
  a +0 robe
  14 stones
(13, 26, D:13)
  a +0 dagger
  a +0 robe
(13, 27, D:13)
  a +0 shortbow
  19 arrows
(13, 28, D:13)
  a +0 shortbow
  11 arrows
(14, 27, D:13)
  a cursed -3 shortbow
  19 arrows
(14, 28, D:13)
  3 arrows
  a +0 great sword of electrocution
  a +0 ring mail
(14, 30, D:13)
  2 arrows
(15, 27, D:13)
  a +0 shortbow
  a +2 shortbow of flaming
  38 arrows
(15, 28, D:13)
  a +0 shortbow
  14 arrows
(15, 29, D:13)
  3 arrows
(17, 32, D:13)
  an arrow
(18, 34, D:13)
  2 arrows
(19, 16, D:13)
  16 stones
(22, 11, D:13)
  a +0 robe
  a +0 dagger
(22, 12, D:13)
  an uncursed ring of magical power
  an uncursed ring of poison resistance
  a potion of brilliance
  a potion of invisibility
  a potion of ambrosia
  a wand of polymorph (1)
  a potion of berserk rage
  a wand of random effects (7)
  an uncursed amulet of rage
  a potion of agility
(24, 11, D:13)
  19 arrows
  a +0 shortbow
(25, 14, D:13)
  a +0 plate armour
  a +3 halberd of protection
(25, 24, D:13)
  a stone
(26, 8, D:13)
  an arrow
(26, 9, D:13)
  an arrow
(26, 24, D:13)
  a +2 mace of protection
  14 stones
(28, 11, D:13)
  an arrow
(28, 38, D:13)
  20 arrows
(29, 11, D:13)
  an arrow
(29, 24, D:13)
  a stone
(30, 9, D:13)
  an arrow
(30, 11, D:13)
  3 arrows
(30, 12, D:13)
  an arrow
(30, 34, D:13)
  a +0 war axe
  a +0 plate armour
  a +0 large shield
(31, 11, D:13)
  an arrow
(31, 24, D:13)
  a stone
(31, 27, D:13)
  23 bolts
(32, 10, D:13)
  2 arrows
(33, 24, D:13)
  a stone
(34, 9, D:13)
  a +0 shortbow
  18 arrows
(34, 10, D:13)
  a +0 shortbow
  13 arrows
(34, 11, D:13)
  a +0 shortbow
  17 arrows
(35, 5, D:13)
  a cursed ring of attention
(36, 26, D:13)
  17 bolts
(37, 26, D:13)
  9 stones
(49, 13, D:13)
  a +0 giant spiked club

Level 14 of the Dungeon
(8, -13, D:14)
  a +0 pair of gloves
(10, 36, D:14)
  a +0 scale mail
(13, 6, D:14)
  16 bolts
(17, 19, D:14)
  a large rock
(17, 20, D:14)
  a large rock
(19, 19, D:14)
  a large rock
(20, 13, D:14)
  a large rock
(22, 22, D:14)
  25 arrows
  a +0 shortbow
(28, 22, D:14)
  an arrow
(29, 0, D:14)
  4 large rocks
  a +4 mace
  a +0 robe
(30, -2, D:14)
  a +0 mace
  a +0 robe
(31, -2, D:14)
  a cursed +0 falchion
  a +0 robe
(54, -6, D:14)
  a +0 giant club
(55, -5, D:14)
  a +5 mace
  a +0 robe
(55, -4, D:14)
  a +5 falchion
  a +0 robe
(56, -4, D:14)
  a cursed +0 spear
  a +0 robe
(56, 1, D:14)
  a +0 falchion
(58, 36, D:14)
  a +1 short sword of holy wrath
  a +0 leather armour
(63, 13, D:14)
  a +0 cloak

Level 15 of the Dungeon
[Shop] Issiyrut's Distillery
  a potion of invisibility (104 gold)
  a potion of resistance (130 gold)
  a potion of resistance (130 gold)
  a potion of heal wounds (65 gold)
  a potion of haste (130 gold)
  a potion of heal wounds (65 gold)
  a potion of haste (130 gold)
  a potion of magic (104 gold)
(0, 0, D:15)
  a +0 hand axe
(1, 21, D:15)
  12 stones
(3, 31, D:15)
  a large rock
(8, 34, D:15)
  22 stones
(10, 31, D:15)
  3 large rocks
(20, 38, D:15)
  a +0 spear
  a +0 robe
(22, 38, D:15)
  a +0 giant club
  a +0 giant club
  a +0 giant club
  a +0 giant club
  a +0 giant spiked club
  a +0 giant spiked club
  a cursed -1 giant spiked club
  a +0 giant club
  a +0 giant club
(23, 5, D:15)
  a +0 giant club
  a +0 giant spiked club
(23, 6, D:15)
  a cursed -2 giant club
  a +0 robe
  a +0 giant spiked club
  a +0 whip
(24, 5, D:15)
  a +1 scimitar of holy wrath
(24, 6, D:15)
  a +0 giant spiked club
  a +0 giant club
  a +0 giant club
  a +0 giant club
(25, 6, D:15)
  a +0 giant spiked club
  a +0 giant club
  a +0 giant club
(25, 23, D:15)
  a +0 scale mail
(26, 21, D:15)
  a +0 plate armour
(27, -12, D:15)
  a +0 dagger of speed
  a +0 robe
(28, -13, D:15)
  a cursed -1 dagger
  a +0 robe
(28, -12, D:15)
  a +0 flail
  a cursed +0 leather armour
(29, -11, D:15)
  a +0 flail
  a +0 plate armour
(29, -10, D:15)
  a +0 flail
(39, -9, D:15)
  6 stones
(41, -3, D:15)
  a +3 hand axe
  a cursed +0 plate armour
(41, -2, D:15)
  a +0 dagger
  a +0 robe
  a +0 mace
  a +0 chain mail
(42, -10, D:15)
  2 large rocks
(42, -2, D:15)
  a +0 short sword
  a +0 club
  a cursed +0 long sword
  a +0 plate armour
(42, 0, D:15)
  a +0 dagger
  a +0 robe
(43, -3, D:15)
  a +0 war axe
  a +1 plate armour of fire resistance
(43, -2, D:15)
  a +0 war axe
  a +0 chain mail
(43, 0, D:15)
  a cursed +0 mace
  a +0 leather armour
(44, -6, D:15)
  a +0 flail
(51, 1, D:15)
  a +0 dagger
  a +0 robe
(52, -14, D:15)
  a +0 rapier
(56, 29, D:15)
  a +0 dagger
  a +0 robe
(57, 28, D:15)
  a +0 dagger
  a +0 robe
(60, -11, D:15)
  a +0 giant club
  a +0 giant club
(60, -4, D:15)
  a +1 long sword of holy wrath

Level 1 of the Orcish Mines
(0, 0, Orc:1)
  a +0 troll leather armour
(2, -1, Orc:1)
  a +0 dagger
  a +0 robe
  a +0 glaive
  a +0 plate armour
(2, 0, Orc:1)
  a +0 giant club
(2, 1, Orc:1)
  a +0 dagger
  a +0 robe
(3, -2, Orc:1)
  a +0 flail
(3, -1, Orc:1)
  a +0 short sword
  a +0 ring mail
  a +0 great sword
  a +0 plate armour
  a +0 dagger
  a +0 robe
  a +0 hand axe
  a +0 leather armour
(3, 0, Orc:1)
  a +0 dagger
  a +0 robe
(3, 1, Orc:1)
  a +0 battleaxe
  a +0 plate armour
(4, -3, Orc:1)
  a +0 war axe
  a +0 plate armour
(4, -2, Orc:1)
  a +0 dagger
  a +0 robe
  a +0 short sword
  a +0 leather armour
(4, -1, Orc:1)
  a +0 war axe
  a +0 dagger of protection
  a +0 robe
  a +0 scimitar
  a +0 chain mail
  a +0 trident
  a +0 ring mail
(20, 41, Orc:1)
  a +0 troll leather armour
(22, 41, Orc:1)
  a +0 hand axe
(23, 40, Orc:1)
  a +0 hand axe
  a +0 trident
(23, 42, Orc:1)
  a +0 flail
(24, 39, Orc:1)
  a +0 chain mail
  a +0 battleaxe
(24, 41, Orc:1)
  a +0 plate armour
  a +0 war axe
(25, 41, Orc:1)
  a +1 robe of fire resistance
  a +0 dagger
(27, 46, Orc:1)
  a +0 mace
(27, 47, Orc:1)
  a +0 glaive
(29, 38, Orc:1)
  a +0 hand axe
(30, 39, Orc:1)
  a +0 dagger
(30, 41, Orc:1)
  a cursed +0 robe
  a +0 dagger
(31, 39, Orc:1)
  a +0 ring mail
  a +0 hand axe
(31, 40, Orc:1)
  a +0 chain mail
  a +0 dire flail

Level 2 of the Orcish Mines
[Shop] Qitimp's General Store
  a scroll of noise (16 gold)
  19 stones (30 gold)
  a wand of disintegration (17) (336 gold)
  a ration (80 gold)
  a wand of paralysis (11) (208 gold)
  6 boomerangs of dispersal (144 gold)
  a scroll of amnesia (56 gold)
  18 arrows (57 gold)
  a +0 arbalest (72 gold)
[Shop] Odimnep's Book Shoppe
  a book of the Tempests (910 gold)
  a book of Frost (455 gold)
  a book of Death (910 gold)
  a book of Minor Magic (260 gold)
  the Incunabulum of Cankerous Arcane Weapons (637 gold)
    Spells                           Type                      Level      
    Known
     a - Sting                        Conjuration/Poison            1         
    no
     b - Throw Flame                  Conjuration/Fire              2         
    no
     c - Dazzling Spray               Conjuration/Hexes             3         
    no
     d - Venom Bolt                   Conjuration/Poison            5         
    no
     e - Spellforged Servitor         Conjuration/Summoning         7         
    no
    
    
    Trog disapproves of the use of such an item.
  a book of Battle (520 gold)
  a book of Necromancy (390 gold)
  a Fen Folio (975 gold)
  a book of Minor Magic (260 gold)
  a book of Air (455 gold)
  a book of Cantrips (260 gold)
[Shop] Goacwe's Antique Armour Shoppe
  the +8 chain mail of Panentheism {Regen+} (1596 gold)
    It increases your rate of regeneration.
  a +0 plate armour (713 gold)
  a cursed +0 leather armour (31 gold)
  a +0 cloak (139 gold)
  a +0 chain mail (139 gold)
  a +1 plate armour of fire resistance (1085 gold)
  a +1 helmet of see invisible (511 gold)
  the +3 chain mail "Taratuud" {Int+2} (951 gold)
    It affects your intelligence (+2).
[Shop] Macos's Antique Weapon Shoppe
  a +2 halberd of venom (420 gold)
  a +3 falchion of flaming (560 gold)
  a +0 spear (75 gold)
  a +0 falchion of slicing (162 gold)
  a +0 mace (75 gold)
  a +0 broad axe (100 gold)
  a +2 hand axe of electrocution (487 gold)
  a +3 war axe of chopping (555 gold)
  a +0 shortbow (75 gold)
  a +0 hunting sling (37 gold)
  a +0 club (25 gold)
  a +0 longbow (112 gold)
  a +1 whip of venom (250 gold)
(0, 0, Orc:2)
  a +0 plate armour
  a +0 halberd
(0, 1, Orc:2)
  a +0 leather armour
  a +0 short sword
(0, 2, Orc:2)
  a +0 hand axe
(7, -6, Orc:2)
  a +0 battleaxe
(8, -6, Orc:2)
  a +0 leather armour
  a +0 mace
  a +1 flail of crushing
  a +0 ring mail
(8, -4, Orc:2)
  a +0 giant club
(13, 14, Orc:2)
  a +2 chain mail of cold resistance
  a +0 glaive
  a +0 robe of cold resistance
  a +1 vampiric dagger
(13, 15, Orc:2)
  a +0 club
  a +0 mace
(14, 15, Orc:2)
  a +0 hand axe
  a +0 flail
(21, 35, Orc:2)
  a +0 short sword of venom
(22, 31, Orc:2)
  a +0 leather armour
  a +0 dagger of draining
(22, 35, Orc:2)
  a +0 dagger
  a +0 robe
  a +0 war axe
  a +3 dagger of flaming
  a cursed -2 long sword
  a +0 chain mail
  a +0 large shield
  a cursed +0 double sword
  a +0 chain mail
  a +0 shield
(22, 36, Orc:2)
  a +1 dagger of draining
  a +0 robe
(22, 41, Orc:2)
  a +0 mace
  a +0 chain mail
(22, 43, Orc:2)
  a +0 battleaxe
  a +0 chain mail
(23, 35, Orc:2)
  a +0 hand axe
  a +0 chain mail
  a +0 flail
  a +0 plate armour
(24, 33, Orc:2)
  a +0 flail
  a +0 plate armour
(24, 35, Orc:2)
  a +0 flail
(25, 29, Orc:2)
  a +0 robe
  a +0 dagger
(25, 33, Orc:2)
  a +0 dagger
(25, 35, Orc:2)
  a +0 mace
  a +1 vampiric dagger
  a +0 robe
(26, 33, Orc:2)
  a +0 war axe
  a +0 chain mail
(26, 34, Orc:2)
  a +0 dagger
  a +0 robe
(26, 35, Orc:2)
  a +0 dagger
  a +2 robe of positive energy
(27, 30, Orc:2)
  a +0 plate armour
  a +0 glaive
(27, 33, Orc:2)
  a +0 leather armour
  a +0 club
(27, 34, Orc:2)
  a +0 hand axe
  a +0 leather armour
(28, 30, Orc:2)
  a +0 mace
(28, 31, Orc:2)
  a +0 leather armour
  a +0 robe
  a +0 flail of draining
  a +0 dagger
(29, 31, Orc:2)
  a +0 mace
  a +0 chain mail
  a +0 battleaxe
(29, 32, Orc:2)
  a +0 chain mail
  a +0 halberd
(30, 31, Orc:2)
  a +0 short sword
(31, 31, Orc:2)
  a +0 dagger
  a +0 robe
(37, 34, Orc:2)
  a +0 hand axe
  a +0 leather armour
(39, 34, Orc:2)
  a +0 dagger
  a +0 robe
(40, 13, Orc:2)
  a +1 long sword of slicing
  a +0 chain mail
(40, 15, Orc:2)
  a +0 dagger
  a +0 robe
(40, 18, Orc:2)
  a +0 hand axe
  a +0 ring mail
(40, 19, Orc:2)
  a +0 mace
  a +0 plate armour
(40, 23, Orc:2)
  a +0 whip
  a +0 ring mail
(41, 28, Orc:2)
  a +0 giant club
(41, 41, Orc:2)
  a +0 dagger
  a +0 robe
(42, 32, Orc:2)
  a cursed -3 halberd
  a +0 plate armour
(42, 34, Orc:2)
  a +0 mace
  a +0 plate armour
(44, 44, Orc:2)
  a +1 war axe of flaming
(45, 44, Orc:2)
  a cursed +0 club
  a +0 leather armour
  a +0 hand axe of freezing
  a +0 leather armour
  a +0 dagger
  a +0 robe
(50, 23, Orc:2)
  a large rock
(50, 24, Orc:2)
  a large rock
(56, 21, Orc:2)
  2 large rocks
(56, 44, Orc:2)
  a +0 giant club

Level 1 of the Elven Halls
(0, 0, Elf:1)
  a +0 short sword
(0, 21, Elf:1)
  a +0 long sword
  a +0 leather armour
(1, -11, Elf:1)
  2 arrows
(3, -11, Elf:1)
  3 arrows
(3, -10, Elf:1)
  an arrow
(3, 0, Elf:1)
  22 stones
(4, -11, Elf:1)
  an arrow
  a +0 long sword
(5, -11, Elf:1)
  2 arrows
  a +0 long sword
(6, -11, Elf:1)
  a +0 shortbow of freezing
  a +1 vampiric dagger
  5 arrows
  a +0 leather armour
(8, 15, Elf:1)
  a +0 short sword
  a +0 longbow
  a +0 leather armour
  3 arrows
(9, -25, Elf:1)
  24 arrows
(9, -11, Elf:1)
  a +3 dagger
  a +0 scale mail
  a +0 dagger
(9, 15, Elf:1)
  a +0 rapier
  a +0 leather armour
  a +0 rapier
(10, 15, Elf:1)
  an arrow
(10, 19, Elf:1)
  a scroll of amnesia
(11, -11, Elf:1)
  a +0 long sword
(11, 15, Elf:1)
  a +0 short sword
  a cursed +0 ring mail
  an arrow
(12, 26, Elf:1)
  a +0 rapier
(15, 5, Elf:1)
  a +0 short sword
  a +0 longbow
  8 arrows
  a +0 leather armour
(15, 7, Elf:1)
  a +1 dagger of venom
  an arrow
(16, 6, Elf:1)
  a +0 scimitar
  a +0 scale mail
(17, 6, Elf:1)
  an arrow
(18, 6, Elf:1)
  a +0 short sword
(19, 5, Elf:1)
  a +0 long sword
(22, -21, Elf:1)
  a +0 war axe of electrocution
(26, -5, Elf:1)
  a +0 dagger
(26, -3, Elf:1)
  a +0 dagger
(26, 14, Elf:1)
  a +0 dagger
(26, 18, Elf:1)
  a +0 dagger
  a +0 chain mail
(27, -1, Elf:1)
  a +0 dagger
(28, 16, Elf:1)
  an arrow
(29, -9, Elf:1)
  18 stones
  a +0 rapier
(29, 2, Elf:1)
  a +0 long sword
(29, 16, Elf:1)
  a +4 battleaxe of chopping
(30, 14, Elf:1)
  an arrow
(31, 1, Elf:1)
  a +0 dagger
(31, 14, Elf:1)
  a +0 long sword
(32, 14, Elf:1)
  an arrow
(33, -2, Elf:1)
  a +0 ring mail
  a cursed -1 long sword
(33, 9, Elf:1)
  13 arrows
(33, 14, Elf:1)
  a +0 long sword
  a +0 ring mail
(34, 14, Elf:1)
  a cursed -3 short sword
  a +0 long sword
  a +0 scale mail
(35, -2, Elf:1)
  a +0 leather armour
  a +0 dagger
(35, 14, Elf:1)
  a +0 dagger
  a +0 robe
  a +0 scimitar
  2 arrows
(35, 28, Elf:1)
  an arrow
(36, 14, Elf:1)
  3 arrows
(36, 15, Elf:1)
  a +3 ring of intelligence
  an uncursed ring of fire
  a wand of flame (8)
  a potion of agility
  a wand of random effects (41)
  an uncursed amulet of the acrobat
  a +0 long sword
  a +1 scale mail of magic resistance
  a +5 demon whip of freezing
  7 arrows
(37, 15, Elf:1)
  a +0 long sword
(37, 28, Elf:1)
  an arrow
(38, 14, Elf:1)
  a +0 short sword
  a +0 scale mail
(38, 30, Elf:1)
  a +0 short sword
  a +2 shortbow of freezing
  9 arrows
  a +0 leather armour
(39, -2, Elf:1)
  a +0 ring mail
(39, 13, Elf:1)
  a +0 longbow
  a +0 short sword
  3 arrows
  a +0 leather armour
(40, -17, Elf:1)
  a +3 short sword of venom
(40, 11, Elf:1)
  a +1 glaive of venom
(40, 17, Elf:1)
  an arrow
(43, -14, Elf:1)
  a +0 long sword
(43, -12, Elf:1)
  a +0 rapier
(44, -7, Elf:1)
  a +0 falchion
(54, -13, Elf:1)
  a +1 lajatang of electrocution
(55, 13, Elf:1)
  a +0 hand axe

Level 2 of the Elven Halls
[Shop] Gumelea's General Store
  17 sling bullets (119 gold)
  a +0 glaive of distortion (254 gold)
  a potion of flight (42 gold)
  a crystal ball of energy (280 gold)
  a +2 antimagic mace (294 gold)
  20 stones (28 gold)
  23 sling bullets (161 gold)
  a ration (70 gold)
  a +0 chain mail (63 gold)
(0, 0, Elf:2)
  22 arrows
(1, 22, Elf:2)
  a +0 short sword
  a +0 leather armour
(1, 47, Elf:2)
  a +1 vampiric long sword
(2, 47, Elf:2)
  a +0 long sword
  a +0 buckler
  a +1 vampiric eveningstar
(2, 51, Elf:2)
  a +0 trident of protection
(3, 43, Elf:2)
  a +2 long sword of holy wrath
  a +0 leather armour
(3, 47, Elf:2)
  a cursed -1 short sword
(4, 47, Elf:2)
  a +1 vampiric glaive
(5, 41, Elf:2)
  a +0 short sword
(6, 6, Elf:2)
  a scroll of random uselessness
(7, 22, Elf:2)
  a +0 dagger
  a +0 shortbow
  25 arrows
  a +0 leather armour
(7, 25, Elf:2)
  an arrow
(8, -2, Elf:2)
  a +0 club
(8, 7, Elf:2)
  a +3 battleaxe of electrocution
(8, 18, Elf:2)
  24 stones
(9, 20, Elf:2)
  an arrow
(10, 25, Elf:2)
  an arrow
(11, 7, Elf:2)
  a +0 long sword
  a +0 chain mail
(11, 25, Elf:2)
  an arrow
(11, 26, Elf:2)
  an arrow
(12, 25, Elf:2)
  an arrow
(13, 24, Elf:2)
  a +0 mace
(13, 26, Elf:2)
  a +2 scythe of pain
(13, 27, Elf:2)
  19 stones
(21, 53, Elf:2)
  a cursed -3 shortbow
  a +0 short sword
  13 arrows
(21, 54, Elf:2)
  a +0 long sword
(22, 18, Elf:2)
  9 arrows
(22, 53, Elf:2)
  a +0 long sword
  a +0 chain mail
(24, 53, Elf:2)
  an arrow
(25, 53, Elf:2)
  an arrow
(26, 23, Elf:2)
  a +4 dagger
(28, 24, Elf:2)
  a +8 dagger
(28, 53, Elf:2)
  3 arrows
(30, 28, Elf:2)
  a +6 eveningstar of crushing
(31, 10, Elf:2)
  6 atropa-tipped darts
  4 boomerangs
(31, 26, Elf:2)
  a +0 long sword
(32, 28, Elf:2)
  a +0 short sword
  a +0 leather armour
  a +3 battleaxe of flaming
(32, 31, Elf:2)
  a +0 dagger
  a +0 chain mail
(34, -1, Elf:2)
  an arrow
(36, -1, Elf:2)
  an arrow
(36, 2, Elf:2)
  3 arrows
(37, -1, Elf:2)
  an arrow
(37, 2, Elf:2)
  3 arrows
(38, -1, Elf:2)
  an arrow
(38, 2, Elf:2)
  3 arrows
  a +3 short sword
  a +0 short sword
(38, 9, Elf:2)
  an arrow
(38, 12, Elf:2)
  a +0 trident
(39, 2, Elf:2)
  a +0 long sword
  a +0 chain mail
(39, 4, Elf:2)
  an arrow
(39, 19, Elf:2)
  25 stones
(40, -1, Elf:2)
  a +0 dagger
  a +0 shortbow
  14 arrows
  a +0 leather armour
(40, 7, Elf:2)
  an arrow
(41, 8, Elf:2)
  an arrow
  a +0 flail
(41, 22, Elf:2)
  23 arrows
(42, -3, Elf:2)
  a book of Fire
(43, 52, Elf:2)
  a +0 long sword
  a +0 shortbow
  17 arrows
  a +0 scale mail
(43, 53, Elf:2)
  a +0 short sword
  a +0 short sword
  a +0 leather armour
(44, -5, Elf:2)
  18 bolts
(45, 9, Elf:2)
  a -3 dagger
  a +0 shortbow
  9 arrows
  a +0 leather armour
(45, 24, Elf:2)
  a +0 leather armour
  a +0 short sword of protection
(47, -3, Elf:2)
  3 large rocks
(47, -2, Elf:2)
  a +0 long sword
  a +0 scale mail
  a +0 long sword
(49, 6, Elf:2)
  a +0 long sword
  a +0 chain mail
(50, 33, Elf:2)
  a +0 long sword
(52, -2, Elf:2)
  a +0 dagger
(53, -3, Elf:2)
  a +0 long sword
  a +0 leather armour
(53, -2, Elf:2)
  a +4 antimagic broad axe
(54, -4, Elf:2)
  a +0 long sword
(54, 2, Elf:2)
  a +0 rapier
(54, 52, Elf:2)
  a +1 trident of protection
(55, 0, Elf:2)
  a +0 scimitar
(55, 1, Elf:2)
  a +0 long sword
(55, 54, Elf:2)
  a +0 long sword
  a +0 chain mail
(57, 4, Elf:2)
  a +0 ring mail
(57, 24, Elf:2)
  a +1 short sword of draining
(59, 9, Elf:2)
  a +0 rapier
  a +0 ring mail
(59, 17, Elf:2)
  a +0 long sword
  a +0 leather armour
(59, 54, Elf:2)
  a +0 rapier
(60, 17, Elf:2)
  a +0 short sword
(60, 37, Elf:2)
  a +2 mace of crushing
(60, 38, Elf:2)
  a cursed -3 scimitar
  a +0 ring mail
(61, -6, Elf:2)
  a +0 robe
(61, 36, Elf:2)
  a +4 scimitar of draining
(61, 38, Elf:2)
  a +1 triple sword of flaming
(61, 46, Elf:2)
  a +2 long sword of electrocution

Level 3 of the Elven Halls
(0, 0, Elf:3)
  a +0 dagger
  a +0 longbow
  13 arrows
  a +0 leather armour
(0, 1, Elf:3)
  a +0 rapier of flaming
  a +0 ring mail
(0, 20, Elf:3)
  a +1 pair of boots
(1, 0, Elf:3)
  a +0 short sword
  a +0 shortbow
  27 arrows
  a +0 chain mail
(3, -7, Elf:3)
  a +0 vampiric long sword
  a +0 leather armour
  a +0 short sword
(3, 0, Elf:3)
  an arrow
(4, 0, Elf:3)
  a cursed +0 long sword
(5, 0, Elf:3)
  an arrow
(11, -14, Elf:3)
  a +4 rapier
  a +0 leather armour
(11, 10, Elf:3)
  a scroll of torment
  the +12 hand crossbow "Pusikew" {elec, SInv Stlth+}
    It charges the ammunition it shoots with electricity; occasionally upon a
    hit, such missiles may discharge and cause terrible harm.
    
    It lets you see invisible.
    It makes you more stealthy.
  2 potions of resistance
  the +2 large shield "Atoelode" {Int+4}
    It affects your intelligence (+4).
  a wand of iceblast (2)
  3 scrolls of immolation
  a wand of acid (5)
  2 scrolls of vulnerability
  the +2 robe "Pamowk" {+Blink Dex+2}
    It affects your dexterity (+2).
    It lets you blink.
  the +4 glaive "Xodac" {vamp, rF++}
    It inflicts no extra harm, but heals its wielder when it wounds a living
    foe.
    
    It greatly protects you from fire.
  the +1 large shield of Complete Protection {Regen+ Dex+3}
    It affects your dexterity (+3).
    It increases your rate of regeneration.
  the +0 pair of gloves of Pantheism {Int+7}
    It affects your intelligence (+7).
(12, -18, Elf:3)
  a +0 shield
(12, 10, Elf:3)
  an uncursed staff of energy
  a +2 troll leather armour
(12, 14, Elf:3)
  a +0 pair of gloves
(13, -21, Elf:3)
  a +0 robe
(13, 2, Elf:3)
  a +2 hand axe of freezing
  a +2 scale mail of poison resistance
(13, 3, Elf:3)
  a +2 halberd of protection
(13, 9, Elf:3)
  a +0 ring mail
(13, 10, Elf:3)
  a +2 halberd of venom
(14, 11, Elf:3)
  a +0 rapier
(16, -3, Elf:3)
  a +0 naga barding
(16, 14, Elf:3)
  a +0 flail of protection
  a +2 robe of magic resistance
(17, 2, Elf:3)
  an uncursed staff of power
(17, 14, Elf:3)
  a +2 long sword of freezing
  a +0 leather armour
(17, 15, Elf:3)
  2 arrows
(18, 3, Elf:3)
  a +0 long sword
(18, 7, Elf:3)
  an uncursed staff of death
(18, 8, Elf:3)
  a +0 chain mail
(18, 9, Elf:3)
  the +5 shortbow of Louwkis {venom, rC+ Dex+3}
    It poisons the ammo it fires.
    
    It affects your dexterity (+3).
    It protects you from cold.
(18, 12, Elf:3)
  an uncursed staff of death
(18, 16, Elf:3)
  an arrow
(19, 3, Elf:3)
  18 arrows
(19, 10, Elf:3)
  22 stones
(19, 11, Elf:3)
  a book of the Warp
(19, 12, Elf:3)
  a +0 dagger
(19, 13, Elf:3)
  a +0 long sword
(19, 17, Elf:3)
  2 arrows
(20, -7, Elf:3)
  23 stones
(20, 5, Elf:3)
  a +0 ring mail
(20, 8, Elf:3)
  17 stones
(20, 11, Elf:3)
  a wand of acid (11)
(20, 17, Elf:3)
  a +0 longbow
  29 arrows
  a +0 leather armour
(20, 18, Elf:3)
  5 arrows
(20, 20, Elf:3)
  an arrow
(21, 4, Elf:3)
  a +0 long sword
(21, 6, Elf:3)
  a +0 trident of freezing
(21, 18, Elf:3)
  a +2 antimagic flail
  a +0 chain mail
(22, -6, Elf:3)
  an uncursed staff of summoning
(22, 2, Elf:3)
  a +0 long sword
(22, 4, Elf:3)
  a +0 hand crossbow of velocity
(22, 7, Elf:3)
  an uncursed staff of power
(22, 9, Elf:3)
  2 throwing nets
(23, -5, Elf:3)
  a +0 scimitar
  a +0 shortbow
  26 arrows
(23, -4, Elf:3)
  a +0 rapier
  a +0 rapier
  the +2 ring mail of the Orcish Mines {+Fly rPois Int+4}
    It affects your intelligence (+4).
    It protects you from poison.
    It lets you fly.
  a cursed ring of attention
(23, 4, Elf:3)
  a +0 dagger
(23, 5, Elf:3)
  an uncursed staff of death
(23, 6, Elf:3)
  an uncursed staff of conjuration
(23, 8, Elf:3)
  a +0 war axe
(23, 9, Elf:3)
  a +0 plate armour
(23, 11, Elf:3)
  a lamp of fire (inert)
(24, 5, Elf:3)
  an uncursed staff of power
(24, 6, Elf:3)
  a +0 quarterstaff
(24, 7, Elf:3)
  an uncursed staff of conjuration
(25, 0, Elf:3)
  an uncursed staff of wizardry
(25, 7, Elf:3)
  an uncursed staff of fire
(25, 8, Elf:3)
  a +0 long sword
(26, 1, Elf:3)
  the ring of the Wild Haggis {*Tele rC+ SInv}
    [ring of teleportation]
    
    It may teleport you next to monsters.
    It protects you from cold.
    It lets you see invisible.
  an uncursed ring of poison resistance
  an uncursed ring of magical power
  an uncursed ring of ice
(26, 2, Elf:3)
  a +8 giant spiked club
(26, 11, Elf:3)
  an uncursed staff of death
(26, 16, Elf:3)
  a +0 glaive
  a +0 leather armour
  a cursed ring of attention
(27, 3, Elf:3)
  a +0 chain mail
(27, 5, Elf:3)
  a +0 rapier
(27, 6, Elf:3)
  an uncursed staff of fire
(27, 9, Elf:3)
  a book of Callings
(29, 9, Elf:3)
  a +0 long sword
(29, 10, Elf:3)
  a +2 plate armour of cold resistance
(30, 9, Elf:3)
  a +3 chain mail of fire resistance
(31, 30, Elf:3)
  a +0 long sword
(32, -2, Elf:3)
  a +3 morningstar of holy wrath
  a +0 leather armour
(33, -14, Elf:3)
  a +0 great sword
(44, 12, Elf:3)
  a +0 rapier
  a +0 leather armour
  a +0 rapier
(46, 3, Elf:3)
  a +0 rapier
  an arrow
(46, 4, Elf:3)
  a +2 short sword of venom
  a cursed -2 scale mail
  a +0 short sword
  a +0 ring mail
  a +0 rapier
  a +4 war axe of electrocution
  2 arrows
(46, 5, Elf:3)
  a +0 dagger
  a +2 halberd of chopping
  a +0 leather armour
  23 arrows
  a +0 longbow
  a +0 long sword of protection
  a +0 rapier
(46, 6, Elf:3)
  a +1 dagger of electrocution
  a +0 short sword
(46, 7, Elf:3)
  a +0 short sword
(46, 12, Elf:3)
  a +0 long sword
  a +0 leather armour

Level 1 of the Lair of Beasts
(1, -15, Lair:1)
  a +0 spear
(10, -33, Lair:1)
  8 stones
(15, -36, Lair:1)
  27 stones
(15, -32, Lair:1)
  a cursed -1 club
(23, -40, Lair:1)
  a +0 scale mail
(31, -23, Lair:1)
  a +1 hand axe of holy wrath
(42, -36, Lair:1)
  a scroll of noise
(44, -8, Lair:1)
  13 stones
(50, -9, Lair:1)
  a +0 quarterstaff

Level 2 of the Lair of Beasts
(9, -42, Lair:2)
  a +0 spear
(11, -21, Lair:2)
  a +0 leather armour
(18, -24, Lair:2)
  a +0 broad axe
(19, -49, Lair:2)
  a cursed +0 pair of boots
(25, -42, Lair:2)
  a +0 leather armour
(26, -39, Lair:2)
  a scroll of random uselessness
(39, -34, Lair:2)
  a +0 long sword
(40, -48, Lair:2)
  a +0 chain mail
(42, -27, Lair:2)
  8 javelins
(46, -27, Lair:2)
  a book of Misfortune
(47, -26, Lair:2)
  a +0 scale mail
(62, -1, Lair:2)
  27 stones

Level 3 of the Lair of Beasts
(26, -5, Lair:3)
  a +0 scale mail
(52, -14, Lair:3)
  a +0 scale mail
(52, -1, Lair:3)
  a +0 robe
(61, 0, Lair:3)
  a +0 plate armour

Level 4 of the Lair of Beasts
(0, 0, Lair:4)
  24 arrows
(2, 34, Lair:4)
  23 stones
(10, 47, Lair:4)
  19 stones
(44, 10, Lair:4)
  a potion of lignification
(46, 49, Lair:4)
  20 bolts

Level 5 of the Lair of Beasts
(0, 0, Lair:5)
  a potion of lignification
(3, -11, Lair:5)
  a +0 chain mail
(5, -30, Lair:5)
  27 sling bullets
(9, -31, Lair:5)
  a +0 war axe
(26, 2, Lair:5)
  26 sling bullets

Level 6 of the Lair of Beasts
(0, 0, Lair:6)
  28 stones
(3, -5, Lair:6)
  an uncursed staff of wizardry
(7, 4, Lair:6)
  a +0 spear
(9, 56, Lair:6)
  15 bolts
(30, 19, Lair:6)
  a +7 longbow of flaming
(30, 43, Lair:6)
  a scroll of noise
(31, 42, Lair:6)
  an uncursed staff of power
(31, 43, Lair:6)
  a +2 shortbow of flaming
(32, 18, Lair:6)
  a +0 chain mail
(32, 31, Lair:6)
  16 bolts
(35, 27, Lair:6)
  14 stones
(38, 0, Lair:6)
  a +1 hand axe of flaming
(57, 31, Lair:6)
  a +0 plate armour
(60, 51, Lair:6)
  a +0 flail
(70, 13, Lair:6)
  a +0 mace

Level 1 of the Swamp
(9, 24, Swamp:1)
  a +0 scale mail
(10, 14, Swamp:1)
  a +0 spear
(12, 31, Swamp:1)
  a cursed -2 short sword
(23, 12, Swamp:1)
  a +0 rapier
(23, 30, Swamp:1)
  25 arrows
(24, 38, Swamp:1)
  20 stones
(29, -1, Swamp:1)
  15 stones
(29, 16, Swamp:1)
  22 stones
(32, 10, Swamp:1)
  a +0 glaive
(38, 1, Swamp:1)
  +0 swamp dragon scales
(41, 45, Swamp:1)
  a +0 eveningstar
(45, 32, Swamp:1)
  a +0 mace
(49, 15, Swamp:1)
  19 sling bullets
(53, 7, Swamp:1)
  15 sling bullets
(53, 31, Swamp:1)
  a +0 quarterstaff
(59, 41, Swamp:1)
  a +0 robe
(64, 43, Swamp:1)
  a wand of clouds (6)

Level 2 of the Swamp
(0, 0, Swamp:2)
  30 arrows
(2, -8, Swamp:2)
  a +0 short sword
(6, -22, Swamp:2)
  a +3 antimagic broad axe
(12, -23, Swamp:2)
  a +0 spear
  14 stones
(13, -7, Swamp:2)
  a +0 club
(13, -1, Swamp:2)
  19 stones
(17, -25, Swamp:2)
  a stone
(18, -25, Swamp:2)
  2 stones
(19, 12, Swamp:2)
  a +0 scale mail
(20, 11, Swamp:2)
  21 stones
(26, -22, Swamp:2)
  24 arrows
(29, 1, Swamp:2)
  a +0 cloak
(33, -18, Swamp:2)
  a +0 quarterstaff
(34, -7, Swamp:2)
  a potion of lignification
(40, -14, Swamp:2)
  20 stones
(42, 3, Swamp:2)
  23 arrows
(42, 18, Swamp:2)
  a +0 flail
(46, -10, Swamp:2)
  a +0 chain mail

Level 3 of the Swamp
(11, -16, Swamp:3)
  2 poisoned darts
(11, -15, Swamp:3)
  a poisoned dart
(12, -14, Swamp:3)
  a poisoned dart
(12, 2, Swamp:3)
  a poisoned dart
(18, 11, Swamp:3)
  a poisoned dart
(21, 9, Swamp:3)
  a poisoned dart
(24, 8, Swamp:3)
  a poisoned dart
(26, 8, Swamp:3)
  a poisoned dart
(27, 5, Swamp:3)
  a poisoned dart
(28, 1, Swamp:3)
  a poisoned dart
(30, 4, Swamp:3)
  2 poisoned darts
(32, -10, Swamp:3)
  11 sling bullets
(32, 5, Swamp:3)
  a poisoned dart
(45, -13, Swamp:3)
  a +2 antimagic morningstar
(47, -8, Swamp:3)
  a +0 flail
(50, 14, Swamp:3)
  a poisoned dart
(55, 8, Swamp:3)
  a curare-tipped dart

Level 4 of the Swamp
(0, 0, Swamp:4)
  26 bolts
(4, 5, Swamp:4)
  a +1 antimagic great mace (still there?)
  a poisoned dart (still there?)
(13, 13, Swamp:4)
  a +0 robe
(15, 21, Swamp:4)
  +0 swamp dragon scales
(16, 19, Swamp:4)
  +0 swamp dragon scales
(18, 19, Swamp:4)
  a +0 robe
  a +0 quarterstaff
(22, 6, Swamp:4)
  18 stones
(24, 26, Swamp:4)
  a poisoned dart
(24, 27, Swamp:4)
  2 poisoned darts
(25, 24, Swamp:4)
  a poisoned dart
(25, 25, Swamp:4)
  a poisoned dart
(28, 30, Swamp:4)
  a +0 rapier
(32, 33, Swamp:4)
  a cursed ring of attention
(36, 26, Swamp:4)
  25 sling bullets
(50, 21, Swamp:4)
  a +0 pair of boots

Level 1 of the Spider Nest
(0, 0, Spider:1)
  a +0 falchion of slicing
(19, 2, Spider:1)
  a +4 chain mail of cold resistance
(25, 16, Spider:1)
  20 arrows
(33, -13, Spider:1)
  a +0 plate armour
(45, -2, Spider:1)
  a cursed -1 battleaxe

Level 2 of the Spider Nest
(2, 49, Spider:2)
  a +0 scale mail
(18, 34, Spider:2)
  a +0 chain mail
(22, 43, Spider:2)
  a +0 mace
(23, 39, Spider:2)
  a cursed +0 plate armour
(23, 47, Spider:2)
  a cursed +0 plate armour
(27, 40, Spider:2)
  a +0 war axe
(28, 34, Spider:2)
  a +0 ring mail
(28, 40, Spider:2)
  a +0 mace
(28, 47, Spider:2)
  a +0 war axe
(28, 48, Spider:2)
  a +0 mace
(28, 52, Spider:2)
  a +0 chain mail
(30, 39, Spider:2)
  a +2 antimagic long sword
  a +0 scimitar
  a +0 scimitar
(31, 42, Spider:2)
  a +0 spear
(33, 39, Spider:2)
  a +0 plate armour
(33, 42, Spider:2)
  a +0 ring mail
(33, 47, Spider:2)
  a +0 scale mail
(34, 7, Spider:2)
  a +0 chain mail

Level 3 of the Spider Nest
(0, 0, Spider:3)
  a +0 fustibalus
(0, 19, Spider:3)
  a +0 hand axe
  a +0 leather armour
(0, 20, Spider:3)
  a +0 war axe
  a +0 leather armour
(1, 20, Spider:3)
  a +0 broad axe
  a +0 robe
(6, 31, Spider:3)
  13 stones
(10, 13, Spider:3)
  a +0 morningstar
(16, -10, Spider:3)
  a +0 leather armour
(22, 26, Spider:3)
  a +0 robe
(27, 32, Spider:3)
  a +0 plate armour
(35, 32, Spider:3)
  a +0 robe

Level 4 of the Spider Nest
(6, -11, Spider:4)
  a +0 chain mail
(17, -14, Spider:4)
  a +0 pair of gloves
(22, -12, Spider:4)
  15 stones
(25, 10, Spider:4)
  a +0 mace
(28, 12, Spider:4)
  a +0 leather armour of poison resistance
(44, -4, Spider:4)
  a +4 hunting sling of freezing
(46, -16, Spider:4)
  a +0 ring mail
(47, -13, Spider:4)
  a +0 leather armour

Level 1 of the Pits of Slime

Level 2 of the Pits of Slime

Level 3 of the Pits of Slime
(14, -28, Slime:3)
  a +4 scimitar of holy wrath

Level 4 of the Pits of Slime

Level 5 of the Pits of Slime
(5, 2, Slime:5)
  a +2 battleaxe of chopping

