Vouh

Level 1 of the Dungeon
(0, 0, D:1)
  a +0 whip
(5, -25, D:1)
  a +0 club
(6, -2, D:1)
  a +0 club
(12, -17, D:1)
  a cursed +0 robe
(21, -5, D:1)
  a +0 animal skin
(36, -5, D:1)
  a +0 dagger
(37, -6, D:1)
  a +0 short sword
(38, -7, D:1)
  a +0 short sword

Level 2 of the Dungeon
(1, -4, D:2)
  12 bolts
(17, -20, D:2)
  a +0 chain mail
(17, -4, D:2)
  a cursed +0 dagger
(28, -9, D:2)
  a cursed +0 dagger
(29, 25, D:2)
  a +0 hand axe
  a +0 chain mail
  a +0 scale mail
(30, -9, D:2)
  a +0 dagger
  a +0 dagger
(30, 25, D:2)
  a +0 dagger
  a +0 robe
(31, -9, D:2)
  a cursed -1 club
(32, -9, D:2)
  a +0 club
  a +0 dagger
(33, -9, D:2)
  a +0 dagger
(34, -10, D:2)
  a +0 dagger
(34, -9, D:2)
  a +0 club
  a +0 animal skin
  a +0 helmet
(34, 14, D:2)
  a +0 robe
(45, 24, D:2)
  21 bolts
(46, 23, D:2)
  a +0 dagger
(50, -7, D:2)
  a +0 mace

Level 3 of the Dungeon
(10, -7, D:3)
  a +0 flail
  a +0 ring mail
(14, -9, D:3)
  a +0 club
(21, -28, D:3)
  a cursed +0 short sword
  a +0 scale mail
(22, -28, D:3)
  a +0 hand axe
(24, -17, D:3)
  a +0 spear
(25, -2, D:3)
  a +0 mace
(26, 8, D:3)
  a +0 robe
(30, -38, D:3)
  a +0 scale mail
(30, -37, D:3)
  a cursed +0 whip
(30, -36, D:3)
  a +2 scale mail of cold resistance
  a +0 flail
  a +0 club
  4 boomerangs of dispersal
(37, -25, D:3)
  a +0 ring mail
(44, -27, D:3)
  a +2 mace of protection
  a +0 leather armour
(48, 4, D:3)
  a +0 dagger
(50, -6, D:3)
  4 datura-tipped darts

Level 6 of the Dungeon
(0, 0, D:6)
  7 curare-tipped darts
(1, -9, D:6)
  a +0 ring mail
  a +0 mace
  a +0 ring mail
(1, -7, D:6)
  a leopard gecko skeleton
(2, -12, D:6)
  a +0 hand axe
  a +0 ring mail
(2, -6, D:6)
  a +0 leather armour
(8, -22, D:6)
  a +0 chain mail (still there?)
  a +0 hand axe (still there?)
(9, -21, D:6)
  a poisoned dart
(9, -18, D:6)
  a +0 halberd
(13, -18, D:6)
  a potion of heal wounds

