Vouh

Level 1 of the Dungeon
(1, 12, D:1)
  a +0 animal skin
(7, -2, D:1)
  a +0 club
(44, 25, D:1)
  a stone
(48, 26, D:1)
  a stone
(49, 26, D:1)
  a stone
(51, 26, D:1)
  a +0 dagger
(54, 27, D:1)
  a +0 robe
(55, 34, D:1)
  19 stones
(66, 2, D:1)
  a +0 club

Level 2 of the Dungeon
(0, 0, D:2)
  a +0 short sword
(3, 37, D:2)
  a +0 dagger
(6, 49, D:2)
  a +0 dagger
(9, 4, D:2)
  a +0 club
(10, 22, D:2)
  14 arrows
(11, 10, D:2)
  25 stones
(20, 51, D:2)
  a cursed -1 dagger
(20, 52, D:2)
  a stone
(22, 51, D:2)
  19 stones
(23, 50, D:2)
  a +0 club
(23, 51, D:2)
  a +0 club
(24, 51, D:2)
  a +0 trident
  a +0 animal skin
  a +0 helmet
(33, 10, D:2)
  a +0 quarterstaff
(47, 30, D:2)
  10 arrows

Level 3 of the Dungeon
(0, 0, D:3)
  a +0 helmet
(1, 0, D:3)
  a +0 long sword
(12, -4, D:3)
  12 stones
(13, 0, D:3)
  a +0 trident
(24, -26, D:3)
  a +0 ring mail
(24, -23, D:3)
  17 stones
(31, -13, D:3)
  a +0 spear
(32, -11, D:3)
  a +0 spear
(33, -10, D:3)
  a +0 dagger
(37, -25, D:3)
  24 arrows
(39, -13, D:3)
  a +0 leather armour
(39, -8, D:3)
  11 arrows
(42, -26, D:3)
  a cursed -1 short sword
(43, -27, D:3)
  a +0 club
(43, -19, D:3)
  a +0 spear
(46, -30, D:3)
  a +0 ring mail

Level 4 of the Dungeon
(0, 0, D:4)
  30 stones
(3, -3, D:4)
  a +0 halberd
(4, 6, D:4)
  a +0 helmet
(7, -5, D:4)
  a +0 scale mail
  a +0 club
(10, -4, D:4)
  10 arrows
(14, 13, D:4)
  a +0 robe
(27, 4, D:4)
  a +0 helmet
(28, 2, D:4)
  a +0 hand axe
  a +0 ring mail
  a +0 dagger
  a +0 robe
(29, 2, D:4)
  a +0 war axe
  a +0 trident
(36, 16, D:4)
  a +0 flail of crushing
  a +0 leather armour
(58, -6, D:4)
  a +0 dagger
  a +0 dagger
  a +0 leather armour
  a +0 flail

Level 5 of the Dungeon
(0, 0, D:5)
  a +0 scale mail
(9, 14, D:5)
  a +0 chain mail
(9, 20, D:5)
  a +0 giant club
(17, 51, D:5)
  a +0 spear
(18, 51, D:5)
  a +0 halberd
  a +0 robe
  a +0 dagger
(19, 51, D:5)
  a +0 spear
(20, 51, D:5)
  a +0 whip
  a +0 ring mail
  a +0 club
  a +0 mace
  a +0 scale mail
  a +0 flail
(24, 43, D:5)
  an arrow
(25, 44, D:5)
  a +0 shortbow
  19 arrows
(29, 0, D:5)
  27 stones
(30, 6, D:5)
  a +0 chain mail
(35, 37, D:5)
  25 stones
(38, 2, D:5)
  an arrow
(39, 3, D:5)
  a +0 shortbow
  14 arrows
(39, 30, D:5)
  a cursed -1 flail
(39, 36, D:5)
  a cursed -3 giant club
(44, 38, D:5)
  17 arrows

Level 6 of the Dungeon
(0, 0, D:6)
  a cursed +0 ring mail
(1, 9, D:6)
  18 stones
(6, -28, D:6)
  10 stones
(8, 4, D:6)
  a +1 shortbow of velocity
  15 arrows
(8, 5, D:6)
  2 arrows
(11, 5, D:6)
  an arrow
(11, 11, D:6)
  a +0 dagger of chaos
(12, 13, D:6)
  a +2 dagger of chaos
(15, -32, D:6)
  26 stones
(16, -36, D:6)
  a cursed -3 hunting sling
(18, -26, D:6)
  18 stones
(20, -31, D:6)
  a +0 short sword
  a +0 ring mail
(20, -8, D:6)
  16 bolts
(21, -31, D:6)
  a +0 club
(22, -5, D:6)
  the +1 leather armour of Untruth {MR+}
    It affects your resistance to hostile enchantments.
(27, -30, D:6)
  10 stones
(27, 1, D:6)
  17 stones
(29, -2, D:6)
  a +0 quarterstaff
(31, -26, D:6)
  17 arrows
(32, -13, D:6)
  a +0 giant club
(33, -24, D:6)
  a cursed +0 morningstar
(34, -33, D:6)
  a +0 spear
(34, -32, D:6)
  a +0 hand axe
(34, -29, D:6)
  a +0 short sword

Level 7 of the Dungeon
(5, -11, D:7)
  a +0 hunting sling
(12, -1, D:7)
  a +0 club of chaos
  a cursed ring of attention
(30, -13, D:7)
  a +0 pair of gloves
(30, 6, D:7)
  a +0 hand axe
  a +0 ring mail
(31, 5, D:7)
  a +0 dagger
  a +0 leather armour
(31, 7, D:7)
  a +0 dagger
  a +0 robe
(36, -15, D:7)
  a +1 whip of flaming
(37, -14, D:7)
  a +0 halberd
(37, 13, D:7)
  a +1 dagger of distortion
  a +0 robe of positive energy
(52, 8, D:7)
  a +0 pair of gloves

Level 8 of the Dungeon
[Shop] Ymazxama's Gadget Emporium
  a box of beasts (240 gold)
  a lamp of fire (480 gold)
  a sack of spiders (240 gold)
  a phantom mirror (360 gold)
  a wand of disintegration (12) (192 gold)
  a wand of disintegration (9) (156 gold)
  a lamp of fire (480 gold)
  a wand of acid (12) (384 gold)
(4, -23, D:8)
  a +4 scimitar of flaming
  a +0 robe
(8, 0, D:8)
  a sling bullet
(11, 7, D:8)
  a +0 rapier of speed
(15, -11, D:8)
  27 stones
(16, 1, D:8)
  a sling bullet
(27, -26, D:8)
  an arrow
(27, -25, D:8)
  an arrow
(29, -25, D:8)
  an arrow
(30, -26, D:8)
  an arrow
(30, -25, D:8)
  an arrow
(30, 10, D:8)
  14 stones
(33, -24, D:8)
  a +0 shortbow
(33, -23, D:8)
  an arrow
(34, -31, D:8)
  a +0 hunting sling
(34, -25, D:8)
  3 arrows
(34, -24, D:8)
  an arrow
(36, -28, D:8)
  a +0 halberd
(38, -27, D:8)
  a cursed -1 club
(39, -36, D:8)
  a +4 flail of protection
(40, -35, D:8)
  a stone
(50, -26, D:8)
  a +0 hunting sling
  a +0 quarterstaff
  a +0 leather armour
(51, 11, D:8)
  a +0 hand axe
(54, 10, D:8)
  a +0 leather armour of poison resistance
(55, 10, D:8)
  a +0 flail
  a +0 chain mail
(55, 11, D:8)
  a cursed -2 club
(57, 9, D:8)
  a +0 flail
(58, 1, D:8)
  a +0 morningstar

Level 9 of the Dungeon
(0, 0, D:9)
  a scroll of noise
  a scroll of amnesia
  a scroll of random uselessness
  a cursed amulet of inaccuracy
(8, -8, D:9)
  a +0 chain mail
(11, -8, D:9)
  2 arrows
(11, -7, D:9)
  9 arrows
(13, -14, D:9)
  2 arrows
(13, -13, D:9)
  2 arrows
(13, -12, D:9)
  2 arrows
(18, -6, D:9)
  a +0 shortbow
  a +0 shortbow
  13 arrows
(25, 5, D:9)
  a stone
(27, 0, D:9)
  a +0 war axe
  a +0 robe
(27, 18, D:9)
  a +0 rapier
(28, 0, D:9)
  a +0 dire flail
  11 stones
  a +0 robe
  a +0 scale mail
(28, 1, D:9)
  a +1 dire flail of freezing
  a +0 robe
(28, 5, D:9)
  a +3 leather armour of poison resistance
(30, 10, D:9)
  a +0 dagger
  10 stones
(31, -3, D:9)
  a +0 helmet
(31, 16, D:9)
  a +0 flail
  a cursed +0 plate armour
(32, 16, D:9)
  a +0 club
(32, 17, D:9)
  2 stones
(33, 17, D:9)
  a +0 dagger
  a +0 robe
(37, -5, D:9)
  a cursed +7 flail
  a +0 robe
(43, -5, D:9)
  a +0 chain mail
  a +0 hand axe
  a +0 ring mail
  a +0 trident
(43, -4, D:9)
  a +0 hand axe

Level 10 of the Dungeon
(3, -24, D:10)
  18 arrows
(4, -4, D:10)
  4 potions of degeneration
(8, -25, D:10)
  a +0 leather armour
(17, 5, D:10)
  a +3 flail
  a +0 robe
(18, 5, D:10)
  a cursed +0 hand axe
  a +0 robe
(19, -13, D:10)
  a +0 giant club
  a +0 giant spiked club
(19, 4, D:10)
  a +0 flail
  a +0 robe
(21, -17, D:10)
  23 stones
(24, -13, D:10)
  a +0 mace
(29, 2, D:10)
  a +0 hand axe
(39, 3, D:10)
  a poisoned dart
(40, 12, D:10)
  a +0 pair of gloves
(41, 3, D:10)
  7 gold pieces
(41, 6, D:10)
  a poisoned dart
(41, 11, D:10)
  a poisoned dart
(43, -7, D:10)
  a +0 robe
(49, -7, D:10)
  a +0 club
(49, -4, D:10)
  a +0 flail
(49, -3, D:10)
  a +0 leather armour
  a +0 long sword
  a +0 plate armour
(50, -7, D:10)
  a +0 dagger
  a +0 robe
  a +0 club
(50, -6, D:10)
  a +0 dagger
(50, -5, D:10)
  a +4 hand axe of flaming
  a +0 plate armour
(50, -4, D:10)
  a +0 flail
  a +0 leather armour
(50, -3, D:10)
  a +0 hand axe
  a +0 leather armour

the Ecumenical Temple

