                                    
                                    
                                    
                                    
                                    
                                    
                                    
                                    
                                    
                                    
                                    
                                    
                                    
                                    
                                    
                                    
             ###################    
             ..................#    
              ######.#########.#    
                   #.#       #.#    
                   #.#       #.#    
                   #.#       #.#    
...P.##            #.#       #.#    
....... ##         #.#       #.#    
....P.. ..         #.#       #.#    
....... .#      # ##.#       #.#    
....P.. .########.##.#########.#    
.P.♣... .......................#    
>.....Y♣..........##.####.###..#####
.P...Pr.###...#...........÷<.......#
......Y.......+.............#..#####
........###...#.#.##.#.##.###..#    
........# #...#.#..............#    
...P..#.# #...#.####.#.#######.#    
...PP.... +...'..###.#.#     #.#    
..P.###.# #...#........#     #.#    
#...  #.# #...#..###.###     #.#    
 ..   #.  #...#..#           #.#    
          #...#..#           #.#    
          #####..#           #.#    
              #..#           #.#    
              #..#############.#    
              #................#    
              ##################    
