Arcades

Level 1 of the Dungeon
(0, 0, D:1)
  a +0 short sword
(23, -9, D:1)
  21 arrows
(26, -2, D:1)
  21 bolts
(28, 2, D:1)
  a +0 dagger
(31, 3, D:1)
  a +1 vampiric dagger {!w}
(31, 16, D:1)
  a +0 leather armour
(37, -2, D:1)
  a +0 club
(37, 4, D:1)
  a +0 dagger
(42, 5, D:1)
  a +0 club
(43, 7, D:1)
  a +0 mace

Level 2 of the Dungeon
(0, 0, D:2)
  a cursed -3 dagger
(0, 4, D:2)
  a +0 whip
(7, -35, D:2)
  a +0 hand axe
(17, -18, D:2)
  a +0 flail
(35, 0, D:2)
  a +0 dagger
(37, 11, D:2)
  a +0 ring mail
(38, -3, D:2)
  a +0 leather armour

Level 3 of the Dungeon
(5, -15, D:3)
  a +0 quarterstaff
(14, -25, D:3)
  a +0 club
  a +0 robe
(17, -4, D:3)
  a cursed +0 club
(28, -10, D:3)
  a +0 dagger
(34, -26, D:3)
  22 arrows
(45, -14, D:3)
  19 arrows

Level 4 of the Dungeon
(0, 0, D:4)
  a +0 dagger
(20, -1, D:4)
  a cursed -1 club
(26, 16, D:4)
  a +0 dagger
(27, 41, D:4)
  a +0 leather armour
(28, -9, D:4)
  a +0 trident
(31, 41, D:4)
  a +0 club
  a +0 ring mail
(32, 15, D:4)
  a +0 shield
(32, 41, D:4)
  a cursed -2 dagger
  a +0 robe
(46, 38, D:4)
  a +0 whip
  a +0 club
(49, 41, D:4)
  a +0 halberd

Level 5 of the Dungeon
(0, 0, D:5)
  a +0 robe
(8, -5, D:5)
  a +0 mace
(9, -8, D:5)
  a +4 quarterstaff of chaos
(10, -33, D:5)
  a cursed +0 trident
(28, -17, D:5)
  a +0 giant club
(32, -25, D:5)
  a +0 ring mail
(35, -6, D:5)
  a +0 falchion of electrocution
  a +0 chain mail
(40, -6, D:5)
  a +0 whip
  a +0 mace
(44, -5, D:5)
  a +0 spear
(50, -28, D:5)
  a +0 ring mail
(55, -14, D:5)
  a +0 battleaxe
  a +0 robe
(58, -30, D:5)
  the +5 dagger of Jotudol {flame, rN+}
    It has been specially enchanted to burn those struck by it, causing extra
    injury to most foes and up to half again as much damage against particularly
    susceptible opponents.
    
    It protects you from negative energy.
(59, 12, D:5)
  a +0 dagger
  a +0 robe
(59, 13, D:5)
  a +0 rapier
  a +0 leather armour

Level 6 of the Dungeon
[Shop] Juzelamn's Gadget Shop
  a phantom mirror (450 gold)
  a wand of paralysis (7) (135 gold)
  a wand of digging (7) (330 gold)
  a wand of acid (9) (390 gold)
  a wand of iceblast (11) (225 gold)
  a lightning rod (4/4) (600 gold)
  a phial of floods (600 gold)
  a wand of flame (11) (97 gold)
  a box of beasts (300 gold)
  a wand of flame (8) (75 gold)
(0, 0, D:6)
  a +3 battleaxe
  a +0 robe
(0, 1, D:6)
  a +2 long sword of freezing
  (unseen)
(0, 2, D:6)
  a silver javelin
(0, 3, D:6)
  a silver javelin
(0, 5, D:6)
  a silver javelin
(10, -14, D:6)
  a +0 shortbow
  4 arrows
  a +0 club
(11, -16, D:6)
  10 arrows
(23, -11, D:6)
  11 bolts
(36, 24, D:6)
  29 bolts
(42, -13, D:6)
  a +0 hunting sling
(43, -5, D:6)
  5 boomerangs of dispersal
(43, 3, D:6)
  18 sling bullets
(49, -7, D:6)
  an arrow
(50, -13, D:6)
  24 sling bullets
(52, -7, D:6)
  a +0 hand axe
  a +2 dagger of venom
  a +0 robe
(52, 24, D:6)
  a +0 club
  an orc corpse (skeletalised by now)
(53, -8, D:6)
  10 arrows
(53, -7, D:6)
  a +0 short sword
  a +0 scale mail
(55, -7, D:6)
  a +0 shortbow
  8 arrows

