Kownaw

Level 1 of the Dungeon
(0, 0, D:1)
  a +0 leather armour
(2, 10, D:1)
  a +1 centaur barding
(34, 19, D:1)
  a +0 club
(37, 13, D:1)
  a +0 whip
(37, 30, D:1)
  a +0 animal skin
(38, 34, D:1)
  a +0 dagger
(38, 36, D:1)
  a +0 short sword
(50, 50, D:1)
  a +0 club
(60, 44, D:1)
  19 arrows
(60, 49, D:1)
  a cursed -3 dagger

Level 2 of the Dungeon
(4, -8, D:2)
  a +0 dagger
(10, 10, D:2)
  a +0 club
(12, 13, D:2)
  a +0 short sword
(23, -4, D:2)
  a +0 robe
(26, -14, D:2)
  a +0 club
(30, 23, D:2)
  a cursed +0 leather armour
(36, -8, D:2)
  a +0 short sword
(39, 12, D:2)
  a +0 whip
(46, 0, D:2)
  a +0 falchion
(46, 2, D:2)
  a +0 hand axe
(48, 0, D:2)
  a +0 mace
(48, 2, D:2)
  a +0 spear

Level 3 of the Dungeon
(0, 0, D:3)
  a +0 dagger
(0, 2, D:3)
  a +0 scythe
  a +0 robe
(2, 2, D:3)
  a +0 dagger
(3, 1, D:3)
  a +1 dagger of draining
(3, 2, D:3)
  a +0 club
  a +0 hand axe
(5, 2, D:3)
  a +0 club
(11, -7, D:3)
  a +0 club
(11, -2, D:3)
  a +0 flail
  a +0 leather armour
(12, -10, D:3)
  a +0 ring mail
(12, -9, D:3)
  a +0 flail
  a +0 scale mail
(12, -8, D:3)
  a +0 hand axe
(12, -5, D:3)
  a +0 hand axe
(12, -2, D:3)
  a +0 dagger
  a +0 robe
(12, -1, D:3)
  a +0 chain mail
(13, -9, D:3)
  a +0 short sword
(13, -1, D:3)
  an uncursed amulet of inaccuracy
  a +0 flail
  a +0 chain mail
  a +0 hunting sling
  a +0 dagger
(14, 2, D:3)
  a +0 club
(20, -3, D:3)
  a +0 club
(21, -2, D:3)
  a +0 club
  a +0 animal skin
  a +0 helmet
(21, -1, D:3)
  a +0 dagger
(22, -2, D:3)
  a +0 club
  a cursed -2 club
(22, -1, D:3)
  a +0 dagger
  a +0 club
(22, 1, D:3)
  a +0 club
  a +0 dagger
(24, -10, D:3)
  a +0 ring mail
  a +0 whip
(27, -11, D:3)
  a +0 dagger
(28, -13, D:3)
  a +0 whip
(29, -14, D:3)
  a +0 spear
(29, -13, D:3)
  a +0 spear

Level 4 of the Dungeon
(0, 0, D:4)
  a frilled lizard skeleton
(6, 7, D:4)
  an adder corpse
(9, 9, D:4)
  a poisoned dart
(10, 9, D:4)
  a poisoned dart
(13, 10, D:4)
  3 poisoned darts

Level 5 of the Dungeon
(0, 0, D:5)
  a +0 robe

Level 6 of the Dungeon
(0, 0, D:6)
  a +0 robe

