     #.....                                             
     #.......                                           
     #......                                            
#.#    .....                                            
#..#    ....                                            
#..#     #.##                                           
#..#     #.>###                                         
#..#     #....#                                         
#..#     #.##.#                                         
 #.#######.##.##                                        
 #......##..#..##                                       
 #.####..##.##..#                                       
 #<#  ##..#.###.#                                       
 #.#   ##...###.######                                  
 #.#    ##...##..(...##                                 
 #)#     ##..#######..#                                 
 #.#      #..#     ##.###  .#                           
 #.#      #..#      #...# #.#                           
 #.#      #..#      ###.# #.#                           
 #.#      #..#        #.###.#                           
 #.#      #..#        #..##.#                           
 #.#      #..#        ##.##.#                       ### 
 #.#      #..#         #..#.#                   #####8# 
                       ##...#           #.#   8  ...#.# 
                        ##..#           #..   ..##..#.# 
                         #..#           #.#   ..8#..#.# 
                         #..#           #.#   ..##..#.# 
                       ###..####        #.#   ....#.#.# 
                       #.......#        #.#   [...#.o.##
                       #.......#        #.#   _.8.#.oho#
                       #.......#      ###.#   [...#o'o.#
                       #.......#      #...#   )...#.#).#
                       #.......#      #.######..##..#..#
                       #...)...#  #####(####.#..8#..#..#
                      ##...<...#  #..........#..##..#..#
                   ..##........#  #..........#8.....#..#
                  ........).)..#  #..........########8.#
                  ........)....####.................../#
                  ..........................############
                  ............#####.........#           
                  ............#   #.........#           
                  ............#   ###########           
                  ............#                         
                   ..[.......##                         
                   ..##...>.##                          
                      #######                           
