Kownaw

Level 1 of the Dungeon
(1, -27, D:1)
  a +0 short sword
(2, 12, D:1)
  4 stones
  a +0 animal skin
(12, -4, D:1)
  a +0 mace
(22, -30, D:1)
  a +0 whip
(26, 4, D:1)
  a +0 whip
(27, -29, D:1)
  a +0 club
(34, 4, D:1)
  a cursed +0 club
(36, -21, D:1)
  a +0 hand axe
(43, 7, D:1)
  a +0 dagger
(44, -26, D:1)
  a +0 club
(56, -24, D:1)
  a stone
(57, -28, D:1)
  a +0 dagger
(57, -25, D:1)
  a stone

Level 2 of the Dungeon
(15, 1, D:2)
  2 stones
(15, 5, D:2)
  a +0 club
(16, -16, D:2)
  a +0 club
(16, 2, D:2)
  a stone
(22, 8, D:2)
  a +0 ring mail
(31, -16, D:2)
  a +0 club
(31, -2, D:2)
  a +0 club
(32, 1, D:2)
  17 stones
(34, 7, D:2)
  a cursed -2 short sword
(42, -18, D:2)
  a cursed -1 club
(48, 11, D:2)
  a +0 spear
(50, -29, D:2)
  a +0 robe

Level 3 of the Dungeon
(0, 0, D:3)
  a +0 dagger
  a +0 robe
(10, 16, D:3)
  a +0 club
(11, 21, D:3)
  a +0 spear
(12, -3, D:3)
  a +0 trident
  a +0 chain mail
(12, -2, D:3)
  a +0 dagger
  a +0 robe
(17, 0, D:3)
  a +0 hand axe
(31, 10, D:3)
  a +0 trident
  a +0 ring mail
(32, 10, D:3)
  a +0 club
  a +0 leather armour
(40, 16, D:3)
  25 sling bullets
(51, 20, D:3)
  a +0 club
(53, 21, D:3)
  a +0 scythe
  a +0 robe
(54, -1, D:3)
  a +0 scale mail
(58, 1, D:3)
  a throwing net
(68, -5, D:3)
  a +0 spear

Level 4 of the Dungeon
(0, 33, D:4)
  a +1 helmet
(5, 47, D:4)
  a cursed ring of attention
(19, 17, D:4)
  a +0 war axe
(24, 21, D:4)
  a +0 scale mail
(27, 14, D:4)
  a +0 ring mail
(44, 29, D:4)
  2 javelins
  60 bolts
(47, 7, D:4)
  21 arrows

Level 5 of the Dungeon
(0, 0, D:5)
  a +0 leather armour
(1, -14, D:5)
  20 stones
(10, 1, D:5)
  a +0 mace
(14, -8, D:5)
  15 arrows
(14, 2, D:5)
  a +0 robe
(17, -14, D:5)
  a +0 spear
(18, 7, D:5)
  a +0 chain mail
(19, -16, D:5)
  a +0 flail
  4 boomerangs
  a +0 leather armour
(27, 11, D:5)
  21 stones
(41, 2, D:5)
  16 stones
(41, 26, D:5)
  a +0 giant club
(46, 38, D:5)
  25 sling bullets
(47, 33, D:5)
  28 sling bullets
(51, 27, D:5)
  20 stones

Level 6 of the Dungeon
(0, 0, D:6)
  a +0 dagger
  a +0 robe
  a +0 hand axe
(0, 1, D:6)
  a +0 scale mail
(2, 4, D:6)
  a +0 chain mail
  a +0 glaive
(6, 30, D:6)
  a +0 spear
(14, 30, D:6)
  22 stones
(18, 10, D:6)
  a +0 shortbow
(22, -3, D:6)
  23 stones

Level 7 of the Dungeon
(0, 0, D:7)
  a +0 robe
(3, -11, D:7)
  a +0 robe
(10, -9, D:7)
  a +0 robe
(10, -8, D:7)
  a +0 robe
(13, -6, D:7)
  a +0 ring mail
(27, -29, D:7)
  a +0 club
(31, 4, D:7)
  a +0 shortbow
(47, -30, D:7)
  a potion of haste
(47, -29, D:7)
  a ration
(47, -28, D:7)
  21 bolts
(47, -27, D:7)
  17 arrows
(47, -26, D:7)
  a wand of disintegration (10)
(47, -10, D:7)
  a +0 whip
(60, -19, D:7)
  a +0 dagger
(68, -4, D:7)
  a +0 leather armour

Level 8 of the Dungeon
[Shop] Cegamp's Armour Boutique
  a cursed -1 robe (1 gold)
  a +0 leather armour (26 gold)
  a +0 leather armour (26 gold)
  a +0 leather armour of positive energy (78 gold)
  a +0 chain mail (58 gold)
  a +0 scale mail (52 gold)
  a +0 helmet (58 gold)
  a +0 pair of gloves (58 gold)
  a +0 ring mail (52 gold)
(0, 0, D:8)
  a +0 chain mail
(0, 1, D:8)
  a +0 leather armour
(5, -1, D:8)
  a +0 hand axe
  a +0 chain mail
(22, -5, D:8)
  a stone
(22, -3, D:8)
  a stone
(23, -1, D:8)
  6 large rocks
(23, 0, D:8)
  a stone
(24, -4, D:8)
  a stone
(24, 14, D:8)
  a +0 flail
  a +0 club
(25, -2, D:8)
  a stone
(26, 0, D:8)
  a stone
(26, 14, D:8)
  a +0 flail
(28, -5, D:8)
  a +0 hand axe
(39, 4, D:8)
  a +5 falchion
  a +3 trident
  a +4 spear of freezing
  an uncursed staff of cold
  a +3 flail
  a +0 flail of holy wrath
  a +3 flail of venom
(43, -3, D:8)
  a +0 giant spiked club
(55, 34, D:8)
  16 stones
(58, -1, D:8)
  an uncursed staff of cold

Level 9 of the Dungeon
(10, 18, D:9)
  a +0 giant club
  a +0 giant club
(14, 15, D:9)
  a +0 robe
(16, 0, D:9)
  18 stones
(16, 3, D:9)
  23 arrows
(16, 27, D:9)
  a +0 leather armour
(17, -8, D:9)
  20 stones
(18, -3, D:9)
  12 stones
(19, 28, D:9)
  a +0 plate armour
(20, 14, D:9)
  2 arrows
(21, 0, D:9)
  a +0 troll leather armour
(21, 16, D:9)
  a +0 shortbow
  8 arrows
(22, 0, D:9)
  a +0 war axe
  a +0 leather armour
  a cursed ring of teleportation
(26, 16, D:9)
  33 bolts
(27, 2, D:9)
  a +0 dagger
(27, 15, D:9)
  a +0 scale mail
(35, 14, D:9)
  a +0 trident
  a +0 chain mail
(44, 15, D:9)
  a +0 scimitar

Level 10 of the Dungeon
[Shop] Maoshroef's Gadget Emporium
  a wand of scattershot (1) (165 gold)
  a sack of spiders (220 gold)
  a phantom mirror (330 gold)
  a wand of flame (24) (143 gold)
  a wand of iceblast (3) (77 gold)
  a crystal ball of energy (220 gold)
  a box of beasts (220 gold)
  a wand of flame (9) (60 gold)
  a box of beasts (220 gold)
(0, 0, D:10)
  a +0 ring mail
(4, 27, D:10)
  2 poisoned darts
(7, 28, D:10)
  a +1 demon blade of venom
(10, 6, D:10)
  a +0 dagger
(16, -4, D:10)
  a +3 hand axe
  a +0 robe
(16, -1, D:10)
  the cursed +1 flail "Naxuacet" {drain, Str+4}
    A truly terrible weapon, it drains the life of those it strikes.
    
    It affects your strength (+4).
    It has a curse placed upon it.
  a +0 robe
(19, 7, D:10)
  a +0 flail
(21, 20, D:10)
  a +1 hand axe
  a +0 robe
(27, -13, D:10)
  a +0 robe
(38, 35, D:10)
  a +0 giant club
(57, 16, D:10)
  18 sling bullets
(58, 25, D:10)
  a +0 giant club

Level 11 of the Dungeon
(0, 0, D:11)
  a stone
(2, 0, D:11)
  a stone
(3, 0, D:11)
  a +0 short sword
  2 stones
  a kobold corpse (skeletalised by now)
  a big kobold corpse (skeletalised by now)
(3, 25, D:11)
  a +0 hand crossbow
(4, 0, D:11)
  2 stones
(9, 16, D:11)
  a +0 spear
(11, 12, D:11)
  a porcupine skeleton
(13, 24, D:11)
  a +4 hand axe of flaming
  an uncursed amulet of rage
(34, 15, D:11)
  a +0 flail of holy wrath
  (unseen)
(34, 16, D:11)
  a +0 club
  (unseen)
(34, 17, D:11)
  a +2 whip of electrocution
  (unseen)
(35, 17, D:11)
  a +0 chain mail
  a +0 flail
  a +0 leather armour
(36, 18, D:11)
  a +0 hand axe

