Kownaw

Level 1 of the Dungeon
(0, 0, D:1)
  17 sling bullets
(7, 9, D:1)
  a +0 spear
(8, 8, D:1)
  a +0 club
(17, 0, D:1)
  a +0 club
(17, 28, D:1)
  20 stones
(18, -7, D:1)
  a +0 hunting sling
(18, 35, D:1)
  a +0 dagger
(19, 2, D:1)
  a +0 club
(21, -9, D:1)
  a +0 club
(34, 4, D:1)
  a +1 naga barding

Level 2 of the Dungeon
(4, -32, D:2)
  a sling bullet
(6, -32, D:2)
  a sling bullet
(11, -31, D:2)
  a +0 club
(11, -26, D:2)
  a +0 dagger
  a +0 hunting sling
  8 sling bullets
  a +0 robe
(12, -33, D:2)
  a +0 dagger
(21, -12, D:2)
  a +0 club
(27, -34, D:2)
  20 stones
(33, -4, D:2)
  29 bolts
(41, 3, D:2)
  a +0 leather armour
(45, -32, D:2)
  a +0 animal skin
  a +0 falchion
(48, -36, D:2)
  4 large rocks
(51, -15, D:2)
  a +0 club
(54, -8, D:2)
  6 javelins

Level 3 of the Dungeon
(0, 0, D:3)
  a +0 dagger
(0, 1, D:3)
  a +0 dagger
  a cursed +0 scale mail
  a +0 hand axe
(0, 2, D:3)
  a +0 chain mail
(1, -15, D:3)
  a +0 club
(1, -14, D:3)
  a +0 whip
(2, -16, D:3)
  a +0 whip
(3, -15, D:3)
  27 arrows
(4, -15, D:3)
  a +0 short sword
(9, -19, D:3)
  a +0 flail
(22, -26, D:3)
  a +0 halberd
(23, 1, D:3)
  3 large rocks
(24, -8, D:3)
  a +0 club
(26, -26, D:3)
  a +0 club
(26, -16, D:3)
  a +3 great sword
(30, -23, D:3)
  a +0 spear
(33, -20, D:3)
  a book of Minor Magic
(33, 1, D:3)
  a +0 hand axe
  a +0 scale mail
  a +0 mace
(34, 1, D:3)
  a +0 hand axe
  a +0 hand axe
  a +0 leather armour
(38, -15, D:3)
  a stone
(40, -36, D:3)
  a +0 robe
(40, -18, D:3)
  a stone
(40, -16, D:3)
  a stone
(42, -18, D:3)
  2 stones
(44, -20, D:3)
  a +0 leather armour
(44, -15, D:3)
  a +0 hunting sling
  19 stones

Level 4 of the Dungeon
(2, -31, D:4)
  a +0 giant spiked club
(17, -17, D:4)
  23 sling bullets
(21, -25, D:4)
  an uncursed staff of conjuration
(26, -1, D:4)
  a +0 short sword
(29, -28, D:4)
  a cursed -3 hunting sling
(29, -10, D:4)
  a +0 giant club
(32, -34, D:4)
  28 arrows
(37, -16, D:4)
  a +0 whip of freezing
  a cursed +0 robe
(43, -16, D:4)
  a cursed -1 flail
  a +0 ring mail
  a +0 scale mail
(44, -17, D:4)
  a +0 dagger
  4 boomerangs
  a +0 leather armour
(44, -16, D:4)
  a +0 dagger
  a +0 robe

Level 5 of the Dungeon
(0, 0, D:5)
  a +0 mace
(0, 10, D:5)
  26 stones
(8, 15, D:5)
  a +0 flail
  a +0 leather armour
(11, 21, D:5)
  a +0 giant club
(13, 19, D:5)
  a +0 dagger
(13, 21, D:5)
  23 stones
(17, 31, D:5)
  4 stones
  a +0 leather armour
(19, 30, D:5)
  a stone
(21, 29, D:5)
  3 stones
(22, 28, D:5)
  2 stones
(24, 25, D:5)
  19 stones
(25, 11, D:5)
  a cursed +0 buckler
(25, 29, D:5)
  a +0 club
(25, 30, D:5)
  a +0 hand axe
(26, 28, D:5)
  a cursed +0 dagger
  a +0 leather armour
(28, 39, D:5)
  a cursed -3 rapier
(30, 11, D:5)
  a +0 whip
(33, 3, D:5)
  a +0 short sword
(33, 5, D:5)
  a +0 chain mail
(34, 20, D:5)
  a +0 flail of draining
(35, 20, D:5)
  a +0 flail
  an orc skeleton
(38, 20, D:5)
  a +0 dagger
  an adder skeleton
(38, 36, D:5)
  a +0 club

Level 6 of the Dungeon
(0, 0, D:6)
  22 arrows
(5, 9, D:6)
  8 arrows
(7, 8, D:6)
  a +0 hand axe
  (unseen)
(8, -3, D:6)
  an adder skeleton
(9, 10, D:6)
  a cursed -2 trident
  (unseen)
(14, -9, D:6)
  a +0 long sword

