Vouh

Level 1 of the Dungeon
(0, 0, D:1)
  3 stones
(2, -18, D:1)
  a +0 club
(2, -17, D:1)
  a +0 club
(5, 1, D:1)
  a +0 whip
(18, 0, D:1)
  a +0 animal skin
(20, -16, D:1)
  a +0 short sword
  a stone
  22 sling bullets
(24, -14, D:1)
  a stone
(26, -14, D:1)
  a stone
(26, -13, D:1)
  a stone
(26, 8, D:1)
  20 arrows
(30, 29, D:1)
  a +0 leather armour
(33, 27, D:1)
  a cursed +0 club
(34, 17, D:1)
  21 sling bullets
(35, 14, D:1)
  a +0 dagger
(46, -15, D:1)
  15 stones

Level 2 of the Dungeon
(0, 0, D:2)
  26 arrows
(9, 15, D:2)
  a +0 dagger
(11, 4, D:2)
  a +0 robe
(13, 14, D:2)
  a +0 ring mail
(22, 22, D:2)
  a +0 club
(22, 24, D:2)
  a +0 club
  a +0 dagger
(23, 23, D:2)
  a +0 club
  a +0 club
(24, 22, D:2)
  a +0 club
  a +0 dagger
(24, 23, D:2)
  a +0 club
  a +0 club
(24, 24, D:2)
  a +0 club
(26, -2, D:2)
  a +0 club
(27, -3, D:2)
  16 stones
(34, 3, D:2)
  a cursed -2 pair of gloves
(36, -2, D:2)
  a +0 pair of boots
(43, 7, D:2)
  a +0 ring mail
(45, 10, D:2)
  a +0 dagger of speed

Level 3 of the Dungeon
(0, 0, D:3)
  a +0 ring mail
  a +0 war axe
  a cursed +0 leather armour
  a +0 dagger
  a +0 club
  a cursed staff of earth
  a cursed -1 robe
  a +0 whip
  a +0 ring mail
(0, 2, D:3)
  a +0 mace
(9, 22, D:3)
  18 stones
(10, -14, D:3)
  23 sling bullets
(14, 32, D:3)
  11 stones
  a +0 dagger
  a +0 hunting sling
(15, 32, D:3)
  a +0 halberd
(16, 32, D:3)
  a stone
(20, 11, D:3)
  a +0 dagger
(22, 5, D:3)
  a +0 dagger
  a +0 robe
(25, 29, D:3)
  a +0 spear
(26, 30, D:3)
  a +0 halberd
(46, -12, D:3)
  19 sling bullets
(50, 8, D:3)
  a +0 hand axe
(57, -8, D:3)
  a +0 hand axe
  a +0 leather armour
(59, -8, D:3)
  a +0 robe
(60, -12, D:3)
  a cursed -2 dagger
  a +0 ring mail
(60, -10, D:3)
  a +0 whip
  2 boomerangs
  a +0 robe

Level 4 of the Dungeon
(0, 0, D:4)
  a +0 club
  a +0 dagger
  a cursed +0 robe
(4, 7, D:4)
  a +0 mace
(5, -34, D:4)
  a cursed -3 dagger
  a cursed +0 scale mail
(6, -20, D:4)
  26 arrows
(7, -21, D:4)
  13 arrows
(10, -22, D:4)
  27 sling bullets
(14, -37, D:4)
  a +0 short sword
(14, -10, D:4)
  a +0 club
(15, -36, D:4)
  a cursed -1 dagger
(19, -42, D:4)
  a +0 leather armour
(21, 2, D:4)
  a +0 flail
(23, -7, D:4)
  a +0 robe
(26, 2, D:4)
  a +0 dagger
(28, -1, D:4)
  a +0 club
  a +4 ring mail
  a +0 dagger
  a +0 robe

Level 5 of the Dungeon
(2, 1, D:5)
  a +0 halberd
  (unseen)
(5, 11, D:5)
  10 arrows
(7, 2, D:5)
  11 arrows
(8, 14, D:5)
  a leopard gecko skeleton
(11, -4, D:5)
  20 poisoned darts

