              #.#                                     
              .!#                                     
              #.#                                     
              #.#                                     
              #.####♣#####                            
          #   #.##.....#..                            
        #.#.# #J##.♣∩♣.#.#                            
        #.....#.##.....#.#                            
        ......33....♣..#.#                            
        ...<...........#.#                            
        #######.#......#.#                            
             ...#......#.#                            
            #####......#.#    ..                      
                #.####...#    ...                     
                #.#  ##.(#    ...                     
                #.#   #..#    #.#                     
                      #..####.#.#                     
                      ##.#....#.#                     
                       #(..####.#####                 
                 ...####)...........#                 
                 .......(......>###.#                 
              ≈P .#######.[.......#.#                 
             ≈P≈.   #####...###.#.#.#                 
             ♣...♣###.......###.#.#)#                 
              #.#.................#(#                 
              #....^..............#(#                 
                #......##.##.##.#.#.#                 
                #......##.#.....#.#.#                 
                #....[.##.#...#3#.#(#                 
               ##......##.#(....#.#(#                 
               #...))..##.#..#..#.#.#                 
               #...(...##.####..#(#.################# 
               #.......##.......#.#(.........(......# 
               +..(###########..#.#################.# 
               #...######    #))#.#               #.# 
               #........#    #.)#.######          #.# 
               #(.......#    #..........          #.# 
               #........#    #...######           #.# 
               ###......######....#               #.# 
                 #..........##....#            ####.##
                 #..........##....##           #...∩.#
              ####..........##.†#..#           #.#####
              #...#####.....##..#..## .#       #.#    
              #...#  #########..##..##.#       #.#    
              #...#  #.....# #..##..##.#####   #.#    
              #...#  #.....# #..###..#.......# #.#    
              #...#  #.....###..# #..#..####.# #.#    
       ########...####....(.....# ##....#..#.# #.#    
       #...................###.##  #.>..#..#.# #.#    
       #.######...####.....###.#   ##...#..#.# #.#    
       #.#   #.................#    #......#.# #.#    
       #.#   #.##..##################......#.# #.#    
       #.#   #.##..#    #.................(#(###.#    
       #.#   #.##..#    #.###########.#...(.(....#    
       #.#   #.##..#    #.#         #.#.#.(.(#####    
       #.#   #.##..#    #.#         #.#............#  
       #.#####.##..#    #.#         #.############.#  
       #...........#    #.#         #.#               
       ##########..######.#         #.#               
        .......<..........#         #.#               
        ........###########                           
        #########                                     
