Vouh

Level 1 of the Dungeon
(0, 0, D:1)
  a +0 hand axe
(10, 13, D:1)
  a stone
(11, 16, D:1)
  a stone
(13, 19, D:1)
  a +0 dagger
  3 stones
(24, 2, D:1)
  a +0 club
(25, 1, D:1)
  a +0 club
(25, 24, D:1)
  a +0 dagger
(36, 6, D:1)
  a stone
(40, 26, D:1)
  a +0 hunting sling
(50, 18, D:1)
  a +0 dagger
(50, 51, D:1)
  a +0 club
(58, 43, D:1)
  a +0 club
(58, 44, D:1)
  a +0 club
  4 stones
(59, 53, D:1)
  a +0 robe
(60, 46, D:1)
  a +0 animal skin
(69, 47, D:1)
  a +0 club

Level 2 of the Dungeon
(3, -13, D:2)
  10 stones
(13, -16, D:2)
  a +0 dagger
(17, -3, D:2)
  a +0 ring mail
(45, -5, D:2)
  a +0 club
(48, 0, D:2)
  18 stones
(55, -10, D:2)
  22 stones
(56, -30, D:2)
  a +0 club

Level 3 of the Dungeon
(0, 0, D:3)
  a +0 scale mail
(8, -7, D:3)
  a +0 club
(10, -9, D:3)
  a +0 club
  a kobold corpse
(12, 13, D:3)
  a curare-tipped dart
(12, 14, D:3)
  a ball python corpse
(13, -5, D:3)
  a quokka skeleton
(13, -4, D:3)
  17 arrows
(16, 7, D:3)
  a +0 club
  a kobold corpse (skeletalised by now)
(30, 18, D:3)
  a +0 robe
(30, 20, D:3)
  26 bolts
(32, 14, D:3)
  27 stones
(45, 4, D:3)
  a +0 club
(46, 5, D:3)
  a +0 club
(50, 6, D:3)
  a +0 dagger
(53, 8, D:3)
  a +0 hunting sling
(54, 8, D:3)
  a +0 whip

