                     .....                                           
                     .....###                                        
                     .......##                                       
                     ........##                                      
                      ........##                                     
                 <.     #......#                                     
                ....##  ##.....#                                     
                ....#.###......#                                     
                 .............## ###         ###                     
                . #..........##  #.##        #.#          ###        
                ..#......<..##  ##..##     ###.#         ##.##       
       ##....#  ........)..## ###....##   ##...###    ####...##      
       $......   ###....÷)## ##.......#  ##......### ##.#.....##     
    ###.......    #.......)###........####.........# #.........##    
    #........### ##........##...........##........####..........##   
   ##..........###..........#...........#...........##........<..##  
   #...... #.....................#.#....#.....##....#....###..)...## 
####....## ##.......###..........###.....)..####.........# ##...)..##
#.....)..# #.........####........####........####........#####).....#
##...)..####..........##........###..........##.#.........##..)....##
 ###...........................<.)##..........#..........###....^.## 
   ####.........##........>.............#.....#......#....#......##  
    #...........#...........###........###..........####........##   
    ###.....)..###.........## #......#.# ###......### #.....[..##    
      ##.......####.##...###  ###....###  #.......#   ##........#    
       ##.......# ###...##      #....#    ##.....##    ##.......#    
     ###...###..##  #.###       #...##     ####.##     #.........#   
     #.....###..^#  ##          ##.##        #.##      #.8.....8.#   
     #.....##....####            ###         ###       #.........#   
     #.._..#.........                                  ####+++####   
     #......#........                                                
     #...........#                                                   
     ###.....[...#                                                   
       ##........#                                                   
        ##.......#                                                   
        #.#....)(#                                                   
       ..........#                                                   
      ..#.......o)oooooo                                             
      ##.......§§###o##h                                             
       #.......§§#                                                   
       .......§§§#                                                   
       ..........#                                                   
       ..........#                                                   
        .....##...                                                   
