Arcades

Level 1 of the Dungeon
(9, -15, D:1)
  a +0 dagger
(11, -3, D:1)
  18 sling bullets
(15, 17, D:1)
  a +0 dagger
(20, 13, D:1)
  31 arrows
(26, -7, D:1)
  a +0 hand axe
(27, 8, D:1)
  21 stones
(35, 12, D:1)
  a cursed -2 mace
(36, -12, D:1)
  a +0 dagger
(44, -3, D:1)
  a +0 hunting sling
(44, 27, D:1)
  a cursed -2 dagger
(46, -2, D:1)
  19 stones

Level 2 of the Dungeon
(0, 0, D:2)
  a +0 club
(8, 20, D:2)
  a +0 dagger
(10, 14, D:2)
  a stone
(11, 18, D:2)
  a stone
(13, 16, D:2)
  a stone
(23, 13, D:2)
  a +0 dagger
(30, 15, D:2)
  a +0 club
(34, 5, D:2)
  24 stones
(54, -4, D:2)
  a +0 whip

Level 3 of the Dungeon
(5, 16, D:3)
  a +0 ring mail
(9, 3, D:3)
  20 arrows
(15, 14, D:3)
  19 stones
(18, 4, D:3)
  a +0 dagger
(19, 37, D:3)
  a cursed +0 club
(20, 5, D:3)
  a stone
  a +0 dagger
  a +0 leather armour
(21, 5, D:3)
  a +0 flail
  a +0 trident
(22, 15, D:3)
  a +0 robe
(24, -24, D:3)
  24 arrows
(24, 20, D:3)
  a stone
(25, 18, D:3)
  a +0 dagger
(27, 23, D:3)
  a stone
(28, 20, D:3)
  a stone
(28, 21, D:3)
  a stone
(28, 23, D:3)
  a stone
(28, 26, D:3)
  a +0 spear
(29, 2, D:3)
  a +0 leather armour
(29, 7, D:3)
  a +1 hunting sling of flaming
(29, 26, D:3)
  a +0 club
(33, 11, D:3)
  a +0 dagger
  11 stones
  a +0 dagger
  2 poisoned darts
  a cursed -2 club
(34, 3, D:3)
  a +0 flail
(35, 8, D:3)
  a poisoned dart
  8 bolts
(35, 11, D:3)
  a +0 dagger
  6 poisoned darts
  27 arrows
(41, -17, D:3)
  a +0 plate armour
(50, 0, D:3)
  a +0 ring mail

Level 4 of the Dungeon
(0, 0, D:4)
  a +0 flail
(8, -37, D:4)
  12 stones
(10, -9, D:4)
  a +0 hunting sling
(14, -1, D:4)
  14 stones
(16, -40, D:4)
  22 stones
(22, -52, D:4)
  a +0 mace
  a +0 leather armour
(25, -48, D:4)
  a +0 dagger
(38, -9, D:4)
  a +0 leather armour
(42, 1, D:4)
  a +0 giant club
(47, -38, D:4)
  a cursed -3 mace
(49, 8, D:4)
  a cursed -3 whip
(50, -1, D:4)
  20 stones
(52, -38, D:4)
  a +0 scythe
  a +0 robe
(54, -38, D:4)
  a +0 plate armour
(56, 11, D:4)
  a +0 dagger
(57, -16, D:4)
  15 bolts
(59, -46, D:4)
  a +2 cloak
(60, -1, D:4)
  a +0 hunting sling

Level 5 of the Dungeon
(0, 0, D:5)
  a +0 ring mail
(2, 7, D:5)
  a +0 chain mail
(3, 47, D:5)
  2 stones
(4, 19, D:5)
  17 arrows
  a +1 shortbow of freezing
(4, 48, D:5)
  2 stones
(5, 48, D:5)
  4 stones
  a throwing net
(6, 18, D:5)
  an arrow
(6, 48, D:5)
  25 stones
(7, 48, D:5)
  2 stones
(8, 45, D:5)
  a stone
(8, 48, D:5)
  3 stones
(8, 50, D:5)
  a +0 animal skin
(9, 45, D:5)
  a stone
(9, 47, D:5)
  a +0 animal skin
  a +0 animal skin
  a +0 animal skin
  24 stones
(9, 48, D:5)
  22 stones
(9, 49, D:5)
  a +0 animal skin
  a +0 animal skin
  a stone
(10, 25, D:5)
  a +3 leather armour of fire resistance
  a +1 rapier of freezing
(10, 46, D:5)
  14 stones
(10, 50, D:5)
  a stone
(11, 12, D:5)
  a cursed +0 war axe
(14, 25, D:5)
  a +0 whip
(16, 20, D:5)
  17 stones
(16, 46, D:5)
  a +0 short sword
(20, 14, D:5)
  a +0 dagger
(29, 14, D:5)
  29 stones
(35, 36, D:5)
  13 stones
(40, 22, D:5)
  25 sling bullets
(44, 14, D:5)
  13 stones
(45, 25, D:5)
  17 stones
(46, 5, D:5)
  a +0 robe
(56, 45, D:5)
  a +0 club
(56, 46, D:5)
  a +0 club
(57, 45, D:5)
  a cursed -2 spear

Level 6 of the Dungeon
(0, 0, D:6)
  a +0 robe
(5, -30, D:6)
  a +2 whip of electrocution
  a +0 leather armour
(6, -31, D:6)
  a +0 shortbow
  18 arrows
(30, -10, D:6)
  a +0 ring mail
(30, 6, D:6)
  a +0 dagger
(38, -26, D:6)
  a +0 whip

Level 7 of the Dungeon
(0, 0, D:7)
  a book of Changes
(1, 2, D:7)
  a +0 short sword
(7, 19, D:7)
  a +0 battleaxe
(10, 32, D:7)
  a cursed -2 giant club
  a throwing net
(11, 19, D:7)
  a +1 robe of cold resistance
  a +0 dagger
(12, 19, D:7)
  a +0 ring mail
  a +0 short sword
(19, 21, D:7)
  a +2 dagger of chaos
(21, 15, D:7)
  a +0 flail
(23, 16, D:7)
  a +0 chain mail
  a +0 glaive
(23, 17, D:7)
  a +0 trident
(28, -16, D:7)
  a +0 ring mail
(33, 5, D:7)
  a +0 shortbow
  21 arrows
(34, -16, D:7)
  a +0 large shield
(35, 3, D:7)
  an arrow
(37, -19, D:7)
  a cursed +0 leather armour
  a +0 club
(37, 10, D:7)
  a +0 shortbow
  15 arrows
(38, -20, D:7)
  a +0 trident
(38, -19, D:7)
  a +0 robe
  a +0 dagger
(38, 10, D:7)
  an arrow
(39, 10, D:7)
  an arrow
(40, 8, D:7)
  a +0 ring mail
(41, -12, D:7)
  19 bolts
(42, -16, D:7)
  a +0 spear
(43, 12, D:7)
  an arrow
(45, -10, D:7)
  a +0 rapier
(45, -8, D:7)
  a wand of disintegration (13)

Level 8 of the Dungeon
[Shop] Miaqahuv's Armour Boutique
  a +0 leather armour (32 gold)
  a +1 centaur barding of flying (560 gold)
  a +2 pair of boots of stealth (344 gold)
  a +0 cloak (72 gold)
  a +0 scale mail (64 gold)
  the +1 robe of Tenacity {Dex+5} (371 gold)
    It affects your dexterity (+5).
  a +0 cloak of poison resistance (136 gold)
  a +0 plate armour of cold resistance (480 gold)
  a +0 ring mail (64 gold)
(0, 0, D:8)
  a +0 flail
(2, 0, D:8)
  a +0 pair of gloves
(4, -11, D:8)
  a +0 chain mail
(9, 10, D:8)
  20 sling bullets
(10, 7, D:8)
  7 curare-tipped darts
(11, 6, D:8)
  a +0 scimitar
  a +0 robe
  a +3 mace of freezing
  a +0 robe
  a +0 mace
  a +0 robe
  a cursed +4 war axe
  a +0 robe
(13, -5, D:8)
  a +0 hand axe
(13, 14, D:8)
  13 arrows
  a +0 shortbow
(16, 15, D:8)
  an arrow
(17, 15, D:8)
  an arrow
(19, -16, D:8)
  a +0 rapier
(19, -1, D:8)
  2 arrows
(19, 17, D:8)
  a +2 spear of piercing
(20, -23, D:8)
  24 stones
(20, -22, D:8)
  a book of Frost
(20, 1, D:8)
  a +0 leather armour
  a +0 scale mail
(20, 14, D:8)
  an arrow
  a +0 whip
(20, 15, D:8)
  a +0 flail
(21, -1, D:8)
  an arrow
(21, 3, D:8)
  an uncursed staff of cold
  an uncursed staff of earth
  a sack of spiders
(21, 16, D:8)
  a +0 scale mail
  a +0 spear
(22, -27, D:8)
  2 poisoned darts
(22, 1, D:8)
  a cursed -1 hunting sling
(23, -1, D:8)
  an arrow
(24, -26, D:8)
  2 stones
(24, -25, D:8)
  a stone
(24, -24, D:8)
  a cursed +0 short sword
(24, -1, D:8)
  5 arrows
(25, -26, D:8)
  7 poisoned darts
(25, -25, D:8)
  a +0 whip
  a stone
(25, -24, D:8)
  3 poisoned darts
(26, -1, D:8)
  a +0 shortbow
  16 arrows
(26, 18, D:8)
  18 stones
(29, 3, D:8)
  a +0 shield
(31, 20, D:8)
  a cursed +0 robe
(35, -20, D:8)
  a +0 scale mail

Level 9 of the Dungeon
[Shop] Xibidublo's Armour Shoppe
  the cursed +1 plate armour "Qeurum" {rC+ Stlth+} (459 gold)
    It protects you from cold.
    It makes you more stealthy.
    It has a curse placed upon it.
  a +0 robe (7 gold)
  the cursed +0 scale mail of Elitism {rPois rF- Str-4 Dex+10} (195 gold)
    It affects your strength (-4).
    It affects your dexterity (+10).
    It makes you vulnerable to fire.
    It protects you from poison.
    It has a curse placed upon it.
  a +0 plate armour (253 gold)
  a +0 robe (7 gold)
  the +1 ring mail of the Ant {rC+} (253 gold)
    It protects you from cold.
  a +0 leather armour (22 gold)
(0, 0, D:9)
  a +0 rapier
(17, 0, D:9)
  a +0 shield
(22, 10, D:9)
  a +0 ring mail
(28, -4, D:9)
  16 stones
(28, 8, D:9)
  a +0 whip
(28, 16, D:9)
  16 stones
(28, 28, D:9)
  a cursed -2 rapier
(36, 5, D:9)
  a +0 pair of boots
(41, 19, D:9)
  a +0 leather armour
  a +0 mace
(42, 21, D:9)
  a +0 leather armour
  a +0 plate armour
(43, 21, D:9)
  a +0 club
  a +0 short sword

Level 10 of the Dungeon
(0, 0, D:10)
  15 stones
(2, -27, D:10)
  a +0 leather armour
(3, 7, D:10)
  a +0 war axe
(4, 6, D:10)
  a cursed +0 ring mail
(4, 7, D:10)
  a +0 dagger
  a +0 robe
(4, 9, D:10)
  a cursed -1 whip
(5, -7, D:10)
  a +0 robe
(14, -30, D:10)
  a cursed +0 great sword
  a +0 robe
(15, -32, D:10)
  a cursed +0 scimitar
  a +0 robe
(17, -34, D:10)
  a cursed +2 dire flail
  a +0 robe
(21, -16, D:10)
  a +0 war axe
  a +0 ring mail
(21, -9, D:10)
  a +0 giant spiked club
(22, -16, D:10)
  a +0 mace
(23, -16, D:10)
  a +0 dagger
  a +0 robe
(23, -15, D:10)
  a +0 glaive
  a +0 chain mail
(29, 12, D:10)
  a +0 chain mail
(32, -23, D:10)
  a +0 chain mail
(33, 17, D:10)
  a +0 plate armour
(34, -25, D:10)
  a +1 flail of protection
  a +0 mace
(34, -24, D:10)
  a +1 hand axe of chopping
  a +0 dagger
  a +0 chain mail
(35, -25, D:10)
  a +0 trident
(37, 5, D:10)
  a +0 falchion
(38, -6, D:10)
  a +0 ring mail
(38, 14, D:10)
  a wand of paralysis (7)
(48, -10, D:10)
  a +0 leather armour

Level 11 of the Dungeon
(0, 0, D:11)
  a +0 leather armour
(2, -8, D:11)
  a +5 halberd
  a +0 scale mail
(10, -19, D:11)
  a +0 scale mail
(18, -14, D:11)
  a wand of paralysis (10)
(18, -12, D:11)
  16 sling bullets
(23, 7, D:11)
  a +0 club
(23, 8, D:11)
  a +0 falchion
(23, 17, D:11)
  a +0 dagger
  a +0 robe
(24, -20, D:11)
  an arrow
(26, -21, D:11)
  a +0 giant spiked club
(26, -20, D:11)
  a +0 shortbow
  12 arrows
(27, 3, D:11)
  a +0 battleaxe
  a cursed +0 chain mail
(27, 13, D:11)
  a cursed +0 dagger
(28, 12, D:11)
  a +0 mace
  a +0 robe
(28, 13, D:11)
  a +0 falchion
  a +0 ring mail
  a +0 dagger
  a +0 club
  a +1 chain mail of cold resistance
(28, 18, D:11)
  a cursed +0 dagger
(29, -22, D:11)
  5 large rocks
(29, 0, D:11)
  a +0 giant club
(30, 0, D:11)
  21 arrows
(32, -25, D:11)
  10 arrows
(33, 14, D:11)
  a +0 dagger
(41, -4, D:11)
  a +0 flail
(42, -26, D:11)
  10 stones
(42, -4, D:11)
  a +0 hand axe
  a +0 ring mail
(46, 1, D:11)
  a +0 hand axe
(48, -9, D:11)
  a stone
(48, -4, D:11)
  a cursed +0 ring mail
(49, -9, D:11)
  a +2 robe of fire resistance
  a +0 dagger
(49, -8, D:11)
  2 stones
(49, -7, D:11)
  a stone
(49, -6, D:11)
  a stone
  a +0 short sword
(49, -3, D:11)
  a stone
(49, -1, D:11)
  a +0 dagger
(49, 0, D:11)
  8 poisoned darts
  a +0 dagger
(50, -9, D:11)
  a stone
(50, -7, D:11)
  a stone
(51, -9, D:11)
  a +0 hand axe
(51, -8, D:11)
  a cursed +0 plate armour
  a +0 glaive
(57, -16, D:11)
  a cursed -3 whip
  5 poisoned darts
(57, -15, D:11)
  a +0 dagger
(59, -15, D:11)
  a +0 club

Level 12 of the Dungeon
(0, 0, D:12)
  5 large rocks
(1, 1, D:12)
  a +4 antimagic battleaxe
(1, 4, D:12)
  2 arrows
(1, 5, D:12)
  an arrow
(1, 8, D:12)
  an arrow
(1, 11, D:12)
  a +0 shortbow
  19 arrows
(3, 1, D:12)
  a +0 dire flail
  a +0 giant club
(3, 17, D:12)
  a +0 giant spiked club
  a +0 giant spiked club
(18, 33, D:12)
  a +0 trident
(18, 34, D:12)
  a +0 dagger
  a +0 leather armour
(19, 34, D:12)
  a +0 dagger of venom
  a +0 ring mail
  a +0 dagger
  a +0 robe
(20, 14, D:12)
  a +2 rapier of venom
(24, 17, D:12)
  a cursed -3 dire flail
  a +0 hand axe
  a +0 ring mail
(25, 17, D:12)
  a +2 dagger of venom
  a +0 robe
(25, 18, D:12)
  a +2 flail of holy wrath
(25, 19, D:12)
  a +0 dagger
(27, 8, D:12)
  a +0 flail
  a +0 scale mail
(28, 8, D:12)
  a +0 long sword
(28, 10, D:12)
  a +0 short sword
(28, 16, D:12)
  a +1 flail of protection
(30, 8, D:12)
  a +0 dagger
  a +0 robe
(31, 8, D:12)
  a cursed -3 battleaxe
  a +0 plate armour
(32, 10, D:12)
  a +0 battleaxe
  a +0 battleaxe
  a +0 chain mail
(39, 22, D:12)
  9 poisoned darts
(40, 19, D:12)
  a book of Maledictions
(59, 53, D:12)
  a book of Conjurations

Level 13 of the Dungeon
(0, 0, D:13)
  a +0 ring mail
(0, 29, D:13)
  the +0 shield of Absence {-Cast Str+4 Dex+2}
    It affects your strength (+4).
    It affects your dexterity (+2).
    It prevents spellcasting.
(6, 3, D:13)
  a +2 buckler
(7, -5, D:13)
  2 throwing nets
(12, -4, D:13)
  20 stones
(14, -2, D:13)
  19 stones
(22, 31, D:13)
  an uncursed staff of summoning
(23, 32, D:13)
  an uncursed staff of cold
(24, 33, D:13)
  the +8 demon blade "Bloodbane" {slice, *Rage +Rage Stlth-}
    It inflicts extra damage upon your enemies.
    
    It lets you go berserk.
    It may make you go berserk in combat.
    It makes you less stealthy.
(25, 28, D:13)
  a +1 broad axe of chopping
(27, 14, D:13)
  a +0 giant club
  a +0 giant club
(28, 27, D:13)
  a +0 giant club
  a +0 giant spiked club
(28, 32, D:13)
  a +0 chain mail
  a +3 great mace
(29, 28, D:13)
  the +10 zealot's sword {holy, *Rage rN+ EV+3}
    It has been blessed by the Shining One to cause great damage to the undead
    and demons.
    
    It affects your evasion (+3).
    It protects you from negative energy.
    It may make you go berserk in combat.
  a +3 ring mail of magic resistance
  a cursed +0 buckler
(35, 25, D:13)
  a +0 flail
(40, 37, D:13)
  22 stones
(43, -3, D:13)
  a wand of random effects (30)
(44, 34, D:13)
  15 stones
(55, 24, D:13)
  a +0 plate armour
  a +0 trident
(55, 26, D:13)
  a +0 chain mail
  a +0 halberd
(56, 24, D:13)
  a +0 plate armour
  a +3 war axe
(56, 25, D:13)
  a +0 chain mail
  a cursed -1 leather armour
  a +2 buckler of protection
  a +0 great mace
  a +0 long sword
(56, 26, D:13)
  +0 acid dragon scales
  a +1 vampiric battleaxe
  a +0 plate armour

Level 14 of the Dungeon
[Shop] Sitoz's Book Boutique
  a book of the Dragon (1710 gold)
  a book of Frost (665 gold)
  a book of Air (665 gold)
  a book of Maledictions (475 gold)
  a book of Air (665 gold)
  a book of Party Tricks (950 gold)
  a book of Enchantments (950 gold)
  a manual of Stealth (2097 gold)
  a book of Necromancy (570 gold)
  Nyoleh's Incunabulum of Venom and the Rocks (997 gold)
    Spells                           Type                      Level      
    Known
     a - Olgreb's Toxic Radiance      Poison                        4         
    no
     b - Petrify                      Transmutation/Earth           4         
    no
     c - Bolt of Magma                Conjuration/Fire/Earth        5        
    yes
     d - Iron Shot                    Conjuration/Earth             6        
    yes
    
    
    Trog disapproves of the use of such an item.
  the Incunabulum of Arcane Weapons (822 gold)
    Spells                           Type                      Level      
    Known
     a - Magic Dart                   Conjuration                   1         
    no
     b - Static Discharge             Conjuration/Air               3         
    no
     c - Sticky Flame                 Conjuration/Fire              4         
    no
    
    
    Trog disapproves of the use of such an item.
  a book of the Sky (1235 gold)
[Shop] Oqieckud's Book Boutique
  a book of Party Tricks (550 gold)
  a book of Cantrips (220 gold)
  a book of Changes (275 gold)
  a book of Annihilations (1214 gold)
  a book of Enchantments (550 gold)
  the Guide on Earth and Darkness (517 gold)
    Spells                           Type                      Level      
    Known
     a - Passwall                     Transmutation/Earth           2         
    no
     b - Regeneration                 Charms/Necromancy             3         
    no
     c - Petrify                      Transmutation/Earth           4         
    no
     d - Bolt of Magma                Conjuration/Fire/Earth        5        
    yes
     e - Iron Shot                    Conjuration/Earth             6        
    yes
    
    
    Trog disapproves of the use of such an item.
  a book of Callings (330 gold)
  The Last Incunabulum of the Deep Elf Lorekeeper (1941 gold)
    Spells                           Type                      Level      
    Known
     a - Dragon's Call                Summoning                     9         
    no
    
    
    Trog disapproves of the use of such an item.
  a book of the Dragon (990 gold)
  a book of Party Tricks (550 gold)
[Shop] Fafyja's Antique Weapon Emporium
  a +0 arbalest (126 gold)
  a +0 quick blade (420 gold)
  a +0 long sword (98 gold)
  a +2 hand axe of electrocution (546 gold)
  a +0 club (28 gold)
  a +0 morningstar (112 gold)
  a +2 trident of venom (453 gold)
  a +0 great sword (182 gold)
  a cursed -1 rapier (2 gold)
  a +0 quarterstaff of protection (190 gold)
  a +0 great sword (182 gold)
  a +0 arbalest (126 gold)
[Shop] Yhyomuja's Antique Weapon Emporium
  a +3 hand axe of draining (604 gold)
  a +0 mace (81 gold)
  a +0 spear (81 gold)
  a +0 mace (81 gold)
  a +0 spear of piercing (175 gold)
  a +0 hunting sling (40 gold)
  a +0 mace of holy wrath (199 gold)
  a +0 hand axe (81 gold)
  a +4 dagger of protection (658 gold)
(0, 0, D:14)
  12 sling bullets
(12, 27, D:14)
  a +0 mace
(15, 3, D:14)
  a +0 battleaxe
  a +0 chain mail
(15, 20, D:14)
  7 curare-tipped darts
(19, 13, D:14)
  a wand of acid (3)
(19, 23, D:14)
  a +0 trident
  a +0 robe
  a cursed +0 rapier
(19, 25, D:14)
  a +0 club
  a +0 scimitar
  a +0 plate armour
(20, 18, D:14)
  a cursed +3 short sword
  a +0 robe
  a +0 longbow
  3 arrows
(20, 19, D:14)
  an arrow
(20, 20, D:14)
  an arrow
(20, 21, D:14)
  2 arrows
(23, 1, D:14)
  3 arrows
(24, 6, D:14)
  the +0 pair of fencer's gloves {Riposte Dex+3}
    It affects your dexterity (+3).
(25, -1, D:14)
  a +0 shortbow
  16 arrows
(28, 0, D:14)
  a +0 robe
(33, 13, D:14)
  an arrow
(36, 11, D:14)
  an arrow
  a +0 dagger
  a +0 robe
(37, -3, D:14)
  a large rock
(38, 8, D:14)
  a wand of iceblast (17)
  a +0 dagger
  a +0 robe
(39, -1, D:14)
  2 large rocks
(39, 0, D:14)
  a large rock
  a +0 giant club
(39, 7, D:14)
  an uncursed amulet of faith
  an uncursed amulet of magic regeneration
  an uncursed amulet of magic regeneration
  a +3 ring of evasion
  an uncursed amulet of guardian spirit
  an uncursed amulet of the acrobat
  the ring "Zunk" {Fire Stlth+}
    [ring of fire]
    
    It enhances your fire magic.
    It protects you from fire.
    It makes you vulnerable to cold.
    It makes you more stealthy.
  a +2 ring of dexterity
  an uncursed ring of stealth
  an uncursed amulet of harm
  an uncursed ring of wizardry
(39, 8, D:14)
  a +0 short sword
  a +0 ring mail
(39, 9, D:14)
  a +0 shortbow
  17 arrows
(41, -1, D:14)
  16 stones
(41, 5, D:14)
  a +0 scale mail
(41, 31, D:14)
  3 atropa-tipped darts
(42, 13, D:14)
  15 stones
(45, 21, D:14)
  an arrow
(45, 22, D:14)
  2 arrows
(46, 21, D:14)
  2 arrows
(46, 22, D:14)
  2 arrows
(46, 23, D:14)
  a +0 troll leather armour
(47, 23, D:14)
  an arrow
(47, 24, D:14)
  4 arrows
(48, 15, D:14)
  14 stones
(48, 25, D:14)
  an arrow
(48, 26, D:14)
  16 arrows
  a +0 shortbow
(49, 26, D:14)
  24 arrows
  a +0 shortbow
(50, 9, D:14)
  a book of Misfortune
(50, 12, D:14)
  a +2 longbow of flaming
  9 arrows
  a +2 centaur barding
(50, 15, D:14)
  an arrow
(50, 16, D:14)
  a +0 shortbow
  19 arrows
(50, 27, D:14)
  an arrow
  a +0 shortbow
(51, 16, D:14)
  an arrow
(52, 35, D:14)
  an arrow
(54, 16, D:14)
  2 arrows
(56, 36, D:14)
  a +0 shortbow
  (unseen)
(57, 16, D:14)
  an arrow
(60, 16, D:14)
  27 stones

Level 15 of the Dungeon
[Shop] Sefruron's General Store
  a scroll of enchant weapon (75 gold)
  20 stones (20 gold)
  10 stones (10 gold)
  an uncursed ring of see invisible (150 gold)
  a scroll of identify (20 gold)
  a potion of flight (30 gold)
  a potion of curing (30 gold)
  a +0 falchion (30 gold)
  a wand of paralysis (9) (110 gold)
(0, 0, D:15)
  26 arrows
(0, 2, D:15)
  a +0 plate armour
(5, -9, D:15)
  a +0 longbow
  30 arrows
(7, -9, D:15)
  an arrow
(8, -10, D:15)
  a +1 battleaxe of freezing
(8, 7, D:15)
  17 bolts
(9, -28, D:15)
  3 scrolls of vulnerability
  4 scrolls of amnesia
  3 scrolls of random uselessness
  2 scrolls of immolation
  3 potions of degeneration
  2 scrolls of noise
(11, -16, D:15)
  a bolt
(11, -15, D:15)
  a bolt
(11, -10, D:15)
  a +0 arbalest
  19 bolts
(15, -35, D:15)
  13 stones
(20, -4, D:15)
  the cursed +0 ring mail of Submission {MR+ Int+3}
    It affects your intelligence (+3).
    It affects your resistance to hostile enchantments.
    It has a curse placed upon it.
(23, -11, D:15)
  an uncursed ring of wizardry
(38, -39, D:15)
  a bolt
(39, -6, D:15)
  a throwing net
(40, -40, D:15)
  a cursed +0 dagger
  a +0 robe
(40, -39, D:15)
  a bolt
(40, -38, D:15)
  a +1 battleaxe of chopping
  a +0 plate armour
(40, -4, D:15)
  a +0 cloak
(41, -39, D:15)
  a +2 whip of venom
(41, -37, D:15)
  a +0 trident
  a cursed +0 chain mail
(42, -39, D:15)
  a +0 glaive
  a +0 arbalest
  20 bolts
  a +0 plate armour

Level 1 of the Orcish Mines
(0, 0, Orc:1)
  a +0 dagger
  a +0 robe
(0, 1, Orc:1)
  a +0 hand axe
  a +3 leather armour of cold resistance
(1, 1, Orc:1)
  a +0 chain mail
  a +0 hand axe
(3, -5, Orc:1)
  a +0 dagger
(3, -4, Orc:1)
  a +0 chain mail
  a +0 war axe
(4, -4, Orc:1)
  a +0 robe
  a +0 dagger
(21, -4, Orc:1)
  a +0 giant club
(22, -12, Orc:1)
  a +0 dagger
  a +0 robe
  a +0 short sword
  a +0 leather armour
(23, -13, Orc:1)
  a +0 scimitar
  a +0 plate armour
(23, -12, Orc:1)
  a +0 short sword
(44, -21, Orc:1)
  a +0 morningstar
  a +0 leather armour
(45, -18, Orc:1)
  a +0 short sword
  a +0 mace
(45, -17, Orc:1)
  a +0 flail
  a +0 ring mail
  a +0 dagger
  a +0 robe
(46, -18, Orc:1)
  a +0 dire flail
  a +0 chain mail
  a +0 falchion
  a +0 leather armour
  a +4 dire flail
  a +2 chain mail of fire resistance
  a +0 dire flail
  a +0 plate armour
  a +0 dagger
  a +0 robe
  a +0 dagger
  a +0 robe
  a +0 war axe
  a +0 plate armour
(46, -17, Orc:1)
  3 large rocks
(47, -18, Orc:1)
  a +0 leather armour
  a +0 short sword
(47, -17, Orc:1)
  a +2 great mace of crushing
  a +0 chain mail
  a +0 dire flail
  a +0 chain mail
  a +0 whip
  a +0 short sword
(47, -16, Orc:1)
  a +0 dagger
  a cursed +0 leather armour
(48, -19, Orc:1)
  a +0 dagger
  a +0 robe
(48, -18, Orc:1)
  a +0 halberd
  a +0 chain mail
(48, -15, Orc:1)
  a +0 dagger
(49, -18, Orc:1)
  a +0 trident

Level 2 of the Orcish Mines
[Shop] Ivebirr's Jewellery Shop
  an uncursed amulet of harm (540 gold)
  a cursed ring of teleportation (81 gold)
  an uncursed ring of ice (450 gold)
  an uncursed ring of magical power (360 gold)
  an uncursed amulet of rage (720 gold)
  an uncursed ring of flight (315 gold)
  an uncursed amulet of guardian spirit (540 gold)
  an uncursed ring of protection from cold (450 gold)
  a +2 ring of dexterity (135 gold)
[Shop] Ujuak Ypta's Antique Weapon Emporium
  the +3 broad axe of Blood-Lust {drain, rElec Int+4 SInv} (878 gold)
    A truly terrible weapon, it drains the life of those it strikes.
    
    It affects your intelligence (+4).
    It insulates you from electricity.
    It lets you see invisible.
  a +4 great sword of venom (536 gold)
  a +0 quarterstaff (72 gold)
  a +1 eveningstar of protection (450 gold)
  a +0 lajatang of speed (846 gold)
  a +0 short sword (54 gold)
  a +0 rapier (72 gold)
  a +0 hand axe (54 gold)
  a +0 mace (54 gold)
[Shop] Anetebb's Book Shoppe
  a book of Summonings (770 gold)
  a book of Beasts (605 gold)
  a book of Debilitation (440 gold)
  a book of Fire (715 gold)
  a book of Geomancy (385 gold)
  a book of Callings (330 gold)
  a book of Callings (330 gold)
  a book of Necromancy (330 gold)
  a book of the Warp (990 gold)
  a book of Transfigurations (605 gold)
  a book of Beasts (605 gold)
  a book of Minor Magic (220 gold)
[Shop] Runuyfot's General Store
  a potion of lignification (45 gold)
  a ration (75 gold)
  a scroll of amnesia (52 gold)
  a +1 cloak of invisibility (247 gold)
  an uncursed ring of ice (375 gold)
  16 stones (24 gold)
  a scroll of fear (52 gold)
  a potion of degeneration (15 gold)
  a +2 short sword of holy wrath (261 gold)
  a cursed -3 ring of strength (30 gold)
(2, -1, Orc:2)
  a +1 morningstar of protection
(3, -2, Orc:2)
  a +0 trident
(3, -1, Orc:2)
  a +0 whip
(3, 0, Orc:2)
  a +0 flail
(3, 1, Orc:2)
  a +6 triple crossbow
  a +0 scale mail
  a +1 scimitar of slicing
  a +0 plate armour
  a +0 short sword
(3, 2, Orc:2)
  a +0 hand axe
  a +0 plate armour
  a +0 long sword
(4, -3, Orc:2)
  a +0 club
  a +0 mace
  a +0 chain mail
(4, -1, Orc:2)
  a +0 ring mail
  a +0 leather armour
  a +0 flail
  a +0 halberd
  a +0 plate armour
(4, 0, Orc:2)
  a +0 plate armour
  a +0 club
  a +0 war axe
  a +0 club
(4, 1, Orc:2)
  a +0 leather armour
  a +0 flail
  a +0 whip
  a +0 leather armour
  a +0 short sword
  a +0 leather armour
  a +0 dagger
  a +0 robe
  a +0 dagger
(4, 2, Orc:2)
  a +0 whip
(5, -3, Orc:2)
  a +0 robe
  a +0 dagger
(5, -2, Orc:2)
  a +0 plate armour
  a +0 war axe
(5, -1, Orc:2)
  a +0 dagger
(5, 5, Orc:2)
  a +0 robe
  a +0 dagger
(6, -2, Orc:2)
  a +0 chain mail
  a +0 halberd
(7, -2, Orc:2)
  a +0 ring mail
  a +0 club
(7, -1, Orc:2)
  a +0 flail
(33, 40, Orc:2)
  a +0 short sword of venom
(34, 39, Orc:2)
  a +0 robe
  a +0 dagger
  a +0 club
(34, 40, Orc:2)
  a +0 robe
  a +0 leather armour
  a +0 dagger of draining
  a +0 flail
(38, 22, Orc:2)
  a +0 giant spiked club
  a cursed -2 giant club
(39, 12, Orc:2)
  a +0 dagger
(39, 17, Orc:2)
  a cursed -2 giant club
(39, 18, Orc:2)
  a +0 giant club
(39, 19, Orc:2)
  a +0 giant club
  a +0 giant spiked club
  a +0 giant spiked club
  a +0 giant club
  a +0 giant club
  a +0 robe
(39, 20, Orc:2)
  a +0 dire flail
  a +0 giant spiked club
  a +0 whip
  a +0 robe
  a +0 giant club
(39, 21, Orc:2)
  a +0 giant club
  a +0 giant spiked club
  a +0 giant club
  a +0 halberd
  a +0 robe
(39, 22, Orc:2)
  a +0 giant spiked club
  a +0 giant club
  a +0 giant spiked club
(40, 15, Orc:2)
  a +0 giant club
  a +0 giant club
  a +0 giant spiked club
  a +0 dire flail
(40, 17, Orc:2)
  a +0 giant spiked club
(40, 19, Orc:2)
  a +0 giant club
  a +0 giant spiked club
(40, 20, Orc:2)
  a +0 dire flail
  a +0 dire flail
  a +0 giant spiked club
  a +0 giant club
  a +0 giant club
  a +0 giant club
  a cursed -3 giant club
  a +0 giant club
  a +0 dire flail
  a +0 great mace
  a +0 great mace
  a +0 giant club
(40, 21, Orc:2)
  a +0 giant club
  a +0 giant club
  a +0 giant club
(40, 22, Orc:2)
  a +0 giant club
(41, 14, Orc:2)
  a +0 robe
  a +0 dagger
(41, 19, Orc:2)
  a +0 giant club
  a +0 giant club
(41, 20, Orc:2)
  a +0 giant spiked club
  a +0 giant club
  a +0 robe
  a +0 flail
(41, 22, Orc:2)
  a +0 giant club

Level 1 of the Lair of Beasts
(0, 0, Lair:1)
  a +0 quarterstaff
(5, -47, Lair:1)
  12 sling bullets
(12, -26, Lair:1)
  6 stones
(14, -46, Lair:1)
  12 stones
(15, -27, Lair:1)
  a +0 short sword
(28, -12, Lair:1)
  a +0 plate armour
(34, -11, Lair:1)
  the +3 falchion of Optimality {elec, +Rage Int-4 Dex+4}
    Occasionally, upon striking a foe, it will discharge some electrical energy
    and cause terrible harm.
    
    It affects your intelligence (-4).
    It affects your dexterity (+4).
    It lets you go berserk.
(36, -34, Lair:1)
  a cursed -3 flail
(36, -7, Lair:1)
  a +0 quarterstaff
(46, -48, Lair:1)
  18 stones
(49, -9, Lair:1)
  27 stones
(50, -51, Lair:1)
  a wand of disintegration (12)
(50, -45, Lair:1)
  a +0 leather armour
(50, -31, Lair:1)
  a +0 battleaxe

Level 2 of the Lair of Beasts
(2, 20, Lair:2)
  5 stones
(12, 0, Lair:2)
  22 stones
(14, 15, Lair:2)
  19 arrows
(17, 12, Lair:2)
  a +2 antimagic executioner's axe
(20, 20, Lair:2)
  a +0 ring mail
(20, 51, Lair:2)
  a +0 leather armour
(20, 52, Lair:2)
  a +0 chain mail
(26, 37, Lair:2)
  a +0 flail
(28, 35, Lair:2)
  20 stones

Level 3 of the Lair of Beasts
(0, 0, Lair:3)
  a +0 large shield
(13, -36, Lair:3)
  a +0 rapier
(14, -37, Lair:3)
  a +0 mace
(28, -30, Lair:3)
  a +0 hand axe
(30, -27, Lair:3)
  a +0 robe
  a +0 scimitar
(31, -12, Lair:3)
  a +0 quarterstaff of freezing
  a +1 robe of cold resistance
(33, 5, Lair:3)
  10 stones
(46, 0, Lair:3)
  the +4 morningstar of Darov {flame, Str+2}
    It has been specially enchanted to burn those struck by it, causing extra
    injury to most foes and up to half again as much damage against particularly
    susceptible opponents.
    
    It affects your strength (+2).
(61, -49, Lair:3)
  a +0 club
(61, 10, Lair:3)
  a +0 spear
(66, -50, Lair:3)
  26 sling bullets

Level 4 of the Lair of Beasts
(0, 0, Lair:4)
  a +0 quarterstaff
(1, 19, Lair:4)
  the +11 hunting sling of Experimentation {velocity, *Corrode +Blink rN+}
    Any stone fired from it inflicts extra damage.
    
    It protects you from negative energy.
    It lets you blink.
    It may corrode you when you take damage.
(7, 24, Lair:4)
  an uncursed ring of ice
  a +0 battleaxe
  a +1 hat
  the +2 ratskin cloak {+Rats rPois rN+ Str-1 Int-1 Dex+1}
    It affects your strength (-1).
    It affects your intelligence (-1).
    It affects your dexterity (+1).
    It protects you from poison.
    It protects you from negative energy.
  a wand of iceblast (4)
  a +0 plate armour
  a +2 cloak
  a +0 animal skin
  a +0 hand axe
(8, 21, Lair:4)
  25 arrows
(8, 23, Lair:4)
  18 stones
(9, 18, Lair:4)
  the cursed +2 arbalest "Ronnex" {velocity, rC+ Dex+3}
    Any bolt fired from it inflicts extra damage.
    
    It affects your dexterity (+3).
    It protects you from cold.
    It has a curse placed upon it.
(31, 2, Lair:4)
  a +0 whip
(51, 44, Lair:4)
  a +0 pair of gloves
(56, 18, Lair:4)
  16 bolts
(57, -4, Lair:4)
  a +1 dagger of protection
  a +0 robe

Level 5 of the Lair of Beasts
(3, -26, Lair:5)
  a throwing net
(13, 4, Lair:5)
  a +0 mace
(18, 3, Lair:5)
  a +0 shield
(34, 1, Lair:5)
  a +0 robe
(39, 2, Lair:5)
  a +0 hunting sling

Level 6 of the Lair of Beasts
(11, 9, Lair:6)
  20 stones
(11, 23, Lair:6)
  14 stones
(15, 6, Lair:6)
  a +2 war axe of freezing
(20, 27, Lair:6)
  a +0 flail
(29, 44, Lair:6)
  6 arrows
(30, 35, Lair:6)
  a +0 ring mail
(35, -6, Lair:6)
  a +0 robe
(35, 53, Lair:6)
  +0 fire dragon scales
(38, 56, Lair:6)
  19 stones
(44, 1, Lair:6)
  7 atropa-tipped darts
(49, -1, Lair:6)
  +0 swamp dragon scales
(53, 51, Lair:6)
  a +7 shortbow of velocity
(55, 2, Lair:6)
  28 stones
(55, 3, Lair:6)
  29 stones
(57, 2, Lair:6)
  a +0 leather armour
(57, 3, Lair:6)
  a +0 hand crossbow of freezing
(58, 8, Lair:6)
  +0 steam dragon scales
(58, 54, Lair:6)
  a +0 quarterstaff
(62, 38, Lair:6)
  9 stones

Level 1 of the Swamp
(10, 17, Swamp:1)
  a +0 flail
(12, 24, Swamp:1)
  a +0 plate armour
(21, 29, Swamp:1)
  a wand of enslavement (9)
(33, -2, Swamp:1)
  +0 swamp dragon scales
(34, -2, Swamp:1)
  a +1 antimagic battleaxe
(35, 19, Swamp:1)
  a +0 arbalest
(36, -6, Swamp:1)
  11 stones
(37, 35, Swamp:1)
  11 poisoned darts
(38, 4, Swamp:1)
  the +0 ring mail of Hyukkene {*Slow MR++ rCorr Slay+5}
    It affects your accuracy and damage with ranged weapons and melee attacks
    (+5).
    It affects your resistance to hostile enchantments.
    It provides partial protection from all sources of acid and corrosion.
    It may slow you when you take damage.
(42, 35, Swamp:1)
  22 bolts
(51, 1, Swamp:1)
  a wand of paralysis (6)

Level 2 of the Swamp
(0, 0, Swamp:2)
  a +0 leather armour
(0, 10, Swamp:2)
  a +3 antimagic scimitar
(8, -30, Swamp:2)
  13 stones
(15, -19, Swamp:2)
  a +0 spear
  a +0 buckler
(26, -17, Swamp:2)
  18 arrows
(27, -12, Swamp:2)
  a +1 chain mail of cold resistance
(27, -2, Swamp:2)
  a scroll of vulnerability

Level 3 of the Swamp
(0, 0, Swamp:3)
  a book of Frost
(2, 27, Swamp:3)
  a +0 falchion
(14, -18, Swamp:3)
  +0 swamp dragon scales
(15, -21, Swamp:3)
  +0 swamp dragon scales
(15, -18, Swamp:3)
  a cursed +0 spear
  a +0 buckler
(15, -17, Swamp:3)
  a +0 spear
  a +0 buckler
(16, -17, Swamp:3)
  a +0 spear
(17, -22, Swamp:3)
  a +1 spear of freezing
(17, -20, Swamp:3)
  a +0 ring mail
(26, 22, Swamp:3)
  11 stones
(27, -23, Swamp:3)
  a +0 rapier
(34, -15, Swamp:3)
  a wand of clouds (7)

Level 4 of the Swamp
(0, 0, Swamp:4)
  +0 ice dragon scales
(0, 1, Swamp:4)
  +0 ice dragon scales
(1, 1, Swamp:4)
  +0 ice dragon scales
(5, -17, Swamp:4)
  a +4 antimagic battleaxe
(8, -19, Swamp:4)
  24 bolts
(9, -24, Swamp:4)
  a +0 plate armour
(10, -23, Swamp:4)
  21 stones
(10, -17, Swamp:4)
  a +0 plate armour
(20, -9, Swamp:4)
  a +0 battleaxe
(30, -2, Swamp:4)
  a +0 ring mail
(35, -37, Swamp:4)
  9 poisoned darts
(38, -33, Swamp:4)
  a cursed +0 plate armour
(45, -9, Swamp:4)
  a +1 broad axe of holy wrath
  a +0 chain mail
  a +0 shield
(46, -8, Swamp:4)
  a +0 spear
(48, -4, Swamp:4)
  a potion of degeneration

Level 1 of the Vaults
(0, 0, Vaults:1)
  a +0 short sword
  a +1 morningstar of protection
  a +0 scale mail
  a +0 shield
  the minotaur corpse of Asterion
(0, 8, Vaults:1)
  a wolf spider corpse
(1, 0, Vaults:1)
  a +0 long sword
  a +0 rapier
  a +0 chain mail
  an elf corpse
(1, 1, Vaults:1)
  a +0 long sword
(2, -1, Vaults:1)
  a +0 dire flail
  (unseen)
(3, -9, Vaults:1)
  14 gold pieces
(3, 0, Vaults:1)
  a +0 long sword
  a +0 ring mail
  a human corpse
(7, -1, Vaults:1)
  a +0 dagger
  (unseen)

