Arcades

Level 1 of the Dungeon
(0, 0, D:1)
  a +0 club
  a +0 club
(1, -19, D:1)
  24 bolts
(3, 10, D:1)
  a +0 dagger
  a +0 dagger
(3, 22, D:1)
  19 bolts
(8, 25, D:1)
  a +0 dagger
(10, 24, D:1)
  a +0 dagger
(27, 12, D:1)
  a +0 whip
(43, -5, D:1)
  23 arrows

Level 2 of the Dungeon
(0, 0, D:2)
  26 arrows
(21, -23, D:2)
  a +0 dagger
(23, -32, D:2)
  a +0 dagger
(36, 4, D:2)
  a +0 club

Level 3 of the Dungeon
(0, 0, D:3)
  17 arrows
(1, 16, D:3)
  14 sling bullets
(5, 13, D:3)
  a +0 dagger
(7, 1, D:3)
  a +0 robe
(8, 46, D:3)
  22 sling bullets
(11, 61, D:3)
  a +0 club
(27, 13, D:3)
  a +0 flail
  a +0 ring mail
  a +0 club
  a +0 leather armour
  a +0 short sword
(36, 11, D:3)
  a +0 whip
  a +0 dagger
  a +0 robe
(37, 32, D:3)
  a +0 ring mail
(46, 18, D:3)
  a +0 spear
(46, 19, D:3)
  a +0 halberd
(46, 20, D:3)
  a +0 spear
(56, 5, D:3)
  a +0 hand axe

Level 4 of the Dungeon
(10, 16, D:4)
  a +0 ring mail
(16, -1, D:4)
  a +0 dagger
(20, 0, D:4)
  a +0 whip
  a +0 leather armour
  a +0 whip
  a +0 spear
(24, -2, D:4)
  an uncursed staff of fire
(30, -1, D:4)
  a +0 short sword

Level 5 of the Dungeon
(11, 2, D:5)
  a +0 quarterstaff
(24, 28, D:5)
  a +0 falchion
(24, 32, D:5)
  a +0 mace
(25, -7, D:5)
  a +0 mace
(28, 27, D:5)
  a +0 club
(28, 28, D:5)
  a +0 giant spiked club
  a +0 dagger
(30, -2, D:5)
  a +0 hand axe
(32, 35, D:5)
  a +0 scale mail
(35, 3, D:5)
  a +0 whip
(36, 1, D:5)
  a +0 spear
(36, 4, D:5)
  a +0 club
(37, 3, D:5)
  a +0 flail
(40, -5, D:5)
  a Grand Grimoire
(42, -2, D:5)
  a +0 quarterstaff

Level 6 of the Dungeon
(0, 0, D:6)
  a +0 robe
(19, 19, D:6)
  a +0 chain mail
(29, 28, D:6)
  a +2 dagger of electrocution
(35, 29, D:6)
  a +0 leather armour
(40, 5, D:6)
  a +0 mace
  a +0 leather armour
  a +0 dagger
  a +0 robe
(41, 11, D:6)
  a +0 dagger
  a +0 robe
  a +0 trident
  a +0 leather armour
(41, 12, D:6)
  a +0 trident
  a +0 leather armour
(41, 13, D:6)
  a +0 dagger
(42, 13, D:6)
  a +0 flail
(45, -4, D:6)
  a +4 dagger
  a +0 leather armour
(46, -4, D:6)
  a +0 dagger
  a +0 robe
  a +0 hand axe
  a +0 ring mail
  a +0 falchion
  a +0 leather armour
  a +0 club
(49, 9, D:6)
  a +0 club
(52, 40, D:6)
  a +0 chain mail
(53, -4, D:6)
  a +0 helmet
(54, 11, D:6)
  a +0 great mace
  a +0 shortbow
(55, 13, D:6)
  a +0 shortbow
(55, 19, D:6)
  a book of Minor Magic

Level 7 of the Dungeon
[Shop] Ziusyll's Gadget Emporium
  a wand of digging (2) (156 gold)
  a wand of paralysis (9) (143 gold)
  a fan of gales (520 gold)
  a wand of scattershot (8) (468 gold)
  a wand of scattershot (3) (273 gold)
  a wand of random effects (22) (156 gold)
  a wand of paralysis (9) (143 gold)
  a sack of spiders (260 gold)
  a wand of random effects (18) (130 gold)
  a wand of paralysis (11) (169 gold)
  a box of beasts (260 gold)
  a phantom mirror (390 gold)
(0, 0, D:7)
  a +0 leather armour
(1, 1, D:7)
  a +0 ring mail
(6, -22, D:7)
  a +0 ring mail
(16, -26, D:7)
  27 bolts
(19, 3, D:7)
  a +0 leather armour
(31, -6, D:7)
  a +4 trident of protection
(35, -17, D:7)
  21 sling bullets

Level 8 of the Dungeon
(0, 0, D:8)
  a hound corpse
(0, 1, D:8)
  a hound corpse
(3, -12, D:8)
  a giant cockroach corpse
(4, -5, D:8)
  a poisoned dart
(4, 1, D:8)
  a poisoned dart
  (unseen)
(5, -4, D:8)
  a poisoned dart
(5, 1, D:8)
  a poisoned dart
(5, 2, D:8)
  a poisoned dart
(6, 3, D:8)
  a poisoned dart
(7, 4, D:8)
  a poisoned dart
(8, 1, D:8)
  22 gold pieces
(8, 5, D:8)
  a poisoned dart
(9, 5, D:8)
  a poisoned dart
(10, -10, D:8)
  an adder corpse

