Vouh

Level 1 of the Dungeon
(0, 1, D:1)
  a +0 dagger
(2, -5, D:1)
  a +0 club
(6, 8, D:1)
  a +0 club
(8, -11, D:1)
  a +0 animal skin
(16, -7, D:1)
  4 large rocks
(37, -5, D:1)
  a +0 dagger
(42, 2, D:1)
  a +0 dagger
(51, -2, D:1)
  a +0 ring mail

Level 2 of the Dungeon
(0, 0, D:2)
  a +0 club
(10, -10, D:2)
  a +0 dagger
(14, 1, D:2)
  a +0 robe
(15, 15, D:2)
  23 bolts
(37, 15, D:2)
  a +0 short sword
(40, 19, D:2)
  19 bolts
(50, 2, D:2)
  a +0 club

Level 3 of the Dungeon
(0, 0, D:3)
  a +0 club
(6, 24, D:3)
  a +0 club
(12, 0, D:3)
  a +0 leather armour
  a +1 shield of poison resistance
(14, 13, D:3)
  a +0 whip
(15, 1, D:3)
  a +0 club
(15, 14, D:3)
  a +0 dagger
(18, 15, D:3)
  a +0 club
(24, 21, D:3)
  a +0 dagger
(25, 21, D:3)
  a +0 ring mail
  a +0 club
  a +0 ring mail
(26, 20, D:3)
  a +0 club
(27, 19, D:3)
  a +1 dagger of speed
(34, 30, D:3)
  a +0 cloak
(37, 29, D:3)
  a +0 ring mail
(40, 27, D:3)
  a +0 club

Level 4 of the Dungeon
(0, 0, D:4)
  a +0 mace
(0, 15, D:4)
  2 boomerangs
(3, 20, D:4)
  a +0 short sword
(4, 26, D:4)
  25 arrows
(7, 15, D:4)
  a cursed -1 whip
(9, 15, D:4)
  a +0 dagger of venom
(12, 21, D:4)
  13 arrows
(13, 35, D:4)
  25 sling bullets
(15, 19, D:4)
  23 arrows
(17, 39, D:4)
  a +0 ring mail
(19, 9, D:4)
  a +0 spear
(28, 25, D:4)
  a +0 club
  a +0 club
(29, 23, D:4)
  a +0 dagger
  a cursed +0 club
(29, 24, D:4)
  a +0 club
(35, 24, D:4)
  a +0 dagger
(37, 4, D:4)
  a +0 dagger
(38, 4, D:4)
  a +0 club
(38, 8, D:4)
  a +0 dagger
(38, 9, D:4)
  a +0 club
(41, 24, D:4)
  a +0 club

Level 5 of the Dungeon
(4, -12, D:5)
  19 bolts
(7, 38, D:5)
  5 arrows
(8, 38, D:5)
  an arrow
(9, 38, D:5)
  an arrow
(10, 4, D:5)
  5 large rocks
(10, 38, D:5)
  an arrow
(11, 38, D:5)
  an arrow
(13, 38, D:5)
  a +0 shortbow
  2 arrows
(15, -5, D:5)
  a +0 trident
(33, -11, D:5)
  20 arrows
(34, 9, D:5)
  25 arrows
(47, 13, D:5)
  a +0 ring mail

Level 6 of the Dungeon
(0, 0, D:6)
  an uncursed amulet of guardian spirit
  an uncursed amulet of the gourmand
  123 stones
  a +0 hunting sling
  a +1 hand axe
  a +0 robe
(0, 1, D:6)
  a +0 flail
  a +0 robe
(6, 4, D:6)
  a cursed +4 hand axe
  a +0 robe
(7, 4, D:6)
  a cursed +3 scimitar
  a +0 robe
(14, 8, D:6)
  a +0 scale mail
(32, -9, D:6)
  a +0 robe
(32, 29, D:6)
  a +0 leather armour
(36, 31, D:6)
  a cursed -3 whip
(38, 19, D:6)
  23 sling bullets
(42, 20, D:6)
  19 stones
(51, 0, D:6)
  19 bolts
(51, 38, D:6)
  a +0 club
(64, 11, D:6)
  a +0 war axe
(64, 29, D:6)
  a +0 giant spiked club

Level 7 of the Dungeon
(0, 0, D:7)
  a +0 spear
(8, -9, D:7)
  13 arrows
(18, -13, D:7)
  a +0 chain mail
(23, 34, D:7)
  20 stones
(24, 8, D:7)
  a +0 ring mail
(28, 32, D:7)
  a +1 ring mail of fire resistance
(31, -22, D:7)
  21 arrows
(33, 18, D:7)
  14 stones
(53, 10, D:7)
  a +0 club
  a +0 dagger
  a +0 robe
  a +0 short sword
  a +0 plate armour

Level 8 of the Dungeon
[Shop] Setwiw's Distillery
  a potion of lignification (48 gold)
  a potion of lignification (48 gold)
  2 potions of heal wounds (160 gold)
  a potion of ambrosia (128 gold)
  a potion of curing (48 gold)
  a potion of curing (48 gold)
  a potion of curing (48 gold)
  a potion of heal wounds (80 gold)
  a potion of berserk rage (80 gold)
  a potion of curing (48 gold)
  a potion of degeneration (16 gold)
  a potion of cancellation (128 gold)
  a potion of berserk rage (80 gold)
  a potion of curing (48 gold)
(0, 0, D:8)
  25 arrows
(2, 15, D:8)
  a +0 ring mail
(4, 2, D:8)
  a +0 giant club
(8, 23, D:8)
  a +0 leather armour
  a +0 robe
  a +0 club
  a +0 club
  a cursed -1 dagger
(9, 22, D:8)
  a cursed +0 leather armour
  a +0 flail of holy wrath
  a +0 chain mail
(11, 19, D:8)
  an uncursed ring of attention
(16, 25, D:8)
  a +0 war axe
  a +0 dagger
  a +0 robe
  a +0 scale mail
(17, 26, D:8)
  a +0 trident of protection
  a +0 leather armour
  an orc corpse (skeletalised by now)
(20, 15, D:8)
  a +0 dagger
(20, 28, D:8)
  a +0 whip

Level 1 of the Lair of Beasts
(0, 0, Lair:1)
  a +0 scale mail
(5, 12, Lair:1)
  23 stones
(14, 11, Lair:1)
  a water moccasin corpse
(19, 6, Lair:1)
  a komodo dragon skeleton

