Arcades

Level 1 of the Dungeon
(0, 0, D:1)
  a cursed +0 leather armour
(15, 0, D:1)
  a +0 club
(19, -8, D:1)
  a +0 dagger
(27, 39, D:1)
  a stone
(28, -12, D:1)
  a cursed -2 dagger
(29, 32, D:1)
  a +0 club
(29, 39, D:1)
  a stone
(31, -1, D:1)
  a stone
(31, 38, D:1)
  a +0 short sword
  3 stones
(33, 1, D:1)
  a stone
  a +0 club
(34, 2, D:1)
  a stone
(40, -15, D:1)
  a +0 club
  a stone
(49, 2, D:1)
  a +0 short sword
(52, 27, D:1)
  a +0 whip

Level 2 of the Dungeon
(0, 0, D:2)
  a cursed -2 scythe
  a +0 robe
(10, 12, D:2)
  19 stones
(10, 39, D:2)
  a +0 club
(11, 40, D:2)
  a +0 club
(15, 1, D:2)
  a +0 club
(18, 33, D:2)
  a +0 club
  a +0 club
(26, -1, D:2)
  25 arrows
(35, 15, D:2)
  a +0 short sword
(36, 23, D:2)
  14 stones
(36, 24, D:2)
  a +0 scimitar
(37, 8, D:2)
  a +0 club
(41, 40, D:2)
  25 stones

Level 3 of the Dungeon
(0, 0, D:3)
  a +0 dagger
(2, 3, D:3)
  18 stones
(3, 7, D:3)
  11 stones
(5, -11, D:3)
  a +0 flail
(5, -10, D:3)
  a +0 hand axe
  a +0 dagger
  a +0 robe
(5, -9, D:3)
  a +0 hand axe
  a +0 leather armour
(5, 6, D:3)
  a cursed -2 falchion
  a +0 club
  a +0 leather armour
  a +0 dagger
(5, 7, D:3)
  a +0 club
(5, 8, D:3)
  a +0 club
  a +0 ring mail
(14, -17, D:3)
  a +0 ring mail
(14, -5, D:3)
  21 stones
(17, -12, D:3)
  a +0 club
(26, -14, D:3)
  a +0 leather armour
(30, -14, D:3)
  a +0 club
  a +0 leather armour
(30, -13, D:3)
  a +2 dagger of protection
  a +0 ring mail
  a +0 ring mail
(30, -12, D:3)
  a +0 club
  a +0 leather armour
(35, -25, D:3)
  a +0 club
(36, 27, D:3)
  21 stones
(38, -13, D:3)
  a +0 robe
(48, -5, D:3)
  a +0 ring mail
(48, -4, D:3)
  a +0 dagger
(55, 7, D:3)
  a +0 club
(57, 8, D:3)
  a +0 ring mail

Level 4 of the Dungeon
(0, 0, D:4)
  a +1 whip of electrocution
  a +0 chain mail
(3, -13, D:4)
  a +0 ring mail
(10, 26, D:4)
  a +0 leather armour
(13, 24, D:4)
  8 stones
(24, 25, D:4)
  25 stones
(28, -10, D:4)
  a +0 whip
(33, -4, D:4)
  a +0 club
(35, -3, D:4)
  a +0 mace
  a +0 leather armour
(36, -6, D:4)
  a +0 dagger
  a +0 robe
  a +0 great sword
  a +0 ring mail
(42, 14, D:4)
  a cursed -3 giant club
(43, 15, D:4)
  23 arrows
(44, 18, D:4)
  a +0 robe
(46, -7, D:4)
  a +0 flail

Level 5 of the Dungeon
(0, 0, D:5)
  a +0 falchion
  a +0 scale mail
(4, -27, D:5)
  a +0 robe
(11, -4, D:5)
  a +0 shortbow
(13, -5, D:5)
  18 sling bullets
(18, -5, D:5)
  a +0 shortbow
(19, 1, D:5)
  a +0 club
  a +0 leather armour
  a +0 flail
  a +0 dagger
  a +0 robe
(20, 1, D:5)
  a +0 dagger
  a +0 robe
(23, -23, D:5)
  a +0 scale mail
(23, 5, D:5)
  14 bolts
(39, -12, D:5)
  a +0 robe

Level 6 of the Dungeon
(0, 0, D:6)
  a cursed +0 giant spiked club
(1, -7, D:6)
  24 stones
(10, 12, D:6)
  a +0 war axe
(23, -11, D:6)
  a +0 giant club
(23, -2, D:6)
  28 bolts
(25, -11, D:6)
  a +0 rapier
  a +0 leather armour
(31, 1, D:6)
  a +0 spear
(33, -13, D:6)
  15 stones
(39, 11, D:6)
  4 javelins
(43, -11, D:6)
  a +0 dagger
(49, -5, D:6)
  15 stones
(49, 29, D:6)
  a +0 hand axe
(50, -4, D:6)
  a +1 chain mail of fire resistance

Level 7 of the Dungeon
(0, 0, D:7)
  a +0 dagger
  a +0 robe
(3, -10, D:7)
  a cursed +0 spear
(3, 3, D:7)
  12 stones
(7, -2, D:7)
  a +0 dagger
  a +0 broad axe
  a +0 plate armour
(7, -1, D:7)
  a +0 glaive
  a +0 plate armour
(7, 0, D:7)
  a +0 trident
(8, -2, D:7)
  a +0 war axe
(8, -1, D:7)
  a +0 dagger
  a +0 robe
  a +0 morningstar
(8, 5, D:7)
  a +0 short sword
(11, -2, D:7)
  a cursed +0 giant club
(11, 1, D:7)
  a stone
(21, -5, D:7)
  a +0 dagger
(21, -4, D:7)
  a +0 short sword
  a stone
(29, 8, D:7)
  a cursed +0 short sword
  4 poisoned darts
  a +0 short sword
  5 stones
(30, 8, D:7)
  a +0 club
  a stone
(31, 12, D:7)
  a +0 dagger
(33, 31, D:7)
  a +0 flail
(34, 30, D:7)
  a cursed +0 giant club
(35, 18, D:7)
  a +0 whip
(35, 31, D:7)
  a +0 mace
  a +0 chain mail
  a +0 dagger
  a +0 robe
(37, 27, D:7)
  a +0 whip
(39, 6, D:7)
  a +0 trident
  a +0 ring mail
(40, 5, D:7)
  a +0 dagger
  a +0 robe
(40, 7, D:7)
  a +0 hand axe
  3 boomerangs
  a +0 scale mail
(53, 9, D:7)
  a +2 leather armour of cold resistance

Level 8 of the Dungeon
[Shop] Utuisarch's General Store
  a +0 pair of gloves (63 gold)
  19 stones (26 gold)
  a +0 ring mail (56 gold)
  a potion of brilliance (56 gold)
  14 stones (19 gold)
  11 stones (15 gold)
  a ration (70 gold)
  a scroll of remove curse (42 gold)
[Shop] Usac's Jewellery Shop
  an uncursed ring of flight (245 gold)
  an uncursed ring of positive energy (280 gold)
  an uncursed ring of resist corrosion (280 gold)
  an uncursed ring of magical power (280 gold)
  a cursed ring of attention (63 gold)
  a +3 ring of strength (219 gold)
  an uncursed ring of fire (350 gold)
  a cursed ring of teleportation (63 gold)
  the cursed ring "Rossix" {rF- rN+ MR+ Int-3} (88 gold)
    [ring of intelligence]
    
    It affects your intelligence (-3).
    It makes you vulnerable to fire.
    It protects you from negative energy.
    It affects your resistance to hostile enchantments.
    It has a curse placed upon it.
  a +2 ring of slaying (294 gold)
  an uncursed ring of stealth (245 gold)
  a +6 ring of intelligence (819 gold)
  a cursed -2 ring of protection (28 gold)
  a cursed ring of attention (63 gold)
[Shop] Ushups's Weapon Boutique
  a +0 morningstar (44 gold)
  a +2 spear of flaming (191 gold)
  the +3 scimitar "Riuph" {chaos, +Blink rN++} (513 gold)
    Each time it hits an enemy it has a different, random effect.
    
    It greatly protects you from negative energy.
    It lets you blink.
  a +0 falchion (33 gold)
  the +10 dagger of the Omega Point {flame, rElec Dex+4 SInv} (882 gold)
    It has been specially enchanted to burn those struck by it, causing extra
    injury to most foes and up to half again as much damage against particularly
    susceptible opponents.
    
    It affects your dexterity (+4).
    It insulates you from electricity.
    It lets you see invisible.
  a throwing net (33 gold)
  27 stones (29 gold)
  a +0 halberd (44 gold)
  a +1 glaive of venom (162 gold)
  17 stones (18 gold)
  a +0 mace (33 gold)
  a +0 trident (38 gold)
[Shop] Woolit's Changing Room
  a book of Alchemy (1125 gold)
  a potion of lignification (45 gold)
  a wand of polymorph (12) (210 gold)
  a book of Alchemy (1125 gold)
  a potion of lignification (45 gold)
  Sif Muna's Handbook of Shape Shifting (720 gold)
    Spells                           Type                      Level      
    Known
     a - Passwall                     Transmutation/Earth           2         
    no
     b - Spider Form                  Transmutation/Poison          3        
    yes
     c - Petrify                      Transmutation/Earth           4         
    no
     d - Blade Hands                  Transmutation                 5         
    no
     e - Hydra Form                   Transmutation                 6         
    no
    
    
    Trog disapproves of the use of such an item.
  a book of Changes (375 gold)
[Shop] Hovadgha's Antique Weapon Emporium
  a +0 club (26 gold)
  a +0 longbow (117 gold)
  the +4 trident "Gybaim Neq" {flame, rElec rPois Str-5 Int+6} (1211 gold)
    It has been specially enchanted to burn those struck by it, causing extra
    injury to most foes and up to half again as much damage against particularly
    susceptible opponents.
    
    It affects your strength (-5).
    It affects your intelligence (+6).
    It insulates you from electricity.
    It protects you from poison.
  a +2 shortbow of freezing (452 gold)
  a +1 halberd of venom (306 gold)
  a +0 battleaxe (169 gold)
  a +0 hunting sling (39 gold)
[Shop] Seppas's Distillery
  a potion of magic (112 gold)
  a potion of haste (140 gold)
  a potion of brilliance (56 gold)
  a potion of lignification (42 gold)
  a potion of curing (42 gold)
  a potion of might (56 gold)
  a potion of might (56 gold)
  2 potions of flight (84 gold)
  a potion of degeneration (14 gold)
  a potion of brilliance (56 gold)
  a potion of flight (42 gold)
  a potion of heal wounds (70 gold)
  a potion of haste (140 gold)
  a potion of heal wounds (70 gold)
(0, 0, D:8)
  24 stones
(5, -17, D:8)
  a book of Beasts
(8, -17, D:8)
  a +0 short sword
(9, 13, D:8)
  a cursed -1 war axe
  a +0 leather armour
  a +0 leather armour
(10, 13, D:8)
  a +0 trident
  a +0 robe
(15, -19, D:8)
  a +0 hand axe
  a +0 mace
  a +0 dagger
  a +0 robe
(15, -17, D:8)
  a +0 club
  a +0 leather armour
(15, 0, D:8)
  a +0 cloak
(23, -13, D:8)
  a +0 short sword
(47, 5, D:8)
  a +0 scimitar
(47, 14, D:8)
  20 bolts
(48, 16, D:8)
  a +0 trident
  a +0 chain mail

Level 9 of the Dungeon
(0, 0, D:9)
  a +0 giant club
(7, -16, D:9)
  a +0 shortbow
(12, -11, D:9)
  a +0 war axe
(15, -1, D:9)
  16 stones
(19, 28, D:9)
  a +2 helmet
(25, 19, D:9)
  a +0 short sword
  a +0 leather armour
  a +0 war axe
  10 boomerangs
(26, 18, D:9)
  a +0 falchion
  a +0 leather armour
(26, 19, D:9)
  a +1 dagger of venom
  a +0 robe
(27, 7, D:9)
  a +0 scale mail
(36, -9, D:9)
  the +1 leather armour of Liberalism {-Tele +Fly MR++ Regen+}
    It affects your resistance to hostile enchantments.
    It lets you fly.
    It prevents most forms of teleportation.
    It increases your rate of regeneration.
(37, 18, D:9)
  5 large rocks
(40, 5, D:9)
  15 stones
(42, -6, D:9)
  a +0 scale mail
(44, 0, D:9)
  a +0 pair of boots
(44, 13, D:9)
  a +1 plate armour of fire resistance
(44, 15, D:9)
  a +2 helmet of see invisible
(44, 16, D:9)
  a +0 triple sword
(46, -8, D:9)
  a +0 robe
(47, 3, D:9)
  a +0 dagger
(48, 17, D:9)
  a +4 spear
(49, -7, D:9)
  a cursed +0 ring mail
(49, 15, D:9)
  a +0 dagger
  5 boomerangs
(49, 16, D:9)
  a +0 war axe
  a +0 flail
(50, 15, D:9)
  a +0 flail
  a cursed -3 flail
  a cursed -1 flail
  a +0 leather armour
(51, 15, D:9)
  a +0 scimitar
  a +0 plate armour
  a +0 hand axe
  a +0 chain mail
(52, 22, D:9)
  5 large rocks

Level 10 of the Dungeon
(0, 0, D:10)
  a +0 club
  a +0 leather armour
  a +0 dagger
  a cursed +0 robe
(1, 0, D:10)
  a +0 halberd of chopping
  a +0 chain mail
(2, 0, D:10)
  a +0 leather armour of cold resistance
  a cursed +0 leather armour
(4, 8, D:10)
  a +0 dagger
  a +0 chain mail
  a +0 morningstar
  a +0 plate armour
  a +0 giant club
  a +0 hand axe
(5, 8, D:10)
  a +0 club
(9, -19, D:10)
  a +0 mace of venom
  a +0 chain mail
  a +0 short sword
(9, -18, D:10)
  a +0 mace
(20, 6, D:10)
  a +0 whip
(37, 12, D:10)
  a +0 large shield
(39, -17, D:10)
  20 bolts
(40, -23, D:10)
  a +0 whip
(40, -22, D:10)
  a +0 club
(41, -22, D:10)
  a cursed -3 scimitar
  a +0 chain mail
(44, 7, D:10)
  a +0 flail
(45, 9, D:10)
  a +0 hunting sling of flaming
(52, -5, D:10)
  a +0 troll leather armour
(53, -35, D:10)
  4 large rocks
(54, 10, D:10)
  21 sling bullets

Level 11 of the Dungeon
(13, -16, D:11)
  a +0 plate armour
(19, -42, D:11)
  a +0 leather armour
(21, -28, D:11)
  a +0 leather armour
(30, -13, D:11)
  a +0 giant spiked club
  a +0 dire flail
(39, -50, D:11)
  a cursed -1 flail
(49, 0, D:11)
  a +2 shortbow of flaming
(52, -37, D:11)
  a +0 dagger
  a +0 robe
  a +0 short sword
  a +0 dagger
  a +0 robe
  a cursed -3 glaive
  a +0 plate armour
(52, -36, D:11)
  a +0 dagger
(52, -35, D:11)
  a +0 troll leather armour

Level 12 of the Dungeon
(7, 5, D:12)
  a +0 falchion
(8, 13, D:12)
  4 javelins
(9, 20, D:12)
  6 javelins
(13, -25, D:12)
  a +0 leather armour
(14, 11, D:12)
  a +4 antimagic glaive
(21, -18, D:12)
  9 poisoned darts
(21, 10, D:12)
  a +2 pair of gloves
(37, -1, D:12)
  +0 steam dragon scales
(39, -8, D:12)
  a +0 mace
(39, -7, D:12)
  a +0 chain mail
  a +0 short sword
(40, -9, D:12)
  a +0 robe
  a +0 dagger
(41, -9, D:12)
  a +0 giant club
(47, -15, D:12)
  16 sling bullets

Level 13 of the Dungeon
[Shop] Besiwax's Antique Weapon Boutique
  a +3 great mace of crushing (667 gold)
  a +0 long sword (87 gold)
  the +7 spear of Gehenna {protect, Dex+2} (1245 gold)
    It grants its wielder temporary protection when it strikes (+7 to AC).
    
    It affects your dexterity (+2).
  the +4 morningstar "Killer Bee's Doom" {crush, rF+} (1000 gold)
    It inflicts extra damage upon your enemies.
    
    It protects you from fire.
  a +1 dagger of venom (235 gold)
  a +0 trident (87 gold)
  a +0 battleaxe (162 gold)
[Shop] Ecrev's Food Shop
  a ration (50 gold)
  a ration (50 gold)
  a ration (50 gold)
  a ration (50 gold)
  a ration (50 gold)
  a ration (50 gold)
  a ration (50 gold)
  a ration (50 gold)
  a ration (50 gold)
  a ration (50 gold)
[Shop] Bily's Distillery
  a potion of brilliance (60 gold)
  a potion of curing (45 gold)
  a potion of lignification (45 gold)
  a potion of berserk rage (75 gold)
  a potion of curing (45 gold)
  a potion of curing (45 gold)
  a potion of mutation (120 gold)
  2 potions of ambrosia (240 gold)
  a potion of berserk rage (75 gold)
  a potion of brilliance (60 gold)
  a potion of lignification (45 gold)
[Shop] Upew's Distillery
  a potion of curing (42 gold)
  a potion of might (56 gold)
  a potion of flight (42 gold)
  a potion of ambrosia (112 gold)
  a potion of lignification (42 gold)
  a potion of curing (42 gold)
  a potion of degeneration (14 gold)
  a potion of curing (42 gold)
  a potion of mutation (112 gold)
  a potion of heal wounds (70 gold)
  a potion of might (56 gold)
  a potion of haste (140 gold)
[Shop] Yschar's Magic Scroll Shoppe
  a scroll of amnesia (49 gold)
  a scroll of fear (49 gold)
  a scroll of identify (28 gold)
  a scroll of immolation (49 gold)
  a scroll of identify (28 gold)
  a scroll of amnesia (49 gold)
  a scroll of remove curse (42 gold)
  a scroll of remove curse (42 gold)
  a scroll of identify (28 gold)
  a scroll of teleportation (42 gold)
  a scroll of identify (28 gold)
  a scroll of blinking (105 gold)
  a scroll of magic mapping (49 gold)
(0, 0, D:13)
  a +0 ring mail
(1, 6, D:13)
  a +0 shortbow
(2, 2, D:13)
  a +2 shortbow of flaming
  a +4 antimagic battleaxe
  a +3 antimagic battleaxe
(2, 3, D:13)
  a cursed -2 falchion
  a +0 shortbow
(2, 6, D:13)
  a +0 robe
  a +0 dagger
(3, 2, D:13)
  a +0 shortbow
(3, 3, D:13)
  a +0 dagger
  a +2 shortbow of flaming
  a +0 great sword of electrocution
  a +0 ring mail
(4, 3, D:13)
  a +0 shortbow
(5, -11, D:13)
  20 bolts
(5, 2, D:13)
  a +0 morningstar of holy wrath
(7, 7, D:13)
  a +0 flail
  a cursed -3 shortbow
(8, 9, D:13)
  2 boomerangs
  a +0 flail
(10, 0, D:13)
  a +0 troll leather armour
(18, 6, D:13)
  14 stones
(24, 5, D:13)
  16 stones
(28, 1, D:13)
  a +0 shortbow
(32, 25, D:13)
  a +2 mace of protection
(34, 20, D:13)
  a +0 robe
  a +0 dagger
(35, 15, D:13)
  18 stones
(36, 16, D:13)
  23 bolts
(38, 23, D:13)
  a +0 robe
  a +0 chain mail
  a +0 dagger
  a +0 scimitar
(38, 24, D:13)
  a +0 robe
  a +0 dagger
(40, -6, D:13)
  a cursed ring of attention
(40, 18, D:13)
  a +0 plate armour
  a +3 halberd of protection
(41, 15, D:13)
  17 bolts
(41, 19, D:13)
  a +0 large shield
  a +0 plate armour
  a +0 war axe
(42, 15, D:13)
  9 stones
(42, 18, D:13)
  a +0 robe
  a +0 dagger
(42, 19, D:13)
  a +0 robe
  a +0 dagger of venom
(44, -3, D:13)
  a +0 shortbow
  a +0 shortbow
(45, -3, D:13)
  a +0 shortbow
(54, 5, D:13)
  a +0 giant spiked club

Level 14 of the Dungeon
(0, 0, D:14)
  a crystal ball of energy
  a fan of gales
  a fan of gales
  an uncursed ring of stealth
  an uncursed ring of wizardry
  a +1 pair of gloves
  a +0 pair of boots of stealth
  the +0 robe "Ceruhetem" {Dex+7}
    It affects your dexterity (+7).
  the +8 spear of Destruction {vamp, *Noise rElec rPois rF+}
    It inflicts no extra harm, but heals its wielder when it wounds a living
    foe.
    
    It protects you from fire.
    It insulates you from electricity.
    It protects you from poison.
    It may make noises in combat.
  the +5 shortbow of Louwkis {venom, rC+ Dex+3}
    It poisons the ammo it fires.
    
    It affects your dexterity (+3).
    It protects you from cold.
  the ring of the Wild Haggis {*Tele rC+ SInv}
    [ring of teleportation]
    
    It may teleport you next to monsters.
    It protects you from cold.
    It lets you see invisible.
  the +10 executioner's axe "Jiul" {drain, rN+ Str-4 Int+3}
    A truly terrible weapon, it drains the life of those it strikes.
    
    It affects your strength (-4).
    It affects your intelligence (+3).
    It protects you from negative energy.
  the +5 shield of Irobrue {Dex+4}
    It affects your dexterity (+4).
  the +6 battleaxe "Cuabb" {chop, rPois rC+ Dex+2}
    It inflicts extra damage upon your enemies.
    
    It affects your dexterity (+2).
    It protects you from cold.
    It protects you from poison.
  the +5 trident of Action {flame, Dex+4}
    It has been specially enchanted to burn those struck by it, causing extra
    injury to most foes and up to half again as much damage against particularly
    susceptible opponents.
    
    It affects your dexterity (+4).
  the ring "Pefaps" {SInv Stlth+}
    [ring of see invisible]
    
    It lets you see invisible.
    It makes you more stealthy.
  the amulet of Koc Hes {Acrobat rN++ Str+4 Dex-3}
    [amulet of the acrobat]
    
    It helps you evade while moving and waiting.
    It affects your strength (+4).
    It affects your dexterity (-3).
    It greatly protects you from negative energy.
  an uncursed ring of see invisible
  the +0 pair of gloves of Pantheism {Int+7}
    It affects your intelligence (+7).
  the +10 battleaxe "Tuesch" {chop, rF++}
    It inflicts extra damage upon your enemies.
    
    It greatly protects you from fire.
  a +4 ring of evasion
  a +4 ring of evasion
  the macabre finger necklace {rN+}
    [amulet of nothing]
    
    It protects you from negative energy.
  an uncursed ring of see invisible
  an uncursed amulet of faith
  an uncursed amulet of guardian spirit
  the amulet "Yno Gutoycil" {+Rage rElec}
    [amulet of rage]
    
    It insulates you from electricity.
    It lets you go berserk.
  the ring of Spontaneous Combustion {+Fly rN++}
    [ring of flight]
    
    It greatly protects you from negative energy.
    It lets you fly.
  the +4 glaive "Xodac" {vamp, rF++}
    It inflicts no extra harm, but heals its wielder when it wounds a living
    foe.
    
    It greatly protects you from fire.
  the amulet "Delaph" {rC+ Regen+ Int+4}
    [amulet of regeneration]
    
    It affects your intelligence (+4).
    It protects you from cold.
    It increases your rate of regeneration.
  the amulet of Hasunnaj {rPois rF++ Regen+ Int+3}
    [amulet of regeneration]
    
    It affects your intelligence (+3).
    It greatly protects you from fire.
    It protects you from poison.
    It increases your rate of regeneration.
  an uncursed amulet of faith
  an uncursed amulet of regeneration
  the +2 robe "Pamowk" {+Blink Dex+2}
    It affects your dexterity (+2).
    It lets you blink.
  a +1 triple crossbow of flaming
  an uncursed ring of fire
  a +3 ring of intelligence
  an uncursed ring of poison resistance
  the +1 large shield of Complete Protection {Regen+ Dex+3}
    It affects your dexterity (+3).
    It increases your rate of regeneration.
  the +2 large shield "Atoelode" {Int+4}
    It affects your intelligence (+4).
(13, 3, D:14)
  a +0 pair of gloves
(15, 52, D:14)
  a +0 scale mail
(18, 22, D:14)
  16 bolts
(23, 31, D:14)
  2 large rocks
(23, 35, D:14)
  a large rock
(23, 37, D:14)
  a large rock
(24, 37, D:14)
  a +0 shortbow
(33, -2, D:14)
  a +5 antimagic broad axe
(33, 12, D:14)
  a +0 mace
  a +0 robe
(33, 13, D:14)
  2 large rocks
  a cursed +0 falchion
  a +0 robe
  a +4 mace
  a +0 robe
(34, 13, D:14)
  a large rock
(36, 15, D:14)
  a large rock
(56, 30, D:14)
  a scroll of immolation
(59, 11, D:14)
  a +5 falchion
  a +0 robe
(60, 11, D:14)
  a +0 giant club
(61, 12, D:14)
  a +5 mace
  a +0 robe
(61, 17, D:14)
  a +0 falchion
(62, 12, D:14)
  a cursed +0 spear
  a +0 robe
(63, 51, D:14)
  a +1 short sword of holy wrath
  a +0 leather armour
(68, 29, D:14)
  a +0 cloak

Level 15 of the Dungeon
[Shop] Issiyrut's Distillery
  a potion of invisibility (104 gold)
  a potion of resistance (130 gold)
  a potion of resistance (130 gold)
  a potion of heal wounds (65 gold)
  a potion of haste (130 gold)
  a potion of heal wounds (65 gold)
  a potion of haste (130 gold)
  a potion of magic (104 gold)
(0, 0, D:15)
  a +0 hand axe
(1, 21, D:15)
  12 stones
(3, 29, D:15)
  a large rock
(8, 34, D:15)
  22 stones
(10, 31, D:15)
  3 large rocks
(21, 37, D:15)
  a +0 giant club
  a +0 giant club
(21, 39, D:15)
  a +0 giant spiked club
  a cursed -1 giant spiked club
(22, 7, D:15)
  a +0 giant spiked club
  a cursed -2 giant club
(22, 38, D:15)
  a +0 giant club
  a +0 giant club
  a +0 giant club
  a +0 giant club
(23, 6, D:15)
  a +0 giant spiked club
  a +0 giant club
  a +0 giant club
  a +0 giant club
  a +0 giant club
(23, 38, D:15)
  a +0 giant spiked club
(23, 39, D:15)
  a +0 spear
  a +0 robe
(24, 5, D:15)
  a +0 whip
  a +0 robe
(24, 6, D:15)
  a +0 giant club
  a +0 giant spiked club
  a +0 giant spiked club
  a +0 giant club
(25, 23, D:15)
  a +0 scale mail
(26, 21, D:15)
  a +0 plate armour
(31, 12, D:15)
  a +3 hand axe
  a cursed +0 plate armour
(32, 11, D:15)
  a +0 club
  a cursed +0 mace
  a +0 leather armour
(34, -8, D:15)
  a +0 dagger of speed
  a +0 robe
(34, 10, D:15)
  a cursed +0 long sword
  a +0 plate armour
  a +0 war axe
  a +0 chain mail
(35, -9, D:15)
  a cursed -1 dagger
  a +0 robe
(35, -8, D:15)
  a +0 flail
  a +0 plate armour
(35, 10, D:15)
  a +0 war axe
  a +1 plate armour of fire resistance
  a +0 mace
  a +0 chain mail
  a +0 dagger
  a +0 robe
(35, 11, D:15)
  a +0 short sword
  a +0 dagger
  a +0 robe
(36, -3, D:15)
  a large rock
(37, -8, D:15)
  a +0 flail
  a cursed +0 leather armour
(37, -3, D:15)
  a large rock
(38, -8, D:15)
  a +0 flail
(39, -9, D:15)
  6 stones
(44, -6, D:15)
  a +0 flail
(45, 28, D:15)
  +0 fire dragon scales
(49, 9, D:15)
  a +0 dagger
  a +0 robe
(52, -14, D:15)
  a +0 rapier
(53, 11, D:15)
  a +1 long sword of holy wrath
(59, -10, D:15)
  a +0 giant club
  a +0 giant club
(59, 29, D:15)
  a +0 dagger
  a +0 robe
(60, 28, D:15)
  a +0 dagger
  a +0 robe

Level 1 of the Orcish Mines
(0, 0, Orc:1)
  a +0 glaive
  a +0 plate armour
(1, -1, Orc:1)
  a +0 war axe
  a +0 dagger
  a +0 robe
  a +0 short sword
  a +0 ring mail
  a +0 dagger
  a +0 robe
  a +0 dagger
  a +0 robe
(1, 1, Orc:1)
  a +0 dagger
  a +0 robe
  a +0 battleaxe
  a +0 plate armour
(2, -1, Orc:1)
  a +0 great sword
  a +0 plate armour
  a +0 war axe
  a +0 plate armour
(2, 0, Orc:1)
  a +0 scimitar
  a +0 chain mail
(2, 1, Orc:1)
  a +0 giant club
  a +0 trident
  a +0 ring mail
  a +0 hand axe
  a +0 leather armour
  a +0 dagger
  a +0 robe
(3, -1, Orc:1)
  a +0 flail
(3, 1, Orc:1)
  a +0 short sword
  a +0 leather armour
  a +0 dagger of protection
  a +0 robe
(16, 51, Orc:1)
  a +0 hand axe
(20, 40, Orc:1)
  a +0 dire flail
  a +0 chain mail
(20, 50, Orc:1)
  a +0 hand axe
(21, 48, Orc:1)
  a +0 glaive
(22, 46, Orc:1)
  a +0 flail
  a +1 robe of fire resistance
  a +0 dagger
  a +0 war axe
  a +0 plate armour
(22, 47, Orc:1)
  a +0 chain mail
  a +0 battleaxe
  a +0 mace
(22, 48, Orc:1)
  a +0 trident
(23, 44, Orc:1)
  a +0 hand axe
(23, 45, Orc:1)
  a +0 dagger
(24, 45, Orc:1)
  a +0 ring mail
  a +0 hand axe
(29, 42, Orc:1)
  a cursed +0 robe
  a +0 dagger
(39, 34, Orc:1)
  a +0 dagger
  a +0 robe
(40, 33, Orc:1)
  a +0 scale mail
(41, 33, Orc:1)
  a +0 bardiche
  a +0 chain mail
(41, 34, Orc:1)
  a +2 trident of venom
  a cursed +0 chain mail
(42, 34, Orc:1)
  a +0 club

Level 2 of the Orcish Mines
[Shop] Macos's Antique Weapon Shoppe
  a +2 halberd of venom (420 gold)
  a +3 falchion of flaming (560 gold)
  a +0 spear (75 gold)
  a +0 falchion of slicing (162 gold)
  a +0 mace (75 gold)
  a +0 broad axe (100 gold)
  a +2 hand axe of electrocution (487 gold)
  a +3 war axe of chopping (555 gold)
  a +0 shortbow (75 gold)
  a +0 hunting sling (37 gold)
  a +0 club (25 gold)
  a +0 longbow (112 gold)
  a +1 whip of venom (250 gold)
[Shop] Qitimp's General Store
  a scroll of noise (16 gold)
  a phantom mirror (480 gold)
  19 stones (30 gold)
  a wand of disintegration (17) (336 gold)
  a ration (80 gold)
  a wand of paralysis (11) (208 gold)
  6 boomerangs of dispersal (144 gold)
  a scroll of amnesia (56 gold)
  18 arrows (57 gold)
  a +0 arbalest (72 gold)
[Shop] Goacwe's Antique Armour Shoppe
  the +8 chain mail of Panentheism {Regen+} (1596 gold)
    It increases your rate of regeneration.
  a +0 plate armour (713 gold)
  a cursed +0 leather armour (31 gold)
  a +0 cloak (139 gold)
  a +0 chain mail (139 gold)
  a +1 plate armour of fire resistance (1085 gold)
  a +1 helmet of see invisible (511 gold)
  the +3 chain mail "Taratuud" {Int+2} (951 gold)
    It affects your intelligence (+2).
[Shop] Odimnep's Book Shoppe
  a book of the Tempests (910 gold)
  a book of Frost (455 gold)
  a book of Death (910 gold)
  a book of Minor Magic (260 gold)
  the Incunabulum of Cankerous Arcane Weapons (637 gold)
    Spells                           Type                      Level      
    Known
     a - Sting                        Conjuration/Poison            1        
    yes
     b - Throw Flame                  Conjuration/Fire              2         
    no
     c - Dazzling Spray               Conjuration/Hexes             3         
    no
     d - Venom Bolt                   Conjuration/Poison            5         
    no
     e - Spellforged Servitor         Conjuration/Summoning         7         
    no
    
    
    Trog disapproves of the use of such an item.
  a book of Battle (520 gold)
  a book of Necromancy (390 gold)
  a Fen Folio (975 gold)
  a book of Minor Magic (260 gold)
  a book of Air (455 gold)
  a book of Cantrips (260 gold)
(1, 25, Orc:2)
  a +0 dagger
  a +0 war axe
  a +0 chain mail
(2, 25, Orc:2)
  a +0 mace
  a +0 dagger
  a +0 robe
(3, -9, Orc:2)
  a +0 hand axe
  a +0 halberd
  a +0 plate armour
(4, -7, Orc:2)
  a +0 leather armour
  a +0 short sword
(16, 24, Orc:2)
  a +2 chain mail of cold resistance
  a +0 glaive
(17, 23, Orc:2)
  a +0 club
  a +0 hand axe
(17, 24, Orc:2)
  a +0 flail
(18, 24, Orc:2)
  a +0 mace
(18, 25, Orc:2)
  a +0 robe of cold resistance
  a +1 vampiric dagger
(18, 32, Orc:2)
  a +0 robe
  a +0 dagger
(18, 33, Orc:2)
  a +0 robe
  a +1 dagger of draining
(20, -4, Orc:2)
  a +0 battleaxe
  a +0 giant club
(20, 33, Orc:2)
  a +0 flail
  a +0 plate armour
  a +0 battleaxe
  a +0 chain mail
  a +0 mace
  a +0 chain mail
(21, -4, Orc:2)
  a +0 mace
  a +0 leather armour
  a +1 flail of crushing
  a +0 ring mail
(22, 31, Orc:2)
  a +0 large shield
  a +0 chain mail
  a cursed -2 long sword
(22, 32, Orc:2)
  a +0 flail
(22, 33, Orc:2)
  a +0 plate armour
  a +0 flail
(22, 34, Orc:2)
  a +0 troll leather armour
  a +1 vampiric dagger
  a +0 robe
(23, 30, Orc:2)
  a +0 leather armour
  a +0 hand axe
(23, 31, Orc:2)
  a +0 troll leather armour
  a +0 mace
  a +0 war axe
(23, 32, Orc:2)
  a +0 leather armour
  a +0 club
(23, 33, Orc:2)
  a +0 robe
  a +0 dagger
(24, 31, Orc:2)
  a +0 robe
  a +0 dagger
  a +0 battleaxe
  a +0 chain mail
  a +0 hand axe
  a +0 leather armour
(24, 32, Orc:2)
  a +0 chain mail
  a +0 hand axe
  a +0 dagger
  a +0 robe
(25, 31, Orc:2)
  a +0 plate armour
  a +0 glaive
(25, 33, Orc:2)
  a +0 leather armour
  a +0 flail of draining
(26, 30, Orc:2)
  a +0 plate armour
  a cursed -3 halberd
(26, 31, Orc:2)
  a +0 chain mail
  a +1 long sword of slicing
  a +0 halberd
  a +0 chain mail
(26, 32, Orc:2)
  a +0 leather armour
  a +0 dagger of draining
(26, 33, Orc:2)
  a +2 robe of positive energy
  a +0 dagger
(27, 31, Orc:2)
  a +0 giant club
  a +0 short sword
(29, 31, Orc:2)
  a +3 dagger of flaming
(30, 32, Orc:2)
  a +0 dagger
  a +0 robe
(31, 34, Orc:2)
  a cursed +0 club
  a +0 leather armour
(34, 32, Orc:2)
  a +0 mace
  a +0 plate armour
(35, 27, Orc:2)
  a cursed +0 double sword
  a +0 chain mail
  a +0 shield
(35, 30, Orc:2)
  a +0 dagger
  a +0 robe
(35, 31, Orc:2)
  a +0 mace
(37, 45, Orc:2)
  a +0 dagger
  a +0 robe
(37, 47, Orc:2)
  a +0 hand axe of freezing
  a +0 leather armour
(38, 45, Orc:2)
  a +0 whip
  a +0 ring mail
(38, 47, Orc:2)
  a +0 mace
  a +0 plate armour
  a +1 war axe of flaming
(39, 45, Orc:2)
  a +0 dagger
  a +0 robe
(39, 46, Orc:2)
  a +0 hand axe
  a +0 ring mail
(40, 46, Orc:2)
  a +0 giant club
(45, 26, Orc:2)
  a +0 short sword of venom
  7 curare-tipped darts
(45, 33, Orc:2)
  a large rock
(49, 26, Orc:2)
  3 large rocks

Level 1 of the Elven Halls
(0, 0, Elf:1)
  a +0 short sword
(0, 13, Elf:1)
  a +0 rapier
  a +0 leather armour
(0, 20, Elf:1)
  a +0 long sword
  a +0 leather armour
(1, 12, Elf:1)
  a +0 short sword
  a cursed +0 ring mail
(2, 12, Elf:1)
  a +0 rapier
(3, 0, Elf:1)
  22 stones
(3, 15, Elf:1)
  a +0 short sword
  a +0 longbow
  a +0 leather armour
(6, -11, Elf:1)
  a +3 dagger
  a +0 scale mail
(7, -11, Elf:1)
  a +0 long sword
  a +0 long sword
(8, -11, Elf:1)
  a +0 dagger
  a +0 long sword
(10, 19, Elf:1)
  a scroll of amnesia
(11, 14, Elf:1)
  a +0 long sword
(12, -13, Elf:1)
  a +1 vampiric dagger
  a +0 shortbow of freezing
  a +0 leather armour
(12, 12, Elf:1)
  a +0 short sword
  a +0 longbow
  a +0 leather armour
(13, -13, Elf:1)
  a potion of degeneration
(13, 11, Elf:1)
  a +0 long sword
  a +0 scale mail
  a +1 dagger of venom
(13, 13, Elf:1)
  a +0 scimitar
  a +0 scale mail
(15, 8, Elf:1)
  a +0 long sword
(16, 4, Elf:1)
  a +0 long sword
  a +0 ring mail
(16, 6, Elf:1)
  a +0 short sword
(16, 11, Elf:1)
  a +0 scimitar
  a scroll of immolation
(16, 24, Elf:1)
  a +0 rapier
(17, 16, Elf:1)
  a +0 short sword
  a +0 longbow
  a +0 leather armour
(18, 21, Elf:1)
  a +0 long sword
(19, 19, Elf:1)
  a +0 short sword
  a +0 scale mail
(19, 20, Elf:1)
  a +0 dagger
  a +0 robe
  a +0 long sword
  a +1 scale mail of magic resistance
  a cursed -3 short sword
(19, 22, Elf:1)
  a +0 dagger
  a +0 chain mail
(20, 20, Elf:1)
  a +0 dagger
(26, -5, Elf:1)
  a +0 dagger
(27, -25, Elf:1)
  a +0 war axe of electrocution
(28, 17, Elf:1)
  a +4 battleaxe of chopping
(29, -9, Elf:1)
  18 stones
(29, 2, Elf:1)
  a +0 long sword
(30, -10, Elf:1)
  a +0 rapier
(31, 1, Elf:1)
  a +0 dagger
(34, -2, Elf:1)
  a potion of flight
(38, -11, Elf:1)
  a +0 dagger
(38, -4, Elf:1)
  a +0 leather armour
  a +0 dagger
(38, 14, Elf:1)
  a +1 glaive of venom
(39, -5, Elf:1)
  a +0 dagger
(39, -2, Elf:1)
  a +0 ring mail
(40, -22, Elf:1)
  a +3 short sword of venom
(40, -8, Elf:1)
  a +0 ring mail
  a cursed -1 long sword
(40, 30, Elf:1)
  a +0 short sword
  a +2 shortbow of freezing
  a +0 leather armour
(41, -11, Elf:1)
  a +0 rapier
(44, -7, Elf:1)
  a +0 falchion
(53, -25, Elf:1)
  a +0 long sword
(54, -26, Elf:1)
  a potion of flight
(54, -13, Elf:1)
  a +1 lajatang of electrocution
(55, 13, Elf:1)
  a +0 hand axe

Level 2 of the Elven Halls
[Shop] Gumelea's General Store
  17 sling bullets (119 gold)
  a +0 glaive of distortion (254 gold)
  a potion of flight (42 gold)
  a crystal ball of energy (280 gold)
  a +2 antimagic mace (294 gold)
  20 stones (28 gold)
  23 sling bullets (161 gold)
  a ration (70 gold)
  a +0 chain mail (63 gold)
(0, 0, Elf:2)
  a +0 short sword
  a +0 leather armour
(1, -22, Elf:2)
  a +0 long sword
  a +0 chain mail
(2, -22, Elf:2)
  a +3 battleaxe of electrocution
(2, -18, Elf:2)
  a scroll of random uselessness
(4, -26, Elf:2)
  a +0 club
(4, -6, Elf:2)
  24 stones
(8, -3, Elf:2)
  a cursed -2 scale mail
  (unseen)
(9, 0, Elf:2)
  a +0 mace
(9, 2, Elf:2)
  a +2 scythe of pain
(9, 3, Elf:2)
  19 stones
(9, 15, Elf:2)
  a +0 long sword
(9, 16, Elf:2)
  a +0 trident of protection
(10, -4, Elf:2)
  a +0 leather armour
  a +0 rapier
  a +0 rapier
(10, 14, Elf:2)
  a +2 long sword of holy wrath
  a +0 leather armour
  a +1 vampiric eveningstar
  a cursed -1 short sword
(10, 15, Elf:2)
  a +1 vampiric glaive
(11, 14, Elf:2)
  a +0 long sword
  a +0 buckler
(11, 15, Elf:2)
  a +1 vampiric long sword
(12, -16, Elf:2)
  a +0 chain mail
  a +0 long sword
(12, 11, Elf:2)
  a +0 short sword
(13, -16, Elf:2)
  a +3 short sword
(13, -1, Elf:2)
  a +0 leather armour
  a +0 shortbow
  a +0 dagger
(14, 29, Elf:2)
  a cursed -3 shortbow
  a +0 short sword
(15, -16, Elf:2)
  a +0 leather armour
  a +0 shortbow
  a -3 dagger
(15, -14, Elf:2)
  a +0 short sword
(17, 29, Elf:2)
  a +0 long sword
  a +0 chain mail
(21, -3, Elf:2)
  a +4 dagger
(25, -2, Elf:2)
  a +8 dagger
(27, 11, Elf:2)
  a +0 long sword
(27, 12, Elf:2)
  a +0 dagger
  a +0 chain mail
  a +0 short sword
  a +0 leather armour
(27, 13, Elf:2)
  a +1 trident of protection
(29, -19, Elf:2)
  37 gold pieces
  (unseen)
(29, 13, Elf:2)
  a +3 battleaxe of flaming
(32, -26, Elf:2)
  a +0 dagger
  a +0 shortbow
  a +0 leather armour
(32, 17, Elf:2)
  a +0 long sword
  a +0 shortbow
  a +0 scale mail
(34, -19, Elf:2)
  a +4 rapier (still there?)
  an arrow (still there?)
(34, -12, Elf:2)
  a +0 trident
(35, -5, Elf:2)
  25 stones
(36, 20, Elf:2)
  a +0 long sword
  a +0 chain mail
(36, 21, Elf:2)
  a +0 short sword
  a +0 short sword
  a +0 leather armour
(37, -19, Elf:2)
  a +0 leather armour
  a +0 long sword
(37, -17, Elf:2)
  a +0 chain mail
  a +0 long sword
(37, -16, Elf:2)
  a +0 flail
(38, -27, Elf:2)
  a book of Fire
(40, -29, Elf:2)
  18 bolts
(40, -1, Elf:2)
  a +3 battleaxe of electrocution
(40, 20, Elf:2)
  a +0 rapier
(41, -1, Elf:2)
  a +0 leather armour
  a +0 short sword of protection
(42, 19, Elf:2)
  a +2 mace of crushing
(43, -27, Elf:2)
  3 large rocks
(45, -24, Elf:2)
  a +0 long sword
  a +0 scale mail
(45, -21, Elf:2)
  a +0 dagger
(46, -22, Elf:2)
  a +0 long sword
  a +0 long sword
(48, -23, Elf:2)
  a +0 rapier
(49, 12, Elf:2)
  a +0 long sword
(50, -23, Elf:2)
  a +0 long sword
(50, -22, Elf:2)
  a +0 scimitar
(52, 2, Elf:2)
  a +1 short sword of draining
(53, -20, Elf:2)
  a +0 ring mail
(53, -14, Elf:2)
  a +0 ring mail
  a +0 rapier
(55, -22, Elf:2)
  a wand of acid (5)
(55, -7, Elf:2)
  a +0 leather armour
  a +0 long sword
(55, 22, Elf:2)
  a +4 scimitar of draining
(55, 24, Elf:2)
  a cursed -3 scimitar
  a +0 ring mail
  a +1 triple sword of flaming
(55, 25, Elf:2)
  a +2 long sword of electrocution
(55, 26, Elf:2)
  a +2 antimagic short sword
(57, -30, Elf:2)
  a +0 robe
(57, -8, Elf:2)
  a +0 short sword

Level 3 of the Elven Halls
(0, 0, Elf:3)
  a +0 short sword
(1, 1, Elf:3)
  a +0 shortbow
  a +0 chain mail
  a +0 rapier of flaming
  a +0 ring mail
  a cursed +0 long sword
(1, 5, Elf:3)
  a +0 dagger
  a +0 longbow
  a +0 leather armour
(5, -4, Elf:3)
  a +0 short sword
(8, -7, Elf:3)
  a +0 vampiric long sword
  a +0 leather armour
(14, 17, Elf:3)
  a +0 pair of gloves
(15, -18, Elf:3)
  a +0 robe
(16, 14, Elf:3)
  a +0 rapier
(17, 7, Elf:3)
  a Fen Folio
(18, 0, Elf:3)
  a +0 naga barding
(19, 5, Elf:3)
  an uncursed staff of power
(20, 6, Elf:3)
  a +0 long sword
(20, 10, Elf:3)
  an uncursed staff of death
(20, 11, Elf:3)
  a +2 troll leather armour
(20, 15, Elf:3)
  an uncursed staff of death
(21, 10, Elf:3)
  a +0 longbow
  a +0 plate armour
(21, 13, Elf:3)
  22 stones
(21, 14, Elf:3)
  a book of the Warp
(21, 15, Elf:3)
  an uncursed staff of energy
(21, 16, Elf:3)
  a +2 short sword of venom
(22, -4, Elf:3)
  23 stones
(22, 8, Elf:3)
  a +0 chain mail
(22, 11, Elf:3)
  17 stones
(22, 14, Elf:3)
  a wand of acid (11)
(23, 7, Elf:3)
  a +0 trident of freezing
(23, 9, Elf:3)
  a +3 ring of strength
  a lamp of fire
  a lamp of fire
  a +1 pair of boots
  an uncursed ring of magical power
  an uncursed ring of poison resistance
  an uncursed ring of ice
  a +4 executioner's axe of electrocution
(24, -3, Elf:3)
  an uncursed staff of summoning
(24, 5, Elf:3)
  a +1 dagger of electrocution
(24, 7, Elf:3)
  a +0 hand crossbow of velocity
(24, 8, Elf:3)
  the Catalogue of Enchanting Dark Magic
    Spells                           Type                      Level      
    Known
     a - Summon Guardian Golem        Hexes/Summoning               3         
    no
     b - Vampiric Draining            Necromancy                    3         
    no
     c - Leda's Liquefaction          Hexes/Earth                   4         
    no
     d - Dispel Undead                Necromancy                    5         
    no
    
    
    Trog disapproves of the use of such an item.
(24, 10, Elf:3)
  an uncursed staff of power
(24, 12, Elf:3)
  2 throwing nets
(25, -6, Elf:3)
  a +2 antimagic flail
(25, -5, Elf:3)
  a +0 leather armour
  a +0 long sword
  a +2 scale mail of poison resistance
  a +0 long sword
(25, -2, Elf:3)
  a +2 halberd of chopping
(25, 7, Elf:3)
  a +0 dagger
(25, 8, Elf:3)
  an uncursed staff of death
(25, 9, Elf:3)
  an uncursed staff of conjuration
(25, 11, Elf:3)
  a +0 war axe
(25, 12, Elf:3)
  a +0 chain mail
(26, 8, Elf:3)
  an uncursed staff of power
(26, 9, Elf:3)
  a +0 quarterstaff
(26, 10, Elf:3)
  an uncursed staff of conjuration
(26, 11, Elf:3)
  a +0 ring mail
(27, -3, Elf:3)
  a +0 ring mail
  a +0 rapier
  a +0 ring mail
  a +0 long sword
(27, 3, Elf:3)
  an uncursed staff of wizardry
(27, 8, Elf:3)
  a book of Battle
(27, 10, Elf:3)
  an uncursed staff of fire
(27, 11, Elf:3)
  a +0 flail of protection
(28, 5, Elf:3)
  a +8 giant spiked club
(28, 14, Elf:3)
  an uncursed staff of death
(29, 4, Elf:3)
  2 potions of magic
  an uncursed amulet of the acrobat
  an uncursed ring of protection from magic
(29, 6, Elf:3)
  a +0 leather armour
(29, 8, Elf:3)
  a +0 rapier
(29, 9, Elf:3)
  an uncursed staff of fire
(29, 12, Elf:3)
  a book of Callings
(31, 12, Elf:3)
  a +2 halberd of protection
(31, 13, Elf:3)
  a +2 plate armour of cold resistance
(32, 12, Elf:3)
  a +3 chain mail of fire resistance
(33, -12, Elf:3)
  a +2 halberd of venom
  a +0 long sword of protection
(33, -11, Elf:3)
  a +0 dagger
  a +2 robe of magic resistance
  a cursed ring of attention
  2 potions of degeneration
  a +3 morningstar of holy wrath
  a +0 rapier
  a +0 leather armour
  a +2 long sword of freezing
  a +0 glaive
(33, -10, Elf:3)
  a +0 scimitar
  a +0 shortbow
  a +0 leather armour
  a +0 dagger
  a +0 long sword
  a +0 leather armour
  a +0 long sword
  a +2 hand axe of freezing
(33, -9, Elf:3)
  a +0 leather armour
  a +0 longbow
(34, -14, Elf:3)
  a +0 short sword
(34, -11, Elf:3)
  a +0 short sword
(34, -10, Elf:3)
  a +0 chain mail
  a +0 long sword
(35, -12, Elf:3)
  a +0 rapier
(35, -11, Elf:3)
  a +0 great sword
(40, 33, Elf:3)
  a +0 long sword

Level 1 of the Lair of Beasts
(0, 0, Lair:1)
  a +0 spear
(2, -26, Lair:1)
  3 boomerangs of dispersal
(9, -18, Lair:1)
  8 stones
(14, -21, Lair:1)
  27 stones
(14, -17, Lair:1)
  a cursed -1 club
(22, -25, Lair:1)
  a +0 scale mail
(30, -8, Lair:1)
  a +1 hand axe of holy wrath
(43, 7, Lair:1)
  13 stones
(49, 6, Lair:1)
  a +0 quarterstaff

Level 2 of the Lair of Beasts
(9, -42, Lair:2)
  a +0 spear
(11, -21, Lair:2)
  a +0 leather armour
(18, -24, Lair:2)
  a +0 broad axe
(19, -49, Lair:2)
  a cursed +0 pair of boots
(25, -42, Lair:2)
  a +0 leather armour
(26, -12, Lair:2)
  a +1 antimagic battleaxe
  a +6 eveningstar of crushing
  a +4 chain mail of cold resistance
(39, -34, Lair:2)
  a +0 long sword
(40, -48, Lair:2)
  a +0 chain mail
(42, -27, Lair:2)
  8 javelins
(46, -27, Lair:2)
  a book of Misfortune
(47, -26, Lair:2)
  a +0 scale mail
(62, -1, Lair:2)
  27 stones

Level 3 of the Lair of Beasts
(20, 25, Lair:3)
  a +0 scale mail
(46, 16, Lair:3)
  a +0 scale mail
(46, 29, Lair:3)
  a +0 robe
(55, 30, Lair:3)
  a +0 plate armour

Level 4 of the Lair of Beasts
(0, 0, Lair:4)
  23 stones
(8, 13, Lair:4)
  19 stones
(44, 15, Lair:4)
  20 bolts

Level 5 of the Lair of Beasts
(0, 0, Lair:5)
  a +0 chain mail
(2, -19, Lair:5)
  27 sling bullets
(4, -3, Lair:5)
  an uncursed amulet of rage
  an uncursed ring of attention
  an uncursed ring of ice
  2 potions of brilliance
  2 scrolls of fog
  a scroll of immolation
  3 potions of lignification
  2 potions of invisibility
  3 scrolls of noise
  3 scrolls of amnesia
  2 scrolls of random uselessness
  a potion of degeneration
  a +2 antimagic battleaxe
  a wand of paralysis (6)
  a +0 shortbow
  a wand of clouds (6)
  a +0 war axe
  a +0 plate armour
  a +0 ring mail
  a +1 chain mail of fire resistance
  a +0 animal skin
  a +0 hand axe
(6, -20, Lair:5)
  a +0 war axe
(23, 13, Lair:5)
  26 sling bullets

Level 6 of the Lair of Beasts
(0, 0, Lair:6)
  28 stones
(3, -5, Lair:6)
  an uncursed staff of wizardry
(7, 4, Lair:6)
  a +0 spear
(9, 10, Lair:6)
  a +1 scale mail of poison resistance
(9, 56, Lair:6)
  15 bolts
(30, 43, Lair:6)
  a scroll of noise
(31, 42, Lair:6)
  an uncursed staff of power
(32, 18, Lair:6)
  a +0 chain mail
(32, 31, Lair:6)
  16 bolts
(35, 27, Lair:6)
  14 stones
(37, 24, Lair:6)
  a +5 halberd of flaming
(38, 0, Lair:6)
  a +1 hand axe of flaming
(57, 31, Lair:6)
  a +0 plate armour
(60, 51, Lair:6)
  a +0 flail
(62, 35, Lair:6)
  an uncursed ring of resist corrosion
  a +3 dire flail of draining
  a +2 shortbow of flaming
(70, 13, Lair:6)
  a +0 mace

Level 1 of the Swamp
(9, 24, Swamp:1)
  a +0 scale mail
(10, 14, Swamp:1)
  a +0 spear
(12, 31, Swamp:1)
  a cursed -2 short sword
(17, 37, Swamp:1)
  a wand of clouds (6)
  an uncursed amulet of magic regeneration
(23, 12, Swamp:1)
  a +0 rapier
(24, 38, Swamp:1)
  20 stones
(29, -1, Swamp:1)
  15 stones
(29, 16, Swamp:1)
  22 stones
(32, 10, Swamp:1)
  a +0 glaive
(41, 45, Swamp:1)
  a +0 eveningstar
(45, 32, Swamp:1)
  a +0 mace
(45, 39, Swamp:1)
  an uncursed ring of poison resistance
(49, 15, Swamp:1)
  19 sling bullets
(53, 7, Swamp:1)
  15 sling bullets
(53, 31, Swamp:1)
  a +0 quarterstaff
(59, 41, Swamp:1)
  a +0 robe

Level 2 of the Swamp
(0, 0, Swamp:2)
  2 stones
(0, 1, Swamp:2)
  a stone
(1, 1, Swamp:2)
  2 stones
(2, 2, Swamp:2)
  2 stones
(2, 5, Swamp:2)
  a +0 short sword
(3, 3, Swamp:2)
  2 stones
(6, 5, Swamp:2)
  9 stones
  a +0 spear
(8, -10, Swamp:2)
  17 stones
(13, 6, Swamp:2)
  a +0 club
(19, 25, Swamp:2)
  a +0 scale mail
(20, 24, Swamp:2)
  21 stones
(29, 14, Swamp:2)
  a +0 cloak
(33, -5, Swamp:2)
  a +0 quarterstaff
(34, 6, Swamp:2)
  a potion of lignification
(37, 1, Swamp:2)
  a +4 lajatang of protection
(40, -1, Swamp:2)
  20 stones
(40, 9, Swamp:2)
  10 poisoned darts
(42, 31, Swamp:2)
  a +0 flail
(46, 3, Swamp:2)
  a +0 chain mail

Level 3 of the Swamp
(0, 0, Swamp:3)
  11 sling bullets
(3, 10, Swamp:3)
  a +0 robe
  a +1 demon blade of venom
(15, 2, Swamp:3)
  a +0 flail

Level 4 of the Swamp
(0, 0, Swamp:4)
  26 bolts
(13, 13, Swamp:4)
  a +0 robe
(13, 23, Swamp:4)
  +0 swamp dragon scales
(22, 6, Swamp:4)
  18 stones
(28, 30, Swamp:4)
  a +0 rapier
(28, 48, Swamp:4)
  25 stones
(32, 33, Swamp:4)
  a cursed ring of attention
(36, 26, Swamp:4)
  25 sling bullets
(42, 22, Swamp:4)
  a +0 quarterstaff
  a +0 robe
(46, 36, Swamp:4)
  10 poisoned darts
(50, 21, Swamp:4)
  a +0 pair of boots

Level 1 of the Spider Nest
(0, 0, Spider:1)
  a +0 falchion of slicing
(32, -13, Spider:1)
  a +1 battleaxe of chopping
(33, -13, Spider:1)
  a +0 plate armour
(45, -2, Spider:1)
  a cursed -1 battleaxe

Level 2 of the Spider Nest
(0, 0, Spider:2)
  a +3 executioner's axe of flaming
(0, 40, Spider:2)
  a +0 scale mail
(16, 25, Spider:2)
  a +0 chain mail
(21, 30, Spider:2)
  a cursed +0 plate armour
(21, 38, Spider:2)
  a cursed +0 plate armour
(23, 31, Spider:2)
  a +0 war axe
(23, 33, Spider:2)
  a +0 mace
(24, 30, Spider:2)
  a +0 mace
(26, 25, Spider:2)
  a +0 ring mail
(26, 43, Spider:2)
  a +0 chain mail
(27, 37, Spider:2)
  a +0 war axe
(27, 39, Spider:2)
  a +0 mace
(29, 30, Spider:2)
  a +0 scimitar
(29, 31, Spider:2)
  a +0 scimitar
(29, 33, Spider:2)
  a +0 spear
(31, 30, Spider:2)
  a +0 plate armour
(31, 33, Spider:2)
  a +0 ring mail
(31, 38, Spider:2)
  a +0 scale mail
(32, -2, Spider:2)
  a +0 chain mail

Level 3 of the Spider Nest
(0, 0, Spider:3)
  a +0 hand axe
  a +0 leather armour
(0, 1, Spider:3)
  a +0 broad axe
  a +0 robe
(3, -28, Spider:3)
  a +0 fustibalus
(3, -2, Spider:3)
  a +0 war axe
  a +0 leather armour
(9, 3, Spider:3)
  13 stones
(13, -15, Spider:3)
  a +0 morningstar
(19, -38, Spider:3)
  a +0 leather armour
(25, -2, Spider:3)
  a +0 robe
(27, -10, Spider:3)
  a potion of degeneration
(30, 4, Spider:3)
  a +0 plate armour
(38, 4, Spider:3)
  a +0 robe

Level 4 of the Spider Nest
(6, -11, Spider:4)
  a +0 chain mail
(15, -19, Spider:4)
  a potion of berserk rage
  a wand of flame (8)
  a wand of random effects (49)
  an uncursed ring of magical power
  a wand of disintegration (3)
  a wand of iceblast (38)
  2 scrolls of vulnerability
  a +3 ring of evasion
  a wand of polymorph (6)
  a scroll of brand weapon
  a scroll of torment
  a wand of paralysis (9)
  4 potions of agility
  a scroll of fog
  a potion of brilliance
  4 potions of flight
  a scroll of holy word
(17, -14, Spider:4)
  a +0 pair of gloves
(22, -12, Spider:4)
  15 stones
(25, 10, Spider:4)
  a +0 mace
(28, 12, Spider:4)
  a +0 leather armour of poison resistance
(46, -16, Spider:4)
  a +0 ring mail
(47, -13, Spider:4)
  a +0 leather armour

Level 1 of the Vaults
[Shop] Fenat's Distillery
  a potion of brilliance (56 gold)
  a potion of invisibility (112 gold)
  a potion of cancellation (112 gold)
  a potion of haste (140 gold)
  a potion of magic (112 gold)
  2 potions of berserk rage (140 gold)
  a potion of curing (42 gold)
  a potion of curing (42 gold)
  a potion of curing (42 gold)
  a potion of invisibility (112 gold)
  a potion of experience (700 gold)
  2 potions of magic (224 gold)
  a potion of agility (56 gold)
  a potion of agility (56 gold)
  a potion of degeneration (14 gold)
  a potion of haste (140 gold)
(0, 0, Vaults:1)
  a +0 arbalest
(0, 4, Vaults:1)
  28 bolts
(1, 0, Vaults:1)
  a +0 arbalest
(1, 4, Vaults:1)
  17 bolts
(2, 0, Vaults:1)
  a +0 arbalest
(2, 4, Vaults:1)
  32 bolts
(2, 34, Vaults:1)
  a +0 giant club
  a +0 dire flail
(3, 0, Vaults:1)
  a +0 arbalest
(3, 36, Vaults:1)
  a +0 scale mail
  18 bolts
  a +0 war axe
  a +0 arbalest
(4, 0, Vaults:1)
  a +0 arbalest
(4, 34, Vaults:1)
  a bolt
  a cursed -1 whip
  a +0 robe
(4, 35, Vaults:1)
  a +0 giant spiked club
  a cursed -1 giant club
  a +0 giant club
  a +1 great mace of holy wrath
(4, 36, Vaults:1)
  a +0 giant club
(10, 13, Vaults:1)
  a +0 falchion
  a +0 arbalest
  13 bolts
  a scroll of noise
  a cursed -2 dagger
(10, 15, Vaults:1)
  a +0 buckler
  a +0 scimitar
(11, 6, Vaults:1)
  69 bolts
  a +0 arbalest
(11, 13, Vaults:1)
  a +2 broad axe of flaming
  a +0 chain mail
(11, 15, Vaults:1)
  a +0 leather armour
  a +0 rapier
  a +0 long sword
(11, 16, Vaults:1)
  a +0 leather armour
  a +0 mace
(12, 8, Vaults:1)
  a bolt
(12, 13, Vaults:1)
  14 bolts
  a +0 arbalest
  a +0 great sword
(12, 15, Vaults:1)
  a +0 dagger
(13, 8, Vaults:1)
  12 bolts
  a +0 arbalest
(13, 9, Vaults:1)
  a +1 battleaxe of draining
(14, 8, Vaults:1)
  2 bolts
(15, 13, Vaults:1)
  a bolt
(16, -4, Vaults:1)
  a +0 buckler
(20, 50, Vaults:1)
  a +0 shortbow
(24, 40, Vaults:1)
  a +0 mace
  a +0 leather armour
(29, -2, Vaults:1)
  a +0 shortbow
(31, 49, Vaults:1)
  +0 fire dragon scales
(45, 3, Vaults:1)
  a +0 long sword
  a +0 chain mail
  a +0 dagger
  a +0 robe
(46, 2, Vaults:1)
  a +1 vampiric battleaxe
  a +0 plate armour
(46, 4, Vaults:1)
  a +0 mace
  a +0 chain mail
(46, 8, Vaults:1)
  a +0 giant club
  a +0 giant spiked club
  a +0 giant club
(46, 9, Vaults:1)
  a +0 giant spiked club
  a +0 giant club
(46, 17, Vaults:1)
  a +0 short sword
  a +4 scale mail
  a +0 hand axe
  a +0 scimitar
  a +0 chain mail
(47, 7, Vaults:1)
  a +2 vampiric spear
  a +0 robe
  a cursed -2 giant club
(47, 8, Vaults:1)
  a +0 giant club
  a +0 giant spiked club
  a +2 mace of protection
  a +0 ring mail
(47, 9, Vaults:1)
  a +0 giant club
  a +0 giant club
  a +0 giant club
  a +0 giant spiked club
  a +0 giant spiked club
(47, 10, Vaults:1)
  a +0 giant club
  a +0 giant club
(47, 16, Vaults:1)
  a +1 long sword of flaming
  a +0 plate armour
(47, 33, Vaults:1)
  a +0 arbalest
  a +0 long sword
  14 bolts
  a +0 scale mail
(47, 34, Vaults:1)
  a +2 dire flail of protection
  18 stones
  a +0 chain mail
(48, 8, Vaults:1)
  a +0 dire flail
  a +0 giant club
  a +0 dire flail
  a +0 giant club
(48, 33, Vaults:1)
  a bolt
  4 stones
(49, 8, Vaults:1)
  a +0 flail
  a +0 robe of positive energy
(51, 19, Vaults:1)
  a cursed -2 rapier
(52, 20, Vaults:1)
  a +0 short sword
(53, 19, Vaults:1)
  a +0 morningstar
(53, 21, Vaults:1)
  a +0 ring mail
  2 large rocks
(53, 22, Vaults:1)
  a +0 vampiric rapier
  a +0 arbalest
  21 bolts
(53, 33, Vaults:1)
  a bolt
  2 stones
(54, 21, Vaults:1)
  2 large rocks
  a +0 scimitar
  a cursed +0 chain mail
  a +0 great mace
  a +0 ring mail
(54, 22, Vaults:1)
  a +0 short sword
  a +3 longbow
  a +0 leather armour
(54, 23, Vaults:1)
  a +0 short sword of venom
  a +0 leather armour
(55, 22, Vaults:1)
  a +0 dagger
  a +0 ring mail
(56, 24, Vaults:1)
  a cursed -1 dagger
(57, 17, Vaults:1)
  a +0 longbow
  a +0 short sword
  a +0 leather armour
  a +0 long sword
  a +2 flail of holy wrath
  a +0 ring mail
(57, 18, Vaults:1)
  a +0 long sword
  a +0 leather armour
(57, 24, Vaults:1)
  a +0 rapier
  a +0 leather armour
(57, 42, Vaults:1)
  a +0 arbalest
  10 bolts
(59, 24, Vaults:1)
  a +1 short sword of freezing
(59, 41, Vaults:1)
  2 bolts
(59, 42, Vaults:1)
  2 bolts
(60, 21, Vaults:1)
  a +0 whip
  a +0 robe
(61, 42, Vaults:1)
  a +1 chain mail of cold resistance
  a +5 battleaxe
(62, 6, Vaults:1)
  4 bolts
(64, 4, Vaults:1)
  a bolt
(64, 41, Vaults:1)
  a +0 demon whip of pain
  a +0 chain mail
(65, 1, Vaults:1)
  a cursed -1 arbalest
  20 bolts
(65, 2, Vaults:1)
  a +0 arbalest
  9 bolts
(65, 3, Vaults:1)
  4 bolts
(65, 9, Vaults:1)
  16 bolts
(65, 41, Vaults:1)
  a +5 great mace of draining
  a +0 chain mail
(66, 3, Vaults:1)
  a bolt
(66, 4, Vaults:1)
  a bolt
(66, 40, Vaults:1)
  a +0 dagger
  a cursed +0 robe
(66, 41, Vaults:1)
  a +0 dagger
  a +0 robe
  a +1 broad axe of pain
  a +0 chain mail

Level 2 of the Vaults
[Shop] Jusyciskod's Armour Emporium
  a +0 chain mail (94 gold)
  a scarf of resistance (672 gold)
  a +0 chain mail (94 gold)
  a +0 robe (14 gold)
  a +0 plate armour (483 gold)
  a +0 helmet (94 gold)
  a +0 plate armour (483 gold)
  a +0 robe (14 gold)
  a +0 buckler (94 gold)
  a +0 leather armour (42 gold)
  a +4 plate armour of positive energy (987 gold)
  a +0 ring mail (84 gold)
(0, 0, Vaults:2)
  a bolt
(0, 25, Vaults:2)
  a cursed -2 leather armour
  a +0 great sword
  a cursed +0 chain mail
  a +0 giant spiked club
  a +0 scimitar
  a +1 short sword of draining
(1, 1, Vaults:2)
  4 bolts
(1, 25, Vaults:2)
  a +0 scimitar
  a +0 short sword
(1, 26, Vaults:2)
  a +5 vampiric battleaxe
(2, 2, Vaults:2)
  2 bolts
(2, 5, Vaults:2)
  9 bolts
  a +0 battleaxe of freezing
  a +0 dagger
  a +0 short sword
(2, 7, Vaults:2)
  a +0 ring mail
  a +0 arbalest
(2, 13, Vaults:2)
  a +0 trident
(2, 26, Vaults:2)
  a +0 leather armour
  a +0 rapier
(3, 5, Vaults:2)
  a +0 shield
  a +2 long sword of holy wrath
  a +0 plate armour
  a bolt
(3, 7, Vaults:2)
  a +0 ring mail
  15 bolts
  a +0 arbalest
  a +0 mace
  a +0 morningstar
  a cursed +0 chain mail
  a +0 hand axe
  a +0 leather armour
(3, 8, Vaults:2)
  a +0 arbalest
  15 bolts
(3, 25, Vaults:2)
  a +0 leather armour
  a +2 vampiric short sword
  a +0 shortbow
(4, 7, Vaults:2)
  a +0 robe
  a cursed +0 short sword
  a +0 long sword
  a +0 short sword
  a +0 dagger
(4, 8, Vaults:2)
  23 bolts
  a +1 arbalest of freezing
(6, 48, Vaults:2)
  25 stones
(8, 34, Vaults:2)
  an uncursed staff of wizardry
(9, 46, Vaults:2)
  a large rock
(9, 48, Vaults:2)
  a +0 dire flail
  a +0 dire flail
(10, 44, Vaults:2)
  a large rock
(10, 49, Vaults:2)
  a +0 morningstar
  a +0 ring mail
(11, 21, Vaults:2)
  30 sling bullets
(12, -4, Vaults:2)
  8 stones
(12, 40, Vaults:2)
  3 large rocks
(12, 51, Vaults:2)
  a +0 morningstar
  a +0 ring mail
(13, -2, Vaults:2)
  a +0 mace
(21, 23, Vaults:2)
  a +0 morningstar
  a +0 leather armour
  a +0 war axe
  a +0 chain mail
(21, 36, Vaults:2)
  a +0 robe
(22, 23, Vaults:2)
  a +0 long sword
  a +0 scale mail
  a +0 morningstar
  a +0 scale mail
  a +1 battleaxe
  a +0 chain mail
  a cursed -2 morningstar
  a +0 leather armour
  a +1 dire flail
  a +0 chain mail
(23, 7, Vaults:2)
  a bolt
(23, 52, Vaults:2)
  a cursed +0 robe
(24, 7, Vaults:2)
  3 bolts
(24, 19, Vaults:2)
  a +0 great sword
  a +0 chain mail
(25, 11, Vaults:2)
  a cursed -2 great mace
  2 bolts
(25, 13, Vaults:2)
  23 stones
  a +1 war axe
(26, 11, Vaults:2)
  a +0 plate armour
  a +0 dire flail
  a +0 plate armour
(26, 13, Vaults:2)
  a scroll of torment
  a +0 great sword
  a +0 arbalest
  a +0 arbalest
  a +0 arbalest
  an uncursed staff of fire
  56 bolts
(26, 14, Vaults:2)
  a +0 arbalest
  28 bolts
(27, 11, Vaults:2)
  a +0 plate armour
  a +0 plate armour
(27, 13, Vaults:2)
  2 bolts
(29, 35, Vaults:2)
  a +0 chain mail
  a +0 glaive
(31, 1, Vaults:2)
  a +2 great sword
  a +0 arbalest
  7 bolts
  a +0 chain mail
(31, 3, Vaults:2)
  a +1 battleaxe of freezing
  a cursed +0 chain mail
(31, 5, Vaults:2)
  a bolt
(33, 42, Vaults:2)
  a large rock
(35, 32, Vaults:2)
  a bolt
(36, 28, Vaults:2)
  a +0 chain mail
(36, 44, Vaults:2)
  3 large rocks
(37, 32, Vaults:2)
  a +0 leather armour
  a +0 short sword
  a +0 shortbow
(37, 36, Vaults:2)
  a bolt
(37, 38, Vaults:2)
  a +0 war axe
(38, 36, Vaults:2)
  a cursed +0 plate armour
  a +1 war axe
(38, 37, Vaults:2)
  a +0 chain mail
  a +0 short sword
  a +0 ring mail
  18 bolts
  a +0 morningstar
  a +0 arbalest
  a +0 dagger
  a +0 leather armour
  a +0 hand axe
  a +0 plate armour
  a +0 great sword
(38, 38, Vaults:2)
  a +0 leather armour
  a +0 great mace
  2 boomerangs
(39, 9, Vaults:2)
  a +0 long sword
  a +0 leather armour
(39, 38, Vaults:2)
  a +0 chain mail
  a cursed -2 halberd
(40, 8, Vaults:2)
  a +1 rapier of holy wrath
(40, 10, Vaults:2)
  a +0 short sword
(41, 8, Vaults:2)
  5 large rocks
  a +0 short sword
  a +0 longbow
  a +0 long sword
  a +0 long sword
  a +0 mace
  a +0 ring mail
(43, -5, Vaults:2)
  a large rock
(43, 49, Vaults:2)
  a bolt
(44, 48, Vaults:2)
  a bolt
(45, -5, Vaults:2)
  a large rock
(45, -4, Vaults:2)
  a large rock
(45, 43, Vaults:2)
  a +0 arbalest
  19 bolts
(45, 44, Vaults:2)
  2 bolts
  a +0 chain mail
(45, 46, Vaults:2)
  a +0 flail
  a +0 scale mail
  a +0 war axe
  a +0 plate armour
  a +0 large shield
(46, 44, Vaults:2)
  a +0 shield
  a +0 long sword
(47, 43, Vaults:2)
  a bolt
(48, 42, Vaults:2)
  a bolt
(51, 39, Vaults:2)
  a +2 arbalest of velocity
  7 bolts
(52, 37, Vaults:2)
  a bolt
(53, 36, Vaults:2)
  a +0 arbalest
  20 bolts
(54, 35, Vaults:2)
  a +0 arbalest
  a +0 arbalest
  32 bolts

Level 3 of the Vaults
[Shop] Umoaxiah's Antique Weapon Shoppe
  a +0 club (32 gold)
  a +1 battleaxe of freezing (598 gold)
  a +0 rapier (128 gold)
  the +7 dagger "Lukha" {venom, Str+2 Int-3 Dex+3} (1555 gold)
    It poisons the flesh of those it strikes.
    
    It affects your strength (+2).
    It affects your intelligence (-3).
    It affects your dexterity (+3).
  a +2 demon trident of venom (960 gold)
  a +1 quarterstaff of protection (377 gold)
  a +0 rapier (128 gold)
  a +1 shortbow of freezing (396 gold)
  a +0 rapier (128 gold)
  a +0 spear of venom (179 gold)
  a +0 hunting sling (48 gold)
[Shop] Zefoosu's Weapon Shoppe
  22 sling bullets (143 gold)
  a +0 hand axe (39 gold)
  a +0 hand axe (39 gold)
  11 bolts (28 gold)
  a +0 great mace (84 gold)
  a +0 dire flail (52 gold)
  a +0 long sword (45 gold)
  a +0 falchion (39 gold)
  a +0 halberd (52 gold)
  a +2 hand axe of electrocution (253 gold)
  a +0 antimagic spear (143 gold)
  a +0 scythe (39 gold)
[Shop] Laqiagen's Gadget Shoppe
  a crystal ball of energy (300 gold)
  a lamp of fire (600 gold)
  a wand of iceblast (8) (180 gold)
  a lamp of fire (600 gold)
  a wand of polymorph (5) (105 gold)
  a wand of acid (8) (360 gold)
  a fan of gales (600 gold)
  a wand of digging (7) (330 gold)
(0, 0, Vaults:3)
  12 poisoned darts
(1, 5, Vaults:3)
  16 sling bullets
(3, 6, Vaults:3)
  6 boomerangs of dispersal
(4, 3, Vaults:3)
  +0 fire dragon scales
(4, 31, Vaults:3)
  a +0 arbalest
  25 bolts
(4, 32, Vaults:3)
  a +0 arbalest
  14 bolts
(6, 32, Vaults:3)
  a bolt
(6, 33, Vaults:3)
  a +0 arbalest
  9 bolts
(7, 28, Vaults:3)
  a bolt
(7, 36, Vaults:3)
  a bolt
(8, 2, Vaults:3)
  a +0 giant club
  a +0 dire flail
  a +0 falchion
  a +2 arbalest of flaming
  a +0 scale mail
  a +0 morningstar
  a +1 ring mail of fire resistance
  a +0 arbalest
  35 bolts
  +0 fire dragon scales
  a cursed -1 dire flail
  a cursed -1 dire flail
(8, 3, Vaults:3)
  a +0 dire flail
  a +0 dire flail
(9, 3, Vaults:3)
  a large rock
(9, 5, Vaults:3)
  a large rock
(10, 30, Vaults:3)
  a +0 spear
  a +0 robe
(11, 28, Vaults:3)
  a +0 giant spiked club
(11, 29, Vaults:3)
  a +0 dire flail
  a +0 ring mail
(12, 29, Vaults:3)
  a +0 giant club
(19, 23, Vaults:3)
  a +0 mace
  a +0 ring mail
  a +0 arbalest
  a +0 battleaxe of freezing
  22 bolts
  a +0 dire flail
  a +0 chain mail
  a +0 dire flail
  a +0 scale mail
(20, 24, Vaults:3)
  3 bolts
(24, 13, Vaults:3)
  a +0 pair of gloves
(24, 19, Vaults:3)
  a +0 scimitar
(25, 13, Vaults:3)
  a +0 shortbow
(28, -4, Vaults:3)
  20 bolts
(34, 28, Vaults:3)
  a +0 scale mail
(37, -6, Vaults:3)
  16 bolts
  a +0 ring mail
  a +0 long sword
  a +0 arbalest
(37, -5, Vaults:3)
  a +0 longbow
(38, -4, Vaults:3)
  a bolt
(38, 29, Vaults:3)
  a +1 battleaxe of freezing
(40, -11, Vaults:3)
  a wand of flame (19)
(40, -7, Vaults:3)
  7 gold pieces
(40, 1, Vaults:3)
  a bolt
(43, 15, Vaults:3)
  a +0 scale mail
(43, 20, Vaults:3)
  a +0 arbalest
  23 bolts
(43, 30, Vaults:3)
  a +0 long sword
  19 stones
  a +0 chain mail
(44, 18, Vaults:3)
  a +0 arbalest
  23 bolts
(44, 19, Vaults:3)
  a +0 arbalest
  22 bolts
(46, 29, Vaults:3)
  a stone
(47, 27, Vaults:3)
  a stone
  a +0 war axe
  a +0 chain mail
  a +0 long sword
  a +0 arbalest
  a +0 chain mail
  14 bolts
(47, 28, Vaults:3)
  a +0 dagger
  a +0 robe
(48, 28, Vaults:3)
  a stone
(49, 28, Vaults:3)
  a stone
(60, 33, Vaults:3)
  a +0 leather armour
(62, 15, Vaults:3)
  a +0 dagger
  a +0 robe
(62, 38, Vaults:3)
  a +0 dagger
  a +0 longbow
  a +0 leather armour

Level 4 of the Vaults
[Shop] Vagen's Weapon Shop
  a +2 antimagic trident (450 gold)
  a +0 mace (60 gold)
  a +4 hand axe of venom (512 gold)
  a +0 morningstar (80 gold)
  a +3 whip (390 gold)
  a +0 whip (50 gold)
  a +0 war axe (70 gold)
  the +5 great mace of Cowardice {drain, rN+} (958 gold)
    A truly terrible weapon, it drains the life of those it strikes.
    
    It protects you from negative energy.
  a cursed -1 war axe (2 gold)
  a +0 long sword (70 gold)
  23 arrows (92 gold)
(0, 0, Vaults:4)
  a bolt
(0, 7, Vaults:4)
  6 curare-tipped darts
(0, 35, Vaults:4)
  a +0 flail
  a +0 ring mail
(1, -1, Vaults:4)
  a bolt
(4, -7, Vaults:4)
  a +0 ring mail
  a cursed +0 short sword
(4, 2, Vaults:4)
  a bolt
(5, -7, Vaults:4)
  a +0 centaur barding
  16 bolts
  a +0 arbalest
(5, -6, Vaults:4)
  20 bolts
  a +0 arbalest
  an uncursed staff of wizardry
(6, 3, Vaults:4)
  a +0 arbalest
  21 bolts
(8, -17, Vaults:4)
  22 stones
(9, -10, Vaults:4)
  a +0 club
(10, -8, Vaults:4)
  a +0 club
(11, -17, Vaults:4)
  a +0 dagger
(11, -13, Vaults:4)
  a +0 leather armour
  a +0 short sword
  a +0 shortbow
  a +0 hand axe
(11, -11, Vaults:4)
  a +0 leather armour
  a +0 shortbow
  a +0 dagger
(11, -9, Vaults:4)
  a +0 dagger
(12, -15, Vaults:4)
  a +0 chain mail
  a +0 halberd
(12, -13, Vaults:4)
  a +0 rapier
(12, 40, Vaults:4)
  a +0 morningstar
  a +0 scale mail
(18, 20, Vaults:4)
  a bolt
(18, 22, Vaults:4)
  3 bolts
(19, 26, Vaults:4)
  a +0 great mace
  a +0 leather armour
(20, 19, Vaults:4)
  a bolt
(21, -1, Vaults:4)
  18 stones
(21, 0, Vaults:4)
  a scroll of amnesia
(21, 23, Vaults:4)
  a +6 antimagic battleaxe
  3 bolts
(21, 24, Vaults:4)
  a +1 glaive
  a +0 plate armour
(22, 22, Vaults:4)
  a +0 arbalest
  19 bolts
(22, 23, Vaults:4)
  a +0 great mace
  a +0 ring mail
(23, -7, Vaults:4)
  a +3 war axe of chopping
  a +0 plate armour
(23, -1, Vaults:4)
  a +2 great sword of holy wrath
  a +0 ring mail
(23, 25, Vaults:4)
  a +0 arbalest
  16 bolts
(24, -7, Vaults:4)
  a +0 battleaxe of freezing
(24, -1, Vaults:4)
  a +3 great mace of venom
(24, 25, Vaults:4)
  a +0 arbalest
  20 bolts
(25, -5, Vaults:4)
  a +0 flail
(25, 41, Vaults:4)
  a +0 morningstar
  a +2 ring mail of fire resistance
(27, -18, Vaults:4)
  a +0 great mace
  a +0 leather armour
(27, -17, Vaults:4)
  a +0 dire flail
  a +0 plate armour
(27, 42, Vaults:4)
  a +2 great mace of protection
  a +0 ring mail
(28, 21, Vaults:4)
  a +0 troll leather armour
(28, 41, Vaults:4)
  a +0 arbalest
  12 bolts
(28, 42, Vaults:4)
  a +1 arbalest of flaming
  19 bolts
(28, 43, Vaults:4)
  a +0 arbalest
  a +0 arbalest
  36 bolts
(29, -17, Vaults:4)
  a +0 battleaxe
  a +0 arbalest
  17 bolts
  a +0 plate armour
(30, 42, Vaults:4)
  a bolt
(30, 45, Vaults:4)
  a +0 arbalest
  16 bolts
(31, 43, Vaults:4)
  2 bolts
(31, 44, Vaults:4)
  a bolt
(33, -10, Vaults:4)
  a +0 great mace
  a +0 scale mail
(34, -13, Vaults:4)
  a +0 plate armour of cold resistance
(34, -11, Vaults:4)
  a +0 falchion
  a +0 scale mail
(39, 15, Vaults:4)
  a +2 ring mail of cold resistance
  a +1 great sword of electrocution
(39, 16, Vaults:4)
  a +0 giant club
(39, 17, Vaults:4)
  a +1 quarterstaff of protection
(40, 16, Vaults:4)
  a +0 battleaxe of freezing
(40, 17, Vaults:4)
  a +0 scale mail
  a +0 war axe
(42, 14, Vaults:4)
  a bolt
(42, 17, Vaults:4)
  a large rock
(43, 16, Vaults:4)
  20 stones
(44, -18, Vaults:4)
  a +0 helmet
(44, 13, Vaults:4)
  a +2 ring mail of poison resistance
  a +0 great sword of holy wrath
(44, 14, Vaults:4)
  a bolt
(46, -5, Vaults:4)
  22 stones
(46, 32, Vaults:4)
  18 stones
(47, 16, Vaults:4)
  a +0 ring mail
  a +0 great mace
(47, 17, Vaults:4)
  a bolt
(48, 12, Vaults:4)
  3 bolts
(48, 16, Vaults:4)
  5 large rocks
  a +0 great sword
  a +0 chain mail
  a +0 arbalest
  15 bolts
(48, 17, Vaults:4)
  a +0 ring mail
  a +0 great mace
(49, 8, Vaults:4)
  2 bolts
(49, 10, Vaults:4)
  a bolt
(49, 17, Vaults:4)
  a +0 ring mail
  a +0 war axe
(51, 17, Vaults:4)
  a +0 robe
  a +0 flail
(52, 13, Vaults:4)
  a bolt
(53, 14, Vaults:4)
  4 bolts
  a +0 arbalest
(53, 15, Vaults:4)
  18 bolts
  a +0 arbalest
(56, 5, Vaults:4)
  a +0 giant spiked club
(58, 32, Vaults:4)
  a +0 long sword
  a +0 leather armour
  a +0 buckler
(58, 47, Vaults:4)
  a +0 plate armour
(59, 34, Vaults:4)
  a +2 war axe of electrocution
  a +0 arbalest
  32 bolts
  a +0 scale mail
  a +0 dire flail
  a +0 giant club
(60, 32, Vaults:4)
  a bolt
(60, 33, Vaults:4)
  a +6 antimagic battleaxe
  a +0 great mace
  a +0 scale mail
  a +0 long sword
  a +0 arbalest
  14 bolts
  a +0 scale mail
(60, 34, Vaults:4)
  a +0 giant spiked club
(60, 35, Vaults:4)
  a +0 battleaxe of freezing
(62, -3, Vaults:4)
  a +0 short sword
  a +0 plate armour
  a +1 war axe
  a +0 large shield
  a +0 chain mail
  a +2 long sword
(62, -2, Vaults:4)
  a +0 short sword
  a +2 chain mail of cold resistance
  a +4 morningstar of crushing
  a +0 dire flail
  a +0 great mace
  a +0 chain mail
  a +0 battleaxe
(62, -1, Vaults:4)
  a +0 plate armour
  a +0 dire flail
  a +0 ring mail
  28 bolts
  a +0 arbalest
  a cursed -3 war axe
(62, 8, Vaults:4)
  a +0 chain mail
  a +4 great sword
(62, 9, Vaults:4)
  a cursed +0 plate armour
  a +0 glaive
(63, -8, Vaults:4)
  an uncursed amulet of rage
  a wand of enslavement (8)
  a +3 ring of protection
  a wand of iceblast (8)
  the amulet of Vooth {Faith MR+ Dex-2 Slay+2}
    [amulet of faith]
    
    It allows you to gain divine favour quickly.
    It affects your dexterity (-2).
    It affects your accuracy and damage with ranged weapons and melee attacks
    (+2).
    It affects your resistance to hostile enchantments.
  a wand of polymorph (7)
  a wand of paralysis (8)
  a +0 pair of boots
(63, -3, Vaults:4)
  a +0 chain mail
  a +0 long sword
  a +0 chain mail
  a +3 battleaxe
(63, -1, Vaults:4)
  +0 shadow dragon scales
  a +0 chain mail
  a +0 dire flail
  a +0 chain mail
  a +1 dire flail
(63, 9, Vaults:4)
  a +0 ring mail
  a +2 falchion of holy wrath
(64, -3, Vaults:4)
  a +0 plate armour
  a +0 great mace
(64, -2, Vaults:4)
  the +2 robe of Elyvilon's Castigation {+Inv MR+}
    It affects your resistance to hostile enchantments.
    It lets you turn invisible.
  a +0 arbalest
  7 bolts
  the +8 quarterstaff of Gehenna {pain, *Corrode rC++ rN+++ Str-4}
    In the hands of one skilled in necromantic magic, it inflicts extra damage
    on living creatures.
    
    It affects your strength (-4).
    It greatly protects you from cold.
    It renders you almost immune to negative energy.
    It may corrode you when you take damage.
  a +0 plate armour
  a cursed -1 battleaxe
  a +0 scimitar
  a +0 chain mail
  a +4 battleaxe
(64, 8, Vaults:4)
  23 bolts
  a +0 arbalest
(66, 7, Vaults:4)
  a +0 giant spiked club
(67, 4, Vaults:4)
  a bolt
(69, -4, Vaults:4)
  a bolt
(69, -2, Vaults:4)
  a bolt
  a +0 mace
  a +0 leather armour
(69, -1, Vaults:4)
  a bolt
  a +0 falchion
(69, 0, Vaults:4)
  a +2 great sword of flaming
(69, 2, Vaults:4)
  a +0 robe
  a +0 dagger
(69, 39, Vaults:4)
  a +0 ring mail
(70, -1, Vaults:4)
  a +1 hand axe of freezing
  a +0 ring mail

Level 5 of the Vaults
(0, 0, Vaults:5)
  2 large rocks
(1, -1, Vaults:5)
  a large rock
(1, 48, Vaults:5)
  a +0 chain mail
  a +1 war axe
(2, -2, Vaults:5)
  a +0 dire flail
  a +0 dire flail
(2, -1, Vaults:5)
  a +2 dire flail of crushing
  a +0 chain mail
  a large rock
  a +1 dire flail of venom
  a +0 glaive
(2, 47, Vaults:5)
  a cursed -3 giant club
  a +0 giant spiked club
  a +0 robe
(2, 48, Vaults:5)
  a +0 giant spiked club
  a +0 giant club
  a +0 giant spiked club
  a +0 giant spiked club
(3, -1, Vaults:5)
  3 large rocks
(3, 47, Vaults:5)
  a +0 giant spiked club
  a +0 giant club
(3, 48, Vaults:5)
  a +0 giant spiked club
(5, 40, Vaults:5)
  a +0 chain mail
  a +4 great sword
(5, 41, Vaults:5)
  4 curare-tipped darts
(6, 2, Vaults:5)
  a +3 hand axe of flaming
(7, 16, Vaults:5)
  11 sling bullets
(7, 26, Vaults:5)
  a +0 ring mail
  a +0 mace
  a +0 hand axe
  a +3 great sword of slicing
  a +2 shortbow of flaming
  a +0 chain mail
(7, 27, Vaults:5)
  a +0 chain mail
  a +2 halberd of venom
(8, 16, Vaults:5)
  18 stones
(11, 32, Vaults:5)
  a book of the Earth
(14, 43, Vaults:5)
  a +0 pair of boots
(15, 33, Vaults:5)
  the +6 lightning scales {run, rElec}
    It insulates you from electricity.
(19, 22, Vaults:5)
  a +0 morningstar
(19, 34, Vaults:5)
  a +0 pair of gloves
(19, 38, Vaults:5)
  a phial of floods
(21, 31, Vaults:5)
  a crystal ball of energy
(21, 32, Vaults:5)
  16 stones
(22, 2, Vaults:5)
  22 bolts
(22, 16, Vaults:5)
  the +2 helmet "Mikkoise" {rPois Regen+}
    It protects you from poison.
    It increases your rate of regeneration.
(23, 2, Vaults:5)
  an uncursed staff of summoning
(24, 3, Vaults:5)
  a +0 club
(24, 4, Vaults:5)
  a +2 robe of fire resistance
(24, 16, Vaults:5)
  a +0 scimitar of flaming
(25, 18, Vaults:5)
  a bolt
(27, 17, Vaults:5)
  a bolt
(27, 18, Vaults:5)
  2 bolts
(27, 21, Vaults:5)
  2 stones
(27, 22, Vaults:5)
  a +0 ring mail
  a +0 long sword
  a bolt
(27, 38, Vaults:5)
  an uncursed staff of cold
(28, 19, Vaults:5)
  8 bolts
  a +0 arbalest
  an uncursed staff of air
(28, 21, Vaults:5)
  a +0 dire flail
  a +0 dire flail
(29, -3, Vaults:5)
  a +0 chain mail
  a +0 glaive
(29, 19, Vaults:5)
  a +0 dire flail
  a +0 dire flail
(29, 20, Vaults:5)
  a bolt
(29, 21, Vaults:5)
  a +0 plate armour
  a +3 battleaxe of flaming
  a +0 chain mail
  a +3 dire flail
  a bolt
(29, 22, Vaults:5)
  3 bolts
  2 stones
  a +0 chain mail
  a +0 great mace of venom
  a +0 chain mail
  a +3 long sword
  +0 shadow dragon scales
(29, 23, Vaults:5)
  2 bolts
(29, 27, Vaults:5)
  3 bolts
(30, 18, Vaults:5)
  a wand of iceblast (7)
  +0 storm dragon scales
  +0 shadow dragon scales
  +0 ice dragon scales
  a cursed ring of ice
  a wand of random effects (30)
  +0 acid dragon scales
  +0 fire dragon scales
  a wand of paralysis (20)
  14 potions of haste
  2 potions of flight
  a wand of clouds (6)
  an uncursed amulet of guardian spirit
  a scroll of vulnerability
  a scarf of spirit shield
  a wand of acid (18)
(30, 19, Vaults:5)
  a +1 great sword of flaming
(30, 21, Vaults:5)
  20 bolts
  a +0 arbalest
  a +0 dire flail
  a +0 dire flail
  a +0 ring mail
  a +0 flail
  3 stones
(30, 22, Vaults:5)
  a +0 leather armour
  a +3 morningstar
  22 stones
(31, 20, Vaults:5)
  a +0 shield
  a +0 plate armour
  a +0 long sword
  a +0 plate armour of cold resistance
  a +0 war axe
(31, 21, Vaults:5)
  26 bolts
  a +0 arbalest
(31, 22, Vaults:5)
  a +0 large shield
  a +0 chain mail
  a +0 plate armour
  a +0 long sword
(31, 27, Vaults:5)
  21 stones
(33, 21, Vaults:5)
  8 stones
  a +0 plate armour
  a +0 war axe
(34, 40, Vaults:5)
  a book of Spatial Translocations
(34, 41, Vaults:5)
  a +1 war axe
(35, 40, Vaults:5)
  a +3 dire flail
(36, 1, Vaults:5)
  a +0 dagger
(37, 4, Vaults:5)
  an uncursed staff of fire
(38, 7, Vaults:5)
  a +0 long sword
(39, 46, Vaults:5)
  2 stones
(40, 35, Vaults:5)
  the +2 leather armour of the Big Bang {rElec rC- Str+2}
    It affects your strength (+2).
    It makes you vulnerable to cold.
    It insulates you from electricity.
(40, 45, Vaults:5)
  an uncursed staff of summoning
(40, 46, Vaults:5)
  a +0 plate armour
  a +0 war axe
(41, 16, Vaults:5)
  a +2 scale mail of cold resistance
(41, 45, Vaults:5)
  a +0 giant club
(41, 46, Vaults:5)
  a +0 scale mail
  a +0 great mace
  a +4 hand axe of chopping
(42, 44, Vaults:5)
  a +2 ring mail of magic resistance
  a +0 dire flail of draining
  a scroll of immolation
(42, 45, Vaults:5)
  a cursed -1 giant club
  a +0 giant club
  a +0 giant club
  a +0 giant club
  a +1 buckler of positive energy
  a +0 ring mail
  a +0 broad axe
  +0 storm dragon scales
(42, 46, Vaults:5)
  15 stones
  a +0 chain mail
  a +2 great mace
  a +0 scimitar
  a cursed +0 chain mail
  a +0 war axe
  2 bolts
  a +0 plate armour
  a +2 battleaxe of freezing
  a +0 chain mail
  a +0 dire flail
  8 atropa-tipped darts
(43, 43, Vaults:5)
  a +0 leather armour
  a +0 great mace
  22 bolts
  a +0 arbalest
(43, 45, Vaults:5)
  16 bolts
  a +0 scale mail
  a cursed -2 war axe
  a +0 arbalest
(43, 46, Vaults:5)
  a +0 chain mail
  a +0 glaive of protection
  a bolt
(44, 45, Vaults:5)
  a +0 giant club
(44, 46, Vaults:5)
  a stone
(45, 42, Vaults:5)
  a bolt
(45, 45, Vaults:5)
  a cursed +0 robe
  a +0 halberd
(46, 46, Vaults:5)
  3 bolts
  a stone
  a +0 giant club
(47, 38, Vaults:5)
  a +4 war axe of venom
(47, 39, Vaults:5)
  a bolt
(48, 39, Vaults:5)
  an uncursed staff of wizardry
(48, 46, Vaults:5)
  a +0 giant spiked club
(49, 36, Vaults:5)
  a +0 ring mail
(49, 40, Vaults:5)
  a bolt
(49, 46, Vaults:5)
  a +0 giant club
(50, 28, Vaults:5)
  a bolt
(50, 37, Vaults:5)
  a fan of gales
(51, 27, Vaults:5)
  a bolt
(51, 46, Vaults:5)
  a +0 chain mail
  a +0 battleaxe
  26 stones
  a scroll of amnesia
(52, 27, Vaults:5)
  a bolt
(53, 2, Vaults:5)
  a +0 ring mail
(53, 27, Vaults:5)
  a bolt
(53, 43, Vaults:5)
  5 bolts
  a +0 arbalest
(54, 18, Vaults:5)
  a +0 dire flail
  a +0 dire flail
  a +0 short sword
  a +0 plate armour
  a +2 battleaxe of chopping
(56, -4, Vaults:5)
  a +0 dagger
(57, 21, Vaults:5)
  a +0 giant club
(57, 23, Vaults:5)
  17 stones
  a +0 whip
  the cursed +0 scale mail of Satisfaction {rF+}
    It protects you from fire.
    It has a curse placed upon it.
(57, 26, Vaults:5)
  10 bolts
  a +0 arbalest
(58, -4, Vaults:5)
  a +0 flail
  a +0 leather armour
(58, 7, Vaults:5)
  22 stones
(58, 17, Vaults:5)
  19 sling bullets
(60, 10, Vaults:5)
  2 bolts
(60, 11, Vaults:5)
  a +2 dire flail of holy wrath
  a +0 dire flail
(60, 14, Vaults:5)
  a bolt
(60, 16, Vaults:5)
  a +0 flail
  a +0 arbalest
  a +0 dire flail
  a +0 dire flail
  a cursed -2 arbalest
  46 bolts
  a +0 great sword of flaming
  a +0 dire flail
  a +0 ring mail
(60, 17, Vaults:5)
  12 bolts
  a +0 dire flail
  a +0 arbalest
  a +0 dire flail
  a large rock
(61, 10, Vaults:5)
  a bolt
(61, 11, Vaults:5)
  a bolt
(61, 12, Vaults:5)
  3 bolts
(61, 14, Vaults:5)
  a +0 plate armour
  a +0 halberd
(61, 15, Vaults:5)
  5 bolts
  3 large rocks
(61, 16, Vaults:5)
  a +1 battleaxe of venom
  a cursed -2 arbalest
  19 bolts
  a +2 robe of magic resistance
  a +0 great sword of flaming
(61, 18, Vaults:5)
  a stone
  a +0 arbalest
  17 bolts
(61, 19, Vaults:5)
  6 bolts
(61, 40, Vaults:5)
  a large rock

Level 1 of the Crypt
(0, 0, Crypt:1)
  a +0 battleaxe
  a +0 chain mail
(9, 2, Crypt:1)
  a scroll of noise
(10, -28, Crypt:1)
  a +0 ring mail
(10, -20, Crypt:1)
  a +0 robe
(16, -17, Crypt:1)
  a +0 broad axe
(16, -15, Crypt:1)
  a +0 short sword
(16, -14, Crypt:1)
  a +0 mace
(17, -14, Crypt:1)
  a +2 hunting sling of freezing
(18, -14, Crypt:1)
  a +0 war axe
  a +0 plate armour
(23, -12, Crypt:1)
  a +0 war axe
(24, 4, Crypt:1)
  a +0 plate armour
(30, -14, Crypt:1)
  a +0 leather armour
(43, -19, Crypt:1)
  a +0 long sword
(44, 4, Crypt:1)
  a +0 scale mail

Level 2 of the Crypt
(0, 0, Crypt:2)
  a +1 glaive of pain
(0, 1, Crypt:2)
  a +0 dire flail
(1, -1, Crypt:2)
  a +0 long sword
  a +0 robe
(1, 0, Crypt:2)
  a +0 mace
  21 stones
(1, 1, Crypt:2)
  a cursed -3 glaive
(1, 15, Crypt:2)
  a +1 mace of draining
(1, 28, Crypt:2)
  a +2 flail of crushing
(2, 15, Crypt:2)
  a +0 short sword
(4, 9, Crypt:2)
  17 stones
(4, 14, Crypt:2)
  a +0 glaive
(4, 15, Crypt:2)
  a +1 great mace of freezing
  a +0 chain mail
(4, 16, Crypt:2)
  a +0 glaive
(5, 26, Crypt:2)
  2 throwing nets
(9, 6, Crypt:2)
  19 stones
(10, 32, Crypt:2)
  a potion of lignification
(12, 9, Crypt:2)
  17 stones
(13, 24, Crypt:2)
  a curare-tipped dart
(13, 25, Crypt:2)
  a curare-tipped dart
(14, 5, Crypt:2)
  13 sling bullets
(15, 27, Crypt:2)
  a +0 mace
  a +0 robe
  a +2 great sword of slicing
  a +0 leather armour
(16, 28, Crypt:2)
  a +2 flail
  a +0 robe
  a +0 short sword
  6 curare-tipped darts
  a +0 robe
(17, 13, Crypt:2)
  a +0 robe
(17, 23, Crypt:2)
  a +0 robe
(17, 28, Crypt:2)
  a +0 mace
  14 stones
  a +0 robe
(19, 9, Crypt:2)
  a +0 dagger
  a +0 robe
(21, 26, Crypt:2)
  a stone
(22, 26, Crypt:2)
  a stone
(33, 2, Crypt:2)
  a +0 robe
(37, -1, Crypt:2)
  a +0 shortbow
(45, -2, Crypt:2)
  a +1 battleaxe of pain
  a +0 plate armour
(46, -2, Crypt:2)
  a +0 short sword
  a +0 chain mail
(48, 0, Crypt:2)
  a +1 hunting sling of flaming

Level 3 of the Crypt
(0, 8, Crypt:3)
  a cursed -1 dire flail
(0, 9, Crypt:3)
  a +0 scimitar
  a +0 robe
(1, 9, Crypt:3)
  a +0 flail
(5, 27, Crypt:3)
  a +2 eveningstar of holy wrath
  a +1 chain mail of cold resistance
(6, 39, Crypt:3)
  a +0 plate armour
  a cursed +0 long sword
(9, -6, Crypt:3)
  a +0 ring mail
(10, -6, Crypt:3)
  a wand of random effects (12)
(10, -4, Crypt:3)
  a +0 scale mail
(11, -6, Crypt:3)
  a +0 leather armour
(16, 22, Crypt:3)
  a +0 great sword
(17, 18, Crypt:3)
  a +3 arbalest of flaming
(18, 28, Crypt:3)
  a +0 halberd
(19, -10, Crypt:3)
  a +0 antimagic hand axe
(20, -11, Crypt:3)
  a +0 dagger
(20, 20, Crypt:3)
  a +0 chain mail
(20, 21, Crypt:3)
  a potion of berserk rage
(20, 22, Crypt:3)
  an uncursed staff of death
(21, -12, Crypt:3)
  27 bolts
(21, -10, Crypt:3)
  an uncursed staff of air
(25, 37, Crypt:3)
  16 stones
(25, 43, Crypt:3)
  a +0 glaive
(26, 43, Crypt:3)
  a +0 mace
  a +0 battleaxe
(26, 44, Crypt:3)
  a +0 mace of draining
(28, 23, Crypt:3)
  a +0 robe
  a +0 dagger
(28, 31, Crypt:3)
  a +0 hand axe
(29, 33, Crypt:3)
  a +0 glaive
(29, 43, Crypt:3)
  a +0 war axe
(30, -12, Crypt:3)
  a scroll of noise
(30, -11, Crypt:3)
  a cursed +0 leather armour
(31, -12, Crypt:3)
  a +2 vampiric great sword
(31, -11, Crypt:3)
  an uncursed staff of poison
(31, -10, Crypt:3)
  a +2 flail of venom
(32, 30, Crypt:3)
  a potion of brilliance
(34, 31, Crypt:3)
  a +0 chain mail
  a +0 great sword
(45, 36, Crypt:3)
  a +0 robe
(46, 35, Crypt:3)
  a +8 battleaxe of freezing
(50, 36, Crypt:3)
  a +0 dagger
(53, 5, Crypt:3)
  a +1 great sword of venom
  a +0 chain mail
(60, 12, Crypt:3)
  a +0 scythe
(60, 17, Crypt:3)
  a cursed -3 halberd

Level 1 of the Tomb of the Ancients
(0, 0, Tomb:1)
  a +0 plate armour
(30, 31, Tomb:1)
  a +0 hand axe
(31, 16, Tomb:1)
  a +2 battleaxe of flaming
(33, 35, Tomb:1)
  a +0 plate armour
(41, 17, Tomb:1)
  a +0 battleaxe
(57, 12, Tomb:1)
  a +0 rapier
(58, 26, Tomb:1)
  a +0 falchion

Level 2 of the Tomb of the Ancients
(5, -6, Tomb:2)
  a throwing net
(6, 9, Tomb:2)
  2 scrolls of teleportation
(6, 11, Tomb:2)
  a wand of clouds (4)
(6, 26, Tomb:2)
  a +0 war axe
  a +0 plate armour
(7, 5, Tomb:2)
  a throwing net
(10, 8, Tomb:2)
  14 stones
(11, 20, Tomb:2)
  an arrow
(11, 24, Tomb:2)
  a +0 short sword
(12, 18, Tomb:2)
  an arrow
(12, 23, Tomb:2)
  a +0 dire flail
  a +0 scimitar
(13, 14, Tomb:2)
  a +0 chain mail
(13, 22, Tomb:2)
  an arrow
(14, 4, Tomb:2)
  29 stones
(15, 16, Tomb:2)
  a scroll of identify
(18, 14, Tomb:2)
  21 stones
(20, 0, Tomb:2)
  23 sling bullets
(23, -4, Tomb:2)
  a +0 short sword
(24, 1, Tomb:2)
  a potion of curing
(25, -2, Tomb:2)
  a throwing net

