Arcades

Level 1 of the Dungeon
(15, 2, D:1)
  21 stones
(17, -3, D:1)
  a +0 hunting sling
(24, -4, D:1)
  a cursed +0 flail
(31, -18, D:1)
  2 stones
(32, -18, D:1)
  a stone
(33, -13, D:1)
  a +2 dagger of venom
(33, -12, D:1)
  16 stones
(33, 11, D:1)
  a +0 leather armour

Level 2 of the Dungeon
(0, 0, D:2)
  22 stones
(3, -7, D:2)
  a cursed -1 dagger
(4, -31, D:2)
  a +0 club
(7, -30, D:2)
  an adder corpse (skeletalised by now)
(9, -30, D:2)
  a kobold corpse (skeletalised by now)
(9, -12, D:2)
  a +0 short sword
  a +0 dagger
(10, -30, D:2)
  a stone
(19, -8, D:2)
  a +0 club
(19, -2, D:2)
  a +0 leather armour
(27, -34, D:2)
  a quokka corpse (skeletalised by now)
(27, -31, D:2)
  11 stones
(29, -36, D:2)
  an adder corpse (skeletalised by now)
(30, -18, D:2)
  a +0 ring mail
(31, -33, D:2)
  a +0 whip
(39, -24, D:2)
  a frilled lizard corpse
(39, -17, D:2)
  a +0 dagger
(39, -16, D:2)
  a +0 dagger
  a +0 dagger
  a goblin corpse
  a goblin corpse
(39, -15, D:2)
  a +0 club
(40, -16, D:2)
  a stone
(45, -25, D:2)
  a kobold corpse
(50, -36, D:2)
  a bat corpse
(50, -12, D:2)
  a +0 scale mail
(51, -34, D:2)
  a +0 hand axe
  an orc corpse
(58, -38, D:2)
  a scroll of remove curse

